ARM GAS  C:\Users\nicx5\AppData\Local\Temp\ccNFDmRf.s 			page 1


   1              		.cpu cortex-m7
   2              		.arch armv7e-m
   3              		.fpu fpv5-d16
   4              		.eabi_attribute 28, 1
   5              		.eabi_attribute 20, 1
   6              		.eabi_attribute 21, 1
   7              		.eabi_attribute 23, 3
   8              		.eabi_attribute 24, 1
   9              		.eabi_attribute 25, 1
  10              		.eabi_attribute 26, 1
  11              		.eabi_attribute 30, 1
  12              		.eabi_attribute 34, 1
  13              		.eabi_attribute 18, 4
  14              		.file	"ch585_bridge_update_state.cpp"
  15              		.text
  16              	.Ltext0:
  17              		.cfi_sections	.debug_frame
  18              		.file 1 "Src/system/states/ch585_bridge_update_state.cpp"
  19              		.section	.text._ZN22Ch585BridgeUpdateStateD2Ev,"axG",%progbits,_ZN22Ch585BridgeUpdateStateD5Ev,com
  20              		.align	1
  21              		.weak	_ZN22Ch585BridgeUpdateStateD2Ev
  22              		.syntax unified
  23              		.thumb
  24              		.thumb_func
  26              	_ZN22Ch585BridgeUpdateStateD2Ev:
  27              	.LVL0:
  28              	.LFB12:
  29              		.file 2 "Inc/system/states/ch585_bridge_update_state.hpp"
   1:Inc/system/states/ch585_bridge_update_state.hpp **** #ifndef CH585_BRIDGE_UPDATE_STATE_HPP
   2:Inc/system/states/ch585_bridge_update_state.hpp **** #define CH585_BRIDGE_UPDATE_STATE_HPP
   3:Inc/system/states/ch585_bridge_update_state.hpp **** 
   4:Inc/system/states/ch585_bridge_update_state.hpp **** #include "base_state.hpp"
   5:Inc/system/states/ch585_bridge_update_state.hpp **** 
   6:Inc/system/states/ch585_bridge_update_state.hpp **** class Ch585BridgeUpdateState final : public BaseState {
  30              		.loc 2 6 7 view -0
  31              		.cfi_startproc
  32              		@ args = 0, pretend = 0, frame = 0
  33              		@ frame_needed = 0, uses_anonymous_args = 0
  34              		@ link register save eliminated.
  35              	.LBB22:
  36              		.loc 2 6 7 is_stmt 0 view .LVU1
  37 0000 024A     		ldr	r2, .L2
  38 0002 0260     		str	r2, [r0]
  39              	.LVL1:
  40              	.LBB23:
  41              	.LBI23:
  42              		.file 3 "Inc/system/states/base_state.hpp"
   1:Inc/system/states/base_state.hpp **** #ifndef __BASE_STATE_H__
   2:Inc/system/states/base_state.hpp **** #define __BASE_STATE_H__
   3:Inc/system/states/base_state.hpp **** 
   4:Inc/system/states/base_state.hpp **** class BaseState {
   5:Inc/system/states/base_state.hpp ****     public:
   6:Inc/system/states/base_state.hpp ****         virtual ~BaseState() = default;
  43              		.loc 3 6 17 is_stmt 1 view .LVU2
  44              	.LBB24:
  45 0004 024A     		ldr	r2, .L2+4
  46 0006 0260     		str	r2, [r0]
ARM GAS  C:\Users\nicx5\AppData\Local\Temp\ccNFDmRf.s 			page 2


  47              	.LVL2:
  48              		.loc 3 6 17 is_stmt 0 view .LVU3
  49              	.LBE24:
  50              	.LBE23:
  51              	.LBE22:
  52              		.loc 2 6 7 view .LVU4
  53 0008 7047     		bx	lr
  54              	.L3:
  55 000a 00BF     		.align	2
  56              	.L2:
  57 000c 08000000 		.word	_ZTV22Ch585BridgeUpdateState+8
  58 0010 08000000 		.word	_ZTV9BaseState+8
  59              		.cfi_endproc
  60              	.LFE12:
  62              		.weak	_ZN22Ch585BridgeUpdateStateD1Ev
  63              		.thumb_set _ZN22Ch585BridgeUpdateStateD1Ev,_ZN22Ch585BridgeUpdateStateD2Ev
  64              		.section	.text._ZN22Ch585BridgeUpdateState4exitEv,"ax",%progbits
  65              		.align	1
  66              		.global	_ZN22Ch585BridgeUpdateState4exitEv
  67              		.syntax unified
  68              		.thumb
  69              		.thumb_func
  71              	_ZN22Ch585BridgeUpdateState4exitEv:
  72              	.LVL3:
  73              	.LFB2258:
   1:Src/system/states/ch585_bridge_update_state.cpp **** #include "states/ch585_bridge_update_state.hpp"
   2:Src/system/states/ch585_bridge_update_state.cpp **** 
   3:Src/system/states/ch585_bridge_update_state.cpp **** #include "ch585_firmware_update.hpp"
   4:Src/system/states/ch585_bridge_update_state.cpp **** #include "release_installer.hpp"
   5:Src/system/states/ch585_bridge_update_state.cpp **** #include "main_state_machine.hpp"
   6:Src/system/states/ch585_bridge_update_state.cpp **** #include "system_logger.h"
   7:Src/system/states/ch585_bridge_update_state.cpp **** 
   8:Src/system/states/ch585_bridge_update_state.cpp **** bool Ch585BridgeUpdateState::enter()
   9:Src/system/states/ch585_bridge_update_state.cpp **** {
  10:Src/system/states/ch585_bridge_update_state.cpp ****     resetRequested = false;
  11:Src/system/states/ch585_bridge_update_state.cpp ****     if (RELEASE_INSTALLER.bootPending()) {
  12:Src/system/states/ch585_bridge_update_state.cpp ****         return RELEASE_INSTALLER.runBoot();
  13:Src/system/states/ch585_bridge_update_state.cpp ****     }
  14:Src/system/states/ch585_bridge_update_state.cpp ****     APP_STAGE("A07U", "entered isolated CH585 bridge update state; UI remains offline");
  15:Src/system/states/ch585_bridge_update_state.cpp ****     const bool completed = CH585_FIRMWARE_UPDATE.performPendingUpdate();
  16:Src/system/states/ch585_bridge_update_state.cpp ****     if (!CH585_FIRMWARE_UPDATE.wasClaimed()) {
  17:Src/system/states/ch585_bridge_update_state.cpp ****         APP_STAGE_ERROR("A07U", "CH585 READY was not claimed; entering safe recovery");
  18:Src/system/states/ch585_bridge_update_state.cpp ****         return false;
  19:Src/system/states/ch585_bridge_update_state.cpp ****     }
  20:Src/system/states/ch585_bridge_update_state.cpp ****     APP_STAGE(completed ? "M12S" : "M11S",
  21:Src/system/states/ch585_bridge_update_state.cpp ****               "CH585 bridge update state reached terminal journal record");
  22:Src/system/states/ch585_bridge_update_state.cpp ****     resetRequested = true;
  23:Src/system/states/ch585_bridge_update_state.cpp ****     return true;
  24:Src/system/states/ch585_bridge_update_state.cpp **** }
  25:Src/system/states/ch585_bridge_update_state.cpp **** 
  26:Src/system/states/ch585_bridge_update_state.cpp **** void Ch585BridgeUpdateState::tick()
  27:Src/system/states/ch585_bridge_update_state.cpp **** {
  28:Src/system/states/ch585_bridge_update_state.cpp ****     if (resetRequested) {
  29:Src/system/states/ch585_bridge_update_state.cpp ****         resetRequested = false;
  30:Src/system/states/ch585_bridge_update_state.cpp ****         MAIN_STATE_MACHINE.requestReset();
  31:Src/system/states/ch585_bridge_update_state.cpp ****     }
  32:Src/system/states/ch585_bridge_update_state.cpp **** }
ARM GAS  C:\Users\nicx5\AppData\Local\Temp\ccNFDmRf.s 			page 3


  33:Src/system/states/ch585_bridge_update_state.cpp **** 
  34:Src/system/states/ch585_bridge_update_state.cpp **** void Ch585BridgeUpdateState::exit()
  35:Src/system/states/ch585_bridge_update_state.cpp **** {
  74              		.loc 1 35 1 is_stmt 1 view -0
  75              		.cfi_startproc
  76              		@ args = 0, pretend = 0, frame = 0
  77              		@ frame_needed = 0, uses_anonymous_args = 0
  78              		@ link register save eliminated.
  36:Src/system/states/ch585_bridge_update_state.cpp ****     resetRequested = false;
  79              		.loc 1 36 5 view .LVU6
  80              		.loc 1 36 20 is_stmt 0 view .LVU7
  81 0000 0023     		movs	r3, #0
  82 0002 0371     		strb	r3, [r0, #4]
  37:Src/system/states/ch585_bridge_update_state.cpp **** }
  83              		.loc 1 37 1 view .LVU8
  84 0004 7047     		bx	lr
  85              		.cfi_endproc
  86              	.LFE2258:
  88              		.section	.text._ZN22Ch585BridgeUpdateState5enterEv,"ax",%progbits
  89              		.align	1
  90              		.global	_ZN22Ch585BridgeUpdateState5enterEv
  91              		.syntax unified
  92              		.thumb
  93              		.thumb_func
  95              	_ZN22Ch585BridgeUpdateState5enterEv:
  96              	.LVL4:
  97              	.LFB2256:
   9:Src/system/states/ch585_bridge_update_state.cpp ****     resetRequested = false;
  98              		.loc 1 9 1 is_stmt 1 view -0
  99              		.cfi_startproc
 100              		@ args = 0, pretend = 0, frame = 0
 101              		@ frame_needed = 0, uses_anonymous_args = 0
   9:Src/system/states/ch585_bridge_update_state.cpp ****     resetRequested = false;
 102              		.loc 1 9 1 is_stmt 0 view .LVU10
 103 0000 38B5     		push	{r3, r4, r5, lr}
 104              	.LCFI0:
 105              		.cfi_def_cfa_offset 16
 106              		.cfi_offset 3, -16
 107              		.cfi_offset 4, -12
 108              		.cfi_offset 5, -8
 109              		.cfi_offset 14, -4
 110 0002 0446     		mov	r4, r0
  10:Src/system/states/ch585_bridge_update_state.cpp ****     if (RELEASE_INSTALLER.bootPending()) {
 111              		.loc 1 10 5 is_stmt 1 view .LVU11
  10:Src/system/states/ch585_bridge_update_state.cpp ****     if (RELEASE_INSTALLER.bootPending()) {
 112              		.loc 1 10 20 is_stmt 0 view .LVU12
 113 0004 0023     		movs	r3, #0
 114 0006 0371     		strb	r3, [r0, #4]
  11:Src/system/states/ch585_bridge_update_state.cpp ****         return RELEASE_INSTALLER.runBoot();
 115              		.loc 1 11 5 is_stmt 1 view .LVU13
  11:Src/system/states/ch585_bridge_update_state.cpp ****         return RELEASE_INSTALLER.runBoot();
 116              		.loc 1 11 9 is_stmt 0 view .LVU14
 117 0008 FFF7FEFF 		bl	_ZN16ReleaseInstaller8instanceEv
 118              	.LVL5:
  11:Src/system/states/ch585_bridge_update_state.cpp ****         return RELEASE_INSTALLER.runBoot();
 119              		.loc 1 11 38 discriminator 1 view .LVU15
 120 000c FFF7FEFF 		bl	_ZN16ReleaseInstaller11bootPendingEv
ARM GAS  C:\Users\nicx5\AppData\Local\Temp\ccNFDmRf.s 			page 4


 121              	.LVL6:
  11:Src/system/states/ch585_bridge_update_state.cpp ****         return RELEASE_INSTALLER.runBoot();
 122              		.loc 1 11 5 discriminator 2 view .LVU16
 123 0010 20B1     		cbz	r0, .L6
  12:Src/system/states/ch585_bridge_update_state.cpp ****     }
 124              		.loc 1 12 9 is_stmt 1 view .LVU17
  12:Src/system/states/ch585_bridge_update_state.cpp ****     }
 125              		.loc 1 12 16 is_stmt 0 view .LVU18
 126 0012 FFF7FEFF 		bl	_ZN16ReleaseInstaller8instanceEv
 127              	.LVL7:
  12:Src/system/states/ch585_bridge_update_state.cpp ****     }
 128              		.loc 1 12 41 discriminator 1 view .LVU19
 129 0016 FFF7FEFF 		bl	_ZN16ReleaseInstaller7runBootEv
 130              	.LVL8:
 131              	.L7:
  24:Src/system/states/ch585_bridge_update_state.cpp **** 
 132              		.loc 1 24 1 view .LVU20
 133 001a 38BD     		pop	{r3, r4, r5, pc}
 134              	.LVL9:
 135              	.L6:
  14:Src/system/states/ch585_bridge_update_state.cpp ****     const bool completed = CH585_FIRMWARE_UPDATE.performPendingUpdate();
 136              		.loc 1 14 5 is_stmt 1 view .LVU21
  15:Src/system/states/ch585_bridge_update_state.cpp ****     if (!CH585_FIRMWARE_UPDATE.wasClaimed()) {
 137              		.loc 1 15 5 view .LVU22
 138              	.LBB25:
 139              	.LBI25:
 140              		.file 4 "Inc/firmware/ch585_firmware_update.hpp"
   1:Inc/firmware/ch585_firmware_update.hpp **** #ifndef CH585_FIRMWARE_UPDATE_HPP
   2:Inc/firmware/ch585_firmware_update.hpp **** #define CH585_FIRMWARE_UPDATE_HPP
   3:Inc/firmware/ch585_firmware_update.hpp **** 
   4:Inc/firmware/ch585_firmware_update.hpp **** #include <stdint.h>
   5:Inc/firmware/ch585_firmware_update.hpp **** 
   6:Inc/firmware/ch585_firmware_update.hpp **** #ifdef __cplusplus
   7:Inc/firmware/ch585_firmware_update.hpp **** 
   8:Inc/firmware/ch585_firmware_update.hpp **** enum class Ch585FirmwareUpdateStatus : uint8_t {
   9:Inc/firmware/ch585_firmware_update.hpp ****     Idle = 0,
  10:Inc/firmware/ch585_firmware_update.hpp ****     Receiving,
  11:Inc/firmware/ch585_firmware_update.hpp ****     Ready,
  12:Inc/firmware/ch585_firmware_update.hpp ****     Scheduled,
  13:Inc/firmware/ch585_firmware_update.hpp ****     Programming,
  14:Inc/firmware/ch585_firmware_update.hpp ****     Completed,
  15:Inc/firmware/ch585_firmware_update.hpp ****     Failed
  16:Inc/firmware/ch585_firmware_update.hpp **** };
  17:Inc/firmware/ch585_firmware_update.hpp **** 
  18:Inc/firmware/ch585_firmware_update.hpp **** class Ch585FirmwareUpdate {
  19:Inc/firmware/ch585_firmware_update.hpp **** public:
  20:Inc/firmware/ch585_firmware_update.hpp ****     Ch585FirmwareUpdate(const Ch585FirmwareUpdate&) = delete;
  21:Inc/firmware/ch585_firmware_update.hpp ****     Ch585FirmwareUpdate& operator=(const Ch585FirmwareUpdate&) = delete;
  22:Inc/firmware/ch585_firmware_update.hpp **** 
  23:Inc/firmware/ch585_firmware_update.hpp ****     static Ch585FirmwareUpdate& getInstance()
 141              		.loc 4 23 33 view .LVU23
  24:Inc/firmware/ch585_firmware_update.hpp ****     {
  25:Inc/firmware/ch585_firmware_update.hpp ****         static Ch585FirmwareUpdate instance;
 142              		.loc 4 25 9 view .LVU24
  26:Inc/firmware/ch585_firmware_update.hpp ****         return instance;
 143              		.loc 4 26 9 view .LVU25
 144              	.LBE25:
ARM GAS  C:\Users\nicx5\AppData\Local\Temp\ccNFDmRf.s 			page 5


  15:Src/system/states/ch585_bridge_update_state.cpp ****     if (!CH585_FIRMWARE_UPDATE.wasClaimed()) {
 145              		.loc 1 15 70 is_stmt 0 discriminator 1 view .LVU26
 146 001c 054D     		ldr	r5, .L9
 147 001e 2846     		mov	r0, r5
 148 0020 FFF7FEFF 		bl	_ZN19Ch585FirmwareUpdate20performPendingUpdateEv
 149              	.LVL10:
  16:Src/system/states/ch585_bridge_update_state.cpp ****         APP_STAGE_ERROR("A07U", "CH585 READY was not claimed; entering safe recovery");
 150              		.loc 1 16 5 is_stmt 1 view .LVU27
 151              	.LBB26:
 152              	.LBI26:
  27:Inc/firmware/ch585_firmware_update.hpp ****     }
  28:Inc/firmware/ch585_firmware_update.hpp **** 
  29:Inc/firmware/ch585_firmware_update.hpp ****     bool begin(uint32_t totalSize, const uint8_t expectedSha256[32]);
  30:Inc/firmware/ch585_firmware_update.hpp ****     bool write(uint32_t offset, const uint8_t* data, uint32_t length);
  31:Inc/firmware/ch585_firmware_update.hpp ****     bool finalizeAndSchedule();
  32:Inc/firmware/ch585_firmware_update.hpp ****     void process();
  33:Inc/firmware/ch585_firmware_update.hpp ****     bool performPendingUpdate();
  34:Inc/firmware/ch585_firmware_update.hpp ****     bool requestRetry();
  35:Inc/firmware/ch585_firmware_update.hpp ****     bool hasReadyStagedImage();
  36:Inc/firmware/ch585_firmware_update.hpp ****     bool hasAppliedImage() const;
  37:Inc/firmware/ch585_firmware_update.hpp ****     bool wasClaimed() const { return updateClaimed; }
 153              		.loc 4 37 10 view .LVU28
 154              	.LBB27:
 155              		.loc 4 37 31 view .LVU29
 156              		.loc 4 37 38 is_stmt 0 view .LVU30
 157 0024 95F82D00 		ldrb	r0, [r5, #45]	@ zero_extendqisi2
 158              	.LVL11:
 159              		.loc 4 37 38 view .LVU31
 160              	.LBE27:
 161              	.LBE26:
  16:Src/system/states/ch585_bridge_update_state.cpp ****         APP_STAGE_ERROR("A07U", "CH585 READY was not claimed; entering safe recovery");
 162              		.loc 1 16 5 discriminator 2 view .LVU32
 163 0028 0028     		cmp	r0, #0
 164 002a F6D0     		beq	.L7
  20:Src/system/states/ch585_bridge_update_state.cpp ****               "CH585 bridge update state reached terminal journal record");
 165              		.loc 1 20 5 is_stmt 1 view .LVU33
  22:Src/system/states/ch585_bridge_update_state.cpp ****     return true;
 166              		.loc 1 22 5 view .LVU34
  22:Src/system/states/ch585_bridge_update_state.cpp ****     return true;
 167              		.loc 1 22 20 is_stmt 0 view .LVU35
 168 002c 0123     		movs	r3, #1
 169 002e 2371     		strb	r3, [r4, #4]
  23:Src/system/states/ch585_bridge_update_state.cpp **** }
 170              		.loc 1 23 5 is_stmt 1 view .LVU36
  23:Src/system/states/ch585_bridge_update_state.cpp **** }
 171              		.loc 1 23 12 is_stmt 0 view .LVU37
 172 0030 F3E7     		b	.L7
 173              	.L10:
 174 0032 00BF     		.align	2
 175              	.L9:
 176 0034 00000000 		.word	_ZZN19Ch585FirmwareUpdate11getInstanceEvE8instance
 177              		.cfi_endproc
 178              	.LFE2256:
 180              		.section	.text._ZN22Ch585BridgeUpdateState4tickEv,"ax",%progbits
 181              		.align	1
 182              		.global	_ZN22Ch585BridgeUpdateState4tickEv
 183              		.syntax unified
ARM GAS  C:\Users\nicx5\AppData\Local\Temp\ccNFDmRf.s 			page 6


 184              		.thumb
 185              		.thumb_func
 187              	_ZN22Ch585BridgeUpdateState4tickEv:
 188              	.LVL12:
 189              	.LFB2257:
  27:Src/system/states/ch585_bridge_update_state.cpp ****     if (resetRequested) {
 190              		.loc 1 27 1 is_stmt 1 view -0
 191              		.cfi_startproc
 192              		@ args = 0, pretend = 0, frame = 0
 193              		@ frame_needed = 0, uses_anonymous_args = 0
  27:Src/system/states/ch585_bridge_update_state.cpp ****     if (resetRequested) {
 194              		.loc 1 27 1 is_stmt 0 view .LVU39
 195 0000 08B5     		push	{r3, lr}
 196              	.LCFI1:
 197              		.cfi_def_cfa_offset 8
 198              		.cfi_offset 3, -8
 199              		.cfi_offset 14, -4
  28:Src/system/states/ch585_bridge_update_state.cpp ****         resetRequested = false;
 200              		.loc 1 28 5 is_stmt 1 view .LVU40
  28:Src/system/states/ch585_bridge_update_state.cpp ****         resetRequested = false;
 201              		.loc 1 28 9 is_stmt 0 view .LVU41
 202 0002 0379     		ldrb	r3, [r0, #4]	@ zero_extendqisi2
  28:Src/system/states/ch585_bridge_update_state.cpp ****         resetRequested = false;
 203              		.loc 1 28 5 view .LVU42
 204 0004 03B9     		cbnz	r3, .L14
 205              	.LVL13:
 206              	.L11:
  32:Src/system/states/ch585_bridge_update_state.cpp **** 
 207              		.loc 1 32 1 view .LVU43
 208 0006 08BD     		pop	{r3, pc}
 209              	.LVL14:
 210              	.L14:
  29:Src/system/states/ch585_bridge_update_state.cpp ****         MAIN_STATE_MACHINE.requestReset();
 211              		.loc 1 29 9 is_stmt 1 view .LVU44
  29:Src/system/states/ch585_bridge_update_state.cpp ****         MAIN_STATE_MACHINE.requestReset();
 212              		.loc 1 29 24 is_stmt 0 view .LVU45
 213 0008 0023     		movs	r3, #0
 214 000a 0371     		strb	r3, [r0, #4]
  30:Src/system/states/ch585_bridge_update_state.cpp ****     }
 215              		.loc 1 30 9 is_stmt 1 view .LVU46
 216              	.LBB28:
 217              	.LBI28:
 218              		.file 5 "Inc/system/main_state_machine.hpp"
   1:Inc/system/main_state_machine.hpp **** #ifndef _MAIN_STATE_MACHINE_
   2:Inc/system/main_state_machine.hpp **** #define _MAIN_STATE_MACHINE_
   3:Inc/system/main_state_machine.hpp **** 
   4:Inc/system/main_state_machine.hpp **** #include "storagemanager.hpp"
   5:Inc/system/main_state_machine.hpp **** #include "states/base_state.hpp"
   6:Inc/system/main_state_machine.hpp **** #include "states/webconfig_state.hpp"
   7:Inc/system/main_state_machine.hpp **** #include "states/input_state.hpp"
   8:Inc/system/main_state_machine.hpp **** 
   9:Inc/system/main_state_machine.hpp **** enum class MainRuntimeState : uint8_t {
  10:Inc/system/main_state_machine.hpp ****     Input = 0,
  11:Inc/system/main_state_machine.hpp ****     WebConfig,
  12:Inc/system/main_state_machine.hpp ****     Calibration,
  13:Inc/system/main_state_machine.hpp ****     Ch585BridgeUpdate,
  14:Inc/system/main_state_machine.hpp ****     SafeRecovery,
ARM GAS  C:\Users\nicx5\AppData\Local\Temp\ccNFDmRf.s 			page 7


  15:Inc/system/main_state_machine.hpp **** };
  16:Inc/system/main_state_machine.hpp **** 
  17:Inc/system/main_state_machine.hpp **** class MainStateMachine {
  18:Inc/system/main_state_machine.hpp ****     public:
  19:Inc/system/main_state_machine.hpp ****         MainStateMachine(MainStateMachine const&) = delete;
  20:Inc/system/main_state_machine.hpp ****         void operator=(MainStateMachine const&) = delete;
  21:Inc/system/main_state_machine.hpp ****         static MainStateMachine& getInstance() {
 219              		.loc 5 21 34 view .LVU47
  22:Inc/system/main_state_machine.hpp ****             static MainStateMachine instance;
 220              		.loc 5 22 13 view .LVU48
  23:Inc/system/main_state_machine.hpp ****             return instance;
 221              		.loc 5 23 13 view .LVU49
 222              	.LBE28:
  30:Src/system/states/ch585_bridge_update_state.cpp ****     }
 223              		.loc 1 30 40 is_stmt 0 discriminator 1 view .LVU50
 224 000c 0148     		ldr	r0, .L15
 225              	.LVL15:
  30:Src/system/states/ch585_bridge_update_state.cpp ****     }
 226              		.loc 1 30 40 discriminator 1 view .LVU51
 227 000e FFF7FEFF 		bl	_ZN16MainStateMachine12requestResetEv
 228              	.LVL16:
  32:Src/system/states/ch585_bridge_update_state.cpp **** 
 229              		.loc 1 32 1 view .LVU52
 230 0012 F8E7     		b	.L11
 231              	.L16:
 232              		.align	2
 233              	.L15:
 234 0014 00000000 		.word	_ZZN16MainStateMachine11getInstanceEvE8instance
 235              		.cfi_endproc
 236              	.LFE2257:
 238              		.section	.text._ZN22Ch585BridgeUpdateStateD0Ev,"axG",%progbits,_ZN22Ch585BridgeUpdateStateD5Ev,com
 239              		.align	1
 240              		.weak	_ZN22Ch585BridgeUpdateStateD0Ev
 241              		.syntax unified
 242              		.thumb
 243              		.thumb_func
 245              	_ZN22Ch585BridgeUpdateStateD0Ev:
 246              	.LVL17:
 247              	.LFB14:
 248              		.loc 2 6 7 is_stmt 1 view -0
 249              		.cfi_startproc
 250              		@ args = 0, pretend = 0, frame = 0
 251              		@ frame_needed = 0, uses_anonymous_args = 0
 252              		.loc 2 6 7 is_stmt 0 view .LVU54
 253 0000 10B5     		push	{r4, lr}
 254              	.LCFI2:
 255              		.cfi_def_cfa_offset 8
 256              		.cfi_offset 4, -8
 257              		.cfi_offset 14, -4
 258 0002 0446     		mov	r4, r0
 259              	.LVL18:
 260              	.LBB29:
 261              	.LBI29:
 262              		.loc 2 6 7 is_stmt 1 view .LVU55
 263              	.LBB30:
 264 0004 044B     		ldr	r3, .L19
 265 0006 0360     		str	r3, [r0]
ARM GAS  C:\Users\nicx5\AppData\Local\Temp\ccNFDmRf.s 			page 8


 266              	.LVL19:
 267              	.LBB31:
 268              	.LBI31:
 269              		.loc 3 6 17 view .LVU56
 270              	.LBB32:
 271 0008 044B     		ldr	r3, .L19+4
 272 000a 0360     		str	r3, [r0]
 273              	.LVL20:
 274              		.loc 3 6 17 is_stmt 0 view .LVU57
 275              	.LBE32:
 276              	.LBE31:
 277              	.LBE30:
 278              	.LBE29:
 279              		.loc 2 6 7 discriminator 1 view .LVU58
 280 000c 0821     		movs	r1, #8
 281 000e FFF7FEFF 		bl	_ZdlPvj
 282              	.LVL21:
 283              		.loc 2 6 7 view .LVU59
 284 0012 2046     		mov	r0, r4
 285 0014 10BD     		pop	{r4, pc}
 286              	.LVL22:
 287              	.L20:
 288              		.loc 2 6 7 view .LVU60
 289 0016 00BF     		.align	2
 290              	.L19:
 291 0018 08000000 		.word	_ZTV22Ch585BridgeUpdateState+8
 292 001c 08000000 		.word	_ZTV9BaseState+8
 293              		.cfi_endproc
 294              	.LFE14:
 296              		.weak	_ZTV9BaseState
 297              		.section	.rodata._ZTV9BaseState,"aG",%progbits,_ZTV9BaseState,comdat
 298              		.align	2
 301              	_ZTV9BaseState:
 302 0000 00000000 		.word	0
 303 0004 00000000 		.word	0
 304 0008 00000000 		.word	0
 305 000c 00000000 		.word	0
 306 0010 00000000 		.word	__cxa_pure_virtual
 307 0014 00000000 		.word	__cxa_pure_virtual
 308 0018 00000000 		.word	__cxa_pure_virtual
 309              		.global	_ZTV22Ch585BridgeUpdateState
 310              		.section	.rodata._ZTV22Ch585BridgeUpdateState,"a"
 311              		.align	2
 314              	_ZTV22Ch585BridgeUpdateState:
 315 0000 00000000 		.word	0
 316 0004 00000000 		.word	0
 317 0008 00000000 		.word	_ZN22Ch585BridgeUpdateStateD1Ev
 318 000c 00000000 		.word	_ZN22Ch585BridgeUpdateStateD0Ev
 319 0010 00000000 		.word	_ZN22Ch585BridgeUpdateState5enterEv
 320 0014 00000000 		.word	_ZN22Ch585BridgeUpdateState4tickEv
 321 0018 00000000 		.word	_ZN22Ch585BridgeUpdateState4exitEv
 322              		.weak	_ZZN16MainStateMachine11getInstanceEvE8instance
 323              		.section	.data._ZZN16MainStateMachine11getInstanceEvE8instance,"awG",%progbits,_ZZN16MainStateMach
 324              		.align	2
 327              	_ZZN16MainStateMachine11getInstanceEvE8instance:
 328 0000 00000000 		.word	0
 329 0004 04       		.byte	4
ARM GAS  C:\Users\nicx5\AppData\Local\Temp\ccNFDmRf.s 			page 9


 330 0005 00       		.byte	0
 331 0006 00       		.byte	0
 332 0007 00       		.space	1
 333              		.weak	_ZZN19Ch585FirmwareUpdate11getInstanceEvE8instance
 334              		.section	.bss._ZZN19Ch585FirmwareUpdate11getInstanceEvE8instance,"awG",%nobits,_ZZN19Ch585Firmware
 335              		.align	2
 338              	_ZZN19Ch585FirmwareUpdate11getInstanceEvE8instance:
 339 0000 00000000 		.space	48
 339      00000000 
 339      00000000 
 339      00000000 
 339      00000000 
 340              		.weak	__cxa_pure_virtual
 341              		.text
 342              	.Letext0:
 343              		.file 6 "D:/Program Files/msys64/mingw64/arm-none-eabi/include/machine/_default_types.h"
 344              		.file 7 "D:/Program Files/msys64/mingw64/arm-none-eabi/include/sys/_stdint.h"
 345              		.file 8 "D:/Program Files/msys64/mingw64/arm-none-eabi/include/c++/13.3.0/cstring"
 346              		.file 9 "D:/Program Files/msys64/mingw64/arm-none-eabi/include/c++/13.3.0/arm-none-eabi/thumb/v7e-
 347              		.file 10 "D:/Program Files/msys64/mingw64/arm-none-eabi/include/c++/13.3.0/type_traits"
 348              		.file 11 "D:/Program Files/msys64/mingw64/arm-none-eabi/include/c++/13.3.0/debug/debug.h"
 349              		.file 12 "D:/Program Files/msys64/mingw64/arm-none-eabi/include/c++/13.3.0/cstddef"
 350              		.file 13 "D:/Program Files/msys64/mingw64/arm-none-eabi/include/c++/13.3.0/cmath"
 351              		.file 14 "D:/Program Files/msys64/mingw64/arm-none-eabi/include/c++/13.3.0/bits/std_abs.h"
 352              		.file 15 "D:/Program Files/msys64/mingw64/arm-none-eabi/include/c++/13.3.0/bits/predefined_ops.h"
 353              		.file 16 "D:/Program Files/msys64/mingw64/lib/gcc/arm-none-eabi/13.3.0/include/stddef.h"
 354              		.file 17 "D:/Program Files/msys64/mingw64/arm-none-eabi/include/string.h"
 355              		.file 18 "Inc/firmware/firmware_manager.hpp"
 356              		.file 19 "Libs/cJSON/cJSON.h"
 357              		.file 20 "Inc/firmware/release_installer.hpp"
 358              		.file 21 "Drivers/CMSIS/Device/ST/STM32H7xx/Include/stm32h750xx.h"
 359              		.file 22 "D:/Program Files/msys64/mingw64/arm-none-eabi/include/math.h"
 360              		.file 23 "D:/Program Files/msys64/mingw64/arm-none-eabi/include/c++/13.3.0/math.h"
 361              		.file 24 "Inc/system/board_cfg.h"
 362              		.file 25 "D:/Program Files/msys64/mingw64/arm-none-eabi/include/c++/13.3.0/new"
 363              		.file 26 "D:/Program Files/msys64/mingw64/arm-none-eabi/include/c++/13.3.0/bits/memory_resource.h"
 364              		.file 27 "Inc/support/enums.hpp"
ARM GAS  C:\Users\nicx5\AppData\Local\Temp\ccNFDmRf.s 			page 10


DEFINED SYMBOLS
                            *ABS*:00000000 ch585_bridge_update_state.cpp
C:\Users\nicx5\AppData\Local\Temp\ccNFDmRf.s:20     .text._ZN22Ch585BridgeUpdateStateD2Ev:00000000 $t
C:\Users\nicx5\AppData\Local\Temp\ccNFDmRf.s:26     .text._ZN22Ch585BridgeUpdateStateD2Ev:00000000 _ZN22Ch585BridgeUpdateStateD2Ev
C:\Users\nicx5\AppData\Local\Temp\ccNFDmRf.s:57     .text._ZN22Ch585BridgeUpdateStateD2Ev:0000000c $d
C:\Users\nicx5\AppData\Local\Temp\ccNFDmRf.s:314    .rodata._ZTV22Ch585BridgeUpdateState:00000000 _ZTV22Ch585BridgeUpdateState
C:\Users\nicx5\AppData\Local\Temp\ccNFDmRf.s:301    .rodata._ZTV9BaseState:00000000 _ZTV9BaseState
C:\Users\nicx5\AppData\Local\Temp\ccNFDmRf.s:26     .text._ZN22Ch585BridgeUpdateStateD2Ev:00000000 _ZN22Ch585BridgeUpdateStateD1Ev
C:\Users\nicx5\AppData\Local\Temp\ccNFDmRf.s:65     .text._ZN22Ch585BridgeUpdateState4exitEv:00000000 $t
C:\Users\nicx5\AppData\Local\Temp\ccNFDmRf.s:71     .text._ZN22Ch585BridgeUpdateState4exitEv:00000000 _ZN22Ch585BridgeUpdateState4exitEv
C:\Users\nicx5\AppData\Local\Temp\ccNFDmRf.s:89     .text._ZN22Ch585BridgeUpdateState5enterEv:00000000 $t
C:\Users\nicx5\AppData\Local\Temp\ccNFDmRf.s:95     .text._ZN22Ch585BridgeUpdateState5enterEv:00000000 _ZN22Ch585BridgeUpdateState5enterEv
C:\Users\nicx5\AppData\Local\Temp\ccNFDmRf.s:176    .text._ZN22Ch585BridgeUpdateState5enterEv:00000034 $d
C:\Users\nicx5\AppData\Local\Temp\ccNFDmRf.s:338    .bss._ZZN19Ch585FirmwareUpdate11getInstanceEvE8instance:00000000 _ZZN19Ch585FirmwareUpdate11getInstanceEvE8instance
C:\Users\nicx5\AppData\Local\Temp\ccNFDmRf.s:181    .text._ZN22Ch585BridgeUpdateState4tickEv:00000000 $t
C:\Users\nicx5\AppData\Local\Temp\ccNFDmRf.s:187    .text._ZN22Ch585BridgeUpdateState4tickEv:00000000 _ZN22Ch585BridgeUpdateState4tickEv
C:\Users\nicx5\AppData\Local\Temp\ccNFDmRf.s:234    .text._ZN22Ch585BridgeUpdateState4tickEv:00000014 $d
C:\Users\nicx5\AppData\Local\Temp\ccNFDmRf.s:327    .data._ZZN16MainStateMachine11getInstanceEvE8instance:00000000 _ZZN16MainStateMachine11getInstanceEvE8instance
C:\Users\nicx5\AppData\Local\Temp\ccNFDmRf.s:239    .text._ZN22Ch585BridgeUpdateStateD0Ev:00000000 $t
C:\Users\nicx5\AppData\Local\Temp\ccNFDmRf.s:245    .text._ZN22Ch585BridgeUpdateStateD0Ev:00000000 _ZN22Ch585BridgeUpdateStateD0Ev
C:\Users\nicx5\AppData\Local\Temp\ccNFDmRf.s:291    .text._ZN22Ch585BridgeUpdateStateD0Ev:00000018 $d
C:\Users\nicx5\AppData\Local\Temp\ccNFDmRf.s:298    .rodata._ZTV9BaseState:00000000 $d
C:\Users\nicx5\AppData\Local\Temp\ccNFDmRf.s:311    .rodata._ZTV22Ch585BridgeUpdateState:00000000 $d
C:\Users\nicx5\AppData\Local\Temp\ccNFDmRf.s:324    .data._ZZN16MainStateMachine11getInstanceEvE8instance:00000000 $d
C:\Users\nicx5\AppData\Local\Temp\ccNFDmRf.s:335    .bss._ZZN19Ch585FirmwareUpdate11getInstanceEvE8instance:00000000 $d
                           .group:00000000 _ZN22Ch585BridgeUpdateStateD5Ev

UNDEFINED SYMBOLS
_ZN16ReleaseInstaller8instanceEv
_ZN16ReleaseInstaller11bootPendingEv
_ZN16ReleaseInstaller7runBootEv
_ZN19Ch585FirmwareUpdate20performPendingUpdateEv
_ZN16MainStateMachine12requestResetEv
_ZdlPvj
__cxa_pure_virtual
