ARM GAS  C:\Users\nicx5\AppData\Local\Temp\ccEBWL4l.s 			page 1


   1              		.cpu cortex-m7
   2              		.arch armv7e-m
   3              		.fpu fpv5-d16
   4              		.eabi_attribute 28, 1
   5              		.eabi_attribute 20, 1
   6              		.eabi_attribute 21, 1
   7              		.eabi_attribute 23, 3
   8              		.eabi_attribute 24, 1
   9              		.eabi_attribute 25, 1
  10              		.eabi_attribute 26, 1
  11              		.eabi_attribute 30, 1
  12              		.eabi_attribute 34, 1
  13              		.eabi_attribute 18, 4
  14              		.file	"config_transport_sink.cpp"
  15              		.text
  16              	.Ltext0:
  17              		.cfi_sections	.debug_frame
  18              		.file 1 "Src/webconfig/config_transport_sink.cpp"
  19              		.section	.text._Z27ConfigTransport_SetJsonSinkPFvPKcjE,"ax",%progbits
  20              		.align	1
  21              		.global	_Z27ConfigTransport_SetJsonSinkPFvPKcjE
  22              		.syntax unified
  23              		.thumb
  24              		.thumb_func
  26              	_Z27ConfigTransport_SetJsonSinkPFvPKcjE:
  27              	.LVL0:
  28              	.LFB14:
   1:Src/webconfig/config_transport_sink.cpp **** #include "config_transport_sink.hpp"
   2:Src/webconfig/config_transport_sink.cpp **** 
   3:Src/webconfig/config_transport_sink.cpp **** namespace {
   4:Src/webconfig/config_transport_sink.cpp **** 
   5:Src/webconfig/config_transport_sink.cpp **** config_json_sink_t jsonSink = nullptr;
   6:Src/webconfig/config_transport_sink.cpp **** config_binary_sink_t binarySink = nullptr;
   7:Src/webconfig/config_transport_sink.cpp **** 
   8:Src/webconfig/config_transport_sink.cpp **** } // namespace
   9:Src/webconfig/config_transport_sink.cpp **** 
  10:Src/webconfig/config_transport_sink.cpp **** void ConfigTransport_SetJsonSink(config_json_sink_t sink)
  11:Src/webconfig/config_transport_sink.cpp **** {
  29              		.loc 1 11 1 view -0
  30              		.cfi_startproc
  31              		@ args = 0, pretend = 0, frame = 0
  32              		@ frame_needed = 0, uses_anonymous_args = 0
  33              		@ link register save eliminated.
  12:Src/webconfig/config_transport_sink.cpp ****     jsonSink = sink;
  34              		.loc 1 12 5 view .LVU1
  35              		.loc 1 12 14 is_stmt 0 view .LVU2
  36 0000 014B     		ldr	r3, .L2
  37 0002 1860     		str	r0, [r3]
  13:Src/webconfig/config_transport_sink.cpp **** }
  38              		.loc 1 13 1 view .LVU3
  39 0004 7047     		bx	lr
  40              	.L3:
  41 0006 00BF     		.align	2
  42              	.L2:
  43 0008 00000000 		.word	_ZN12_GLOBAL__N_18jsonSinkE
  44              		.cfi_endproc
  45              	.LFE14:
ARM GAS  C:\Users\nicx5\AppData\Local\Temp\ccEBWL4l.s 			page 2


  47              		.section	.text._Z29ConfigTransport_SetBinarySinkPFvPKhjE,"ax",%progbits
  48              		.align	1
  49              		.global	_Z29ConfigTransport_SetBinarySinkPFvPKhjE
  50              		.syntax unified
  51              		.thumb
  52              		.thumb_func
  54              	_Z29ConfigTransport_SetBinarySinkPFvPKhjE:
  55              	.LVL1:
  56              	.LFB15:
  14:Src/webconfig/config_transport_sink.cpp **** 
  15:Src/webconfig/config_transport_sink.cpp **** void ConfigTransport_SetBinarySink(config_binary_sink_t sink)
  16:Src/webconfig/config_transport_sink.cpp **** {
  57              		.loc 1 16 1 is_stmt 1 view -0
  58              		.cfi_startproc
  59              		@ args = 0, pretend = 0, frame = 0
  60              		@ frame_needed = 0, uses_anonymous_args = 0
  61              		@ link register save eliminated.
  17:Src/webconfig/config_transport_sink.cpp ****     binarySink = sink;
  62              		.loc 1 17 5 view .LVU5
  63              		.loc 1 17 16 is_stmt 0 view .LVU6
  64 0000 014B     		ldr	r3, .L5
  65 0002 1860     		str	r0, [r3]
  18:Src/webconfig/config_transport_sink.cpp **** }
  66              		.loc 1 18 1 view .LVU7
  67 0004 7047     		bx	lr
  68              	.L6:
  69 0006 00BF     		.align	2
  70              	.L5:
  71 0008 00000000 		.word	_ZN12_GLOBAL__N_110binarySinkE
  72              		.cfi_endproc
  73              	.LFE15:
  75              		.section	.text._Z27ConfigTransport_PublishJsonPKcj,"ax",%progbits
  76              		.align	1
  77              		.global	_Z27ConfigTransport_PublishJsonPKcj
  78              		.syntax unified
  79              		.thumb
  80              		.thumb_func
  82              	_Z27ConfigTransport_PublishJsonPKcj:
  83              	.LVL2:
  84              	.LFB16:
  19:Src/webconfig/config_transport_sink.cpp **** 
  20:Src/webconfig/config_transport_sink.cpp **** void ConfigTransport_PublishJson(const char *json, size_t length)
  21:Src/webconfig/config_transport_sink.cpp **** {
  85              		.loc 1 21 1 is_stmt 1 view -0
  86              		.cfi_startproc
  87              		@ args = 0, pretend = 0, frame = 0
  88              		@ frame_needed = 0, uses_anonymous_args = 0
  22:Src/webconfig/config_transport_sink.cpp ****     if (json == nullptr || length == 0u) {
  89              		.loc 1 22 5 view .LVU9
  90 0000 0029     		cmp	r1, #0
  91 0002 18BF     		it	ne
  92 0004 0028     		cmpne	r0, #0
  93 0006 05D0     		beq	.L10
  21:Src/webconfig/config_transport_sink.cpp ****     if (json == nullptr || length == 0u) {
  94              		.loc 1 21 1 is_stmt 0 view .LVU10
  95 0008 08B5     		push	{r3, lr}
  96              	.LCFI0:
ARM GAS  C:\Users\nicx5\AppData\Local\Temp\ccEBWL4l.s 			page 3


  97              		.cfi_def_cfa_offset 8
  98              		.cfi_offset 3, -8
  99              		.cfi_offset 14, -4
  23:Src/webconfig/config_transport_sink.cpp ****         return;
  24:Src/webconfig/config_transport_sink.cpp ****     }
  25:Src/webconfig/config_transport_sink.cpp ****     if (jsonSink != nullptr) {
 100              		.loc 1 25 5 is_stmt 1 view .LVU11
 101              		.loc 1 25 18 is_stmt 0 view .LVU12
 102 000a 034B     		ldr	r3, .L13
 103 000c 1B68     		ldr	r3, [r3]
 104              		.loc 1 25 5 view .LVU13
 105 000e 03B1     		cbz	r3, .L7
  26:Src/webconfig/config_transport_sink.cpp ****         jsonSink(json, length);
 106              		.loc 1 26 9 is_stmt 1 view .LVU14
 107              		.loc 1 26 17 is_stmt 0 view .LVU15
 108 0010 9847     		blx	r3
 109              	.LVL3:
 110              	.L7:
  27:Src/webconfig/config_transport_sink.cpp ****     }
  28:Src/webconfig/config_transport_sink.cpp **** }
 111              		.loc 1 28 1 view .LVU16
 112 0012 08BD     		pop	{r3, pc}
 113              	.LVL4:
 114              	.L10:
 115              	.LCFI1:
 116              		.cfi_def_cfa_offset 0
 117              		.cfi_restore 3
 118              		.cfi_restore 14
 119              		.loc 1 28 1 view .LVU17
 120 0014 7047     		bx	lr
 121              	.L14:
 122 0016 00BF     		.align	2
 123              	.L13:
 124 0018 00000000 		.word	_ZN12_GLOBAL__N_18jsonSinkE
 125              		.cfi_endproc
 126              	.LFE16:
 128              		.section	.text._Z29ConfigTransport_PublishBinaryPKhj,"ax",%progbits
 129              		.align	1
 130              		.global	_Z29ConfigTransport_PublishBinaryPKhj
 131              		.syntax unified
 132              		.thumb
 133              		.thumb_func
 135              	_Z29ConfigTransport_PublishBinaryPKhj:
 136              	.LVL5:
 137              	.LFB17:
  29:Src/webconfig/config_transport_sink.cpp **** 
  30:Src/webconfig/config_transport_sink.cpp **** void ConfigTransport_PublishBinary(const uint8_t *data, size_t length)
  31:Src/webconfig/config_transport_sink.cpp **** {
 138              		.loc 1 31 1 is_stmt 1 view -0
 139              		.cfi_startproc
 140              		@ args = 0, pretend = 0, frame = 0
 141              		@ frame_needed = 0, uses_anonymous_args = 0
  32:Src/webconfig/config_transport_sink.cpp ****     if (data == nullptr || length == 0u) {
 142              		.loc 1 32 5 view .LVU19
 143 0000 0029     		cmp	r1, #0
 144 0002 18BF     		it	ne
 145 0004 0028     		cmpne	r0, #0
ARM GAS  C:\Users\nicx5\AppData\Local\Temp\ccEBWL4l.s 			page 4


 146 0006 05D0     		beq	.L18
  31:Src/webconfig/config_transport_sink.cpp ****     if (data == nullptr || length == 0u) {
 147              		.loc 1 31 1 is_stmt 0 view .LVU20
 148 0008 08B5     		push	{r3, lr}
 149              	.LCFI2:
 150              		.cfi_def_cfa_offset 8
 151              		.cfi_offset 3, -8
 152              		.cfi_offset 14, -4
  33:Src/webconfig/config_transport_sink.cpp ****         return;
  34:Src/webconfig/config_transport_sink.cpp ****     }
  35:Src/webconfig/config_transport_sink.cpp ****     if (binarySink != nullptr) {
 153              		.loc 1 35 5 is_stmt 1 view .LVU21
 154              		.loc 1 35 20 is_stmt 0 view .LVU22
 155 000a 034B     		ldr	r3, .L21
 156 000c 1B68     		ldr	r3, [r3]
 157              		.loc 1 35 5 view .LVU23
 158 000e 03B1     		cbz	r3, .L15
  36:Src/webconfig/config_transport_sink.cpp ****         binarySink(data, length);
 159              		.loc 1 36 9 is_stmt 1 view .LVU24
 160              		.loc 1 36 19 is_stmt 0 view .LVU25
 161 0010 9847     		blx	r3
 162              	.LVL6:
 163              	.L15:
  37:Src/webconfig/config_transport_sink.cpp ****     }
  38:Src/webconfig/config_transport_sink.cpp **** }
 164              		.loc 1 38 1 view .LVU26
 165 0012 08BD     		pop	{r3, pc}
 166              	.LVL7:
 167              	.L18:
 168              	.LCFI3:
 169              		.cfi_def_cfa_offset 0
 170              		.cfi_restore 3
 171              		.cfi_restore 14
 172              		.loc 1 38 1 view .LVU27
 173 0014 7047     		bx	lr
 174              	.L22:
 175 0016 00BF     		.align	2
 176              	.L21:
 177 0018 00000000 		.word	_ZN12_GLOBAL__N_110binarySinkE
 178              		.cfi_endproc
 179              	.LFE17:
 181              		.section	.text._Z27ConfigTransport_ReplyBinaryPKhj,"ax",%progbits
 182              		.align	1
 183              		.global	_Z27ConfigTransport_ReplyBinaryPKhj
 184              		.syntax unified
 185              		.thumb
 186              		.thumb_func
 188              	_Z27ConfigTransport_ReplyBinaryPKhj:
 189              	.LVL8:
 190              	.LFB18:
  39:Src/webconfig/config_transport_sink.cpp **** 
  40:Src/webconfig/config_transport_sink.cpp **** void ConfigTransport_ReplyBinary(const uint8_t *data,
  41:Src/webconfig/config_transport_sink.cpp ****                                  size_t length)
  42:Src/webconfig/config_transport_sink.cpp **** {
 191              		.loc 1 42 1 is_stmt 1 view -0
 192              		.cfi_startproc
 193              		@ args = 0, pretend = 0, frame = 0
ARM GAS  C:\Users\nicx5\AppData\Local\Temp\ccEBWL4l.s 			page 5


 194              		@ frame_needed = 0, uses_anonymous_args = 0
 195              		.loc 1 42 1 is_stmt 0 view .LVU29
 196 0000 08B5     		push	{r3, lr}
 197              	.LCFI4:
 198              		.cfi_def_cfa_offset 8
 199              		.cfi_offset 3, -8
 200              		.cfi_offset 14, -4
  43:Src/webconfig/config_transport_sink.cpp ****     if (binarySink != nullptr && data != nullptr && length != 0u) {
 201              		.loc 1 43 5 is_stmt 1 view .LVU30
 202              		.loc 1 43 20 is_stmt 0 view .LVU31
 203 0002 054B     		ldr	r3, .L26
 204 0004 1B68     		ldr	r3, [r3]
 205              		.loc 1 43 5 view .LVU32
 206 0006 2BB1     		cbz	r3, .L23
 207              		.loc 1 43 60 discriminator 1 view .LVU33
 208 0008 0A1E     		subs	r2, r1, #0
 209 000a 18BF     		it	ne
 210 000c 0122     		movne	r2, #1
 211              		.loc 1 43 50 discriminator 1 view .LVU34
 212 000e 08B1     		cbz	r0, .L23
 213 0010 02B1     		cbz	r2, .L23
  44:Src/webconfig/config_transport_sink.cpp ****         binarySink(data, length);
 214              		.loc 1 44 9 is_stmt 1 view .LVU35
 215              		.loc 1 44 19 is_stmt 0 view .LVU36
 216 0012 9847     		blx	r3
 217              	.LVL9:
 218              	.L23:
  45:Src/webconfig/config_transport_sink.cpp ****     }
  46:Src/webconfig/config_transport_sink.cpp **** }
 219              		.loc 1 46 1 view .LVU37
 220 0014 08BD     		pop	{r3, pc}
 221              	.L27:
 222 0016 00BF     		.align	2
 223              	.L26:
 224 0018 00000000 		.word	_ZN12_GLOBAL__N_110binarySinkE
 225              		.cfi_endproc
 226              	.LFE18:
 228              		.section	.bss._ZN12_GLOBAL__N_110binarySinkE,"aw",%nobits
 229              		.align	2
 232              	_ZN12_GLOBAL__N_110binarySinkE:
 233 0000 00000000 		.space	4
 234              		.section	.bss._ZN12_GLOBAL__N_18jsonSinkE,"aw",%nobits
 235              		.align	2
 238              	_ZN12_GLOBAL__N_18jsonSinkE:
 239 0000 00000000 		.space	4
 240              		.text
 241              	.Letext0:
 242              		.file 2 "D:/Program Files/msys64/mingw64/arm-none-eabi/include/c++/13.3.0/cstddef"
 243              		.file 3 "D:/Program Files/msys64/mingw64/arm-none-eabi/include/c++/13.3.0/cstdint"
 244              		.file 4 "D:/Program Files/msys64/mingw64/arm-none-eabi/include/c++/13.3.0/arm-none-eabi/thumb/v7e-
 245              		.file 5 "D:/Program Files/msys64/mingw64/lib/gcc/arm-none-eabi/13.3.0/include/stddef.h"
 246              		.file 6 "D:/Program Files/msys64/mingw64/arm-none-eabi/include/machine/_default_types.h"
 247              		.file 7 "D:/Program Files/msys64/mingw64/arm-none-eabi/include/sys/_stdint.h"
 248              		.file 8 "D:/Program Files/msys64/mingw64/arm-none-eabi/include/stdint.h"
 249              		.file 9 "Inc/webconfig/config_transport_sink.hpp"
ARM GAS  C:\Users\nicx5\AppData\Local\Temp\ccEBWL4l.s 			page 6


DEFINED SYMBOLS
                            *ABS*:00000000 config_transport_sink.cpp
C:\Users\nicx5\AppData\Local\Temp\ccEBWL4l.s:20     .text._Z27ConfigTransport_SetJsonSinkPFvPKcjE:00000000 $t
C:\Users\nicx5\AppData\Local\Temp\ccEBWL4l.s:26     .text._Z27ConfigTransport_SetJsonSinkPFvPKcjE:00000000 _Z27ConfigTransport_SetJsonSinkPFvPKcjE
C:\Users\nicx5\AppData\Local\Temp\ccEBWL4l.s:43     .text._Z27ConfigTransport_SetJsonSinkPFvPKcjE:00000008 $d
C:\Users\nicx5\AppData\Local\Temp\ccEBWL4l.s:238    .bss._ZN12_GLOBAL__N_18jsonSinkE:00000000 _ZN12_GLOBAL__N_18jsonSinkE
C:\Users\nicx5\AppData\Local\Temp\ccEBWL4l.s:48     .text._Z29ConfigTransport_SetBinarySinkPFvPKhjE:00000000 $t
C:\Users\nicx5\AppData\Local\Temp\ccEBWL4l.s:54     .text._Z29ConfigTransport_SetBinarySinkPFvPKhjE:00000000 _Z29ConfigTransport_SetBinarySinkPFvPKhjE
C:\Users\nicx5\AppData\Local\Temp\ccEBWL4l.s:71     .text._Z29ConfigTransport_SetBinarySinkPFvPKhjE:00000008 $d
C:\Users\nicx5\AppData\Local\Temp\ccEBWL4l.s:232    .bss._ZN12_GLOBAL__N_110binarySinkE:00000000 _ZN12_GLOBAL__N_110binarySinkE
C:\Users\nicx5\AppData\Local\Temp\ccEBWL4l.s:76     .text._Z27ConfigTransport_PublishJsonPKcj:00000000 $t
C:\Users\nicx5\AppData\Local\Temp\ccEBWL4l.s:82     .text._Z27ConfigTransport_PublishJsonPKcj:00000000 _Z27ConfigTransport_PublishJsonPKcj
C:\Users\nicx5\AppData\Local\Temp\ccEBWL4l.s:124    .text._Z27ConfigTransport_PublishJsonPKcj:00000018 $d
C:\Users\nicx5\AppData\Local\Temp\ccEBWL4l.s:129    .text._Z29ConfigTransport_PublishBinaryPKhj:00000000 $t
C:\Users\nicx5\AppData\Local\Temp\ccEBWL4l.s:135    .text._Z29ConfigTransport_PublishBinaryPKhj:00000000 _Z29ConfigTransport_PublishBinaryPKhj
C:\Users\nicx5\AppData\Local\Temp\ccEBWL4l.s:177    .text._Z29ConfigTransport_PublishBinaryPKhj:00000018 $d
C:\Users\nicx5\AppData\Local\Temp\ccEBWL4l.s:182    .text._Z27ConfigTransport_ReplyBinaryPKhj:00000000 $t
C:\Users\nicx5\AppData\Local\Temp\ccEBWL4l.s:188    .text._Z27ConfigTransport_ReplyBinaryPKhj:00000000 _Z27ConfigTransport_ReplyBinaryPKhj
C:\Users\nicx5\AppData\Local\Temp\ccEBWL4l.s:224    .text._Z27ConfigTransport_ReplyBinaryPKhj:00000018 $d
C:\Users\nicx5\AppData\Local\Temp\ccEBWL4l.s:229    .bss._ZN12_GLOBAL__N_110binarySinkE:00000000 $d
C:\Users\nicx5\AppData\Local\Temp\ccEBWL4l.s:235    .bss._ZN12_GLOBAL__N_18jsonSinkE:00000000 $d

NO UNDEFINED SYMBOLS
