ARM GAS  C:\Users\nicx5\AppData\Local\Temp\ccpdFOxr.s 			page 1


   1              		.cpu cortex-m7
   2              		.arch armv7e-m
   3              		.fpu fpv5-d16
   4              		.eabi_attribute 28, 1
   5              		.eabi_attribute 20, 1
   6              		.eabi_attribute 21, 1
   7              		.eabi_attribute 23, 3
   8              		.eabi_attribute 24, 1
   9              		.eabi_attribute 25, 1
  10              		.eabi_attribute 26, 1
  11              		.eabi_attribute 30, 1
  12              		.eabi_attribute 34, 1
  13              		.eabi_attribute 18, 4
  14              		.file	"dma.c"
  15              		.text
  16              	.Ltext0:
  17              		.cfi_sections	.debug_frame
  18              		.file 1 "Core/Src/dma.c"
  19              		.section	.text.MX_DMA_Init,"ax",%progbits
  20              		.align	1
  21              		.global	MX_DMA_Init
  22              		.syntax unified
  23              		.thumb
  24              		.thumb_func
  26              	MX_DMA_Init:
  27              	.LFB338:
   1:Core/Src/dma.c **** /* USER CODE BEGIN Header */
   2:Core/Src/dma.c **** /**
   3:Core/Src/dma.c ****   ******************************************************************************
   4:Core/Src/dma.c ****   * @file    dma.c
   5:Core/Src/dma.c ****   * @brief   This file provides code for the configuration
   6:Core/Src/dma.c ****   *          of all the requested memory to memory DMA transfers.
   7:Core/Src/dma.c ****   ******************************************************************************
   8:Core/Src/dma.c ****   * @attention
   9:Core/Src/dma.c ****   *
  10:Core/Src/dma.c ****   * Copyright (c) 2024 STMicroelectronics.
  11:Core/Src/dma.c ****   * All rights reserved.
  12:Core/Src/dma.c ****   *
  13:Core/Src/dma.c ****   * This software is licensed under terms that can be found in the LICENSE file
  14:Core/Src/dma.c ****   * in the root directory of this software component.
  15:Core/Src/dma.c ****   * If no LICENSE file comes with this software, it is provided AS-IS.
  16:Core/Src/dma.c ****   *
  17:Core/Src/dma.c ****   ******************************************************************************
  18:Core/Src/dma.c ****   */
  19:Core/Src/dma.c **** /* USER CODE END Header */
  20:Core/Src/dma.c **** 
  21:Core/Src/dma.c **** /* Includes ------------------------------------------------------------------*/
  22:Core/Src/dma.c **** #include "dma.h"
  23:Core/Src/dma.c **** 
  24:Core/Src/dma.c **** /* USER CODE BEGIN 0 */
  25:Core/Src/dma.c **** #include "board_cfg.h"
  26:Core/Src/dma.c **** 
  27:Core/Src/dma.c **** /* USER CODE END 0 */
  28:Core/Src/dma.c **** 
  29:Core/Src/dma.c **** /*----------------------------------------------------------------------------*/
  30:Core/Src/dma.c **** /* Configure DMA                                                              */
  31:Core/Src/dma.c **** /*----------------------------------------------------------------------------*/
ARM GAS  C:\Users\nicx5\AppData\Local\Temp\ccpdFOxr.s 			page 2


  32:Core/Src/dma.c **** 
  33:Core/Src/dma.c **** /* USER CODE BEGIN 1 */
  34:Core/Src/dma.c **** 
  35:Core/Src/dma.c **** /* USER CODE END 1 */
  36:Core/Src/dma.c **** 
  37:Core/Src/dma.c **** /**
  38:Core/Src/dma.c ****   * Enable DMA controller clock
  39:Core/Src/dma.c ****   */
  40:Core/Src/dma.c **** void MX_DMA_Init(void)
  41:Core/Src/dma.c **** {
  28              		.loc 1 41 1 view -0
  29              		.cfi_startproc
  30              		@ args = 0, pretend = 0, frame = 8
  31              		@ frame_needed = 0, uses_anonymous_args = 0
  32 0000 00B5     		push	{lr}
  33              	.LCFI0:
  34              		.cfi_def_cfa_offset 4
  35              		.cfi_offset 14, -4
  36 0002 83B0     		sub	sp, sp, #12
  37              	.LCFI1:
  38              		.cfi_def_cfa_offset 16
  42:Core/Src/dma.c **** 
  43:Core/Src/dma.c ****   /* DMA controller clock enable */
  44:Core/Src/dma.c ****   __HAL_RCC_DMA1_CLK_ENABLE();
  39              		.loc 1 44 3 view .LVU1
  40              	.LBB2:
  41              		.loc 1 44 3 view .LVU2
  42              		.loc 1 44 3 view .LVU3
  43 0004 134B     		ldr	r3, .L3
  44 0006 D3F8D820 		ldr	r2, [r3, #216]
  45 000a 42F00102 		orr	r2, r2, #1
  46 000e C3F8D820 		str	r2, [r3, #216]
  47              		.loc 1 44 3 view .LVU4
  48 0012 D3F8D830 		ldr	r3, [r3, #216]
  49 0016 03F00103 		and	r3, r3, #1
  50 001a 0193     		str	r3, [sp, #4]
  51              		.loc 1 44 3 view .LVU5
  52 001c 019B     		ldr	r3, [sp, #4]
  53              	.LBE2:
  54              		.loc 1 44 3 view .LVU6
  45:Core/Src/dma.c **** 
  46:Core/Src/dma.c ****   /* DMA interrupt init */
  47:Core/Src/dma.c ****   /* DMA1_Stream0_IRQn interrupt configuration */
  48:Core/Src/dma.c ****   // HAL_NVIC_SetPriority(DMA1_Stream0_IRQn, 0, 0);
  49:Core/Src/dma.c ****   // HAL_NVIC_EnableIRQ(DMA1_Stream0_IRQn);
  50:Core/Src/dma.c ****   /* DMA1_Stream1_IRQn interrupt configuration */
  51:Core/Src/dma.c ****   // HAL_NVIC_SetPriority(DMA1_Stream1_IRQn, 0, 0);
  52:Core/Src/dma.c ****   // HAL_NVIC_EnableIRQ(DMA1_Stream1_IRQn);
  53:Core/Src/dma.c ****   /* DMA1_Stream2_IRQn interrupt configuration */
  54:Core/Src/dma.c ****   HAL_NVIC_SetPriority(WS2812B_KEYS_TIM_DMA_IRQn, WS2812B_KEYS_TIM_DMA_IRQn_PRIO, 0);
  55              		.loc 1 54 3 view .LVU7
  56 001e 0022     		movs	r2, #0
  57 0020 0621     		movs	r1, #6
  58 0022 0D20     		movs	r0, #13
  59 0024 FFF7FEFF 		bl	HAL_NVIC_SetPriority
  60              	.LVL0:
  55:Core/Src/dma.c ****   HAL_NVIC_EnableIRQ(WS2812B_KEYS_TIM_DMA_IRQn);
ARM GAS  C:\Users\nicx5\AppData\Local\Temp\ccpdFOxr.s 			page 3


  61              		.loc 1 55 3 view .LVU8
  62 0028 0D20     		movs	r0, #13
  63 002a FFF7FEFF 		bl	HAL_NVIC_EnableIRQ
  64              	.LVL1:
  56:Core/Src/dma.c **** 
  57:Core/Src/dma.c ****   /* DMA1_Stream3_IRQn interrupt configuration */
  58:Core/Src/dma.c ****   HAL_NVIC_SetPriority(WS2812B_AMBIENT_TIM_DMA_IRQn, WS2812B_AMBIENT_TIM_DMA_IRQn_PRIO, 0);
  65              		.loc 1 58 3 view .LVU9
  66 002e 0022     		movs	r2, #0
  67 0030 0621     		movs	r1, #6
  68 0032 0E20     		movs	r0, #14
  69 0034 FFF7FEFF 		bl	HAL_NVIC_SetPriority
  70              	.LVL2:
  59:Core/Src/dma.c ****   HAL_NVIC_EnableIRQ(WS2812B_AMBIENT_TIM_DMA_IRQn);
  71              		.loc 1 59 3 view .LVU10
  72 0038 0E20     		movs	r0, #14
  73 003a FFF7FEFF 		bl	HAL_NVIC_EnableIRQ
  74              	.LVL3:
  60:Core/Src/dma.c **** 
  61:Core/Src/dma.c ****   /* DMA1_Stream4_IRQn interrupt configuration */
  62:Core/Src/dma.c ****   HAL_NVIC_SetPriority(BOARD_DMA_STREAM4_IRQn, BOARD_DMA_STREAM4_IRQn_PRIO, 0);
  75              		.loc 1 62 3 view .LVU11
  76 003e 0022     		movs	r2, #0
  77 0040 0521     		movs	r1, #5
  78 0042 0F20     		movs	r0, #15
  79 0044 FFF7FEFF 		bl	HAL_NVIC_SetPriority
  80              	.LVL4:
  63:Core/Src/dma.c ****   HAL_NVIC_EnableIRQ(BOARD_DMA_STREAM4_IRQn);
  81              		.loc 1 63 3 view .LVU12
  82 0048 0F20     		movs	r0, #15
  83 004a FFF7FEFF 		bl	HAL_NVIC_EnableIRQ
  84              	.LVL5:
  64:Core/Src/dma.c **** 
  65:Core/Src/dma.c **** }
  85              		.loc 1 65 1 is_stmt 0 view .LVU13
  86 004e 03B0     		add	sp, sp, #12
  87              	.LCFI2:
  88              		.cfi_def_cfa_offset 4
  89              		@ sp needed
  90 0050 5DF804FB 		ldr	pc, [sp], #4
  91              	.L4:
  92              		.align	2
  93              	.L3:
  94 0054 00440258 		.word	1476543488
  95              		.cfi_endproc
  96              	.LFE338:
  98              		.text
  99              	.Letext0:
 100              		.file 2 "Drivers/CMSIS/Device/ST/STM32H7xx/Include/stm32h750xx.h"
 101              		.file 3 "D:/Program Files/msys64/mingw64/arm-none-eabi/include/machine/_default_types.h"
 102              		.file 4 "D:/Program Files/msys64/mingw64/arm-none-eabi/include/sys/_stdint.h"
 103              		.file 5 "Inc/system/board_cfg.h"
 104              		.file 6 "Drivers/STM32H7xx_HAL_Driver/Inc/stm32h7xx_hal_cortex.h"
ARM GAS  C:\Users\nicx5\AppData\Local\Temp\ccpdFOxr.s 			page 4


DEFINED SYMBOLS
                            *ABS*:00000000 dma.c
C:\Users\nicx5\AppData\Local\Temp\ccpdFOxr.s:20     .text.MX_DMA_Init:00000000 $t
C:\Users\nicx5\AppData\Local\Temp\ccpdFOxr.s:26     .text.MX_DMA_Init:00000000 MX_DMA_Init
C:\Users\nicx5\AppData\Local\Temp\ccpdFOxr.s:94     .text.MX_DMA_Init:00000054 $d

UNDEFINED SYMBOLS
HAL_NVIC_SetPriority
HAL_NVIC_EnableIRQ
