ARM GAS  C:\Users\nicx5\AppData\Local\Temp\ccSVZDJE.s 			page 1


   1              		.cpu cortex-m7
   2              		.arch armv7e-m
   3              		.fpu fpv5-d16
   4              		.eabi_attribute 28, 1
   5              		.eabi_attribute 20, 1
   6              		.eabi_attribute 21, 1
   7              		.eabi_attribute 23, 3
   8              		.eabi_attribute 24, 1
   9              		.eabi_attribute 25, 1
  10              		.eabi_attribute 26, 1
  11              		.eabi_attribute 30, 1
  12              		.eabi_attribute 34, 1
  13              		.eabi_attribute 18, 4
  14              		.file	"ch585_role_bootstrap.cpp"
  15              		.text
  16              	.Ltext0:
  17              		.cfi_sections	.debug_frame
  18              		.file 1 "Src/transport/ch585_role_bootstrap.cpp"
  19              		.section	.text._ZN18Ch585RoleBootstrap11setSelectorEPFb9Ch585RoleE,"ax",%progbits
  20              		.align	1
  21              		.global	_ZN18Ch585RoleBootstrap11setSelectorEPFb9Ch585RoleE
  22              		.syntax unified
  23              		.thumb
  24              		.thumb_func
  26              	_ZN18Ch585RoleBootstrap11setSelectorEPFb9Ch585RoleE:
  27              	.LVL0:
  28              	.LFB1303:
   1:Src/transport/ch585_role_bootstrap.cpp **** #include "boot_profile.h"
   2:Src/transport/ch585_role_bootstrap.cpp **** #include "ch585_role_bootstrap.hpp"
   3:Src/transport/ch585_role_bootstrap.cpp **** 
   4:Src/transport/ch585_role_bootstrap.cpp **** #include "board_cfg.h"
   5:Src/transport/ch585_role_bootstrap.cpp **** #include "board_power.hpp"
   6:Src/transport/ch585_role_bootstrap.cpp **** #include "rf_boot_ready.hpp"
   7:Src/transport/ch585_role_bootstrap.cpp **** #include "stm32h7xx_hal.h"
   8:Src/transport/ch585_role_bootstrap.cpp **** #include "system_logger.h"
   9:Src/transport/ch585_role_bootstrap.cpp **** #include "usb_board_link_port.hpp"
  10:Src/transport/ch585_role_bootstrap.cpp **** #include "sleep_diagnostics.hpp"
  11:Src/transport/ch585_role_bootstrap.cpp **** 
  12:Src/transport/ch585_role_bootstrap.cpp **** void Ch585RoleBootstrap::setSelector(Ch585RoleSelector selectorFn)
  13:Src/transport/ch585_role_bootstrap.cpp **** {
  29              		.loc 1 13 1 view -0
  30              		.cfi_startproc
  31              		@ args = 0, pretend = 0, frame = 0
  32              		@ frame_needed = 0, uses_anonymous_args = 0
  33              		@ link register save eliminated.
  14:Src/transport/ch585_role_bootstrap.cpp ****     selector = selectorFn;
  34              		.loc 1 14 5 view .LVU1
  35              		.loc 1 14 14 is_stmt 0 view .LVU2
  36 0000 0160     		str	r1, [r0]
  15:Src/transport/ch585_role_bootstrap.cpp **** }
  37              		.loc 1 15 1 view .LVU3
  38 0002 7047     		bx	lr
  39              		.cfi_endproc
  40              	.LFE1303:
  42              		.section	.text._ZN18Ch585RoleBootstrap8shutdownEv,"ax",%progbits
  43              		.align	1
  44              		.global	_ZN18Ch585RoleBootstrap8shutdownEv
ARM GAS  C:\Users\nicx5\AppData\Local\Temp\ccSVZDJE.s 			page 2


  45              		.syntax unified
  46              		.thumb
  47              		.thumb_func
  49              	_ZN18Ch585RoleBootstrap8shutdownEv:
  50              	.LVL1:
  51              	.LFB1304:
  16:Src/transport/ch585_role_bootstrap.cpp **** 
  17:Src/transport/ch585_role_bootstrap.cpp **** void Ch585RoleBootstrap::shutdown()
  18:Src/transport/ch585_role_bootstrap.cpp **** {
  52              		.loc 1 18 1 is_stmt 1 view -0
  53              		.cfi_startproc
  54              		@ args = 0, pretend = 0, frame = 24
  55              		@ frame_needed = 0, uses_anonymous_args = 0
  56              		.loc 1 18 1 is_stmt 0 view .LVU5
  57 0000 70B5     		push	{r4, r5, r6, lr}
  58              	.LCFI0:
  59              		.cfi_def_cfa_offset 16
  60              		.cfi_offset 4, -16
  61              		.cfi_offset 5, -12
  62              		.cfi_offset 6, -8
  63              		.cfi_offset 14, -4
  64 0002 86B0     		sub	sp, sp, #24
  65              	.LCFI1:
  66              		.cfi_def_cfa_offset 40
  67 0004 0446     		mov	r4, r0
  19:Src/transport/ch585_role_bootstrap.cpp ****     if (sleepResumeActive) {
  68              		.loc 1 19 5 is_stmt 1 view .LVU6
  69              	.LBB32:
  70              		.loc 1 19 9 is_stmt 0 view .LVU7
  71 0006 037B     		ldrb	r3, [r0, #12]	@ zero_extendqisi2
  72              		.loc 1 19 5 view .LVU8
  73 0008 8BB9     		cbnz	r3, .L5
  74              	.LVL2:
  75              	.L3:
  76              		.loc 1 19 5 view .LVU9
  77              	.LBE32:
  20:Src/transport/ch585_role_bootstrap.cpp ****         // A failed SELECT_ROLE may have configured the USB bootstrap SPI port.
  21:Src/transport/ch585_role_bootstrap.cpp ****         // Park it before the cold-restart retry removes CH585 power.
  22:Src/transport/ch585_role_bootstrap.cpp ****         USBBoardLinkPort_Shutdown();
  23:Src/transport/ch585_role_bootstrap.cpp ****         GPIO_InitTypeDef gpio = {};
  24:Src/transport/ch585_role_bootstrap.cpp ****         gpio.Mode = GPIO_MODE_ANALOG;
  25:Src/transport/ch585_role_bootstrap.cpp ****         gpio.Pull = GPIO_NOPULL;
  26:Src/transport/ch585_role_bootstrap.cpp ****         gpio.Pin = CH585_SPI_NSS_PIN | CH585_SPI_SCK_PIN | CH585_SPI_MOSI_PIN | CH585_SPI_MISO_PIN;
  27:Src/transport/ch585_role_bootstrap.cpp ****         HAL_GPIO_Init(CH585_SPI_GPIO_PORT, &gpio);
  28:Src/transport/ch585_role_bootstrap.cpp ****         gpio.Pin = CH585_IRQ_PIN;
  29:Src/transport/ch585_role_bootstrap.cpp ****         HAL_GPIO_Init(CH585_IRQ_GPIO_PORT, &gpio);
  30:Src/transport/ch585_role_bootstrap.cpp ****     }
  31:Src/transport/ch585_role_bootstrap.cpp ****     sleepResumeActive = false;
  78              		.loc 1 31 5 is_stmt 1 view .LVU10
  79              		.loc 1 31 23 is_stmt 0 view .LVU11
  80 000a 0025     		movs	r5, #0
  81 000c 2573     		strb	r5, [r4, #12]
  32:Src/transport/ch585_role_bootstrap.cpp ****     usbStartupPrepared = false;
  82              		.loc 1 32 5 is_stmt 1 view .LVU12
  83              		.loc 1 32 24 is_stmt 0 view .LVU13
  84 000e E573     		strb	r5, [r4, #15]
  33:Src/transport/ch585_role_bootstrap.cpp ****     (void)BOARD_POWER.setUsbHostEnabled(false);
ARM GAS  C:\Users\nicx5\AppData\Local\Temp\ccSVZDJE.s 			page 3


  85              		.loc 1 33 5 is_stmt 1 view .LVU14
  86              	.LBB34:
  87              	.LBI34:
  88              		.file 2 "Inc/power/board_power.hpp"
   1:Inc/power/board_power.hpp **** #ifndef BOARD_POWER_HPP
   2:Inc/power/board_power.hpp **** #define BOARD_POWER_HPP
   3:Inc/power/board_power.hpp **** 
   4:Inc/power/board_power.hpp **** #include <stdbool.h>
   5:Inc/power/board_power.hpp **** #include <stdint.h>
   6:Inc/power/board_power.hpp **** 
   7:Inc/power/board_power.hpp **** #ifdef __cplusplus
   8:Inc/power/board_power.hpp **** extern "C" {
   9:Inc/power/board_power.hpp **** #endif
  10:Inc/power/board_power.hpp **** 
  11:Inc/power/board_power.hpp **** /*
  12:Inc/power/board_power.hpp ****  * Re-asserts PI4 without changing any other rail.  The bootloader leaves PI4
  13:Inc/power/board_power.hpp ****  * high before jumping to the XIP application; this hook preserves that state
  14:Inc/power/board_power.hpp ****  * as the application runtime is brought up.
  15:Inc/power/board_power.hpp ****  */
  16:Inc/power/board_power.hpp **** void BoardPower_EarlyMainHold(void);
  17:Inc/power/board_power.hpp **** 
  18:Inc/power/board_power.hpp **** /* Configures all board power-control pins to their fail-safe defaults. */
  19:Inc/power/board_power.hpp **** void BoardPower_Initialize(void);
  20:Inc/power/board_power.hpp **** void BoardPower_SetChargeEnabled(bool enabled);
  21:Inc/power/board_power.hpp **** void BoardPower_SetHallEnabled(bool enabled);
  22:Inc/power/board_power.hpp **** void BoardPower_EnableHallForAdc(void);
  23:Inc/power/board_power.hpp **** void BoardPower_SetKeyLedEnabled(bool enabled);
  24:Inc/power/board_power.hpp **** void BoardPower_SetAmbientLedEnabled(bool enabled);
  25:Inc/power/board_power.hpp **** void BoardPower_SetLcdEnabled(bool enabled);
  26:Inc/power/board_power.hpp **** 
  27:Inc/power/board_power.hpp **** #ifdef __cplusplus
  28:Inc/power/board_power.hpp **** }
  29:Inc/power/board_power.hpp **** 
  30:Inc/power/board_power.hpp **** class BoardPower {
  31:Inc/power/board_power.hpp **** public:
  32:Inc/power/board_power.hpp ****     BoardPower(const BoardPower&) = delete;
  33:Inc/power/board_power.hpp ****     BoardPower& operator=(const BoardPower&) = delete;
  34:Inc/power/board_power.hpp **** 
  35:Inc/power/board_power.hpp ****     static BoardPower& getInstance()
  89              		.loc 2 35 24 view .LVU15
  36:Inc/power/board_power.hpp ****     {
  37:Inc/power/board_power.hpp ****         static BoardPower instance;
  90              		.loc 2 37 9 view .LVU16
  38:Inc/power/board_power.hpp ****         return instance;
  91              		.loc 2 38 9 view .LVU17
  92              	.LBE34:
  93              		.loc 1 33 40 is_stmt 0 discriminator 1 view .LVU18
  94 0010 144E     		ldr	r6, .L6
  95 0012 2946     		mov	r1, r5
  96 0014 3046     		mov	r0, r6
  97 0016 FFF7FEFF 		bl	_ZN10BoardPower17setUsbHostEnabledEb
  98              	.LVL3:
  34:Src/transport/ch585_role_bootstrap.cpp ****     BOARD_POWER.setCh585Enabled(false);
  99              		.loc 1 34 5 is_stmt 1 view .LVU19
 100              	.LBB35:
 101              	.LBI35:
  35:Inc/power/board_power.hpp ****     {
ARM GAS  C:\Users\nicx5\AppData\Local\Temp\ccSVZDJE.s 			page 4


 102              		.loc 2 35 24 view .LVU20
  37:Inc/power/board_power.hpp ****         return instance;
 103              		.loc 2 37 9 view .LVU21
 104              		.loc 2 38 9 view .LVU22
 105              	.LBE35:
 106              		.loc 1 34 32 is_stmt 0 discriminator 1 view .LVU23
 107 001a 2946     		mov	r1, r5
 108 001c 3046     		mov	r0, r6
 109 001e FFF7FEFF 		bl	_ZN10BoardPower15setCh585EnabledEb
 110              	.LVL4:
  35:Src/transport/ch585_role_bootstrap.cpp ****     RFBootReady::reset();
 111              		.loc 1 35 5 is_stmt 1 view .LVU24
 112              		.loc 1 35 23 is_stmt 0 view .LVU25
 113 0022 FFF7FEFF 		bl	_ZN11RFBootReady5resetEv
 114              	.LVL5:
  36:Src/transport/ch585_role_bootstrap.cpp ****     activeRole = Ch585Role::SafeIdle;
 115              		.loc 1 36 5 is_stmt 1 view .LVU26
 116              		.loc 1 36 16 is_stmt 0 view .LVU27
 117 0026 6573     		strb	r5, [r4, #13]
  37:Src/transport/ch585_role_bootstrap.cpp ****     bootstrapState = Ch585BootstrapState::Off;
 118              		.loc 1 37 5 is_stmt 1 view .LVU28
 119              		.loc 1 37 20 is_stmt 0 view .LVU29
 120 0028 A573     		strb	r5, [r4, #14]
  38:Src/transport/ch585_role_bootstrap.cpp **** }
 121              		.loc 1 38 1 view .LVU30
 122 002a 06B0     		add	sp, sp, #24
 123              	.LCFI2:
 124              		.cfi_remember_state
 125              		.cfi_def_cfa_offset 16
 126              		@ sp needed
 127 002c 70BD     		pop	{r4, r5, r6, pc}
 128              	.LVL6:
 129              	.L5:
 130              	.LCFI3:
 131              		.cfi_restore_state
 132              	.LBB36:
 133              	.LBB33:
  22:Src/transport/ch585_role_bootstrap.cpp ****         GPIO_InitTypeDef gpio = {};
 134              		.loc 1 22 9 is_stmt 1 view .LVU31
  22:Src/transport/ch585_role_bootstrap.cpp ****         GPIO_InitTypeDef gpio = {};
 135              		.loc 1 22 34 is_stmt 0 view .LVU32
 136 002e FFF7FEFF 		bl	_Z25USBBoardLinkPort_Shutdownv
 137              	.LVL7:
  23:Src/transport/ch585_role_bootstrap.cpp ****         gpio.Mode = GPIO_MODE_ANALOG;
 138              		.loc 1 23 9 is_stmt 1 view .LVU33
  23:Src/transport/ch585_role_bootstrap.cpp ****         gpio.Mode = GPIO_MODE_ANALOG;
 139              		.loc 1 23 26 is_stmt 0 view .LVU34
 140 0032 0023     		movs	r3, #0
 141 0034 0193     		str	r3, [sp, #4]
 142 0036 0293     		str	r3, [sp, #8]
 143 0038 0393     		str	r3, [sp, #12]
 144 003a 0493     		str	r3, [sp, #16]
 145 003c 0593     		str	r3, [sp, #20]
  24:Src/transport/ch585_role_bootstrap.cpp ****         gpio.Pull = GPIO_NOPULL;
 146              		.loc 1 24 9 is_stmt 1 view .LVU35
  24:Src/transport/ch585_role_bootstrap.cpp ****         gpio.Pull = GPIO_NOPULL;
 147              		.loc 1 24 19 is_stmt 0 view .LVU36
ARM GAS  C:\Users\nicx5\AppData\Local\Temp\ccSVZDJE.s 			page 5


 148 003e 0323     		movs	r3, #3
 149 0040 0293     		str	r3, [sp, #8]
  25:Src/transport/ch585_role_bootstrap.cpp ****         gpio.Pin = CH585_SPI_NSS_PIN | CH585_SPI_SCK_PIN | CH585_SPI_MOSI_PIN | CH585_SPI_MISO_PIN;
 150              		.loc 1 25 9 is_stmt 1 view .LVU37
  26:Src/transport/ch585_role_bootstrap.cpp ****         HAL_GPIO_Init(CH585_SPI_GPIO_PORT, &gpio);
 151              		.loc 1 26 9 view .LVU38
  26:Src/transport/ch585_role_bootstrap.cpp ****         HAL_GPIO_Init(CH585_SPI_GPIO_PORT, &gpio);
 152              		.loc 1 26 18 is_stmt 0 view .LVU39
 153 0042 45F62003 		movw	r3, #22560
 154 0046 0193     		str	r3, [sp, #4]
  27:Src/transport/ch585_role_bootstrap.cpp ****         gpio.Pin = CH585_IRQ_PIN;
 155              		.loc 1 27 9 is_stmt 1 view .LVU40
  27:Src/transport/ch585_role_bootstrap.cpp ****         gpio.Pin = CH585_IRQ_PIN;
 156              		.loc 1 27 22 is_stmt 0 view .LVU41
 157 0048 074D     		ldr	r5, .L6+4
 158 004a 01A9     		add	r1, sp, #4
 159 004c 2846     		mov	r0, r5
 160 004e FFF7FEFF 		bl	HAL_GPIO_Init
 161              	.LVL8:
  28:Src/transport/ch585_role_bootstrap.cpp ****         HAL_GPIO_Init(CH585_IRQ_GPIO_PORT, &gpio);
 162              		.loc 1 28 9 is_stmt 1 view .LVU42
  28:Src/transport/ch585_role_bootstrap.cpp ****         HAL_GPIO_Init(CH585_IRQ_GPIO_PORT, &gpio);
 163              		.loc 1 28 18 is_stmt 0 view .LVU43
 164 0052 4FF48063 		mov	r3, #1024
 165 0056 0193     		str	r3, [sp, #4]
  29:Src/transport/ch585_role_bootstrap.cpp ****     }
 166              		.loc 1 29 9 is_stmt 1 view .LVU44
  29:Src/transport/ch585_role_bootstrap.cpp ****     }
 167              		.loc 1 29 22 is_stmt 0 view .LVU45
 168 0058 01A9     		add	r1, sp, #4
 169 005a 2846     		mov	r0, r5
 170 005c FFF7FEFF 		bl	HAL_GPIO_Init
 171              	.LVL9:
 172              	.LBE33:
 173 0060 D3E7     		b	.L3
 174              	.L7:
 175 0062 00BF     		.align	2
 176              	.L6:
 177 0064 00000000 		.word	_ZZN10BoardPower11getInstanceEvE8instance
 178 0068 00100258 		.word	1476530176
 179              	.LBE36:
 180              		.cfi_endproc
 181              	.LFE1304:
 183              		.section	.text._ZN18Ch585RoleBootstrap18beginRfSleepResumeEv,"ax",%progbits
 184              		.align	1
 185              		.global	_ZN18Ch585RoleBootstrap18beginRfSleepResumeEv
 186              		.syntax unified
 187              		.thumb
 188              		.thumb_func
 190              	_ZN18Ch585RoleBootstrap18beginRfSleepResumeEv:
 191              	.LVL10:
 192              	.LFB1305:
  39:Src/transport/ch585_role_bootstrap.cpp **** 
  40:Src/transport/ch585_role_bootstrap.cpp **** void Ch585RoleBootstrap::beginRfSleepResume()
  41:Src/transport/ch585_role_bootstrap.cpp **** {
 193              		.loc 1 41 1 is_stmt 1 view -0
 194              		.cfi_startproc
ARM GAS  C:\Users\nicx5\AppData\Local\Temp\ccSVZDJE.s 			page 6


 195              		@ args = 0, pretend = 0, frame = 0
 196              		@ frame_needed = 0, uses_anonymous_args = 0
 197              		.loc 1 41 1 is_stmt 0 view .LVU47
 198 0000 10B5     		push	{r4, lr}
 199              	.LCFI4:
 200              		.cfi_def_cfa_offset 8
 201              		.cfi_offset 4, -8
 202              		.cfi_offset 14, -4
 203 0002 0446     		mov	r4, r0
  42:Src/transport/ch585_role_bootstrap.cpp ****     shutdown();
 204              		.loc 1 42 5 is_stmt 1 view .LVU48
 205              		.loc 1 42 13 is_stmt 0 view .LVU49
 206 0004 FFF7FEFF 		bl	_ZN18Ch585RoleBootstrap8shutdownEv
 207              	.LVL11:
  43:Src/transport/ch585_role_bootstrap.cpp ****     sleepResumeSince = HAL_GetTick();
 208              		.loc 1 43 5 is_stmt 1 view .LVU50
 209              		.loc 1 43 35 is_stmt 0 view .LVU51
 210 0008 FFF7FEFF 		bl	HAL_GetTick
 211              	.LVL12:
 212              		.loc 1 43 22 discriminator 1 view .LVU52
 213 000c 6060     		str	r0, [r4, #4]
  44:Src/transport/ch585_role_bootstrap.cpp ****     sleepResumeActive = true;
 214              		.loc 1 44 5 is_stmt 1 view .LVU53
 215              		.loc 1 44 23 is_stmt 0 view .LVU54
 216 000e 0123     		movs	r3, #1
 217 0010 2373     		strb	r3, [r4, #12]
  45:Src/transport/ch585_role_bootstrap.cpp ****     SleepDiagnostics_Record(SleepStage::RadioPowerWait);
 218              		.loc 1 45 5 is_stmt 1 view .LVU55
 219              		.loc 1 45 28 is_stmt 0 view .LVU56
 220 0012 0021     		movs	r1, #0
 221 0014 0720     		movs	r0, #7
 222 0016 FFF7FEFF 		bl	_Z23SleepDiagnostics_Record10SleepStagem
 223              	.LVL13:
  46:Src/transport/ch585_role_bootstrap.cpp **** }
 224              		.loc 1 46 1 view .LVU57
 225 001a 10BD     		pop	{r4, pc}
 226              		.loc 1 46 1 view .LVU58
 227              		.cfi_endproc
 228              	.LFE1305:
 230              		.section	.text._ZN18Ch585RoleBootstrap20serviceRfSleepResumeEv,"ax",%progbits
 231              		.align	1
 232              		.global	_ZN18Ch585RoleBootstrap20serviceRfSleepResumeEv
 233              		.syntax unified
 234              		.thumb
 235              		.thumb_func
 237              	_ZN18Ch585RoleBootstrap20serviceRfSleepResumeEv:
 238              	.LVL14:
 239              	.LFB1306:
  47:Src/transport/ch585_role_bootstrap.cpp **** 
  48:Src/transport/ch585_role_bootstrap.cpp **** Ch585ResumeResult Ch585RoleBootstrap::serviceRfSleepResume()
  49:Src/transport/ch585_role_bootstrap.cpp **** {
 240              		.loc 1 49 1 is_stmt 1 view -0
 241              		.cfi_startproc
 242              		@ args = 0, pretend = 0, frame = 0
 243              		@ frame_needed = 0, uses_anonymous_args = 0
 244              		.loc 1 49 1 is_stmt 0 view .LVU60
 245 0000 38B5     		push	{r3, r4, r5, lr}
ARM GAS  C:\Users\nicx5\AppData\Local\Temp\ccSVZDJE.s 			page 7


 246              	.LCFI5:
 247              		.cfi_def_cfa_offset 16
 248              		.cfi_offset 3, -16
 249              		.cfi_offset 4, -12
 250              		.cfi_offset 5, -8
 251              		.cfi_offset 14, -4
  50:Src/transport/ch585_role_bootstrap.cpp ****     if (!sleepResumeActive || selector == nullptr) return Ch585ResumeResult::Failed;
 252              		.loc 1 50 5 is_stmt 1 view .LVU61
 253              		.loc 1 50 10 is_stmt 0 view .LVU62
 254 0002 037B     		ldrb	r3, [r0, #12]	@ zero_extendqisi2
 255              		.loc 1 50 5 view .LVU63
 256 0004 002B     		cmp	r3, #0
 257 0006 5FD0     		beq	.L16
 258 0008 0446     		mov	r4, r0
 259              		.loc 1 50 31 discriminator 2 view .LVU64
 260 000a 0368     		ldr	r3, [r0]
 261              		.loc 1 50 28 discriminator 2 view .LVU65
 262 000c 002B     		cmp	r3, #0
 263 000e 5DD0     		beq	.L17
  51:Src/transport/ch585_role_bootstrap.cpp ****     const uint32_t now = HAL_GetTick();
 264              		.loc 1 51 5 is_stmt 1 view .LVU66
 265              		.loc 1 51 37 is_stmt 0 view .LVU67
 266 0010 FFF7FEFF 		bl	HAL_GetTick
 267              	.LVL15:
 268              		.loc 1 51 37 view .LVU68
 269 0014 0546     		mov	r5, r0
 270              	.LVL16:
  52:Src/transport/ch585_role_bootstrap.cpp ****     if (bootstrapState == Ch585BootstrapState::Off) {
 271              		.loc 1 52 5 is_stmt 1 view .LVU69
 272              		.loc 1 52 9 is_stmt 0 view .LVU70
 273 0016 A37B     		ldrb	r3, [r4, #14]	@ zero_extendqisi2
 274              		.loc 1 52 5 view .LVU71
 275 0018 93B9     		cbnz	r3, .L12
  53:Src/transport/ch585_role_bootstrap.cpp ****         if (now - sleepResumeSince < CH585_POWER_OFF_MIN_MS) return Ch585ResumeResult::Pending;
 276              		.loc 1 53 9 is_stmt 1 view .LVU72
 277              		.loc 1 53 19 is_stmt 0 view .LVU73
 278 001a 6368     		ldr	r3, [r4, #4]
 279              		.loc 1 53 17 view .LVU74
 280 001c C31A     		subs	r3, r0, r3
 281              		.loc 1 53 9 view .LVU75
 282 001e 132B     		cmp	r3, #19
 283 0020 01D8     		bhi	.L24
 284              		.loc 1 53 88 discriminator 1 view .LVU76
 285 0022 0020     		movs	r0, #0
 286              	.LVL17:
 287              		.loc 1 53 88 discriminator 1 view .LVU77
 288 0024 51E0     		b	.L10
 289              	.LVL18:
 290              	.L24:
  54:Src/transport/ch585_role_bootstrap.cpp ****         BOARD_POWER.setCh585Enabled(true);
 291              		.loc 1 54 9 is_stmt 1 view .LVU78
 292              	.LBB37:
 293              	.LBI37:
  35:Inc/power/board_power.hpp ****     {
 294              		.loc 2 35 24 view .LVU79
  37:Inc/power/board_power.hpp ****         return instance;
 295              		.loc 2 37 9 view .LVU80
ARM GAS  C:\Users\nicx5\AppData\Local\Temp\ccSVZDJE.s 			page 8


 296              		.loc 2 38 9 view .LVU81
 297              	.LBE37:
 298              		.loc 1 54 36 is_stmt 0 discriminator 1 view .LVU82
 299 0026 0121     		movs	r1, #1
 300 0028 2A48     		ldr	r0, .L31
 301              	.LVL19:
 302              		.loc 1 54 36 discriminator 1 view .LVU83
 303 002a FFF7FEFF 		bl	_ZN10BoardPower15setCh585EnabledEb
 304              	.LVL20:
  55:Src/transport/ch585_role_bootstrap.cpp ****         SleepDiagnostics_Record(SleepStage::RadioPowerOn);
 305              		.loc 1 55 9 is_stmt 1 view .LVU84
 306              		.loc 1 55 32 is_stmt 0 view .LVU85
 307 002e 0021     		movs	r1, #0
 308 0030 0820     		movs	r0, #8
 309 0032 FFF7FEFF 		bl	_Z23SleepDiagnostics_Record10SleepStagem
 310              	.LVL21:
  56:Src/transport/ch585_role_bootstrap.cpp ****         bootstrapState = Ch585BootstrapState::Booting;
 311              		.loc 1 56 9 is_stmt 1 view .LVU86
 312              		.loc 1 56 24 is_stmt 0 view .LVU87
 313 0036 0123     		movs	r3, #1
 314 0038 A373     		strb	r3, [r4, #14]
  57:Src/transport/ch585_role_bootstrap.cpp ****         sleepResumeSince = now;
 315              		.loc 1 57 9 is_stmt 1 view .LVU88
 316              		.loc 1 57 26 is_stmt 0 view .LVU89
 317 003a 6560     		str	r5, [r4, #4]
  58:Src/transport/ch585_role_bootstrap.cpp ****         return Ch585ResumeResult::Pending;
 318              		.loc 1 58 9 is_stmt 1 view .LVU90
 319              		.loc 1 58 35 is_stmt 0 view .LVU91
 320 003c 0020     		movs	r0, #0
 321 003e 44E0     		b	.L10
 322              	.LVL22:
 323              	.L12:
  59:Src/transport/ch585_role_bootstrap.cpp ****     }
  60:Src/transport/ch585_role_bootstrap.cpp ****     if (bootstrapState == Ch585BootstrapState::Booting) {
 324              		.loc 1 60 5 is_stmt 1 view .LVU92
 325 0040 012B     		cmp	r3, #1
 326 0042 04D0     		beq	.L25
 327              	.LVL23:
 328              	.L13:
  61:Src/transport/ch585_role_bootstrap.cpp ****         // Keep the bus idle for the complete existing handoff budget. Unlike
  62:Src/transport/ch585_role_bootstrap.cpp ****         // start(), this path does not block UI rendering while CH585 boots.
  63:Src/transport/ch585_role_bootstrap.cpp ****         if (now - sleepResumeSince < CH585_POWER_ON_SETTLE_MS + CH585_READY_HINT_TIMEOUT_MS) return
  64:Src/transport/ch585_role_bootstrap.cpp ****         bootstrapState = Ch585BootstrapState::Selecting;
  65:Src/transport/ch585_role_bootstrap.cpp ****         SleepDiagnostics_Record(SleepStage::RadioSelectRole);
  66:Src/transport/ch585_role_bootstrap.cpp ****         sleepResumeSince = now;
  67:Src/transport/ch585_role_bootstrap.cpp ****         sleepSelectLast = now - CH585_ROLE_SELECT_RETRY_MS;
  68:Src/transport/ch585_role_bootstrap.cpp ****     }
  69:Src/transport/ch585_role_bootstrap.cpp ****     if (bootstrapState == Ch585BootstrapState::Selecting) {
 329              		.loc 1 69 5 view .LVU93
 330              		.loc 1 69 9 is_stmt 0 view .LVU94
 331 0044 A37B     		ldrb	r3, [r4, #14]	@ zero_extendqisi2
 332              		.loc 1 69 5 view .LVU95
 333 0046 022B     		cmp	r3, #2
 334 0048 12D0     		beq	.L26
  70:Src/transport/ch585_role_bootstrap.cpp ****         if (now - sleepResumeSince >= CH585_ROLE_SELECT_TIMEOUT_MS) {
  71:Src/transport/ch585_role_bootstrap.cpp ****             bootstrapState = Ch585BootstrapState::Failed;
  72:Src/transport/ch585_role_bootstrap.cpp ****             return Ch585ResumeResult::Failed;
ARM GAS  C:\Users\nicx5\AppData\Local\Temp\ccSVZDJE.s 			page 9


  73:Src/transport/ch585_role_bootstrap.cpp ****         }
  74:Src/transport/ch585_role_bootstrap.cpp ****         if (now - sleepSelectLast < CH585_ROLE_SELECT_RETRY_MS) return Ch585ResumeResult::Pending;
  75:Src/transport/ch585_role_bootstrap.cpp ****         if (selector(Ch585Role::Rf)) {
  76:Src/transport/ch585_role_bootstrap.cpp ****             activeRole = Ch585Role::Rf;
  77:Src/transport/ch585_role_bootstrap.cpp ****             bootstrapState = Ch585BootstrapState::Locked;
  78:Src/transport/ch585_role_bootstrap.cpp ****             sleepResumeActive = false;
  79:Src/transport/ch585_role_bootstrap.cpp ****             SleepDiagnostics_Record(SleepStage::RadioRoleReady);
  80:Src/transport/ch585_role_bootstrap.cpp ****             return Ch585ResumeResult::Ready;
  81:Src/transport/ch585_role_bootstrap.cpp ****         }
  82:Src/transport/ch585_role_bootstrap.cpp ****         // Space attempts from the end of the bounded transaction, not its
  83:Src/transport/ch585_role_bootstrap.cpp ****         // start (a 20-ms timeout must still be followed by a 5-ms quiet gap).
  84:Src/transport/ch585_role_bootstrap.cpp ****         sleepSelectLast = HAL_GetTick();
  85:Src/transport/ch585_role_bootstrap.cpp ****         if (HAL_GetTick() - sleepResumeSince >= CH585_ROLE_SELECT_TIMEOUT_MS) {
  86:Src/transport/ch585_role_bootstrap.cpp ****             bootstrapState = Ch585BootstrapState::Failed;
  87:Src/transport/ch585_role_bootstrap.cpp ****             return Ch585ResumeResult::Failed;
  88:Src/transport/ch585_role_bootstrap.cpp ****         }
  89:Src/transport/ch585_role_bootstrap.cpp ****         return Ch585ResumeResult::Pending;
  90:Src/transport/ch585_role_bootstrap.cpp ****     }
  91:Src/transport/ch585_role_bootstrap.cpp ****     return Ch585ResumeResult::Failed;
 335              		.loc 1 91 31 view .LVU96
 336 004a 0220     		movs	r0, #2
 337 004c 3DE0     		b	.L10
 338              	.LVL24:
 339              	.L25:
  63:Src/transport/ch585_role_bootstrap.cpp ****         bootstrapState = Ch585BootstrapState::Selecting;
 340              		.loc 1 63 9 is_stmt 1 view .LVU97
  63:Src/transport/ch585_role_bootstrap.cpp ****         bootstrapState = Ch585BootstrapState::Selecting;
 341              		.loc 1 63 19 is_stmt 0 view .LVU98
 342 004e 6368     		ldr	r3, [r4, #4]
  63:Src/transport/ch585_role_bootstrap.cpp ****         bootstrapState = Ch585BootstrapState::Selecting;
 343              		.loc 1 63 17 view .LVU99
 344 0050 C31A     		subs	r3, r0, r3
  63:Src/transport/ch585_role_bootstrap.cpp ****         bootstrapState = Ch585BootstrapState::Selecting;
 345              		.loc 1 63 9 view .LVU100
 346 0052 B3F5347F 		cmp	r3, #720
 347 0056 01D2     		bcs	.L27
  63:Src/transport/ch585_role_bootstrap.cpp ****         bootstrapState = Ch585BootstrapState::Selecting;
 348              		.loc 1 63 120 discriminator 1 view .LVU101
 349 0058 0020     		movs	r0, #0
 350              	.LVL25:
  63:Src/transport/ch585_role_bootstrap.cpp ****         bootstrapState = Ch585BootstrapState::Selecting;
 351              		.loc 1 63 120 discriminator 1 view .LVU102
 352 005a 36E0     		b	.L10
 353              	.LVL26:
 354              	.L27:
  64:Src/transport/ch585_role_bootstrap.cpp ****         SleepDiagnostics_Record(SleepStage::RadioSelectRole);
 355              		.loc 1 64 9 is_stmt 1 view .LVU103
  64:Src/transport/ch585_role_bootstrap.cpp ****         SleepDiagnostics_Record(SleepStage::RadioSelectRole);
 356              		.loc 1 64 24 is_stmt 0 view .LVU104
 357 005c 0223     		movs	r3, #2
 358 005e A373     		strb	r3, [r4, #14]
  65:Src/transport/ch585_role_bootstrap.cpp ****         sleepResumeSince = now;
 359              		.loc 1 65 9 is_stmt 1 view .LVU105
  65:Src/transport/ch585_role_bootstrap.cpp ****         sleepResumeSince = now;
 360              		.loc 1 65 32 is_stmt 0 view .LVU106
 361 0060 0021     		movs	r1, #0
 362 0062 0920     		movs	r0, #9
ARM GAS  C:\Users\nicx5\AppData\Local\Temp\ccSVZDJE.s 			page 10


 363              	.LVL27:
  65:Src/transport/ch585_role_bootstrap.cpp ****         sleepResumeSince = now;
 364              		.loc 1 65 32 view .LVU107
 365 0064 FFF7FEFF 		bl	_Z23SleepDiagnostics_Record10SleepStagem
 366              	.LVL28:
  66:Src/transport/ch585_role_bootstrap.cpp ****         sleepSelectLast = now - CH585_ROLE_SELECT_RETRY_MS;
 367              		.loc 1 66 9 is_stmt 1 view .LVU108
  66:Src/transport/ch585_role_bootstrap.cpp ****         sleepSelectLast = now - CH585_ROLE_SELECT_RETRY_MS;
 368              		.loc 1 66 26 is_stmt 0 view .LVU109
 369 0068 6560     		str	r5, [r4, #4]
  67:Src/transport/ch585_role_bootstrap.cpp ****     }
 370              		.loc 1 67 9 is_stmt 1 view .LVU110
  67:Src/transport/ch585_role_bootstrap.cpp ****     }
 371              		.loc 1 67 31 is_stmt 0 view .LVU111
 372 006a 6B1F     		subs	r3, r5, #5
  67:Src/transport/ch585_role_bootstrap.cpp ****     }
 373              		.loc 1 67 25 view .LVU112
 374 006c A360     		str	r3, [r4, #8]
 375 006e E9E7     		b	.L13
 376              	.L26:
  70:Src/transport/ch585_role_bootstrap.cpp ****             bootstrapState = Ch585BootstrapState::Failed;
 377              		.loc 1 70 9 is_stmt 1 view .LVU113
  70:Src/transport/ch585_role_bootstrap.cpp ****             bootstrapState = Ch585BootstrapState::Failed;
 378              		.loc 1 70 19 is_stmt 0 view .LVU114
 379 0070 6368     		ldr	r3, [r4, #4]
  70:Src/transport/ch585_role_bootstrap.cpp ****             bootstrapState = Ch585BootstrapState::Failed;
 380              		.loc 1 70 17 view .LVU115
 381 0072 EB1A     		subs	r3, r5, r3
  70:Src/transport/ch585_role_bootstrap.cpp ****             bootstrapState = Ch585BootstrapState::Failed;
 382              		.loc 1 70 9 view .LVU116
 383 0074 B3F5966F 		cmp	r3, #1200
 384 0078 13D2     		bcs	.L28
  74:Src/transport/ch585_role_bootstrap.cpp ****         if (selector(Ch585Role::Rf)) {
 385              		.loc 1 74 9 is_stmt 1 view .LVU117
  74:Src/transport/ch585_role_bootstrap.cpp ****         if (selector(Ch585Role::Rf)) {
 386              		.loc 1 74 19 is_stmt 0 view .LVU118
 387 007a A368     		ldr	r3, [r4, #8]
  74:Src/transport/ch585_role_bootstrap.cpp ****         if (selector(Ch585Role::Rf)) {
 388              		.loc 1 74 17 view .LVU119
 389 007c ED1A     		subs	r5, r5, r3
 390              	.LVL29:
  74:Src/transport/ch585_role_bootstrap.cpp ****         if (selector(Ch585Role::Rf)) {
 391              		.loc 1 74 9 view .LVU120
 392 007e 042D     		cmp	r5, #4
 393 0080 26D9     		bls	.L21
  75:Src/transport/ch585_role_bootstrap.cpp ****             activeRole = Ch585Role::Rf;
 394              		.loc 1 75 9 is_stmt 1 view .LVU121
  75:Src/transport/ch585_role_bootstrap.cpp ****             activeRole = Ch585Role::Rf;
 395              		.loc 1 75 13 is_stmt 0 view .LVU122
 396 0082 2368     		ldr	r3, [r4]
  75:Src/transport/ch585_role_bootstrap.cpp ****             activeRole = Ch585Role::Rf;
 397              		.loc 1 75 21 view .LVU123
 398 0084 0120     		movs	r0, #1
 399 0086 9847     		blx	r3
 400              	.LVL30:
  75:Src/transport/ch585_role_bootstrap.cpp ****             activeRole = Ch585Role::Rf;
 401              		.loc 1 75 9 discriminator 1 view .LVU124
ARM GAS  C:\Users\nicx5\AppData\Local\Temp\ccSVZDJE.s 			page 11


 402 0088 78B9     		cbnz	r0, .L29
  84:Src/transport/ch585_role_bootstrap.cpp ****         if (HAL_GetTick() - sleepResumeSince >= CH585_ROLE_SELECT_TIMEOUT_MS) {
 403              		.loc 1 84 9 is_stmt 1 view .LVU125
  84:Src/transport/ch585_role_bootstrap.cpp ****         if (HAL_GetTick() - sleepResumeSince >= CH585_ROLE_SELECT_TIMEOUT_MS) {
 404              		.loc 1 84 38 is_stmt 0 view .LVU126
 405 008a FFF7FEFF 		bl	HAL_GetTick
 406              	.LVL31:
  84:Src/transport/ch585_role_bootstrap.cpp ****         if (HAL_GetTick() - sleepResumeSince >= CH585_ROLE_SELECT_TIMEOUT_MS) {
 407              		.loc 1 84 25 discriminator 1 view .LVU127
 408 008e A060     		str	r0, [r4, #8]
  85:Src/transport/ch585_role_bootstrap.cpp ****             bootstrapState = Ch585BootstrapState::Failed;
 409              		.loc 1 85 9 is_stmt 1 view .LVU128
  85:Src/transport/ch585_role_bootstrap.cpp ****             bootstrapState = Ch585BootstrapState::Failed;
 410              		.loc 1 85 24 is_stmt 0 view .LVU129
 411 0090 FFF7FEFF 		bl	HAL_GetTick
 412              	.LVL32:
  85:Src/transport/ch585_role_bootstrap.cpp ****             bootstrapState = Ch585BootstrapState::Failed;
 413              		.loc 1 85 29 discriminator 1 view .LVU130
 414 0094 6368     		ldr	r3, [r4, #4]
  85:Src/transport/ch585_role_bootstrap.cpp ****             bootstrapState = Ch585BootstrapState::Failed;
 415              		.loc 1 85 27 discriminator 1 view .LVU131
 416 0096 C01A     		subs	r0, r0, r3
  85:Src/transport/ch585_role_bootstrap.cpp ****             bootstrapState = Ch585BootstrapState::Failed;
 417              		.loc 1 85 9 discriminator 1 view .LVU132
 418 0098 B0F5966F 		cmp	r0, #1200
 419 009c 10D2     		bcs	.L30
  89:Src/transport/ch585_role_bootstrap.cpp ****     }
 420              		.loc 1 89 35 view .LVU133
 421 009e 0020     		movs	r0, #0
 422 00a0 13E0     		b	.L10
 423              	.LVL33:
 424              	.L28:
  71:Src/transport/ch585_role_bootstrap.cpp ****             return Ch585ResumeResult::Failed;
 425              		.loc 1 71 13 is_stmt 1 view .LVU134
  71:Src/transport/ch585_role_bootstrap.cpp ****             return Ch585ResumeResult::Failed;
 426              		.loc 1 71 28 is_stmt 0 view .LVU135
 427 00a2 0423     		movs	r3, #4
 428 00a4 A373     		strb	r3, [r4, #14]
  72:Src/transport/ch585_role_bootstrap.cpp ****         }
 429              		.loc 1 72 13 is_stmt 1 view .LVU136
  72:Src/transport/ch585_role_bootstrap.cpp ****         }
 430              		.loc 1 72 39 is_stmt 0 view .LVU137
 431 00a6 0220     		movs	r0, #2
 432 00a8 0FE0     		b	.L10
 433              	.LVL34:
 434              	.L29:
  76:Src/transport/ch585_role_bootstrap.cpp ****             bootstrapState = Ch585BootstrapState::Locked;
 435              		.loc 1 76 13 is_stmt 1 view .LVU138
  76:Src/transport/ch585_role_bootstrap.cpp ****             bootstrapState = Ch585BootstrapState::Locked;
 436              		.loc 1 76 24 is_stmt 0 view .LVU139
 437 00aa 0125     		movs	r5, #1
 438 00ac 6573     		strb	r5, [r4, #13]
  77:Src/transport/ch585_role_bootstrap.cpp ****             sleepResumeActive = false;
 439              		.loc 1 77 13 is_stmt 1 view .LVU140
  77:Src/transport/ch585_role_bootstrap.cpp ****             sleepResumeActive = false;
 440              		.loc 1 77 28 is_stmt 0 view .LVU141
 441 00ae 0323     		movs	r3, #3
ARM GAS  C:\Users\nicx5\AppData\Local\Temp\ccSVZDJE.s 			page 12


 442 00b0 A373     		strb	r3, [r4, #14]
  78:Src/transport/ch585_role_bootstrap.cpp ****             SleepDiagnostics_Record(SleepStage::RadioRoleReady);
 443              		.loc 1 78 13 is_stmt 1 view .LVU142
  78:Src/transport/ch585_role_bootstrap.cpp ****             SleepDiagnostics_Record(SleepStage::RadioRoleReady);
 444              		.loc 1 78 31 is_stmt 0 view .LVU143
 445 00b2 0021     		movs	r1, #0
 446 00b4 2173     		strb	r1, [r4, #12]
  79:Src/transport/ch585_role_bootstrap.cpp ****             return Ch585ResumeResult::Ready;
 447              		.loc 1 79 13 is_stmt 1 view .LVU144
  79:Src/transport/ch585_role_bootstrap.cpp ****             return Ch585ResumeResult::Ready;
 448              		.loc 1 79 36 is_stmt 0 view .LVU145
 449 00b6 0A20     		movs	r0, #10
 450 00b8 FFF7FEFF 		bl	_Z23SleepDiagnostics_Record10SleepStagem
 451              	.LVL35:
  80:Src/transport/ch585_role_bootstrap.cpp ****         }
 452              		.loc 1 80 13 is_stmt 1 view .LVU146
  80:Src/transport/ch585_role_bootstrap.cpp ****         }
 453              		.loc 1 80 39 is_stmt 0 view .LVU147
 454 00bc 2846     		mov	r0, r5
 455 00be 04E0     		b	.L10
 456              	.L30:
  86:Src/transport/ch585_role_bootstrap.cpp ****             return Ch585ResumeResult::Failed;
 457              		.loc 1 86 13 is_stmt 1 view .LVU148
  86:Src/transport/ch585_role_bootstrap.cpp ****             return Ch585ResumeResult::Failed;
 458              		.loc 1 86 28 is_stmt 0 view .LVU149
 459 00c0 0423     		movs	r3, #4
 460 00c2 A373     		strb	r3, [r4, #14]
  87:Src/transport/ch585_role_bootstrap.cpp ****         }
 461              		.loc 1 87 13 is_stmt 1 view .LVU150
  87:Src/transport/ch585_role_bootstrap.cpp ****         }
 462              		.loc 1 87 39 is_stmt 0 view .LVU151
 463 00c4 0220     		movs	r0, #2
 464 00c6 00E0     		b	.L10
 465              	.LVL36:
 466              	.L16:
  50:Src/transport/ch585_role_bootstrap.cpp ****     const uint32_t now = HAL_GetTick();
 467              		.loc 1 50 78 discriminator 3 view .LVU152
 468 00c8 0220     		movs	r0, #2
 469              	.LVL37:
 470              	.L10:
  92:Src/transport/ch585_role_bootstrap.cpp **** }
 471              		.loc 1 92 1 view .LVU153
 472 00ca 38BD     		pop	{r3, r4, r5, pc}
 473              	.LVL38:
 474              	.L17:
  50:Src/transport/ch585_role_bootstrap.cpp ****     const uint32_t now = HAL_GetTick();
 475              		.loc 1 50 78 discriminator 3 view .LVU154
 476 00cc 0220     		movs	r0, #2
 477              	.LVL39:
  50:Src/transport/ch585_role_bootstrap.cpp ****     const uint32_t now = HAL_GetTick();
 478              		.loc 1 50 78 discriminator 3 view .LVU155
 479 00ce FCE7     		b	.L10
 480              	.LVL40:
 481              	.L21:
  74:Src/transport/ch585_role_bootstrap.cpp ****         if (selector(Ch585Role::Rf)) {
 482              		.loc 1 74 91 discriminator 1 view .LVU156
 483 00d0 0020     		movs	r0, #0
ARM GAS  C:\Users\nicx5\AppData\Local\Temp\ccSVZDJE.s 			page 13


 484 00d2 FAE7     		b	.L10
 485              	.L32:
 486              		.align	2
 487              	.L31:
 488 00d4 00000000 		.word	_ZZN10BoardPower11getInstanceEvE8instance
 489              		.cfi_endproc
 490              	.LFE1306:
 492              		.section	.text._ZN18Ch585RoleBootstrap17prepareUsbStartupEv,"ax",%progbits
 493              		.align	1
 494              		.global	_ZN18Ch585RoleBootstrap17prepareUsbStartupEv
 495              		.syntax unified
 496              		.thumb
 497              		.thumb_func
 499              	_ZN18Ch585RoleBootstrap17prepareUsbStartupEv:
 500              	.LVL41:
 501              	.LFB1307:
  93:Src/transport/ch585_role_bootstrap.cpp **** 
  94:Src/transport/ch585_role_bootstrap.cpp **** bool Ch585RoleBootstrap::prepareUsbStartup()
  95:Src/transport/ch585_role_bootstrap.cpp **** {
 502              		.loc 1 95 1 is_stmt 1 view -0
 503              		.cfi_startproc
 504              		@ args = 0, pretend = 0, frame = 0
 505              		@ frame_needed = 0, uses_anonymous_args = 0
 506              		.loc 1 95 1 is_stmt 0 view .LVU158
 507 0000 70B5     		push	{r4, r5, r6, lr}
 508              	.LCFI6:
 509              		.cfi_def_cfa_offset 16
 510              		.cfi_offset 4, -16
 511              		.cfi_offset 5, -12
 512              		.cfi_offset 6, -8
 513              		.cfi_offset 14, -4
  96:Src/transport/ch585_role_bootstrap.cpp ****     // Only the initial Off state may be prepared. Never disturb an active role.
  97:Src/transport/ch585_role_bootstrap.cpp ****     if (usbStartupPrepared) return true;
 514              		.loc 1 97 5 is_stmt 1 view .LVU159
 515              		.loc 1 97 9 is_stmt 0 view .LVU160
 516 0002 C57B     		ldrb	r5, [r0, #15]	@ zero_extendqisi2
 517              		.loc 1 97 5 view .LVU161
 518 0004 EDB9     		cbnz	r5, .L34
 519 0006 0446     		mov	r4, r0
  98:Src/transport/ch585_role_bootstrap.cpp ****     if (bootstrapState != Ch585BootstrapState::Off ||
 520              		.loc 1 98 5 is_stmt 1 view .LVU162
 521              		.loc 1 98 9 is_stmt 0 view .LVU163
 522 0008 837B     		ldrb	r3, [r0, #14]	@ zero_extendqisi2
  99:Src/transport/ch585_role_bootstrap.cpp ****         !BOARD_POWER.isInitialized() || BOARD_POWER.isCh585Enabled()) return false;
 523              		.loc 1 99 38 view .LVU164
 524 000a D3B9     		cbnz	r3, .L34
 525              	.LVL42:
 526              	.LBB38:
 527              	.LBI38:
  39:Inc/power/board_power.hpp ****     }
  40:Inc/power/board_power.hpp **** 
  41:Inc/power/board_power.hpp ****     void setup();
  42:Inc/power/board_power.hpp ****     void assertMainPowerHold();
  43:Inc/power/board_power.hpp ****     void enterSafeState();
  44:Inc/power/board_power.hpp ****     void enterRecoveryUiState();
  45:Inc/power/board_power.hpp ****     void prepareForStandby();
  46:Inc/power/board_power.hpp ****     void releaseSafeState();
ARM GAS  C:\Users\nicx5\AppData\Local\Temp\ccSVZDJE.s 			page 14


  47:Inc/power/board_power.hpp **** 
  48:Inc/power/board_power.hpp ****     void setChargeEnabled(bool enabled);
  49:Inc/power/board_power.hpp ****     void setHallEnabled(bool enabled);
  50:Inc/power/board_power.hpp ****     void setKeyLedEnabled(bool enabled);
  51:Inc/power/board_power.hpp ****     void setAmbientLedEnabled(bool enabled);
  52:Inc/power/board_power.hpp ****     void setLcdEnabled(bool enabled);
  53:Inc/power/board_power.hpp ****     void setCh585Enabled(bool enabled);
  54:Inc/power/board_power.hpp ****     bool setUsbHostEnabled(bool enabled);
  55:Inc/power/board_power.hpp **** 
  56:Inc/power/board_power.hpp ****     bool isInitialized() const { return initialized; }
 528              		.loc 2 56 10 is_stmt 1 view .LVU165
 529              	.LBB39:
 530              		.loc 2 56 34 view .LVU166
 531              		.loc 2 56 41 is_stmt 0 view .LVU167
 532 000c 0E4B     		ldr	r3, .L37
 533 000e 1B78     		ldrb	r3, [r3]	@ zero_extendqisi2
 534              	.LVL43:
 535              		.loc 2 56 41 view .LVU168
 536              	.LBE39:
 537              	.LBE38:
  98:Src/transport/ch585_role_bootstrap.cpp ****         !BOARD_POWER.isInitialized() || BOARD_POWER.isCh585Enabled()) return false;
 538              		.loc 1 98 52 view .LVU169
 539 0010 B3B1     		cbz	r3, .L35
 540              	.LVL44:
 541              	.LBB40:
 542              	.LBI40:
  57:Inc/power/board_power.hpp ****     bool isChargeEnabled() const { return chargeEnabled; }
  58:Inc/power/board_power.hpp ****     bool isHallEnabled() const { return hallEnabled; }
  59:Inc/power/board_power.hpp ****     bool isKeyLedEnabled() const { return keyLedEnabled; }
  60:Inc/power/board_power.hpp ****     bool isAmbientLedEnabled() const { return ambientLedEnabled; }
  61:Inc/power/board_power.hpp ****     bool isLcdEnabled() const { return lcdEnabled; }
  62:Inc/power/board_power.hpp ****     bool isCh585Enabled() const { return ch585Enabled; }
 543              		.loc 2 62 10 is_stmt 1 view .LVU170
 544              	.LBB41:
 545              		.loc 2 62 35 view .LVU171
 546              		.loc 2 62 42 is_stmt 0 view .LVU172
 547 0012 0D4B     		ldr	r3, .L37
 548 0014 DB79     		ldrb	r3, [r3, #7]	@ zero_extendqisi2
 549              	.LVL45:
 550              		.loc 2 62 42 view .LVU173
 551              	.LBE41:
 552              	.LBE40:
 553              		.loc 1 99 38 discriminator 2 view .LVU174
 554 0016 A3B9     		cbnz	r3, .L34
 100:Src/transport/ch585_role_bootstrap.cpp **** 
 101:Src/transport/ch585_role_bootstrap.cpp ****     shutdown();
 555              		.loc 1 101 5 is_stmt 1 view .LVU175
 556              		.loc 1 101 13 is_stmt 0 view .LVU176
 557 0018 FFF7FEFF 		bl	_ZN18Ch585RoleBootstrap8shutdownEv
 558              	.LVL46:
 102:Src/transport/ch585_role_bootstrap.cpp ****     HAL_Delay(CH585_POWER_OFF_MIN_MS);
 559              		.loc 1 102 5 is_stmt 1 view .LVU177
 560              		.loc 1 102 14 is_stmt 0 view .LVU178
 561 001c 1420     		movs	r0, #20
 562 001e FFF7FEFF 		bl	HAL_Delay
 563              	.LVL47:
 103:Src/transport/ch585_role_bootstrap.cpp ****     // Set NSS inactive while CH585 is still off. No SELECT_ROLE/CAPS traffic.
ARM GAS  C:\Users\nicx5\AppData\Local\Temp\ccSVZDJE.s 			page 15


 104:Src/transport/ch585_role_bootstrap.cpp ****     if (!USBBoardLinkPort_Init()) return false;
 564              		.loc 1 104 5 is_stmt 1 view .LVU179
 565              		.loc 1 104 31 is_stmt 0 view .LVU180
 566 0022 FFF7FEFF 		bl	_Z21USBBoardLinkPort_Initv
 567              	.LVL48:
 568              		.loc 1 104 5 discriminator 1 view .LVU181
 569 0026 0546     		mov	r5, r0
 570 0028 58B1     		cbz	r0, .L34
 105:Src/transport/ch585_role_bootstrap.cpp ****     bootstrapState = Ch585BootstrapState::Booting;
 571              		.loc 1 105 5 is_stmt 1 view .LVU182
 572              		.loc 1 105 20 is_stmt 0 view .LVU183
 573 002a 0126     		movs	r6, #1
 574 002c A673     		strb	r6, [r4, #14]
 106:Src/transport/ch585_role_bootstrap.cpp ****     BOARD_POWER.setCh585Enabled(true);
 575              		.loc 1 106 5 is_stmt 1 view .LVU184
 576              	.LBB42:
 577              	.LBI42:
  35:Inc/power/board_power.hpp ****     {
 578              		.loc 2 35 24 view .LVU185
  37:Inc/power/board_power.hpp ****         return instance;
 579              		.loc 2 37 9 view .LVU186
  38:Inc/power/board_power.hpp ****     }
 580              		.loc 2 38 9 view .LVU187
 581              	.LBE42:
 582              		.loc 1 106 32 is_stmt 0 discriminator 1 view .LVU188
 583 002e 3146     		mov	r1, r6
 584 0030 0548     		ldr	r0, .L37
 585 0032 FFF7FEFF 		bl	_ZN10BoardPower15setCh585EnabledEb
 586              	.LVL49:
 107:Src/transport/ch585_role_bootstrap.cpp ****     usbPowerOnAtMs = HAL_GetTick();
 587              		.loc 1 107 5 is_stmt 1 view .LVU189
 588              		.loc 1 107 33 is_stmt 0 view .LVU190
 589 0036 FFF7FEFF 		bl	HAL_GetTick
 590              	.LVL50:
 591              		.loc 1 107 20 discriminator 1 view .LVU191
 592 003a 2061     		str	r0, [r4, #16]
 108:Src/transport/ch585_role_bootstrap.cpp ****     usbStartupPrepared = true;
 593              		.loc 1 108 5 is_stmt 1 view .LVU192
 594              		.loc 1 108 24 is_stmt 0 view .LVU193
 595 003c E673     		strb	r6, [r4, #15]
 109:Src/transport/ch585_role_bootstrap.cpp ****     return true;
 596              		.loc 1 109 5 is_stmt 1 view .LVU194
 597              		.loc 1 109 12 is_stmt 0 view .LVU195
 598 003e 00E0     		b	.L34
 599              	.LVL51:
 600              	.L35:
  99:Src/transport/ch585_role_bootstrap.cpp **** 
 601              		.loc 1 99 78 view .LVU196
 602 0040 1D46     		mov	r5, r3
 603              	.LVL52:
 604              	.L34:
 110:Src/transport/ch585_role_bootstrap.cpp **** }
 605              		.loc 1 110 1 view .LVU197
 606 0042 2846     		mov	r0, r5
 607 0044 70BD     		pop	{r4, r5, r6, pc}
 608              	.L38:
 609 0046 00BF     		.align	2
ARM GAS  C:\Users\nicx5\AppData\Local\Temp\ccSVZDJE.s 			page 16


 610              	.L37:
 611 0048 00000000 		.word	_ZZN10BoardPower11getInstanceEvE8instance
 612              		.cfi_endproc
 613              	.LFE1307:
 615              		.section	.text._ZN18Ch585RoleBootstrap10selectOnceE9Ch585Role,"ax",%progbits
 616              		.align	1
 617              		.global	_ZN18Ch585RoleBootstrap10selectOnceE9Ch585Role
 618              		.syntax unified
 619              		.thumb
 620              		.thumb_func
 622              	_ZN18Ch585RoleBootstrap10selectOnceE9Ch585Role:
 623              	.LVL53:
 624              	.LFB1308:
 111:Src/transport/ch585_role_bootstrap.cpp **** 
 112:Src/transport/ch585_role_bootstrap.cpp **** bool Ch585RoleBootstrap::selectOnce(Ch585Role requestedRole)
 113:Src/transport/ch585_role_bootstrap.cpp **** {
 625              		.loc 1 113 1 is_stmt 1 view -0
 626              		.cfi_startproc
 627              		@ args = 0, pretend = 0, frame = 0
 628              		@ frame_needed = 0, uses_anonymous_args = 0
 629              		.loc 1 113 1 is_stmt 0 view .LVU199
 630 0000 F8B5     		push	{r3, r4, r5, r6, r7, lr}
 631              	.LCFI7:
 632              		.cfi_def_cfa_offset 24
 633              		.cfi_offset 3, -24
 634              		.cfi_offset 4, -20
 635              		.cfi_offset 5, -16
 636              		.cfi_offset 6, -12
 637              		.cfi_offset 7, -8
 638              		.cfi_offset 14, -4
 639 0002 0446     		mov	r4, r0
 640 0004 0D46     		mov	r5, r1
 114:Src/transport/ch585_role_bootstrap.cpp ****     const uint32_t startMs = HAL_GetTick();
 641              		.loc 1 114 5 is_stmt 1 view .LVU200
 642              		.loc 1 114 41 is_stmt 0 view .LVU201
 643 0006 FFF7FEFF 		bl	HAL_GetTick
 644              	.LVL54:
 645              		.loc 1 114 41 view .LVU202
 646 000a 0646     		mov	r6, r0
 647              	.LVL55:
 115:Src/transport/ch585_role_bootstrap.cpp ****     bootstrapState = Ch585BootstrapState::Selecting;
 648              		.loc 1 115 5 is_stmt 1 view .LVU203
 649              		.loc 1 115 20 is_stmt 0 view .LVU204
 650 000c 0223     		movs	r3, #2
 651 000e A373     		strb	r3, [r4, #14]
 652              	.LVL56:
 653              	.L42:
 116:Src/transport/ch585_role_bootstrap.cpp **** 
 117:Src/transport/ch585_role_bootstrap.cpp ****     do {
 654              		.loc 1 117 5 is_stmt 1 view .LVU205
 118:Src/transport/ch585_role_bootstrap.cpp ****         if (selector(requestedRole)) {
 655              		.loc 1 118 9 view .LVU206
 656              		.loc 1 118 13 is_stmt 0 view .LVU207
 657 0010 2368     		ldr	r3, [r4]
 658              		.loc 1 118 21 view .LVU208
 659 0012 2846     		mov	r0, r5
 660 0014 9847     		blx	r3
ARM GAS  C:\Users\nicx5\AppData\Local\Temp\ccSVZDJE.s 			page 17


 661              	.LVL57:
 662              		.loc 1 118 9 discriminator 1 view .LVU209
 663 0016 0746     		mov	r7, r0
 664 0018 48B9     		cbnz	r0, .L44
 119:Src/transport/ch585_role_bootstrap.cpp ****             activeRole = requestedRole;
 120:Src/transport/ch585_role_bootstrap.cpp ****             bootstrapState = Ch585BootstrapState::Locked;
 121:Src/transport/ch585_role_bootstrap.cpp ****             return true;
 122:Src/transport/ch585_role_bootstrap.cpp ****         }
 123:Src/transport/ch585_role_bootstrap.cpp ****         HAL_Delay(CH585_ROLE_SELECT_RETRY_MS);
 665              		.loc 1 123 9 is_stmt 1 view .LVU210
 666              		.loc 1 123 18 is_stmt 0 view .LVU211
 667 001a 0520     		movs	r0, #5
 668 001c FFF7FEFF 		bl	HAL_Delay
 669              	.LVL58:
 124:Src/transport/ch585_role_bootstrap.cpp ****     } while ((uint32_t)(HAL_GetTick() - startMs) < CH585_ROLE_SELECT_TIMEOUT_MS);
 670              		.loc 1 124 50 is_stmt 1 view .LVU212
 671              		.loc 1 124 36 is_stmt 0 view .LVU213
 672 0020 FFF7FEFF 		bl	HAL_GetTick
 673              	.LVL59:
 674              		.loc 1 124 39 discriminator 1 view .LVU214
 675 0024 801B     		subs	r0, r0, r6
 676              		.loc 1 124 50 discriminator 1 view .LVU215
 677 0026 B0F5966F 		cmp	r0, #1200
 678 002a F1D3     		bcc	.L42
 679 002c 02E0     		b	.L41
 680              	.L44:
 119:Src/transport/ch585_role_bootstrap.cpp ****             activeRole = requestedRole;
 681              		.loc 1 119 13 is_stmt 1 view .LVU216
 119:Src/transport/ch585_role_bootstrap.cpp ****             activeRole = requestedRole;
 682              		.loc 1 119 24 is_stmt 0 view .LVU217
 683 002e 6573     		strb	r5, [r4, #13]
 120:Src/transport/ch585_role_bootstrap.cpp ****             return true;
 684              		.loc 1 120 13 is_stmt 1 view .LVU218
 120:Src/transport/ch585_role_bootstrap.cpp ****             return true;
 685              		.loc 1 120 28 is_stmt 0 view .LVU219
 686 0030 0323     		movs	r3, #3
 687 0032 A373     		strb	r3, [r4, #14]
 121:Src/transport/ch585_role_bootstrap.cpp ****         }
 688              		.loc 1 121 13 is_stmt 1 view .LVU220
 689              	.L41:
 125:Src/transport/ch585_role_bootstrap.cpp **** 
 126:Src/transport/ch585_role_bootstrap.cpp ****     return false;
 127:Src/transport/ch585_role_bootstrap.cpp **** }
 690              		.loc 1 127 1 is_stmt 0 view .LVU221
 691 0034 3846     		mov	r0, r7
 692 0036 F8BD     		pop	{r3, r4, r5, r6, r7, pc}
 693              		.loc 1 127 1 view .LVU222
 694              		.cfi_endproc
 695              	.LFE1308:
 697              		.section	.text._ZN18Ch585RoleBootstrap5startE9Ch585Role,"ax",%progbits
 698              		.align	1
 699              		.global	_ZN18Ch585RoleBootstrap5startE9Ch585Role
 700              		.syntax unified
 701              		.thumb
 702              		.thumb_func
 704              	_ZN18Ch585RoleBootstrap5startE9Ch585Role:
 705              	.LVL60:
ARM GAS  C:\Users\nicx5\AppData\Local\Temp\ccSVZDJE.s 			page 18


 706              	.LFB1309:
 128:Src/transport/ch585_role_bootstrap.cpp **** 
 129:Src/transport/ch585_role_bootstrap.cpp **** bool Ch585RoleBootstrap::start(Ch585Role requestedRole)
 130:Src/transport/ch585_role_bootstrap.cpp **** {
 707              		.loc 1 130 1 is_stmt 1 view -0
 708              		.cfi_startproc
 709              		@ args = 0, pretend = 0, frame = 0
 710              		@ frame_needed = 0, uses_anonymous_args = 0
 711              		.loc 1 130 1 is_stmt 0 view .LVU224
 712 0000 F8B5     		push	{r3, r4, r5, r6, r7, lr}
 713              	.LCFI8:
 714              		.cfi_def_cfa_offset 24
 715              		.cfi_offset 3, -24
 716              		.cfi_offset 4, -20
 717              		.cfi_offset 5, -16
 718              		.cfi_offset 6, -12
 719              		.cfi_offset 7, -8
 720              		.cfi_offset 14, -4
 721 0002 0446     		mov	r4, r0
 131:Src/transport/ch585_role_bootstrap.cpp ****     BP_APP_SCOPE(BP_APP_CH585_START);
 722              		.loc 1 131 5 is_stmt 1 view .LVU225
 132:Src/transport/ch585_role_bootstrap.cpp ****     if (requestedRole == Ch585Role::SafeIdle || selector == nullptr) {
 723              		.loc 1 132 5 view .LVU226
 724 0004 69B1     		cbz	r1, .L46
 725 0006 0F46     		mov	r7, r1
 726              		.loc 1 132 49 is_stmt 0 discriminator 1 view .LVU227
 727 0008 0368     		ldr	r3, [r0]
 728              		.loc 1 132 46 discriminator 1 view .LVU228
 729 000a 53B1     		cbz	r3, .L46
 133:Src/transport/ch585_role_bootstrap.cpp ****         shutdown();
 134:Src/transport/ch585_role_bootstrap.cpp ****         bootstrapState = Ch585BootstrapState::Failed;
 135:Src/transport/ch585_role_bootstrap.cpp ****         return false;
 136:Src/transport/ch585_role_bootstrap.cpp ****     }
 137:Src/transport/ch585_role_bootstrap.cpp **** 
 138:Src/transport/ch585_role_bootstrap.cpp ****     if (isLocked() && activeRole == requestedRole) {
 730              		.loc 1 138 5 is_stmt 1 view .LVU229
 731              	.LVL61:
 732              	.LBB43:
 733              	.LBI43:
 734              		.file 3 "Inc/transport/ch585_role_bootstrap.hpp"
   1:Inc/transport/ch585_role_bootstrap.hpp **** #ifndef CH585_ROLE_BOOTSTRAP_HPP
   2:Inc/transport/ch585_role_bootstrap.hpp **** #define CH585_ROLE_BOOTSTRAP_HPP
   3:Inc/transport/ch585_role_bootstrap.hpp **** 
   4:Inc/transport/ch585_role_bootstrap.hpp **** #include <stdint.h>
   5:Inc/transport/ch585_role_bootstrap.hpp **** 
   6:Inc/transport/ch585_role_bootstrap.hpp **** enum class Ch585Role : uint8_t {
   7:Inc/transport/ch585_role_bootstrap.hpp ****     SafeIdle = 0x00,
   8:Inc/transport/ch585_role_bootstrap.hpp ****     Rf = 0x01,
   9:Inc/transport/ch585_role_bootstrap.hpp ****     Usb = 0x02,
  10:Inc/transport/ch585_role_bootstrap.hpp ****     Maintenance = 0x03,
  11:Inc/transport/ch585_role_bootstrap.hpp **** };
  12:Inc/transport/ch585_role_bootstrap.hpp **** 
  13:Inc/transport/ch585_role_bootstrap.hpp **** enum class Ch585BootstrapState : uint8_t {
  14:Inc/transport/ch585_role_bootstrap.hpp ****     Off = 0,
  15:Inc/transport/ch585_role_bootstrap.hpp ****     Booting = 1,
  16:Inc/transport/ch585_role_bootstrap.hpp ****     Selecting = 2,
  17:Inc/transport/ch585_role_bootstrap.hpp ****     Locked = 3,
ARM GAS  C:\Users\nicx5\AppData\Local\Temp\ccSVZDJE.s 			page 19


  18:Inc/transport/ch585_role_bootstrap.hpp ****     Failed = 4,
  19:Inc/transport/ch585_role_bootstrap.hpp **** };
  20:Inc/transport/ch585_role_bootstrap.hpp **** enum class Ch585ResumeResult { Pending, Ready, Failed };
  21:Inc/transport/ch585_role_bootstrap.hpp **** 
  22:Inc/transport/ch585_role_bootstrap.hpp **** /* One invocation performs one UsbBoardLink SELECT_ROLE transaction. */
  23:Inc/transport/ch585_role_bootstrap.hpp **** using Ch585RoleSelector = bool (*)(Ch585Role requestedRole);
  24:Inc/transport/ch585_role_bootstrap.hpp **** 
  25:Inc/transport/ch585_role_bootstrap.hpp **** class Ch585RoleBootstrap {
  26:Inc/transport/ch585_role_bootstrap.hpp **** public:
  27:Inc/transport/ch585_role_bootstrap.hpp ****     Ch585RoleBootstrap(const Ch585RoleBootstrap&) = delete;
  28:Inc/transport/ch585_role_bootstrap.hpp ****     Ch585RoleBootstrap& operator=(const Ch585RoleBootstrap&) = delete;
  29:Inc/transport/ch585_role_bootstrap.hpp **** 
  30:Inc/transport/ch585_role_bootstrap.hpp ****     static Ch585RoleBootstrap& getInstance()
  31:Inc/transport/ch585_role_bootstrap.hpp ****     {
  32:Inc/transport/ch585_role_bootstrap.hpp ****         static Ch585RoleBootstrap instance;
  33:Inc/transport/ch585_role_bootstrap.hpp ****         return instance;
  34:Inc/transport/ch585_role_bootstrap.hpp ****     }
  35:Inc/transport/ch585_role_bootstrap.hpp **** 
  36:Inc/transport/ch585_role_bootstrap.hpp ****     void setSelector(Ch585RoleSelector selectorFn);
  37:Inc/transport/ch585_role_bootstrap.hpp ****     /* Cold USB input startup only: power on without sending any SPI frame.
  38:Inc/transport/ch585_role_bootstrap.hpp ****      * start(Usb) later consumes this preparation, with the same ready deadline. */
  39:Inc/transport/ch585_role_bootstrap.hpp ****     bool prepareUsbStartup();
  40:Inc/transport/ch585_role_bootstrap.hpp ****     bool hasPreparedUsbStartup() const { return usbStartupPrepared; }
  41:Inc/transport/ch585_role_bootstrap.hpp ****     bool start(Ch585Role requestedRole);
  42:Inc/transport/ch585_role_bootstrap.hpp ****     // Nonblocking RF cold restart after sleep. No traffic in the IAP window.
  43:Inc/transport/ch585_role_bootstrap.hpp ****     void beginRfSleepResume();
  44:Inc/transport/ch585_role_bootstrap.hpp ****     Ch585ResumeResult serviceRfSleepResume();
  45:Inc/transport/ch585_role_bootstrap.hpp ****     void shutdown();
  46:Inc/transport/ch585_role_bootstrap.hpp **** 
  47:Inc/transport/ch585_role_bootstrap.hpp ****     Ch585Role role() const { return activeRole; }
  48:Inc/transport/ch585_role_bootstrap.hpp ****     Ch585BootstrapState state() const { return bootstrapState; }
  49:Inc/transport/ch585_role_bootstrap.hpp ****     bool isLocked() const { return bootstrapState == Ch585BootstrapState::Locked; }
 735              		.loc 3 49 10 view .LVU230
 736              	.LBB44:
 737              		.loc 3 49 29 view .LVU231
 738              		.loc 3 49 36 is_stmt 0 view .LVU232
 739 000c 837B     		ldrb	r3, [r0, #14]	@ zero_extendqisi2
 740              	.LVL62:
 741              		.loc 3 49 36 view .LVU233
 742              	.LBE44:
 743              	.LBE43:
 744              		.loc 1 138 20 discriminator 1 view .LVU234
 745 000e 032B     		cmp	r3, #3
 746 0010 0ED0     		beq	.L62
 747              	.L49:
 139:Src/transport/ch585_role_bootstrap.cpp ****         return true;
 140:Src/transport/ch585_role_bootstrap.cpp ****     }
 141:Src/transport/ch585_role_bootstrap.cpp **** 
 142:Src/transport/ch585_role_bootstrap.cpp ****     /* An unusually slow UI/power probe may outlive the CH585 selector window.
 143:Src/transport/ch585_role_bootstrap.cpp ****      * Reuse only within the original power-settle + ready-hint budget;
 144:Src/transport/ch585_role_bootstrap.cpp ****      * otherwise take the unchanged cold-start path, including its retry. */
 145:Src/transport/ch585_role_bootstrap.cpp ****     bool reusePrepared = usbStartupPrepared && requestedRole == Ch585Role::Usb &&
 748              		.loc 1 145 5 is_stmt 1 view .LVU235
 749              		.loc 1 145 26 is_stmt 0 view .LVU236
 750 0012 E67B     		ldrb	r6, [r4, #15]	@ zero_extendqisi2
 146:Src/transport/ch585_role_bootstrap.cpp ****         bootstrapState == Ch585BootstrapState::Booting && BOARD_POWER.isCh585Enabled() &&
 751              		.loc 1 146 88 view .LVU237
ARM GAS  C:\Users\nicx5\AppData\Local\Temp\ccSVZDJE.s 			page 20


 752 0014 16B1     		cbz	r6, .L50
 145:Src/transport/ch585_role_bootstrap.cpp ****         bootstrapState == Ch585BootstrapState::Booting && BOARD_POWER.isCh585Enabled() &&
 753              		.loc 1 145 45 view .LVU238
 754 0016 022F     		cmp	r7, #2
 755 0018 0FD0     		beq	.L63
 756              		.loc 1 146 88 discriminator 5 view .LVU239
 757 001a 0026     		movs	r6, #0
 758              	.LVL63:
 759              	.L50:
 147:Src/transport/ch585_role_bootstrap.cpp ****         (uint32_t)(HAL_GetTick() - usbPowerOnAtMs) <
 148:Src/transport/ch585_role_bootstrap.cpp ****             CH585_POWER_ON_SETTLE_MS + CH585_READY_HINT_TIMEOUT_MS;
 149:Src/transport/ch585_role_bootstrap.cpp ****     usbStartupPrepared = false; // one-shot, including all failure paths
 760              		.loc 1 149 5 is_stmt 1 view .LVU240
 761              		.loc 1 149 24 is_stmt 0 view .LVU241
 762 001c 0025     		movs	r5, #0
 763 001e E573     		strb	r5, [r4, #15]
 150:Src/transport/ch585_role_bootstrap.cpp **** 
 151:Src/transport/ch585_role_bootstrap.cpp ****     /* Initial attempt plus exactly one power-cycle retry. */
 152:Src/transport/ch585_role_bootstrap.cpp ****     for (uint8_t attempt = 0u; attempt < 2u; ++attempt) {
 764              		.loc 1 152 5 is_stmt 1 view .LVU242
 765              	.LVL64:
 766              	.LBB45:
 767              		.loc 1 152 5 is_stmt 0 view .LVU243
 768 0020 3BE0     		b	.L51
 769              	.LVL65:
 770              	.L46:
 771              		.loc 1 152 5 view .LVU244
 772              	.LBE45:
 133:Src/transport/ch585_role_bootstrap.cpp ****         bootstrapState = Ch585BootstrapState::Failed;
 773              		.loc 1 133 9 is_stmt 1 view .LVU245
 133:Src/transport/ch585_role_bootstrap.cpp ****         bootstrapState = Ch585BootstrapState::Failed;
 774              		.loc 1 133 17 is_stmt 0 view .LVU246
 775 0022 2046     		mov	r0, r4
 776              	.LVL66:
 133:Src/transport/ch585_role_bootstrap.cpp ****         bootstrapState = Ch585BootstrapState::Failed;
 777              		.loc 1 133 17 view .LVU247
 778 0024 FFF7FEFF 		bl	_ZN18Ch585RoleBootstrap8shutdownEv
 779              	.LVL67:
 134:Src/transport/ch585_role_bootstrap.cpp ****         return false;
 780              		.loc 1 134 9 is_stmt 1 view .LVU248
 134:Src/transport/ch585_role_bootstrap.cpp ****         return false;
 781              		.loc 1 134 24 is_stmt 0 view .LVU249
 782 0028 0423     		movs	r3, #4
 783 002a A373     		strb	r3, [r4, #14]
 135:Src/transport/ch585_role_bootstrap.cpp ****     }
 784              		.loc 1 135 9 is_stmt 1 view .LVU250
 135:Src/transport/ch585_role_bootstrap.cpp ****     }
 785              		.loc 1 135 16 is_stmt 0 view .LVU251
 786 002c 0026     		movs	r6, #0
 787 002e 51E0     		b	.L48
 788              	.LVL68:
 789              	.L62:
 138:Src/transport/ch585_role_bootstrap.cpp ****         return true;
 790              		.loc 1 138 23 discriminator 1 view .LVU252
 791 0030 427B     		ldrb	r2, [r0, #13]	@ zero_extendqisi2
 138:Src/transport/ch585_role_bootstrap.cpp ****         return true;
 792              		.loc 1 138 20 discriminator 1 view .LVU253
ARM GAS  C:\Users\nicx5\AppData\Local\Temp\ccSVZDJE.s 			page 21


 793 0032 8A42     		cmp	r2, r1
 794 0034 EDD1     		bne	.L49
 139:Src/transport/ch585_role_bootstrap.cpp ****     }
 795              		.loc 1 139 16 view .LVU254
 796 0036 0126     		movs	r6, #1
 797 0038 4CE0     		b	.L48
 798              	.L63:
 145:Src/transport/ch585_role_bootstrap.cpp ****         bootstrapState == Ch585BootstrapState::Booting && BOARD_POWER.isCh585Enabled() &&
 799              		.loc 1 145 80 discriminator 1 view .LVU255
 800 003a 012B     		cmp	r3, #1
 801 003c 01D0     		beq	.L64
 146:Src/transport/ch585_role_bootstrap.cpp ****         (uint32_t)(HAL_GetTick() - usbPowerOnAtMs) <
 802              		.loc 1 146 88 discriminator 5 view .LVU256
 803 003e 0026     		movs	r6, #0
 804 0040 ECE7     		b	.L50
 805              	.L64:
 806              	.LVL69:
 807              	.LBB53:
 808              	.LBI53:
 809              		.loc 2 62 10 is_stmt 1 view .LVU257
 810              	.LBB54:
 811              		.loc 2 62 35 view .LVU258
 812              		.loc 2 62 42 is_stmt 0 view .LVU259
 813 0042 254B     		ldr	r3, .L67
 814 0044 DE79     		ldrb	r6, [r3, #7]	@ zero_extendqisi2
 815              	.LVL70:
 816              		.loc 2 62 42 view .LVU260
 817              	.LBE54:
 818              	.LBE53:
 146:Src/transport/ch585_role_bootstrap.cpp ****         (uint32_t)(HAL_GetTick() - usbPowerOnAtMs) <
 819              		.loc 1 146 56 discriminator 2 view .LVU261
 820 0046 002E     		cmp	r6, #0
 821 0048 E8D0     		beq	.L50
 147:Src/transport/ch585_role_bootstrap.cpp ****             CH585_POWER_ON_SETTLE_MS + CH585_READY_HINT_TIMEOUT_MS;
 822              		.loc 1 147 31 view .LVU262
 823 004a FFF7FEFF 		bl	HAL_GetTick
 824              	.LVL71:
 147:Src/transport/ch585_role_bootstrap.cpp ****             CH585_POWER_ON_SETTLE_MS + CH585_READY_HINT_TIMEOUT_MS;
 825              		.loc 1 147 36 discriminator 1 view .LVU263
 826 004e 2369     		ldr	r3, [r4, #16]
 147:Src/transport/ch585_role_bootstrap.cpp ****             CH585_POWER_ON_SETTLE_MS + CH585_READY_HINT_TIMEOUT_MS;
 827              		.loc 1 147 34 discriminator 1 view .LVU264
 828 0050 C31A     		subs	r3, r0, r3
 146:Src/transport/ch585_role_bootstrap.cpp ****         (uint32_t)(HAL_GetTick() - usbPowerOnAtMs) <
 829              		.loc 1 146 88 discriminator 2 view .LVU265
 830 0052 B3F5347F 		cmp	r3, #720
 831 0056 E1D3     		bcc	.L50
 146:Src/transport/ch585_role_bootstrap.cpp ****         (uint32_t)(HAL_GetTick() - usbPowerOnAtMs) <
 832              		.loc 1 146 88 discriminator 5 view .LVU266
 833 0058 0026     		movs	r6, #0
 834 005a DFE7     		b	.L50
 835              	.LVL72:
 836              	.L66:
 837              	.LBB55:
 838              	.LBB46:
 839              	.LBB47:
 840              	.LBB48:
ARM GAS  C:\Users\nicx5\AppData\Local\Temp\ccSVZDJE.s 			page 22


 153:Src/transport/ch585_role_bootstrap.cpp ****         APP_STAGE("R01", "CH585 role bootstrap attempt=%u role=%u",
 154:Src/transport/ch585_role_bootstrap.cpp ****                   static_cast<unsigned int>(attempt + 1u),
 155:Src/transport/ch585_role_bootstrap.cpp ****                   static_cast<unsigned int>(requestedRole));
 156:Src/transport/ch585_role_bootstrap.cpp ****         uint32_t readyTimeoutMs = CH585_READY_HINT_TIMEOUT_MS;
 157:Src/transport/ch585_role_bootstrap.cpp ****         if (reusePrepared) {
 158:Src/transport/ch585_role_bootstrap.cpp ****             uint32_t elapsed = HAL_GetTick() - usbPowerOnAtMs;
 159:Src/transport/ch585_role_bootstrap.cpp ****             if (elapsed < CH585_POWER_ON_SETTLE_MS) {
 160:Src/transport/ch585_role_bootstrap.cpp ****                 HAL_Delay(CH585_POWER_ON_SETTLE_MS - elapsed);
 841              		.loc 1 160 17 is_stmt 1 view .LVU267
 842              		.loc 1 160 26 is_stmt 0 view .LVU268
 843 005c 181A     		subs	r0, r3, r0
 844 005e 1430     		adds	r0, r0, #20
 845 0060 FFF7FEFF 		bl	HAL_Delay
 846              	.LVL73:
 847              		.loc 1 160 26 view .LVU269
 848 0064 23E0     		b	.L53
 849              	.LVL74:
 850              	.L52:
 851              		.loc 1 160 26 view .LVU270
 852              	.LBE48:
 161:Src/transport/ch585_role_bootstrap.cpp ****             }
 162:Src/transport/ch585_role_bootstrap.cpp ****             elapsed = HAL_GetTick() - usbPowerOnAtMs;
 163:Src/transport/ch585_role_bootstrap.cpp ****             const uint32_t deadline = CH585_POWER_ON_SETTLE_MS + CH585_READY_HINT_TIMEOUT_MS;
 164:Src/transport/ch585_role_bootstrap.cpp ****             readyTimeoutMs = elapsed < deadline ? deadline - elapsed : 0u;
 165:Src/transport/ch585_role_bootstrap.cpp ****             reusePrepared = false;
 166:Src/transport/ch585_role_bootstrap.cpp ****         } else {
 167:Src/transport/ch585_role_bootstrap.cpp ****             shutdown();
 853              		.loc 1 167 13 is_stmt 1 view .LVU271
 854              		.loc 1 167 21 is_stmt 0 view .LVU272
 855 0066 2046     		mov	r0, r4
 856 0068 FFF7FEFF 		bl	_ZN18Ch585RoleBootstrap8shutdownEv
 857              	.LVL75:
 168:Src/transport/ch585_role_bootstrap.cpp ****             HAL_Delay(CH585_POWER_OFF_MIN_MS);
 858              		.loc 1 168 13 is_stmt 1 view .LVU273
 859              		.loc 1 168 22 is_stmt 0 view .LVU274
 860 006c 1420     		movs	r0, #20
 861 006e FFF7FEFF 		bl	HAL_Delay
 862              	.LVL76:
 169:Src/transport/ch585_role_bootstrap.cpp ****             bootstrapState = Ch585BootstrapState::Booting;
 863              		.loc 1 169 13 is_stmt 1 view .LVU275
 864              		.loc 1 169 28 is_stmt 0 view .LVU276
 865 0072 0121     		movs	r1, #1
 866 0074 A173     		strb	r1, [r4, #14]
 170:Src/transport/ch585_role_bootstrap.cpp ****             BOARD_POWER.setCh585Enabled(true);
 867              		.loc 1 170 13 is_stmt 1 view .LVU277
 868              	.LBB49:
 869              	.LBI49:
  35:Inc/power/board_power.hpp ****     {
 870              		.loc 2 35 24 view .LVU278
  37:Inc/power/board_power.hpp ****         return instance;
 871              		.loc 2 37 9 view .LVU279
  38:Inc/power/board_power.hpp ****     }
 872              		.loc 2 38 9 view .LVU280
 873              	.LBE49:
 874              		.loc 1 170 40 is_stmt 0 discriminator 1 view .LVU281
 875 0076 1848     		ldr	r0, .L67
 876 0078 FFF7FEFF 		bl	_ZN10BoardPower15setCh585EnabledEb
ARM GAS  C:\Users\nicx5\AppData\Local\Temp\ccSVZDJE.s 			page 23


 877              	.LVL77:
 171:Src/transport/ch585_role_bootstrap.cpp ****             /* Do not clock SELECT_ROLE on the power-up edge. The original
 172:Src/transport/ch585_role_bootstrap.cpp ****              * cold start and power-cycle retry retain their full settle. */
 173:Src/transport/ch585_role_bootstrap.cpp ****             HAL_Delay(CH585_POWER_ON_SETTLE_MS);
 878              		.loc 1 173 13 is_stmt 1 view .LVU282
 879              		.loc 1 173 22 is_stmt 0 view .LVU283
 880 007c 1420     		movs	r0, #20
 881 007e FFF7FEFF 		bl	HAL_Delay
 882              	.LVL78:
 883              	.LBE47:
 156:Src/transport/ch585_role_bootstrap.cpp ****         if (reusePrepared) {
 884              		.loc 1 156 18 view .LVU284
 885 0082 4FF42F70 		mov	r0, #700
 886              	.L54:
 887              	.LVL79:
 174:Src/transport/ch585_role_bootstrap.cpp ****         }
 175:Src/transport/ch585_role_bootstrap.cpp **** 
 176:Src/transport/ch585_role_bootstrap.cpp ****         /* Keep SPI completely idle while the persistent IAP observes its
 177:Src/transport/ch585_role_bootstrap.cpp ****          * 500-ms boot window.  Jumping from inside an active NSS transaction
 178:Src/transport/ch585_role_bootstrap.cpp ****          * leaves SPI0 in an ambiguous hand-off state; the loader's idle boot
 179:Src/transport/ch585_role_bootstrap.cpp ****          * path reaches the application with a clean bus instead. */
 180:Src/transport/ch585_role_bootstrap.cpp ****         APP_STAGE("R02", "CH585 waiting for idle IAP-to-application handoff");
 888              		.loc 1 180 9 is_stmt 1 view .LVU285
 181:Src/transport/ch585_role_bootstrap.cpp ****         const bool readyObserved =
 889              		.loc 1 181 9 view .LVU286
 182:Src/transport/ch585_role_bootstrap.cpp ****             BP_APP_CALL(BP_APP_CH585_READY,
 890              		.loc 1 182 13 is_stmt 0 view .LVU287
 891 0086 FFF7FEFF 		bl	_ZN11RFBootReady18waitForModuleReadyEm
 892              	.LVL80:
 183:Src/transport/ch585_role_bootstrap.cpp ****                 RFBootReady::waitForModuleReady(readyTimeoutMs));
 184:Src/transport/ch585_role_bootstrap.cpp ****         if (!readyObserved) {
 893              		.loc 1 184 9 is_stmt 1 view .LVU288
 185:Src/transport/ch585_role_bootstrap.cpp ****             /*
 186:Src/transport/ch585_role_bootstrap.cpp ****              * PA5 is shared with the steady-state event signal and its short
 187:Src/transport/ch585_role_bootstrap.cpp ****              * boot pulse is only a timing hint. Some power cycles do not
 188:Src/transport/ch585_role_bootstrap.cpp ****              * expose that pulse to STM32 even though the CH585 polling role
 189:Src/transport/ch585_role_bootstrap.cpp ****              * selector is already alive. Continue with the bounded protocol
 190:Src/transport/ch585_role_bootstrap.cpp ****              * transaction; ROLE_SELECTED remains the authoritative commit.
 191:Src/transport/ch585_role_bootstrap.cpp ****              */
 192:Src/transport/ch585_role_bootstrap.cpp ****             APP_STAGE("R02B",
 894              		.loc 1 192 13 view .LVU289
 193:Src/transport/ch585_role_bootstrap.cpp ****                       "CH585 ready pulse not observed; probing role selector");
 194:Src/transport/ch585_role_bootstrap.cpp ****         } else {
 195:Src/transport/ch585_role_bootstrap.cpp ****             APP_STAGE("R02A", "CH585 application-ready pulse observed");
 895              		.loc 1 195 13 view .LVU290
 196:Src/transport/ch585_role_bootstrap.cpp ****         }
 197:Src/transport/ch585_role_bootstrap.cpp **** 
 198:Src/transport/ch585_role_bootstrap.cpp ****         if (BP_APP_CALL(BP_APP_CH585_SELECT, selectOnce(requestedRole))) {
 896              		.loc 1 198 9 view .LVU291
 897              		.loc 1 198 13 is_stmt 0 view .LVU292
 898 008a 3946     		mov	r1, r7
 899 008c 2046     		mov	r0, r4
 900 008e FFF7FEFF 		bl	_ZN18Ch585RoleBootstrap10selectOnceE9Ch585Role
 901              	.LVL81:
 902              		.loc 1 198 9 discriminator 1 view .LVU293
 903 0092 0646     		mov	r6, r0
 904 0094 F0B9     		cbnz	r0, .L48
ARM GAS  C:\Users\nicx5\AppData\Local\Temp\ccSVZDJE.s 			page 24


 199:Src/transport/ch585_role_bootstrap.cpp ****             APP_STAGE("R03", "CH585 role selected: attempt=%u role=%u",
 200:Src/transport/ch585_role_bootstrap.cpp ****                       static_cast<unsigned int>(attempt + 1u),
 201:Src/transport/ch585_role_bootstrap.cpp ****                       static_cast<unsigned int>(requestedRole));
 202:Src/transport/ch585_role_bootstrap.cpp ****             return true;
 203:Src/transport/ch585_role_bootstrap.cpp ****         }
 204:Src/transport/ch585_role_bootstrap.cpp ****         APP_STAGE_ERROR("R03E", "CH585 role select window expired: attempt=%u state=%u",
 905              		.loc 1 204 9 is_stmt 1 view .LVU294
 906              	.LBE46:
 152:Src/transport/ch585_role_bootstrap.cpp ****         APP_STAGE("R01", "CH585 role bootstrap attempt=%u role=%u",
 907              		.loc 1 152 5 discriminator 2 view .LVU295
 908 0096 0135     		adds	r5, r5, #1
 909              	.LVL82:
 152:Src/transport/ch585_role_bootstrap.cpp ****         APP_STAGE("R01", "CH585 role bootstrap attempt=%u role=%u",
 910              		.loc 1 152 5 is_stmt 0 discriminator 2 view .LVU296
 911 0098 EDB2     		uxtb	r5, r5
 912              	.LVL83:
 913              	.L51:
 152:Src/transport/ch585_role_bootstrap.cpp ****         APP_STAGE("R01", "CH585 role bootstrap attempt=%u role=%u",
 914              		.loc 1 152 40 is_stmt 1 discriminator 1 view .LVU297
 915 009a 012D     		cmp	r5, #1
 916 009c 14D8     		bhi	.L65
 917              	.LBB52:
 153:Src/transport/ch585_role_bootstrap.cpp ****                   static_cast<unsigned int>(attempt + 1u),
 918              		.loc 1 153 9 view .LVU298
 156:Src/transport/ch585_role_bootstrap.cpp ****         if (reusePrepared) {
 919              		.loc 1 156 9 view .LVU299
 920              	.LVL84:
 157:Src/transport/ch585_role_bootstrap.cpp ****             uint32_t elapsed = HAL_GetTick() - usbPowerOnAtMs;
 921              		.loc 1 157 9 view .LVU300
 922              	.LBB51:
 923 009e 002E     		cmp	r6, #0
 924 00a0 E1D0     		beq	.L52
 925              	.LBB50:
 158:Src/transport/ch585_role_bootstrap.cpp ****             if (elapsed < CH585_POWER_ON_SETTLE_MS) {
 926              		.loc 1 158 13 view .LVU301
 158:Src/transport/ch585_role_bootstrap.cpp ****             if (elapsed < CH585_POWER_ON_SETTLE_MS) {
 927              		.loc 1 158 43 is_stmt 0 view .LVU302
 928 00a2 FFF7FEFF 		bl	HAL_GetTick
 929              	.LVL85:
 158:Src/transport/ch585_role_bootstrap.cpp ****             if (elapsed < CH585_POWER_ON_SETTLE_MS) {
 930              		.loc 1 158 48 discriminator 1 view .LVU303
 931 00a6 2369     		ldr	r3, [r4, #16]
 932 00a8 C21A     		subs	r2, r0, r3
 933              	.LVL86:
 159:Src/transport/ch585_role_bootstrap.cpp ****                 HAL_Delay(CH585_POWER_ON_SETTLE_MS - elapsed);
 934              		.loc 1 159 13 is_stmt 1 view .LVU304
 935 00aa 132A     		cmp	r2, #19
 936 00ac D6D9     		bls	.L66
 937              	.LVL87:
 938              	.L53:
 162:Src/transport/ch585_role_bootstrap.cpp ****             const uint32_t deadline = CH585_POWER_ON_SETTLE_MS + CH585_READY_HINT_TIMEOUT_MS;
 939              		.loc 1 162 13 view .LVU305
 162:Src/transport/ch585_role_bootstrap.cpp ****             const uint32_t deadline = CH585_POWER_ON_SETTLE_MS + CH585_READY_HINT_TIMEOUT_MS;
 940              		.loc 1 162 34 is_stmt 0 view .LVU306
 941 00ae FFF7FEFF 		bl	HAL_GetTick
 942              	.LVL88:
 162:Src/transport/ch585_role_bootstrap.cpp ****             const uint32_t deadline = CH585_POWER_ON_SETTLE_MS + CH585_READY_HINT_TIMEOUT_MS;
ARM GAS  C:\Users\nicx5\AppData\Local\Temp\ccSVZDJE.s 			page 25


 943              		.loc 1 162 39 discriminator 1 view .LVU307
 944 00b2 2369     		ldr	r3, [r4, #16]
 162:Src/transport/ch585_role_bootstrap.cpp ****             const uint32_t deadline = CH585_POWER_ON_SETTLE_MS + CH585_READY_HINT_TIMEOUT_MS;
 945              		.loc 1 162 21 discriminator 1 view .LVU308
 946 00b4 C21A     		subs	r2, r0, r3
 947              	.LVL89:
 163:Src/transport/ch585_role_bootstrap.cpp ****             readyTimeoutMs = elapsed < deadline ? deadline - elapsed : 0u;
 948              		.loc 1 163 13 is_stmt 1 view .LVU309
 164:Src/transport/ch585_role_bootstrap.cpp ****             reusePrepared = false;
 949              		.loc 1 164 13 view .LVU310
 164:Src/transport/ch585_role_bootstrap.cpp ****             reusePrepared = false;
 950              		.loc 1 164 49 is_stmt 0 view .LVU311
 951 00b6 B2F5347F 		cmp	r2, #720
 952 00ba 03D2     		bcs	.L60
 164:Src/transport/ch585_role_bootstrap.cpp ****             reusePrepared = false;
 953              		.loc 1 164 49 discriminator 1 view .LVU312
 954 00bc 181A     		subs	r0, r3, r0
 955 00be 00F53470 		add	r0, r0, #720
 956 00c2 E0E7     		b	.L54
 957              	.L60:
 164:Src/transport/ch585_role_bootstrap.cpp ****             reusePrepared = false;
 958              		.loc 1 164 49 discriminator 2 view .LVU313
 959 00c4 0020     		movs	r0, #0
 960 00c6 DEE7     		b	.L54
 961              	.LVL90:
 962              	.L65:
 164:Src/transport/ch585_role_bootstrap.cpp ****             reusePrepared = false;
 963              		.loc 1 164 49 discriminator 2 view .LVU314
 964              	.LBE50:
 965              	.LBE51:
 966              	.LBE52:
 967              	.LBE55:
 205:Src/transport/ch585_role_bootstrap.cpp ****                         static_cast<unsigned int>(attempt + 1u),
 206:Src/transport/ch585_role_bootstrap.cpp ****                         static_cast<unsigned int>(bootstrapState));
 207:Src/transport/ch585_role_bootstrap.cpp ****     }
 208:Src/transport/ch585_role_bootstrap.cpp **** 
 209:Src/transport/ch585_role_bootstrap.cpp ****     shutdown();
 968              		.loc 1 209 5 is_stmt 1 view .LVU315
 969              		.loc 1 209 13 is_stmt 0 view .LVU316
 970 00c8 2046     		mov	r0, r4
 971 00ca FFF7FEFF 		bl	_ZN18Ch585RoleBootstrap8shutdownEv
 972              	.LVL91:
 210:Src/transport/ch585_role_bootstrap.cpp ****     bootstrapState = Ch585BootstrapState::Failed;
 973              		.loc 1 210 5 is_stmt 1 view .LVU317
 974              		.loc 1 210 20 is_stmt 0 view .LVU318
 975 00ce 0423     		movs	r3, #4
 976 00d0 A373     		strb	r3, [r4, #14]
 211:Src/transport/ch585_role_bootstrap.cpp ****     return false;
 977              		.loc 1 211 5 is_stmt 1 view .LVU319
 978              		.loc 1 211 12 is_stmt 0 view .LVU320
 979 00d2 0026     		movs	r6, #0
 980              	.LVL92:
 981              	.L48:
 212:Src/transport/ch585_role_bootstrap.cpp **** }
 982              		.loc 1 212 1 view .LVU321
 983 00d4 3046     		mov	r0, r6
 984 00d6 F8BD     		pop	{r3, r4, r5, r6, r7, pc}
ARM GAS  C:\Users\nicx5\AppData\Local\Temp\ccSVZDJE.s 			page 26


 985              	.LVL93:
 986              	.L68:
 987              		.loc 1 212 1 view .LVU322
 988              		.align	2
 989              	.L67:
 990 00d8 00000000 		.word	_ZZN10BoardPower11getInstanceEvE8instance
 991              		.cfi_endproc
 992              	.LFE1309:
 994              		.weak	_ZZN10BoardPower11getInstanceEvE8instance
 995              		.section	.data._ZZN10BoardPower11getInstanceEvE8instance,"awG",%progbits,_ZZN10BoardPower11getInst
 996              		.align	2
 999              	_ZZN10BoardPower11getInstanceEvE8instance:
 1000 0000 00       		.byte	0
 1001 0001 00       		.byte	0
 1002 0002 00       		.byte	0
 1003 0003 00       		.byte	0
 1004 0004 00       		.byte	0
 1005 0005 00       		.byte	0
 1006 0006 00       		.byte	0
 1007 0007 00       		.byte	0
 1008 0008 00       		.byte	0
 1009 0009 01       		.byte	1
 1010 000a 00       		.byte	0
 1011              		.text
 1012              	.Letext0:
 1013              		.file 4 "D:/Program Files/msys64/mingw64/arm-none-eabi/include/machine/_default_types.h"
 1014              		.file 5 "D:/Program Files/msys64/mingw64/arm-none-eabi/include/sys/_stdint.h"
 1015              		.file 6 "Drivers/CMSIS/Device/ST/STM32H7xx/Include/stm32h750xx.h"
 1016              		.file 7 "D:/Program Files/msys64/mingw64/arm-none-eabi/include/c++/13.3.0/cmath"
 1017              		.file 8 "D:/Program Files/msys64/mingw64/arm-none-eabi/include/c++/13.3.0/type_traits"
 1018              		.file 9 "D:/Program Files/msys64/mingw64/arm-none-eabi/include/c++/13.3.0/debug/debug.h"
 1019              		.file 10 "D:/Program Files/msys64/mingw64/arm-none-eabi/include/c++/13.3.0/bits/std_abs.h"
 1020              		.file 11 "D:/Program Files/msys64/mingw64/arm-none-eabi/include/c++/13.3.0/arm-none-eabi/thumb/v7e
 1021              		.file 12 "D:/Program Files/msys64/mingw64/arm-none-eabi/include/c++/13.3.0/bits/predefined_ops.h"
 1022              		.file 13 "D:/Program Files/msys64/mingw64/arm-none-eabi/include/math.h"
 1023              		.file 14 "D:/Program Files/msys64/mingw64/arm-none-eabi/include/c++/13.3.0/math.h"
 1024              		.file 15 "Drivers/STM32H7xx_HAL_Driver/Inc/stm32h7xx_hal_gpio.h"
 1025              		.file 16 "Inc/system/board_cfg.h"
 1026              		.file 17 "Inc/power/sleep_diagnostics.hpp"
 1027              		.file 18 "Inc/transport/rf/rf_boot_ready.hpp"
 1028              		.file 19 "Inc/transport/usb/usb_board_link_port.hpp"
 1029              		.file 20 "Drivers/STM32H7xx_HAL_Driver/Inc/stm32h7xx_hal.h"
 1030              		.file 21 "Inc/support/enums.hpp"
ARM GAS  C:\Users\nicx5\AppData\Local\Temp\ccSVZDJE.s 			page 27


DEFINED SYMBOLS
                            *ABS*:00000000 ch585_role_bootstrap.cpp
C:\Users\nicx5\AppData\Local\Temp\ccSVZDJE.s:20     .text._ZN18Ch585RoleBootstrap11setSelectorEPFb9Ch585RoleE:00000000 $t
C:\Users\nicx5\AppData\Local\Temp\ccSVZDJE.s:26     .text._ZN18Ch585RoleBootstrap11setSelectorEPFb9Ch585RoleE:00000000 _ZN18Ch585RoleBootstrap11setSelectorEPFb9Ch585RoleE
C:\Users\nicx5\AppData\Local\Temp\ccSVZDJE.s:43     .text._ZN18Ch585RoleBootstrap8shutdownEv:00000000 $t
C:\Users\nicx5\AppData\Local\Temp\ccSVZDJE.s:49     .text._ZN18Ch585RoleBootstrap8shutdownEv:00000000 _ZN18Ch585RoleBootstrap8shutdownEv
C:\Users\nicx5\AppData\Local\Temp\ccSVZDJE.s:177    .text._ZN18Ch585RoleBootstrap8shutdownEv:00000064 $d
C:\Users\nicx5\AppData\Local\Temp\ccSVZDJE.s:999    .data._ZZN10BoardPower11getInstanceEvE8instance:00000000 _ZZN10BoardPower11getInstanceEvE8instance
C:\Users\nicx5\AppData\Local\Temp\ccSVZDJE.s:184    .text._ZN18Ch585RoleBootstrap18beginRfSleepResumeEv:00000000 $t
C:\Users\nicx5\AppData\Local\Temp\ccSVZDJE.s:190    .text._ZN18Ch585RoleBootstrap18beginRfSleepResumeEv:00000000 _ZN18Ch585RoleBootstrap18beginRfSleepResumeEv
C:\Users\nicx5\AppData\Local\Temp\ccSVZDJE.s:231    .text._ZN18Ch585RoleBootstrap20serviceRfSleepResumeEv:00000000 $t
C:\Users\nicx5\AppData\Local\Temp\ccSVZDJE.s:237    .text._ZN18Ch585RoleBootstrap20serviceRfSleepResumeEv:00000000 _ZN18Ch585RoleBootstrap20serviceRfSleepResumeEv
C:\Users\nicx5\AppData\Local\Temp\ccSVZDJE.s:488    .text._ZN18Ch585RoleBootstrap20serviceRfSleepResumeEv:000000d4 $d
C:\Users\nicx5\AppData\Local\Temp\ccSVZDJE.s:493    .text._ZN18Ch585RoleBootstrap17prepareUsbStartupEv:00000000 $t
C:\Users\nicx5\AppData\Local\Temp\ccSVZDJE.s:499    .text._ZN18Ch585RoleBootstrap17prepareUsbStartupEv:00000000 _ZN18Ch585RoleBootstrap17prepareUsbStartupEv
C:\Users\nicx5\AppData\Local\Temp\ccSVZDJE.s:611    .text._ZN18Ch585RoleBootstrap17prepareUsbStartupEv:00000048 $d
C:\Users\nicx5\AppData\Local\Temp\ccSVZDJE.s:616    .text._ZN18Ch585RoleBootstrap10selectOnceE9Ch585Role:00000000 $t
C:\Users\nicx5\AppData\Local\Temp\ccSVZDJE.s:622    .text._ZN18Ch585RoleBootstrap10selectOnceE9Ch585Role:00000000 _ZN18Ch585RoleBootstrap10selectOnceE9Ch585Role
C:\Users\nicx5\AppData\Local\Temp\ccSVZDJE.s:698    .text._ZN18Ch585RoleBootstrap5startE9Ch585Role:00000000 $t
C:\Users\nicx5\AppData\Local\Temp\ccSVZDJE.s:704    .text._ZN18Ch585RoleBootstrap5startE9Ch585Role:00000000 _ZN18Ch585RoleBootstrap5startE9Ch585Role
C:\Users\nicx5\AppData\Local\Temp\ccSVZDJE.s:990    .text._ZN18Ch585RoleBootstrap5startE9Ch585Role:000000d8 $d
C:\Users\nicx5\AppData\Local\Temp\ccSVZDJE.s:996    .data._ZZN10BoardPower11getInstanceEvE8instance:00000000 $d

UNDEFINED SYMBOLS
_ZN10BoardPower17setUsbHostEnabledEb
_ZN10BoardPower15setCh585EnabledEb
_ZN11RFBootReady5resetEv
_Z25USBBoardLinkPort_Shutdownv
HAL_GPIO_Init
HAL_GetTick
_Z23SleepDiagnostics_Record10SleepStagem
HAL_Delay
_Z21USBBoardLinkPort_Initv
_ZN11RFBootReady18waitForModuleReadyEm
