ARM GAS  C:\Users\nicx5\AppData\Local\Temp\ccqgVx6p.s 			page 1


   1              		.cpu cortex-m7
   2              		.arch armv7e-m
   3              		.fpu fpv5-d16
   4              		.eabi_attribute 28, 1
   5              		.eabi_attribute 20, 1
   6              		.eabi_attribute 21, 1
   7              		.eabi_attribute 23, 3
   8              		.eabi_attribute 24, 1
   9              		.eabi_attribute 25, 1
  10              		.eabi_attribute 26, 1
  11              		.eabi_attribute 30, 1
  12              		.eabi_attribute 34, 1
  13              		.eabi_attribute 18, 4
  14              		.file	"cipher_wrap.c"
  15              		.text
  16              	.Ltext0:
  17              		.cfi_sections	.debug_frame
  18              		.file 1 "Libs/mbedtls/library/cipher_wrap.c"
  19              		.section	.text.gcm_ctx_free,"ax",%progbits
  20              		.align	1
  21              		.syntax unified
  22              		.thumb
  23              		.thumb_func
  25              	gcm_ctx_free:
  26              	.LVL0:
  27              	.LFB14:
   1:Libs/mbedtls/library/cipher_wrap.c **** /**
   2:Libs/mbedtls/library/cipher_wrap.c ****  * \file cipher_wrap.c
   3:Libs/mbedtls/library/cipher_wrap.c ****  *
   4:Libs/mbedtls/library/cipher_wrap.c ****  * \brief Generic cipher wrapper for Mbed TLS
   5:Libs/mbedtls/library/cipher_wrap.c ****  *
   6:Libs/mbedtls/library/cipher_wrap.c ****  * \author Adriaan de Jong <dejong@fox-it.com>
   7:Libs/mbedtls/library/cipher_wrap.c ****  *
   8:Libs/mbedtls/library/cipher_wrap.c ****  *  Copyright The Mbed TLS Contributors
   9:Libs/mbedtls/library/cipher_wrap.c ****  *  SPDX-License-Identifier: Apache-2.0 OR GPL-2.0-or-later
  10:Libs/mbedtls/library/cipher_wrap.c ****  */
  11:Libs/mbedtls/library/cipher_wrap.c **** 
  12:Libs/mbedtls/library/cipher_wrap.c **** #include "common.h"
  13:Libs/mbedtls/library/cipher_wrap.c **** 
  14:Libs/mbedtls/library/cipher_wrap.c **** #if defined(MBEDTLS_CIPHER_C)
  15:Libs/mbedtls/library/cipher_wrap.c **** 
  16:Libs/mbedtls/library/cipher_wrap.c **** #include "mbedtls/cipher_internal.h"
  17:Libs/mbedtls/library/cipher_wrap.c **** #include "mbedtls/error.h"
  18:Libs/mbedtls/library/cipher_wrap.c **** 
  19:Libs/mbedtls/library/cipher_wrap.c **** #if defined(MBEDTLS_CHACHAPOLY_C)
  20:Libs/mbedtls/library/cipher_wrap.c **** #include "mbedtls/chachapoly.h"
  21:Libs/mbedtls/library/cipher_wrap.c **** #endif
  22:Libs/mbedtls/library/cipher_wrap.c **** 
  23:Libs/mbedtls/library/cipher_wrap.c **** #if defined(MBEDTLS_AES_C)
  24:Libs/mbedtls/library/cipher_wrap.c **** #include "mbedtls/aes.h"
  25:Libs/mbedtls/library/cipher_wrap.c **** #endif
  26:Libs/mbedtls/library/cipher_wrap.c **** 
  27:Libs/mbedtls/library/cipher_wrap.c **** #if defined(MBEDTLS_ARC4_C)
  28:Libs/mbedtls/library/cipher_wrap.c **** #include "mbedtls/arc4.h"
  29:Libs/mbedtls/library/cipher_wrap.c **** #endif
  30:Libs/mbedtls/library/cipher_wrap.c **** 
  31:Libs/mbedtls/library/cipher_wrap.c **** #if defined(MBEDTLS_CAMELLIA_C)
ARM GAS  C:\Users\nicx5\AppData\Local\Temp\ccqgVx6p.s 			page 2


  32:Libs/mbedtls/library/cipher_wrap.c **** #include "mbedtls/camellia.h"
  33:Libs/mbedtls/library/cipher_wrap.c **** #endif
  34:Libs/mbedtls/library/cipher_wrap.c **** 
  35:Libs/mbedtls/library/cipher_wrap.c **** #if defined(MBEDTLS_ARIA_C)
  36:Libs/mbedtls/library/cipher_wrap.c **** #include "mbedtls/aria.h"
  37:Libs/mbedtls/library/cipher_wrap.c **** #endif
  38:Libs/mbedtls/library/cipher_wrap.c **** 
  39:Libs/mbedtls/library/cipher_wrap.c **** #if defined(MBEDTLS_DES_C)
  40:Libs/mbedtls/library/cipher_wrap.c **** #include "mbedtls/des.h"
  41:Libs/mbedtls/library/cipher_wrap.c **** #endif
  42:Libs/mbedtls/library/cipher_wrap.c **** 
  43:Libs/mbedtls/library/cipher_wrap.c **** #if defined(MBEDTLS_BLOWFISH_C)
  44:Libs/mbedtls/library/cipher_wrap.c **** #include "mbedtls/blowfish.h"
  45:Libs/mbedtls/library/cipher_wrap.c **** #endif
  46:Libs/mbedtls/library/cipher_wrap.c **** 
  47:Libs/mbedtls/library/cipher_wrap.c **** #if defined(MBEDTLS_CHACHA20_C)
  48:Libs/mbedtls/library/cipher_wrap.c **** #include "mbedtls/chacha20.h"
  49:Libs/mbedtls/library/cipher_wrap.c **** #endif
  50:Libs/mbedtls/library/cipher_wrap.c **** 
  51:Libs/mbedtls/library/cipher_wrap.c **** #if defined(MBEDTLS_GCM_C)
  52:Libs/mbedtls/library/cipher_wrap.c **** #include "mbedtls/gcm.h"
  53:Libs/mbedtls/library/cipher_wrap.c **** #endif
  54:Libs/mbedtls/library/cipher_wrap.c **** 
  55:Libs/mbedtls/library/cipher_wrap.c **** #if defined(MBEDTLS_CCM_C)
  56:Libs/mbedtls/library/cipher_wrap.c **** #include "mbedtls/ccm.h"
  57:Libs/mbedtls/library/cipher_wrap.c **** #endif
  58:Libs/mbedtls/library/cipher_wrap.c **** 
  59:Libs/mbedtls/library/cipher_wrap.c **** #if defined(MBEDTLS_NIST_KW_C)
  60:Libs/mbedtls/library/cipher_wrap.c **** #include "mbedtls/nist_kw.h"
  61:Libs/mbedtls/library/cipher_wrap.c **** #endif
  62:Libs/mbedtls/library/cipher_wrap.c **** 
  63:Libs/mbedtls/library/cipher_wrap.c **** #if defined(MBEDTLS_CIPHER_NULL_CIPHER)
  64:Libs/mbedtls/library/cipher_wrap.c **** #include <string.h>
  65:Libs/mbedtls/library/cipher_wrap.c **** #endif
  66:Libs/mbedtls/library/cipher_wrap.c **** 
  67:Libs/mbedtls/library/cipher_wrap.c **** #include "mbedtls/platform.h"
  68:Libs/mbedtls/library/cipher_wrap.c **** 
  69:Libs/mbedtls/library/cipher_wrap.c **** #if defined(MBEDTLS_GCM_C)
  70:Libs/mbedtls/library/cipher_wrap.c **** /* shared by all GCM ciphers */
  71:Libs/mbedtls/library/cipher_wrap.c **** static void *gcm_ctx_alloc(void)
  72:Libs/mbedtls/library/cipher_wrap.c **** {
  73:Libs/mbedtls/library/cipher_wrap.c ****     void *ctx = mbedtls_calloc(1, sizeof(mbedtls_gcm_context));
  74:Libs/mbedtls/library/cipher_wrap.c **** 
  75:Libs/mbedtls/library/cipher_wrap.c ****     if (ctx != NULL) {
  76:Libs/mbedtls/library/cipher_wrap.c ****         mbedtls_gcm_init((mbedtls_gcm_context *) ctx);
  77:Libs/mbedtls/library/cipher_wrap.c ****     }
  78:Libs/mbedtls/library/cipher_wrap.c **** 
  79:Libs/mbedtls/library/cipher_wrap.c ****     return ctx;
  80:Libs/mbedtls/library/cipher_wrap.c **** }
  81:Libs/mbedtls/library/cipher_wrap.c **** 
  82:Libs/mbedtls/library/cipher_wrap.c **** static void gcm_ctx_free(void *ctx)
  83:Libs/mbedtls/library/cipher_wrap.c **** {
  28              		.loc 1 83 1 view -0
  29              		.cfi_startproc
  30              		@ args = 0, pretend = 0, frame = 0
  31              		@ frame_needed = 0, uses_anonymous_args = 0
  32              		.loc 1 83 1 is_stmt 0 view .LVU1
ARM GAS  C:\Users\nicx5\AppData\Local\Temp\ccqgVx6p.s 			page 3


  33 0000 10B5     		push	{r4, lr}
  34              	.LCFI0:
  35              		.cfi_def_cfa_offset 8
  36              		.cfi_offset 4, -8
  37              		.cfi_offset 14, -4
  38 0002 0446     		mov	r4, r0
  84:Libs/mbedtls/library/cipher_wrap.c ****     mbedtls_gcm_free(ctx);
  39              		.loc 1 84 5 is_stmt 1 view .LVU2
  40 0004 FFF7FEFF 		bl	mbedtls_gcm_free
  41              	.LVL1:
  85:Libs/mbedtls/library/cipher_wrap.c ****     mbedtls_free(ctx);
  42              		.loc 1 85 5 view .LVU3
  43 0008 2046     		mov	r0, r4
  44 000a FFF7FEFF 		bl	free
  45              	.LVL2:
  86:Libs/mbedtls/library/cipher_wrap.c **** }
  46              		.loc 1 86 1 is_stmt 0 view .LVU4
  47 000e 10BD     		pop	{r4, pc}
  48              		.loc 1 86 1 view .LVU5
  49              		.cfi_endproc
  50              	.LFE14:
  52              		.section	.text.gcm_ctx_alloc,"ax",%progbits
  53              		.align	1
  54              		.syntax unified
  55              		.thumb
  56              		.thumb_func
  58              	gcm_ctx_alloc:
  59              	.LFB13:
  72:Libs/mbedtls/library/cipher_wrap.c ****     void *ctx = mbedtls_calloc(1, sizeof(mbedtls_gcm_context));
  60              		.loc 1 72 1 is_stmt 1 view -0
  61              		.cfi_startproc
  62              		@ args = 0, pretend = 0, frame = 0
  63              		@ frame_needed = 0, uses_anonymous_args = 0
  64 0000 10B5     		push	{r4, lr}
  65              	.LCFI1:
  66              		.cfi_def_cfa_offset 8
  67              		.cfi_offset 4, -8
  68              		.cfi_offset 14, -4
  73:Libs/mbedtls/library/cipher_wrap.c **** 
  69              		.loc 1 73 5 view .LVU7
  73:Libs/mbedtls/library/cipher_wrap.c **** 
  70              		.loc 1 73 17 is_stmt 0 view .LVU8
  71 0002 4FF4C071 		mov	r1, #384
  72 0006 0120     		movs	r0, #1
  73 0008 FFF7FEFF 		bl	calloc
  74              	.LVL3:
  75:Libs/mbedtls/library/cipher_wrap.c ****         mbedtls_gcm_init((mbedtls_gcm_context *) ctx);
  75              		.loc 1 75 5 is_stmt 1 view .LVU9
  75:Libs/mbedtls/library/cipher_wrap.c ****         mbedtls_gcm_init((mbedtls_gcm_context *) ctx);
  76              		.loc 1 75 8 is_stmt 0 view .LVU10
  77 000c 0446     		mov	r4, r0
  78 000e 08B1     		cbz	r0, .L3
  76:Libs/mbedtls/library/cipher_wrap.c ****     }
  79              		.loc 1 76 9 is_stmt 1 view .LVU11
  80 0010 FFF7FEFF 		bl	mbedtls_gcm_init
  81              	.LVL4:
  79:Libs/mbedtls/library/cipher_wrap.c **** }
ARM GAS  C:\Users\nicx5\AppData\Local\Temp\ccqgVx6p.s 			page 4


  82              		.loc 1 79 5 view .LVU12
  83              	.L3:
  80:Libs/mbedtls/library/cipher_wrap.c **** 
  84              		.loc 1 80 1 is_stmt 0 view .LVU13
  85 0014 2046     		mov	r0, r4
  86 0016 10BD     		pop	{r4, pc}
  80:Libs/mbedtls/library/cipher_wrap.c **** 
  87              		.loc 1 80 1 view .LVU14
  88              		.cfi_endproc
  89              	.LFE13:
  91              		.section	.text.gcm_aes_setkey_wrap,"ax",%progbits
  92              		.align	1
  93              		.syntax unified
  94              		.thumb
  95              		.thumb_func
  97              	gcm_aes_setkey_wrap:
  98              	.LVL5:
  99              	.LFB20:
  87:Libs/mbedtls/library/cipher_wrap.c **** #endif /* MBEDTLS_GCM_C */
  88:Libs/mbedtls/library/cipher_wrap.c **** 
  89:Libs/mbedtls/library/cipher_wrap.c **** #if defined(MBEDTLS_CCM_C)
  90:Libs/mbedtls/library/cipher_wrap.c **** /* shared by all CCM ciphers */
  91:Libs/mbedtls/library/cipher_wrap.c **** static void *ccm_ctx_alloc(void)
  92:Libs/mbedtls/library/cipher_wrap.c **** {
  93:Libs/mbedtls/library/cipher_wrap.c ****     void *ctx = mbedtls_calloc(1, sizeof(mbedtls_ccm_context));
  94:Libs/mbedtls/library/cipher_wrap.c **** 
  95:Libs/mbedtls/library/cipher_wrap.c ****     if (ctx != NULL) {
  96:Libs/mbedtls/library/cipher_wrap.c ****         mbedtls_ccm_init((mbedtls_ccm_context *) ctx);
  97:Libs/mbedtls/library/cipher_wrap.c ****     }
  98:Libs/mbedtls/library/cipher_wrap.c **** 
  99:Libs/mbedtls/library/cipher_wrap.c ****     return ctx;
 100:Libs/mbedtls/library/cipher_wrap.c **** }
 101:Libs/mbedtls/library/cipher_wrap.c **** 
 102:Libs/mbedtls/library/cipher_wrap.c **** static void ccm_ctx_free(void *ctx)
 103:Libs/mbedtls/library/cipher_wrap.c **** {
 104:Libs/mbedtls/library/cipher_wrap.c ****     mbedtls_ccm_free(ctx);
 105:Libs/mbedtls/library/cipher_wrap.c ****     mbedtls_free(ctx);
 106:Libs/mbedtls/library/cipher_wrap.c **** }
 107:Libs/mbedtls/library/cipher_wrap.c **** #endif /* MBEDTLS_CCM_C */
 108:Libs/mbedtls/library/cipher_wrap.c **** 
 109:Libs/mbedtls/library/cipher_wrap.c **** #if defined(MBEDTLS_AES_C)
 110:Libs/mbedtls/library/cipher_wrap.c **** 
 111:Libs/mbedtls/library/cipher_wrap.c **** static int aes_crypt_ecb_wrap(void *ctx, mbedtls_operation_t operation,
 112:Libs/mbedtls/library/cipher_wrap.c ****                               const unsigned char *input, unsigned char *output)
 113:Libs/mbedtls/library/cipher_wrap.c **** {
 114:Libs/mbedtls/library/cipher_wrap.c ****     return mbedtls_aes_crypt_ecb((mbedtls_aes_context *) ctx, operation, input, output);
 115:Libs/mbedtls/library/cipher_wrap.c **** }
 116:Libs/mbedtls/library/cipher_wrap.c **** 
 117:Libs/mbedtls/library/cipher_wrap.c **** #if defined(MBEDTLS_CIPHER_MODE_CBC)
 118:Libs/mbedtls/library/cipher_wrap.c **** static int aes_crypt_cbc_wrap(void *ctx, mbedtls_operation_t operation, size_t length,
 119:Libs/mbedtls/library/cipher_wrap.c ****                               unsigned char *iv, const unsigned char *input, unsigned char *output)
 120:Libs/mbedtls/library/cipher_wrap.c **** {
 121:Libs/mbedtls/library/cipher_wrap.c ****     return mbedtls_aes_crypt_cbc((mbedtls_aes_context *) ctx, operation, length, iv, input,
 122:Libs/mbedtls/library/cipher_wrap.c ****                                  output);
 123:Libs/mbedtls/library/cipher_wrap.c **** }
 124:Libs/mbedtls/library/cipher_wrap.c **** #endif /* MBEDTLS_CIPHER_MODE_CBC */
 125:Libs/mbedtls/library/cipher_wrap.c **** 
ARM GAS  C:\Users\nicx5\AppData\Local\Temp\ccqgVx6p.s 			page 5


 126:Libs/mbedtls/library/cipher_wrap.c **** #if defined(MBEDTLS_CIPHER_MODE_CFB)
 127:Libs/mbedtls/library/cipher_wrap.c **** static int aes_crypt_cfb128_wrap(void *ctx, mbedtls_operation_t operation,
 128:Libs/mbedtls/library/cipher_wrap.c ****                                  size_t length, size_t *iv_off, unsigned char *iv,
 129:Libs/mbedtls/library/cipher_wrap.c ****                                  const unsigned char *input, unsigned char *output)
 130:Libs/mbedtls/library/cipher_wrap.c **** {
 131:Libs/mbedtls/library/cipher_wrap.c ****     return mbedtls_aes_crypt_cfb128((mbedtls_aes_context *) ctx, operation, length, iv_off, iv,
 132:Libs/mbedtls/library/cipher_wrap.c ****                                     input, output);
 133:Libs/mbedtls/library/cipher_wrap.c **** }
 134:Libs/mbedtls/library/cipher_wrap.c **** #endif /* MBEDTLS_CIPHER_MODE_CFB */
 135:Libs/mbedtls/library/cipher_wrap.c **** 
 136:Libs/mbedtls/library/cipher_wrap.c **** #if defined(MBEDTLS_CIPHER_MODE_OFB)
 137:Libs/mbedtls/library/cipher_wrap.c **** static int aes_crypt_ofb_wrap(void *ctx, size_t length, size_t *iv_off,
 138:Libs/mbedtls/library/cipher_wrap.c ****                               unsigned char *iv, const unsigned char *input, unsigned char *output)
 139:Libs/mbedtls/library/cipher_wrap.c **** {
 140:Libs/mbedtls/library/cipher_wrap.c ****     return mbedtls_aes_crypt_ofb((mbedtls_aes_context *) ctx, length, iv_off,
 141:Libs/mbedtls/library/cipher_wrap.c ****                                  iv, input, output);
 142:Libs/mbedtls/library/cipher_wrap.c **** }
 143:Libs/mbedtls/library/cipher_wrap.c **** #endif /* MBEDTLS_CIPHER_MODE_OFB */
 144:Libs/mbedtls/library/cipher_wrap.c **** 
 145:Libs/mbedtls/library/cipher_wrap.c **** #if defined(MBEDTLS_CIPHER_MODE_CTR)
 146:Libs/mbedtls/library/cipher_wrap.c **** static int aes_crypt_ctr_wrap(void *ctx, size_t length, size_t *nc_off,
 147:Libs/mbedtls/library/cipher_wrap.c ****                               unsigned char *nonce_counter, unsigned char *stream_block,
 148:Libs/mbedtls/library/cipher_wrap.c ****                               const unsigned char *input, unsigned char *output)
 149:Libs/mbedtls/library/cipher_wrap.c **** {
 150:Libs/mbedtls/library/cipher_wrap.c ****     return mbedtls_aes_crypt_ctr((mbedtls_aes_context *) ctx, length, nc_off, nonce_counter,
 151:Libs/mbedtls/library/cipher_wrap.c ****                                  stream_block, input, output);
 152:Libs/mbedtls/library/cipher_wrap.c **** }
 153:Libs/mbedtls/library/cipher_wrap.c **** #endif /* MBEDTLS_CIPHER_MODE_CTR */
 154:Libs/mbedtls/library/cipher_wrap.c **** 
 155:Libs/mbedtls/library/cipher_wrap.c **** #if defined(MBEDTLS_CIPHER_MODE_XTS)
 156:Libs/mbedtls/library/cipher_wrap.c **** static int aes_crypt_xts_wrap(void *ctx, mbedtls_operation_t operation,
 157:Libs/mbedtls/library/cipher_wrap.c ****                               size_t length,
 158:Libs/mbedtls/library/cipher_wrap.c ****                               const unsigned char data_unit[16],
 159:Libs/mbedtls/library/cipher_wrap.c ****                               const unsigned char *input,
 160:Libs/mbedtls/library/cipher_wrap.c ****                               unsigned char *output)
 161:Libs/mbedtls/library/cipher_wrap.c **** {
 162:Libs/mbedtls/library/cipher_wrap.c ****     mbedtls_aes_xts_context *xts_ctx = ctx;
 163:Libs/mbedtls/library/cipher_wrap.c ****     int mode;
 164:Libs/mbedtls/library/cipher_wrap.c **** 
 165:Libs/mbedtls/library/cipher_wrap.c ****     switch (operation) {
 166:Libs/mbedtls/library/cipher_wrap.c ****         case MBEDTLS_ENCRYPT:
 167:Libs/mbedtls/library/cipher_wrap.c ****             mode = MBEDTLS_AES_ENCRYPT;
 168:Libs/mbedtls/library/cipher_wrap.c ****             break;
 169:Libs/mbedtls/library/cipher_wrap.c ****         case MBEDTLS_DECRYPT:
 170:Libs/mbedtls/library/cipher_wrap.c ****             mode = MBEDTLS_AES_DECRYPT;
 171:Libs/mbedtls/library/cipher_wrap.c ****             break;
 172:Libs/mbedtls/library/cipher_wrap.c ****         default:
 173:Libs/mbedtls/library/cipher_wrap.c ****             return MBEDTLS_ERR_CIPHER_BAD_INPUT_DATA;
 174:Libs/mbedtls/library/cipher_wrap.c ****     }
 175:Libs/mbedtls/library/cipher_wrap.c **** 
 176:Libs/mbedtls/library/cipher_wrap.c ****     return mbedtls_aes_crypt_xts(xts_ctx, mode, length,
 177:Libs/mbedtls/library/cipher_wrap.c ****                                  data_unit, input, output);
 178:Libs/mbedtls/library/cipher_wrap.c **** }
 179:Libs/mbedtls/library/cipher_wrap.c **** #endif /* MBEDTLS_CIPHER_MODE_XTS */
 180:Libs/mbedtls/library/cipher_wrap.c **** 
 181:Libs/mbedtls/library/cipher_wrap.c **** static int aes_setkey_dec_wrap(void *ctx, const unsigned char *key,
 182:Libs/mbedtls/library/cipher_wrap.c ****                                unsigned int key_bitlen)
ARM GAS  C:\Users\nicx5\AppData\Local\Temp\ccqgVx6p.s 			page 6


 183:Libs/mbedtls/library/cipher_wrap.c **** {
 184:Libs/mbedtls/library/cipher_wrap.c ****     return mbedtls_aes_setkey_dec((mbedtls_aes_context *) ctx, key, key_bitlen);
 185:Libs/mbedtls/library/cipher_wrap.c **** }
 186:Libs/mbedtls/library/cipher_wrap.c **** 
 187:Libs/mbedtls/library/cipher_wrap.c **** static int aes_setkey_enc_wrap(void *ctx, const unsigned char *key,
 188:Libs/mbedtls/library/cipher_wrap.c ****                                unsigned int key_bitlen)
 189:Libs/mbedtls/library/cipher_wrap.c **** {
 190:Libs/mbedtls/library/cipher_wrap.c ****     return mbedtls_aes_setkey_enc((mbedtls_aes_context *) ctx, key, key_bitlen);
 191:Libs/mbedtls/library/cipher_wrap.c **** }
 192:Libs/mbedtls/library/cipher_wrap.c **** 
 193:Libs/mbedtls/library/cipher_wrap.c **** static void *aes_ctx_alloc(void)
 194:Libs/mbedtls/library/cipher_wrap.c **** {
 195:Libs/mbedtls/library/cipher_wrap.c ****     mbedtls_aes_context *aes = mbedtls_calloc(1, sizeof(mbedtls_aes_context));
 196:Libs/mbedtls/library/cipher_wrap.c **** 
 197:Libs/mbedtls/library/cipher_wrap.c ****     if (aes == NULL) {
 198:Libs/mbedtls/library/cipher_wrap.c ****         return NULL;
 199:Libs/mbedtls/library/cipher_wrap.c ****     }
 200:Libs/mbedtls/library/cipher_wrap.c **** 
 201:Libs/mbedtls/library/cipher_wrap.c ****     mbedtls_aes_init(aes);
 202:Libs/mbedtls/library/cipher_wrap.c **** 
 203:Libs/mbedtls/library/cipher_wrap.c ****     return aes;
 204:Libs/mbedtls/library/cipher_wrap.c **** }
 205:Libs/mbedtls/library/cipher_wrap.c **** 
 206:Libs/mbedtls/library/cipher_wrap.c **** static void aes_ctx_free(void *ctx)
 207:Libs/mbedtls/library/cipher_wrap.c **** {
 208:Libs/mbedtls/library/cipher_wrap.c ****     mbedtls_aes_free((mbedtls_aes_context *) ctx);
 209:Libs/mbedtls/library/cipher_wrap.c ****     mbedtls_free(ctx);
 210:Libs/mbedtls/library/cipher_wrap.c **** }
 211:Libs/mbedtls/library/cipher_wrap.c **** 
 212:Libs/mbedtls/library/cipher_wrap.c **** static const mbedtls_cipher_base_t aes_info = {
 213:Libs/mbedtls/library/cipher_wrap.c ****     MBEDTLS_CIPHER_ID_AES,
 214:Libs/mbedtls/library/cipher_wrap.c ****     aes_crypt_ecb_wrap,
 215:Libs/mbedtls/library/cipher_wrap.c **** #if defined(MBEDTLS_CIPHER_MODE_CBC)
 216:Libs/mbedtls/library/cipher_wrap.c ****     aes_crypt_cbc_wrap,
 217:Libs/mbedtls/library/cipher_wrap.c **** #endif
 218:Libs/mbedtls/library/cipher_wrap.c **** #if defined(MBEDTLS_CIPHER_MODE_CFB)
 219:Libs/mbedtls/library/cipher_wrap.c ****     aes_crypt_cfb128_wrap,
 220:Libs/mbedtls/library/cipher_wrap.c **** #endif
 221:Libs/mbedtls/library/cipher_wrap.c **** #if defined(MBEDTLS_CIPHER_MODE_OFB)
 222:Libs/mbedtls/library/cipher_wrap.c ****     aes_crypt_ofb_wrap,
 223:Libs/mbedtls/library/cipher_wrap.c **** #endif
 224:Libs/mbedtls/library/cipher_wrap.c **** #if defined(MBEDTLS_CIPHER_MODE_CTR)
 225:Libs/mbedtls/library/cipher_wrap.c ****     aes_crypt_ctr_wrap,
 226:Libs/mbedtls/library/cipher_wrap.c **** #endif
 227:Libs/mbedtls/library/cipher_wrap.c **** #if defined(MBEDTLS_CIPHER_MODE_XTS)
 228:Libs/mbedtls/library/cipher_wrap.c ****     NULL,
 229:Libs/mbedtls/library/cipher_wrap.c **** #endif
 230:Libs/mbedtls/library/cipher_wrap.c **** #if defined(MBEDTLS_CIPHER_MODE_STREAM)
 231:Libs/mbedtls/library/cipher_wrap.c ****     NULL,
 232:Libs/mbedtls/library/cipher_wrap.c **** #endif
 233:Libs/mbedtls/library/cipher_wrap.c ****     aes_setkey_enc_wrap,
 234:Libs/mbedtls/library/cipher_wrap.c ****     aes_setkey_dec_wrap,
 235:Libs/mbedtls/library/cipher_wrap.c ****     aes_ctx_alloc,
 236:Libs/mbedtls/library/cipher_wrap.c ****     aes_ctx_free
 237:Libs/mbedtls/library/cipher_wrap.c **** };
 238:Libs/mbedtls/library/cipher_wrap.c **** 
 239:Libs/mbedtls/library/cipher_wrap.c **** static const mbedtls_cipher_info_t aes_128_ecb_info = {
ARM GAS  C:\Users\nicx5\AppData\Local\Temp\ccqgVx6p.s 			page 7


 240:Libs/mbedtls/library/cipher_wrap.c ****     MBEDTLS_CIPHER_AES_128_ECB,
 241:Libs/mbedtls/library/cipher_wrap.c ****     MBEDTLS_MODE_ECB,
 242:Libs/mbedtls/library/cipher_wrap.c ****     128,
 243:Libs/mbedtls/library/cipher_wrap.c ****     "AES-128-ECB",
 244:Libs/mbedtls/library/cipher_wrap.c ****     0,
 245:Libs/mbedtls/library/cipher_wrap.c ****     0,
 246:Libs/mbedtls/library/cipher_wrap.c ****     16,
 247:Libs/mbedtls/library/cipher_wrap.c ****     &aes_info
 248:Libs/mbedtls/library/cipher_wrap.c **** };
 249:Libs/mbedtls/library/cipher_wrap.c **** 
 250:Libs/mbedtls/library/cipher_wrap.c **** static const mbedtls_cipher_info_t aes_192_ecb_info = {
 251:Libs/mbedtls/library/cipher_wrap.c ****     MBEDTLS_CIPHER_AES_192_ECB,
 252:Libs/mbedtls/library/cipher_wrap.c ****     MBEDTLS_MODE_ECB,
 253:Libs/mbedtls/library/cipher_wrap.c ****     192,
 254:Libs/mbedtls/library/cipher_wrap.c ****     "AES-192-ECB",
 255:Libs/mbedtls/library/cipher_wrap.c ****     0,
 256:Libs/mbedtls/library/cipher_wrap.c ****     0,
 257:Libs/mbedtls/library/cipher_wrap.c ****     16,
 258:Libs/mbedtls/library/cipher_wrap.c ****     &aes_info
 259:Libs/mbedtls/library/cipher_wrap.c **** };
 260:Libs/mbedtls/library/cipher_wrap.c **** 
 261:Libs/mbedtls/library/cipher_wrap.c **** static const mbedtls_cipher_info_t aes_256_ecb_info = {
 262:Libs/mbedtls/library/cipher_wrap.c ****     MBEDTLS_CIPHER_AES_256_ECB,
 263:Libs/mbedtls/library/cipher_wrap.c ****     MBEDTLS_MODE_ECB,
 264:Libs/mbedtls/library/cipher_wrap.c ****     256,
 265:Libs/mbedtls/library/cipher_wrap.c ****     "AES-256-ECB",
 266:Libs/mbedtls/library/cipher_wrap.c ****     0,
 267:Libs/mbedtls/library/cipher_wrap.c ****     0,
 268:Libs/mbedtls/library/cipher_wrap.c ****     16,
 269:Libs/mbedtls/library/cipher_wrap.c ****     &aes_info
 270:Libs/mbedtls/library/cipher_wrap.c **** };
 271:Libs/mbedtls/library/cipher_wrap.c **** 
 272:Libs/mbedtls/library/cipher_wrap.c **** #if defined(MBEDTLS_CIPHER_MODE_CBC)
 273:Libs/mbedtls/library/cipher_wrap.c **** static const mbedtls_cipher_info_t aes_128_cbc_info = {
 274:Libs/mbedtls/library/cipher_wrap.c ****     MBEDTLS_CIPHER_AES_128_CBC,
 275:Libs/mbedtls/library/cipher_wrap.c ****     MBEDTLS_MODE_CBC,
 276:Libs/mbedtls/library/cipher_wrap.c ****     128,
 277:Libs/mbedtls/library/cipher_wrap.c ****     "AES-128-CBC",
 278:Libs/mbedtls/library/cipher_wrap.c ****     16,
 279:Libs/mbedtls/library/cipher_wrap.c ****     0,
 280:Libs/mbedtls/library/cipher_wrap.c ****     16,
 281:Libs/mbedtls/library/cipher_wrap.c ****     &aes_info
 282:Libs/mbedtls/library/cipher_wrap.c **** };
 283:Libs/mbedtls/library/cipher_wrap.c **** 
 284:Libs/mbedtls/library/cipher_wrap.c **** static const mbedtls_cipher_info_t aes_192_cbc_info = {
 285:Libs/mbedtls/library/cipher_wrap.c ****     MBEDTLS_CIPHER_AES_192_CBC,
 286:Libs/mbedtls/library/cipher_wrap.c ****     MBEDTLS_MODE_CBC,
 287:Libs/mbedtls/library/cipher_wrap.c ****     192,
 288:Libs/mbedtls/library/cipher_wrap.c ****     "AES-192-CBC",
 289:Libs/mbedtls/library/cipher_wrap.c ****     16,
 290:Libs/mbedtls/library/cipher_wrap.c ****     0,
 291:Libs/mbedtls/library/cipher_wrap.c ****     16,
 292:Libs/mbedtls/library/cipher_wrap.c ****     &aes_info
 293:Libs/mbedtls/library/cipher_wrap.c **** };
 294:Libs/mbedtls/library/cipher_wrap.c **** 
 295:Libs/mbedtls/library/cipher_wrap.c **** static const mbedtls_cipher_info_t aes_256_cbc_info = {
 296:Libs/mbedtls/library/cipher_wrap.c ****     MBEDTLS_CIPHER_AES_256_CBC,
ARM GAS  C:\Users\nicx5\AppData\Local\Temp\ccqgVx6p.s 			page 8


 297:Libs/mbedtls/library/cipher_wrap.c ****     MBEDTLS_MODE_CBC,
 298:Libs/mbedtls/library/cipher_wrap.c ****     256,
 299:Libs/mbedtls/library/cipher_wrap.c ****     "AES-256-CBC",
 300:Libs/mbedtls/library/cipher_wrap.c ****     16,
 301:Libs/mbedtls/library/cipher_wrap.c ****     0,
 302:Libs/mbedtls/library/cipher_wrap.c ****     16,
 303:Libs/mbedtls/library/cipher_wrap.c ****     &aes_info
 304:Libs/mbedtls/library/cipher_wrap.c **** };
 305:Libs/mbedtls/library/cipher_wrap.c **** #endif /* MBEDTLS_CIPHER_MODE_CBC */
 306:Libs/mbedtls/library/cipher_wrap.c **** 
 307:Libs/mbedtls/library/cipher_wrap.c **** #if defined(MBEDTLS_CIPHER_MODE_CFB)
 308:Libs/mbedtls/library/cipher_wrap.c **** static const mbedtls_cipher_info_t aes_128_cfb128_info = {
 309:Libs/mbedtls/library/cipher_wrap.c ****     MBEDTLS_CIPHER_AES_128_CFB128,
 310:Libs/mbedtls/library/cipher_wrap.c ****     MBEDTLS_MODE_CFB,
 311:Libs/mbedtls/library/cipher_wrap.c ****     128,
 312:Libs/mbedtls/library/cipher_wrap.c ****     "AES-128-CFB128",
 313:Libs/mbedtls/library/cipher_wrap.c ****     16,
 314:Libs/mbedtls/library/cipher_wrap.c ****     0,
 315:Libs/mbedtls/library/cipher_wrap.c ****     16,
 316:Libs/mbedtls/library/cipher_wrap.c ****     &aes_info
 317:Libs/mbedtls/library/cipher_wrap.c **** };
 318:Libs/mbedtls/library/cipher_wrap.c **** 
 319:Libs/mbedtls/library/cipher_wrap.c **** static const mbedtls_cipher_info_t aes_192_cfb128_info = {
 320:Libs/mbedtls/library/cipher_wrap.c ****     MBEDTLS_CIPHER_AES_192_CFB128,
 321:Libs/mbedtls/library/cipher_wrap.c ****     MBEDTLS_MODE_CFB,
 322:Libs/mbedtls/library/cipher_wrap.c ****     192,
 323:Libs/mbedtls/library/cipher_wrap.c ****     "AES-192-CFB128",
 324:Libs/mbedtls/library/cipher_wrap.c ****     16,
 325:Libs/mbedtls/library/cipher_wrap.c ****     0,
 326:Libs/mbedtls/library/cipher_wrap.c ****     16,
 327:Libs/mbedtls/library/cipher_wrap.c ****     &aes_info
 328:Libs/mbedtls/library/cipher_wrap.c **** };
 329:Libs/mbedtls/library/cipher_wrap.c **** 
 330:Libs/mbedtls/library/cipher_wrap.c **** static const mbedtls_cipher_info_t aes_256_cfb128_info = {
 331:Libs/mbedtls/library/cipher_wrap.c ****     MBEDTLS_CIPHER_AES_256_CFB128,
 332:Libs/mbedtls/library/cipher_wrap.c ****     MBEDTLS_MODE_CFB,
 333:Libs/mbedtls/library/cipher_wrap.c ****     256,
 334:Libs/mbedtls/library/cipher_wrap.c ****     "AES-256-CFB128",
 335:Libs/mbedtls/library/cipher_wrap.c ****     16,
 336:Libs/mbedtls/library/cipher_wrap.c ****     0,
 337:Libs/mbedtls/library/cipher_wrap.c ****     16,
 338:Libs/mbedtls/library/cipher_wrap.c ****     &aes_info
 339:Libs/mbedtls/library/cipher_wrap.c **** };
 340:Libs/mbedtls/library/cipher_wrap.c **** #endif /* MBEDTLS_CIPHER_MODE_CFB */
 341:Libs/mbedtls/library/cipher_wrap.c **** 
 342:Libs/mbedtls/library/cipher_wrap.c **** #if defined(MBEDTLS_CIPHER_MODE_OFB)
 343:Libs/mbedtls/library/cipher_wrap.c **** static const mbedtls_cipher_info_t aes_128_ofb_info = {
 344:Libs/mbedtls/library/cipher_wrap.c ****     MBEDTLS_CIPHER_AES_128_OFB,
 345:Libs/mbedtls/library/cipher_wrap.c ****     MBEDTLS_MODE_OFB,
 346:Libs/mbedtls/library/cipher_wrap.c ****     128,
 347:Libs/mbedtls/library/cipher_wrap.c ****     "AES-128-OFB",
 348:Libs/mbedtls/library/cipher_wrap.c ****     16,
 349:Libs/mbedtls/library/cipher_wrap.c ****     0,
 350:Libs/mbedtls/library/cipher_wrap.c ****     16,
 351:Libs/mbedtls/library/cipher_wrap.c ****     &aes_info
 352:Libs/mbedtls/library/cipher_wrap.c **** };
 353:Libs/mbedtls/library/cipher_wrap.c **** 
ARM GAS  C:\Users\nicx5\AppData\Local\Temp\ccqgVx6p.s 			page 9


 354:Libs/mbedtls/library/cipher_wrap.c **** static const mbedtls_cipher_info_t aes_192_ofb_info = {
 355:Libs/mbedtls/library/cipher_wrap.c ****     MBEDTLS_CIPHER_AES_192_OFB,
 356:Libs/mbedtls/library/cipher_wrap.c ****     MBEDTLS_MODE_OFB,
 357:Libs/mbedtls/library/cipher_wrap.c ****     192,
 358:Libs/mbedtls/library/cipher_wrap.c ****     "AES-192-OFB",
 359:Libs/mbedtls/library/cipher_wrap.c ****     16,
 360:Libs/mbedtls/library/cipher_wrap.c ****     0,
 361:Libs/mbedtls/library/cipher_wrap.c ****     16,
 362:Libs/mbedtls/library/cipher_wrap.c ****     &aes_info
 363:Libs/mbedtls/library/cipher_wrap.c **** };
 364:Libs/mbedtls/library/cipher_wrap.c **** 
 365:Libs/mbedtls/library/cipher_wrap.c **** static const mbedtls_cipher_info_t aes_256_ofb_info = {
 366:Libs/mbedtls/library/cipher_wrap.c ****     MBEDTLS_CIPHER_AES_256_OFB,
 367:Libs/mbedtls/library/cipher_wrap.c ****     MBEDTLS_MODE_OFB,
 368:Libs/mbedtls/library/cipher_wrap.c ****     256,
 369:Libs/mbedtls/library/cipher_wrap.c ****     "AES-256-OFB",
 370:Libs/mbedtls/library/cipher_wrap.c ****     16,
 371:Libs/mbedtls/library/cipher_wrap.c ****     0,
 372:Libs/mbedtls/library/cipher_wrap.c ****     16,
 373:Libs/mbedtls/library/cipher_wrap.c ****     &aes_info
 374:Libs/mbedtls/library/cipher_wrap.c **** };
 375:Libs/mbedtls/library/cipher_wrap.c **** #endif /* MBEDTLS_CIPHER_MODE_OFB */
 376:Libs/mbedtls/library/cipher_wrap.c **** 
 377:Libs/mbedtls/library/cipher_wrap.c **** #if defined(MBEDTLS_CIPHER_MODE_CTR)
 378:Libs/mbedtls/library/cipher_wrap.c **** static const mbedtls_cipher_info_t aes_128_ctr_info = {
 379:Libs/mbedtls/library/cipher_wrap.c ****     MBEDTLS_CIPHER_AES_128_CTR,
 380:Libs/mbedtls/library/cipher_wrap.c ****     MBEDTLS_MODE_CTR,
 381:Libs/mbedtls/library/cipher_wrap.c ****     128,
 382:Libs/mbedtls/library/cipher_wrap.c ****     "AES-128-CTR",
 383:Libs/mbedtls/library/cipher_wrap.c ****     16,
 384:Libs/mbedtls/library/cipher_wrap.c ****     0,
 385:Libs/mbedtls/library/cipher_wrap.c ****     16,
 386:Libs/mbedtls/library/cipher_wrap.c ****     &aes_info
 387:Libs/mbedtls/library/cipher_wrap.c **** };
 388:Libs/mbedtls/library/cipher_wrap.c **** 
 389:Libs/mbedtls/library/cipher_wrap.c **** static const mbedtls_cipher_info_t aes_192_ctr_info = {
 390:Libs/mbedtls/library/cipher_wrap.c ****     MBEDTLS_CIPHER_AES_192_CTR,
 391:Libs/mbedtls/library/cipher_wrap.c ****     MBEDTLS_MODE_CTR,
 392:Libs/mbedtls/library/cipher_wrap.c ****     192,
 393:Libs/mbedtls/library/cipher_wrap.c ****     "AES-192-CTR",
 394:Libs/mbedtls/library/cipher_wrap.c ****     16,
 395:Libs/mbedtls/library/cipher_wrap.c ****     0,
 396:Libs/mbedtls/library/cipher_wrap.c ****     16,
 397:Libs/mbedtls/library/cipher_wrap.c ****     &aes_info
 398:Libs/mbedtls/library/cipher_wrap.c **** };
 399:Libs/mbedtls/library/cipher_wrap.c **** 
 400:Libs/mbedtls/library/cipher_wrap.c **** static const mbedtls_cipher_info_t aes_256_ctr_info = {
 401:Libs/mbedtls/library/cipher_wrap.c ****     MBEDTLS_CIPHER_AES_256_CTR,
 402:Libs/mbedtls/library/cipher_wrap.c ****     MBEDTLS_MODE_CTR,
 403:Libs/mbedtls/library/cipher_wrap.c ****     256,
 404:Libs/mbedtls/library/cipher_wrap.c ****     "AES-256-CTR",
 405:Libs/mbedtls/library/cipher_wrap.c ****     16,
 406:Libs/mbedtls/library/cipher_wrap.c ****     0,
 407:Libs/mbedtls/library/cipher_wrap.c ****     16,
 408:Libs/mbedtls/library/cipher_wrap.c ****     &aes_info
 409:Libs/mbedtls/library/cipher_wrap.c **** };
 410:Libs/mbedtls/library/cipher_wrap.c **** #endif /* MBEDTLS_CIPHER_MODE_CTR */
ARM GAS  C:\Users\nicx5\AppData\Local\Temp\ccqgVx6p.s 			page 10


 411:Libs/mbedtls/library/cipher_wrap.c **** 
 412:Libs/mbedtls/library/cipher_wrap.c **** #if defined(MBEDTLS_CIPHER_MODE_XTS)
 413:Libs/mbedtls/library/cipher_wrap.c **** static int xts_aes_setkey_enc_wrap(void *ctx, const unsigned char *key,
 414:Libs/mbedtls/library/cipher_wrap.c ****                                    unsigned int key_bitlen)
 415:Libs/mbedtls/library/cipher_wrap.c **** {
 416:Libs/mbedtls/library/cipher_wrap.c ****     mbedtls_aes_xts_context *xts_ctx = ctx;
 417:Libs/mbedtls/library/cipher_wrap.c ****     return mbedtls_aes_xts_setkey_enc(xts_ctx, key, key_bitlen);
 418:Libs/mbedtls/library/cipher_wrap.c **** }
 419:Libs/mbedtls/library/cipher_wrap.c **** 
 420:Libs/mbedtls/library/cipher_wrap.c **** static int xts_aes_setkey_dec_wrap(void *ctx, const unsigned char *key,
 421:Libs/mbedtls/library/cipher_wrap.c ****                                    unsigned int key_bitlen)
 422:Libs/mbedtls/library/cipher_wrap.c **** {
 423:Libs/mbedtls/library/cipher_wrap.c ****     mbedtls_aes_xts_context *xts_ctx = ctx;
 424:Libs/mbedtls/library/cipher_wrap.c ****     return mbedtls_aes_xts_setkey_dec(xts_ctx, key, key_bitlen);
 425:Libs/mbedtls/library/cipher_wrap.c **** }
 426:Libs/mbedtls/library/cipher_wrap.c **** 
 427:Libs/mbedtls/library/cipher_wrap.c **** static void *xts_aes_ctx_alloc(void)
 428:Libs/mbedtls/library/cipher_wrap.c **** {
 429:Libs/mbedtls/library/cipher_wrap.c ****     mbedtls_aes_xts_context *xts_ctx = mbedtls_calloc(1, sizeof(*xts_ctx));
 430:Libs/mbedtls/library/cipher_wrap.c **** 
 431:Libs/mbedtls/library/cipher_wrap.c ****     if (xts_ctx != NULL) {
 432:Libs/mbedtls/library/cipher_wrap.c ****         mbedtls_aes_xts_init(xts_ctx);
 433:Libs/mbedtls/library/cipher_wrap.c ****     }
 434:Libs/mbedtls/library/cipher_wrap.c **** 
 435:Libs/mbedtls/library/cipher_wrap.c ****     return xts_ctx;
 436:Libs/mbedtls/library/cipher_wrap.c **** }
 437:Libs/mbedtls/library/cipher_wrap.c **** 
 438:Libs/mbedtls/library/cipher_wrap.c **** static void xts_aes_ctx_free(void *ctx)
 439:Libs/mbedtls/library/cipher_wrap.c **** {
 440:Libs/mbedtls/library/cipher_wrap.c ****     mbedtls_aes_xts_context *xts_ctx = ctx;
 441:Libs/mbedtls/library/cipher_wrap.c **** 
 442:Libs/mbedtls/library/cipher_wrap.c ****     if (xts_ctx == NULL) {
 443:Libs/mbedtls/library/cipher_wrap.c ****         return;
 444:Libs/mbedtls/library/cipher_wrap.c ****     }
 445:Libs/mbedtls/library/cipher_wrap.c **** 
 446:Libs/mbedtls/library/cipher_wrap.c ****     mbedtls_aes_xts_free(xts_ctx);
 447:Libs/mbedtls/library/cipher_wrap.c ****     mbedtls_free(xts_ctx);
 448:Libs/mbedtls/library/cipher_wrap.c **** }
 449:Libs/mbedtls/library/cipher_wrap.c **** 
 450:Libs/mbedtls/library/cipher_wrap.c **** static const mbedtls_cipher_base_t xts_aes_info = {
 451:Libs/mbedtls/library/cipher_wrap.c ****     MBEDTLS_CIPHER_ID_AES,
 452:Libs/mbedtls/library/cipher_wrap.c ****     NULL,
 453:Libs/mbedtls/library/cipher_wrap.c **** #if defined(MBEDTLS_CIPHER_MODE_CBC)
 454:Libs/mbedtls/library/cipher_wrap.c ****     NULL,
 455:Libs/mbedtls/library/cipher_wrap.c **** #endif
 456:Libs/mbedtls/library/cipher_wrap.c **** #if defined(MBEDTLS_CIPHER_MODE_CFB)
 457:Libs/mbedtls/library/cipher_wrap.c ****     NULL,
 458:Libs/mbedtls/library/cipher_wrap.c **** #endif
 459:Libs/mbedtls/library/cipher_wrap.c **** #if defined(MBEDTLS_CIPHER_MODE_OFB)
 460:Libs/mbedtls/library/cipher_wrap.c ****     NULL,
 461:Libs/mbedtls/library/cipher_wrap.c **** #endif
 462:Libs/mbedtls/library/cipher_wrap.c **** #if defined(MBEDTLS_CIPHER_MODE_CTR)
 463:Libs/mbedtls/library/cipher_wrap.c ****     NULL,
 464:Libs/mbedtls/library/cipher_wrap.c **** #endif
 465:Libs/mbedtls/library/cipher_wrap.c **** #if defined(MBEDTLS_CIPHER_MODE_XTS)
 466:Libs/mbedtls/library/cipher_wrap.c ****     aes_crypt_xts_wrap,
 467:Libs/mbedtls/library/cipher_wrap.c **** #endif
ARM GAS  C:\Users\nicx5\AppData\Local\Temp\ccqgVx6p.s 			page 11


 468:Libs/mbedtls/library/cipher_wrap.c **** #if defined(MBEDTLS_CIPHER_MODE_STREAM)
 469:Libs/mbedtls/library/cipher_wrap.c ****     NULL,
 470:Libs/mbedtls/library/cipher_wrap.c **** #endif
 471:Libs/mbedtls/library/cipher_wrap.c ****     xts_aes_setkey_enc_wrap,
 472:Libs/mbedtls/library/cipher_wrap.c ****     xts_aes_setkey_dec_wrap,
 473:Libs/mbedtls/library/cipher_wrap.c ****     xts_aes_ctx_alloc,
 474:Libs/mbedtls/library/cipher_wrap.c ****     xts_aes_ctx_free
 475:Libs/mbedtls/library/cipher_wrap.c **** };
 476:Libs/mbedtls/library/cipher_wrap.c **** 
 477:Libs/mbedtls/library/cipher_wrap.c **** static const mbedtls_cipher_info_t aes_128_xts_info = {
 478:Libs/mbedtls/library/cipher_wrap.c ****     MBEDTLS_CIPHER_AES_128_XTS,
 479:Libs/mbedtls/library/cipher_wrap.c ****     MBEDTLS_MODE_XTS,
 480:Libs/mbedtls/library/cipher_wrap.c ****     256,
 481:Libs/mbedtls/library/cipher_wrap.c ****     "AES-128-XTS",
 482:Libs/mbedtls/library/cipher_wrap.c ****     16,
 483:Libs/mbedtls/library/cipher_wrap.c ****     0,
 484:Libs/mbedtls/library/cipher_wrap.c ****     16,
 485:Libs/mbedtls/library/cipher_wrap.c ****     &xts_aes_info
 486:Libs/mbedtls/library/cipher_wrap.c **** };
 487:Libs/mbedtls/library/cipher_wrap.c **** 
 488:Libs/mbedtls/library/cipher_wrap.c **** static const mbedtls_cipher_info_t aes_256_xts_info = {
 489:Libs/mbedtls/library/cipher_wrap.c ****     MBEDTLS_CIPHER_AES_256_XTS,
 490:Libs/mbedtls/library/cipher_wrap.c ****     MBEDTLS_MODE_XTS,
 491:Libs/mbedtls/library/cipher_wrap.c ****     512,
 492:Libs/mbedtls/library/cipher_wrap.c ****     "AES-256-XTS",
 493:Libs/mbedtls/library/cipher_wrap.c ****     16,
 494:Libs/mbedtls/library/cipher_wrap.c ****     0,
 495:Libs/mbedtls/library/cipher_wrap.c ****     16,
 496:Libs/mbedtls/library/cipher_wrap.c ****     &xts_aes_info
 497:Libs/mbedtls/library/cipher_wrap.c **** };
 498:Libs/mbedtls/library/cipher_wrap.c **** #endif /* MBEDTLS_CIPHER_MODE_XTS */
 499:Libs/mbedtls/library/cipher_wrap.c **** 
 500:Libs/mbedtls/library/cipher_wrap.c **** #if defined(MBEDTLS_GCM_C)
 501:Libs/mbedtls/library/cipher_wrap.c **** static int gcm_aes_setkey_wrap(void *ctx, const unsigned char *key,
 502:Libs/mbedtls/library/cipher_wrap.c ****                                unsigned int key_bitlen)
 503:Libs/mbedtls/library/cipher_wrap.c **** {
 100              		.loc 1 503 1 is_stmt 1 view -0
 101              		.cfi_startproc
 102              		@ args = 0, pretend = 0, frame = 0
 103              		@ frame_needed = 0, uses_anonymous_args = 0
 104              		.loc 1 503 1 is_stmt 0 view .LVU16
 105 0000 08B5     		push	{r3, lr}
 106              	.LCFI2:
 107              		.cfi_def_cfa_offset 8
 108              		.cfi_offset 3, -8
 109              		.cfi_offset 14, -4
 110 0002 1346     		mov	r3, r2
 504:Libs/mbedtls/library/cipher_wrap.c ****     return mbedtls_gcm_setkey((mbedtls_gcm_context *) ctx, MBEDTLS_CIPHER_ID_AES,
 111              		.loc 1 504 5 is_stmt 1 view .LVU17
 112              		.loc 1 504 12 is_stmt 0 view .LVU18
 113 0004 0A46     		mov	r2, r1
 114              	.LVL6:
 115              		.loc 1 504 12 view .LVU19
 116 0006 0221     		movs	r1, #2
 117              	.LVL7:
 118              		.loc 1 504 12 view .LVU20
 119 0008 FFF7FEFF 		bl	mbedtls_gcm_setkey
ARM GAS  C:\Users\nicx5\AppData\Local\Temp\ccqgVx6p.s 			page 12


 120              	.LVL8:
 505:Libs/mbedtls/library/cipher_wrap.c ****                               key, key_bitlen);
 506:Libs/mbedtls/library/cipher_wrap.c **** }
 121              		.loc 1 506 1 view .LVU21
 122 000c 08BD     		pop	{r3, pc}
 123              		.cfi_endproc
 124              	.LFE20:
 126              		.section	.text.aes_ctx_free,"ax",%progbits
 127              		.align	1
 128              		.syntax unified
 129              		.thumb
 130              		.thumb_func
 132              	aes_ctx_free:
 133              	.LVL9:
 134              	.LFB19:
 207:Libs/mbedtls/library/cipher_wrap.c ****     mbedtls_aes_free((mbedtls_aes_context *) ctx);
 135              		.loc 1 207 1 is_stmt 1 view -0
 136              		.cfi_startproc
 137              		@ args = 0, pretend = 0, frame = 0
 138              		@ frame_needed = 0, uses_anonymous_args = 0
 207:Libs/mbedtls/library/cipher_wrap.c ****     mbedtls_aes_free((mbedtls_aes_context *) ctx);
 139              		.loc 1 207 1 is_stmt 0 view .LVU23
 140 0000 10B5     		push	{r4, lr}
 141              	.LCFI3:
 142              		.cfi_def_cfa_offset 8
 143              		.cfi_offset 4, -8
 144              		.cfi_offset 14, -4
 145 0002 0446     		mov	r4, r0
 208:Libs/mbedtls/library/cipher_wrap.c ****     mbedtls_free(ctx);
 146              		.loc 1 208 5 is_stmt 1 view .LVU24
 147 0004 FFF7FEFF 		bl	mbedtls_aes_free
 148              	.LVL10:
 209:Libs/mbedtls/library/cipher_wrap.c **** }
 149              		.loc 1 209 5 view .LVU25
 150 0008 2046     		mov	r0, r4
 151 000a FFF7FEFF 		bl	free
 152              	.LVL11:
 210:Libs/mbedtls/library/cipher_wrap.c **** 
 153              		.loc 1 210 1 is_stmt 0 view .LVU26
 154 000e 10BD     		pop	{r4, pc}
 210:Libs/mbedtls/library/cipher_wrap.c **** 
 155              		.loc 1 210 1 view .LVU27
 156              		.cfi_endproc
 157              	.LFE19:
 159              		.section	.text.aes_ctx_alloc,"ax",%progbits
 160              		.align	1
 161              		.syntax unified
 162              		.thumb
 163              		.thumb_func
 165              	aes_ctx_alloc:
 166              	.LFB18:
 194:Libs/mbedtls/library/cipher_wrap.c ****     mbedtls_aes_context *aes = mbedtls_calloc(1, sizeof(mbedtls_aes_context));
 167              		.loc 1 194 1 is_stmt 1 view -0
 168              		.cfi_startproc
 169              		@ args = 0, pretend = 0, frame = 0
 170              		@ frame_needed = 0, uses_anonymous_args = 0
 171 0000 10B5     		push	{r4, lr}
ARM GAS  C:\Users\nicx5\AppData\Local\Temp\ccqgVx6p.s 			page 13


 172              	.LCFI4:
 173              		.cfi_def_cfa_offset 8
 174              		.cfi_offset 4, -8
 175              		.cfi_offset 14, -4
 195:Libs/mbedtls/library/cipher_wrap.c **** 
 176              		.loc 1 195 5 view .LVU29
 195:Libs/mbedtls/library/cipher_wrap.c **** 
 177              		.loc 1 195 32 is_stmt 0 view .LVU30
 178 0002 4FF48C71 		mov	r1, #280
 179 0006 0120     		movs	r0, #1
 180 0008 FFF7FEFF 		bl	calloc
 181              	.LVL12:
 197:Libs/mbedtls/library/cipher_wrap.c ****         return NULL;
 182              		.loc 1 197 5 is_stmt 1 view .LVU31
 197:Libs/mbedtls/library/cipher_wrap.c ****         return NULL;
 183              		.loc 1 197 8 is_stmt 0 view .LVU32
 184 000c 0446     		mov	r4, r0
 185 000e 08B1     		cbz	r0, .L10
 201:Libs/mbedtls/library/cipher_wrap.c **** 
 186              		.loc 1 201 5 is_stmt 1 view .LVU33
 187 0010 FFF7FEFF 		bl	mbedtls_aes_init
 188              	.LVL13:
 203:Libs/mbedtls/library/cipher_wrap.c **** }
 189              		.loc 1 203 5 view .LVU34
 190              	.L10:
 204:Libs/mbedtls/library/cipher_wrap.c **** 
 191              		.loc 1 204 1 is_stmt 0 view .LVU35
 192 0014 2046     		mov	r0, r4
 193 0016 10BD     		pop	{r4, pc}
 204:Libs/mbedtls/library/cipher_wrap.c **** 
 194              		.loc 1 204 1 view .LVU36
 195              		.cfi_endproc
 196              	.LFE18:
 198              		.section	.text.aes_setkey_dec_wrap,"ax",%progbits
 199              		.align	1
 200              		.syntax unified
 201              		.thumb
 202              		.thumb_func
 204              	aes_setkey_dec_wrap:
 205              	.LVL14:
 206              	.LFB16:
 183:Libs/mbedtls/library/cipher_wrap.c ****     return mbedtls_aes_setkey_dec((mbedtls_aes_context *) ctx, key, key_bitlen);
 207              		.loc 1 183 1 is_stmt 1 view -0
 208              		.cfi_startproc
 209              		@ args = 0, pretend = 0, frame = 0
 210              		@ frame_needed = 0, uses_anonymous_args = 0
 183:Libs/mbedtls/library/cipher_wrap.c ****     return mbedtls_aes_setkey_dec((mbedtls_aes_context *) ctx, key, key_bitlen);
 211              		.loc 1 183 1 is_stmt 0 view .LVU38
 212 0000 08B5     		push	{r3, lr}
 213              	.LCFI5:
 214              		.cfi_def_cfa_offset 8
 215              		.cfi_offset 3, -8
 216              		.cfi_offset 14, -4
 184:Libs/mbedtls/library/cipher_wrap.c **** }
 217              		.loc 1 184 5 is_stmt 1 view .LVU39
 184:Libs/mbedtls/library/cipher_wrap.c **** }
 218              		.loc 1 184 12 is_stmt 0 view .LVU40
ARM GAS  C:\Users\nicx5\AppData\Local\Temp\ccqgVx6p.s 			page 14


 219 0002 FFF7FEFF 		bl	mbedtls_aes_setkey_dec
 220              	.LVL15:
 185:Libs/mbedtls/library/cipher_wrap.c **** 
 221              		.loc 1 185 1 view .LVU41
 222 0006 08BD     		pop	{r3, pc}
 223              		.cfi_endproc
 224              	.LFE16:
 226              		.section	.text.aes_setkey_enc_wrap,"ax",%progbits
 227              		.align	1
 228              		.syntax unified
 229              		.thumb
 230              		.thumb_func
 232              	aes_setkey_enc_wrap:
 233              	.LVL16:
 234              	.LFB17:
 189:Libs/mbedtls/library/cipher_wrap.c ****     return mbedtls_aes_setkey_enc((mbedtls_aes_context *) ctx, key, key_bitlen);
 235              		.loc 1 189 1 is_stmt 1 view -0
 236              		.cfi_startproc
 237              		@ args = 0, pretend = 0, frame = 0
 238              		@ frame_needed = 0, uses_anonymous_args = 0
 189:Libs/mbedtls/library/cipher_wrap.c ****     return mbedtls_aes_setkey_enc((mbedtls_aes_context *) ctx, key, key_bitlen);
 239              		.loc 1 189 1 is_stmt 0 view .LVU43
 240 0000 08B5     		push	{r3, lr}
 241              	.LCFI6:
 242              		.cfi_def_cfa_offset 8
 243              		.cfi_offset 3, -8
 244              		.cfi_offset 14, -4
 190:Libs/mbedtls/library/cipher_wrap.c **** }
 245              		.loc 1 190 5 is_stmt 1 view .LVU44
 190:Libs/mbedtls/library/cipher_wrap.c **** }
 246              		.loc 1 190 12 is_stmt 0 view .LVU45
 247 0002 FFF7FEFF 		bl	mbedtls_aes_setkey_enc
 248              	.LVL17:
 191:Libs/mbedtls/library/cipher_wrap.c **** 
 249              		.loc 1 191 1 view .LVU46
 250 0006 08BD     		pop	{r3, pc}
 251              		.cfi_endproc
 252              	.LFE17:
 254              		.section	.text.aes_crypt_ecb_wrap,"ax",%progbits
 255              		.align	1
 256              		.syntax unified
 257              		.thumb
 258              		.thumb_func
 260              	aes_crypt_ecb_wrap:
 261              	.LVL18:
 262              	.LFB15:
 113:Libs/mbedtls/library/cipher_wrap.c ****     return mbedtls_aes_crypt_ecb((mbedtls_aes_context *) ctx, operation, input, output);
 263              		.loc 1 113 1 is_stmt 1 view -0
 264              		.cfi_startproc
 265              		@ args = 0, pretend = 0, frame = 0
 266              		@ frame_needed = 0, uses_anonymous_args = 0
 113:Libs/mbedtls/library/cipher_wrap.c ****     return mbedtls_aes_crypt_ecb((mbedtls_aes_context *) ctx, operation, input, output);
 267              		.loc 1 113 1 is_stmt 0 view .LVU48
 268 0000 08B5     		push	{r3, lr}
 269              	.LCFI7:
 270              		.cfi_def_cfa_offset 8
 271              		.cfi_offset 3, -8
ARM GAS  C:\Users\nicx5\AppData\Local\Temp\ccqgVx6p.s 			page 15


 272              		.cfi_offset 14, -4
 114:Libs/mbedtls/library/cipher_wrap.c **** }
 273              		.loc 1 114 5 is_stmt 1 view .LVU49
 114:Libs/mbedtls/library/cipher_wrap.c **** }
 274              		.loc 1 114 12 is_stmt 0 view .LVU50
 275 0002 FFF7FEFF 		bl	mbedtls_aes_crypt_ecb
 276              	.LVL19:
 115:Libs/mbedtls/library/cipher_wrap.c **** 
 277              		.loc 1 115 1 view .LVU51
 278 0006 08BD     		pop	{r3, pc}
 279              		.cfi_endproc
 280              	.LFE15:
 282              		.global	mbedtls_cipher_supported
 283              		.section	.bss.mbedtls_cipher_supported,"aw",%nobits
 284              		.align	2
 287              	mbedtls_cipher_supported:
 288 0000 00000000 		.space	28
 288      00000000 
 288      00000000 
 288      00000000 
 288      00000000 
 289              		.global	mbedtls_cipher_definitions
 290              		.section	.rodata.mbedtls_cipher_definitions,"a"
 291              		.align	2
 294              	mbedtls_cipher_definitions:
 295 0000 02       		.byte	2
 296 0001 000000   		.space	3
 297 0004 00000000 		.word	aes_128_ecb_info
 298 0008 03       		.byte	3
 299 0009 000000   		.space	3
 300 000c 00000000 		.word	aes_192_ecb_info
 301 0010 04       		.byte	4
 302 0011 000000   		.space	3
 303 0014 00000000 		.word	aes_256_ecb_info
 304 0018 0E       		.byte	14
 305 0019 000000   		.space	3
 306 001c 00000000 		.word	aes_128_gcm_info
 307 0020 0F       		.byte	15
 308 0021 000000   		.space	3
 309 0024 00000000 		.word	aes_192_gcm_info
 310 0028 10       		.byte	16
 311 0029 000000   		.space	3
 312 002c 00000000 		.word	aes_256_gcm_info
 313 0030 00       		.byte	0
 314 0031 000000   		.space	3
 315 0034 00000000 		.word	0
 316              		.section	.rodata.str1.4,"aMS",%progbits,1
 317              		.align	2
 318              	.LC0:
 319 0000 4145532D 		.ascii	"AES-256-GCM\000"
 319      3235362D 
 319      47434D00 
 320              		.section	.rodata.aes_256_gcm_info,"a"
 321              		.align	2
 324              	aes_256_gcm_info:
 325 0000 10       		.byte	16
 326 0001 06       		.byte	6
ARM GAS  C:\Users\nicx5\AppData\Local\Temp\ccqgVx6p.s 			page 16


 327 0002 0000     		.space	2
 328 0004 00010000 		.word	256
 329 0008 00000000 		.word	.LC0
 330 000c 0C000000 		.word	12
 331 0010 01000000 		.word	1
 332 0014 10000000 		.word	16
 333 0018 00000000 		.word	gcm_aes_info
 334              		.section	.rodata.str1.4
 335              		.align	2
 336              	.LC1:
 337 000c 4145532D 		.ascii	"AES-192-GCM\000"
 337      3139322D 
 337      47434D00 
 338              		.section	.rodata.aes_192_gcm_info,"a"
 339              		.align	2
 342              	aes_192_gcm_info:
 343 0000 0F       		.byte	15
 344 0001 06       		.byte	6
 345 0002 0000     		.space	2
 346 0004 C0000000 		.word	192
 347 0008 0C000000 		.word	.LC1
 348 000c 0C000000 		.word	12
 349 0010 01000000 		.word	1
 350 0014 10000000 		.word	16
 351 0018 00000000 		.word	gcm_aes_info
 352              		.section	.rodata.str1.4
 353              		.align	2
 354              	.LC2:
 355 0018 4145532D 		.ascii	"AES-128-GCM\000"
 355      3132382D 
 355      47434D00 
 356              		.section	.rodata.aes_128_gcm_info,"a"
 357              		.align	2
 360              	aes_128_gcm_info:
 361 0000 0E       		.byte	14
 362 0001 06       		.byte	6
 363 0002 0000     		.space	2
 364 0004 80000000 		.word	128
 365 0008 18000000 		.word	.LC2
 366 000c 0C000000 		.word	12
 367 0010 01000000 		.word	1
 368 0014 10000000 		.word	16
 369 0018 00000000 		.word	gcm_aes_info
 370              		.section	.rodata.gcm_aes_info,"a"
 371              		.align	2
 374              	gcm_aes_info:
 375 0000 02       		.byte	2
 376 0001 000000   		.space	3
 377 0004 00000000 		.word	0
 378 0008 00000000 		.word	gcm_aes_setkey_wrap
 379 000c 00000000 		.word	gcm_aes_setkey_wrap
 380 0010 00000000 		.word	gcm_ctx_alloc
 381 0014 00000000 		.word	gcm_ctx_free
 382              		.section	.rodata.str1.4
 383              		.align	2
 384              	.LC3:
 385 0024 4145532D 		.ascii	"AES-256-ECB\000"
ARM GAS  C:\Users\nicx5\AppData\Local\Temp\ccqgVx6p.s 			page 17


 385      3235362D 
 385      45434200 
 386              		.section	.rodata.aes_256_ecb_info,"a"
 387              		.align	2
 390              	aes_256_ecb_info:
 391 0000 04       		.byte	4
 392 0001 01       		.byte	1
 393 0002 0000     		.space	2
 394 0004 00010000 		.word	256
 395 0008 24000000 		.word	.LC3
 396 000c 00000000 		.word	0
 397 0010 00000000 		.word	0
 398 0014 10000000 		.word	16
 399 0018 00000000 		.word	aes_info
 400              		.section	.rodata.str1.4
 401              		.align	2
 402              	.LC4:
 403 0030 4145532D 		.ascii	"AES-192-ECB\000"
 403      3139322D 
 403      45434200 
 404              		.section	.rodata.aes_192_ecb_info,"a"
 405              		.align	2
 408              	aes_192_ecb_info:
 409 0000 03       		.byte	3
 410 0001 01       		.byte	1
 411 0002 0000     		.space	2
 412 0004 C0000000 		.word	192
 413 0008 30000000 		.word	.LC4
 414 000c 00000000 		.word	0
 415 0010 00000000 		.word	0
 416 0014 10000000 		.word	16
 417 0018 00000000 		.word	aes_info
 418              		.section	.rodata.str1.4
 419              		.align	2
 420              	.LC5:
 421 003c 4145532D 		.ascii	"AES-128-ECB\000"
 421      3132382D 
 421      45434200 
 422              		.section	.rodata.aes_128_ecb_info,"a"
 423              		.align	2
 426              	aes_128_ecb_info:
 427 0000 02       		.byte	2
 428 0001 01       		.byte	1
 429 0002 0000     		.space	2
 430 0004 80000000 		.word	128
 431 0008 3C000000 		.word	.LC5
 432 000c 00000000 		.word	0
 433 0010 00000000 		.word	0
 434 0014 10000000 		.word	16
 435 0018 00000000 		.word	aes_info
 436              		.section	.rodata.aes_info,"a"
 437              		.align	2
 440              	aes_info:
 441 0000 02       		.byte	2
 442 0001 000000   		.space	3
 443 0004 00000000 		.word	aes_crypt_ecb_wrap
 444 0008 00000000 		.word	aes_setkey_enc_wrap
ARM GAS  C:\Users\nicx5\AppData\Local\Temp\ccqgVx6p.s 			page 18


 445 000c 00000000 		.word	aes_setkey_dec_wrap
 446 0010 00000000 		.word	aes_ctx_alloc
 447 0014 00000000 		.word	aes_ctx_free
 448              		.text
 449              	.Letext0:
 450              		.file 2 "D:/Program Files/msys64/mingw64/lib/gcc/arm-none-eabi/13.3.0/include/stddef.h"
 451              		.file 3 "D:/Program Files/msys64/mingw64/arm-none-eabi/include/machine/_default_types.h"
 452              		.file 4 "D:/Program Files/msys64/mingw64/arm-none-eabi/include/sys/_stdint.h"
 453              		.file 5 "Libs/mbedtls/include/mbedtls/cipher.h"
 454              		.file 6 "Libs/mbedtls/include/mbedtls/cipher_internal.h"
 455              		.file 7 "Libs/mbedtls/include/mbedtls/aes.h"
 456              		.file 8 "Libs/mbedtls/include/mbedtls/gcm.h"
 457              		.file 9 "D:/Program Files/msys64/mingw64/arm-none-eabi/include/stdlib.h"
ARM GAS  C:\Users\nicx5\AppData\Local\Temp\ccqgVx6p.s 			page 19


DEFINED SYMBOLS
                            *ABS*:00000000 cipher_wrap.c
C:\Users\nicx5\AppData\Local\Temp\ccqgVx6p.s:20     .text.gcm_ctx_free:00000000 $t
C:\Users\nicx5\AppData\Local\Temp\ccqgVx6p.s:25     .text.gcm_ctx_free:00000000 gcm_ctx_free
C:\Users\nicx5\AppData\Local\Temp\ccqgVx6p.s:53     .text.gcm_ctx_alloc:00000000 $t
C:\Users\nicx5\AppData\Local\Temp\ccqgVx6p.s:58     .text.gcm_ctx_alloc:00000000 gcm_ctx_alloc
C:\Users\nicx5\AppData\Local\Temp\ccqgVx6p.s:92     .text.gcm_aes_setkey_wrap:00000000 $t
C:\Users\nicx5\AppData\Local\Temp\ccqgVx6p.s:97     .text.gcm_aes_setkey_wrap:00000000 gcm_aes_setkey_wrap
C:\Users\nicx5\AppData\Local\Temp\ccqgVx6p.s:127    .text.aes_ctx_free:00000000 $t
C:\Users\nicx5\AppData\Local\Temp\ccqgVx6p.s:132    .text.aes_ctx_free:00000000 aes_ctx_free
C:\Users\nicx5\AppData\Local\Temp\ccqgVx6p.s:160    .text.aes_ctx_alloc:00000000 $t
C:\Users\nicx5\AppData\Local\Temp\ccqgVx6p.s:165    .text.aes_ctx_alloc:00000000 aes_ctx_alloc
C:\Users\nicx5\AppData\Local\Temp\ccqgVx6p.s:199    .text.aes_setkey_dec_wrap:00000000 $t
C:\Users\nicx5\AppData\Local\Temp\ccqgVx6p.s:204    .text.aes_setkey_dec_wrap:00000000 aes_setkey_dec_wrap
C:\Users\nicx5\AppData\Local\Temp\ccqgVx6p.s:227    .text.aes_setkey_enc_wrap:00000000 $t
C:\Users\nicx5\AppData\Local\Temp\ccqgVx6p.s:232    .text.aes_setkey_enc_wrap:00000000 aes_setkey_enc_wrap
C:\Users\nicx5\AppData\Local\Temp\ccqgVx6p.s:255    .text.aes_crypt_ecb_wrap:00000000 $t
C:\Users\nicx5\AppData\Local\Temp\ccqgVx6p.s:260    .text.aes_crypt_ecb_wrap:00000000 aes_crypt_ecb_wrap
C:\Users\nicx5\AppData\Local\Temp\ccqgVx6p.s:287    .bss.mbedtls_cipher_supported:00000000 mbedtls_cipher_supported
C:\Users\nicx5\AppData\Local\Temp\ccqgVx6p.s:284    .bss.mbedtls_cipher_supported:00000000 $d
C:\Users\nicx5\AppData\Local\Temp\ccqgVx6p.s:294    .rodata.mbedtls_cipher_definitions:00000000 mbedtls_cipher_definitions
C:\Users\nicx5\AppData\Local\Temp\ccqgVx6p.s:291    .rodata.mbedtls_cipher_definitions:00000000 $d
C:\Users\nicx5\AppData\Local\Temp\ccqgVx6p.s:426    .rodata.aes_128_ecb_info:00000000 aes_128_ecb_info
C:\Users\nicx5\AppData\Local\Temp\ccqgVx6p.s:408    .rodata.aes_192_ecb_info:00000000 aes_192_ecb_info
C:\Users\nicx5\AppData\Local\Temp\ccqgVx6p.s:390    .rodata.aes_256_ecb_info:00000000 aes_256_ecb_info
C:\Users\nicx5\AppData\Local\Temp\ccqgVx6p.s:360    .rodata.aes_128_gcm_info:00000000 aes_128_gcm_info
C:\Users\nicx5\AppData\Local\Temp\ccqgVx6p.s:342    .rodata.aes_192_gcm_info:00000000 aes_192_gcm_info
C:\Users\nicx5\AppData\Local\Temp\ccqgVx6p.s:324    .rodata.aes_256_gcm_info:00000000 aes_256_gcm_info
C:\Users\nicx5\AppData\Local\Temp\ccqgVx6p.s:317    .rodata.str1.4:00000000 $d
C:\Users\nicx5\AppData\Local\Temp\ccqgVx6p.s:321    .rodata.aes_256_gcm_info:00000000 $d
C:\Users\nicx5\AppData\Local\Temp\ccqgVx6p.s:374    .rodata.gcm_aes_info:00000000 gcm_aes_info
C:\Users\nicx5\AppData\Local\Temp\ccqgVx6p.s:339    .rodata.aes_192_gcm_info:00000000 $d
C:\Users\nicx5\AppData\Local\Temp\ccqgVx6p.s:357    .rodata.aes_128_gcm_info:00000000 $d
C:\Users\nicx5\AppData\Local\Temp\ccqgVx6p.s:371    .rodata.gcm_aes_info:00000000 $d
C:\Users\nicx5\AppData\Local\Temp\ccqgVx6p.s:387    .rodata.aes_256_ecb_info:00000000 $d
C:\Users\nicx5\AppData\Local\Temp\ccqgVx6p.s:440    .rodata.aes_info:00000000 aes_info
C:\Users\nicx5\AppData\Local\Temp\ccqgVx6p.s:405    .rodata.aes_192_ecb_info:00000000 $d
C:\Users\nicx5\AppData\Local\Temp\ccqgVx6p.s:423    .rodata.aes_128_ecb_info:00000000 $d
C:\Users\nicx5\AppData\Local\Temp\ccqgVx6p.s:437    .rodata.aes_info:00000000 $d

UNDEFINED SYMBOLS
mbedtls_gcm_free
free
calloc
mbedtls_gcm_init
mbedtls_gcm_setkey
mbedtls_aes_free
mbedtls_aes_init
mbedtls_aes_setkey_dec
mbedtls_aes_setkey_enc
mbedtls_aes_crypt_ecb
