ARM GAS  C:\Users\nicx5\AppData\Local\Temp\cc5XxntE.s 			page 1


   1              		.cpu cortex-m7
   2              		.arch armv7e-m
   3              		.fpu fpv5-d16
   4              		.eabi_attribute 28, 1
   5              		.eabi_attribute 20, 1
   6              		.eabi_attribute 21, 1
   7              		.eabi_attribute 23, 3
   8              		.eabi_attribute 24, 1
   9              		.eabi_attribute 25, 1
  10              		.eabi_attribute 26, 1
  11              		.eabi_attribute 30, 1
  12              		.eabi_attribute 34, 1
  13              		.eabi_attribute 18, 4
  14              		.file	"safe_recovery_state.cpp"
  15              		.text
  16              	.Ltext0:
  17              		.cfi_sections	.debug_frame
  18              		.file 1 "Src/system/states/safe_recovery_state.cpp"
  19              		.section	.text._ZN17SafeRecoveryStateD2Ev,"axG",%progbits,_ZN17SafeRecoveryStateD5Ev,comdat
  20              		.align	1
  21              		.weak	_ZN17SafeRecoveryStateD2Ev
  22              		.syntax unified
  23              		.thumb
  24              		.thumb_func
  26              	_ZN17SafeRecoveryStateD2Ev:
  27              	.LVL0:
  28              	.LFB12:
  29              		.file 2 "Inc/system/states/safe_recovery_state.hpp"
   1:Inc/system/states/safe_recovery_state.hpp **** #ifndef SAFE_RECOVERY_STATE_HPP
   2:Inc/system/states/safe_recovery_state.hpp **** #define SAFE_RECOVERY_STATE_HPP
   3:Inc/system/states/safe_recovery_state.hpp **** 
   4:Inc/system/states/safe_recovery_state.hpp **** #include "base_state.hpp"
   5:Inc/system/states/safe_recovery_state.hpp **** 
   6:Inc/system/states/safe_recovery_state.hpp **** class SafeRecoveryState final : public BaseState {
  30              		.loc 2 6 7 view -0
  31              		.cfi_startproc
  32              		@ args = 0, pretend = 0, frame = 0
  33              		@ frame_needed = 0, uses_anonymous_args = 0
  34              		@ link register save eliminated.
  35              	.LBB26:
  36              		.loc 2 6 7 is_stmt 0 view .LVU1
  37 0000 024A     		ldr	r2, .L2
  38 0002 0260     		str	r2, [r0]
  39              	.LVL1:
  40              	.LBB27:
  41              	.LBI27:
  42              		.file 3 "Inc/system/states/base_state.hpp"
   1:Inc/system/states/base_state.hpp **** #ifndef __BASE_STATE_H__
   2:Inc/system/states/base_state.hpp **** #define __BASE_STATE_H__
   3:Inc/system/states/base_state.hpp **** 
   4:Inc/system/states/base_state.hpp **** class BaseState {
   5:Inc/system/states/base_state.hpp ****     public:
   6:Inc/system/states/base_state.hpp ****         virtual ~BaseState() = default;
  43              		.loc 3 6 17 is_stmt 1 view .LVU2
  44              	.LBB28:
  45 0004 024A     		ldr	r2, .L2+4
  46 0006 0260     		str	r2, [r0]
ARM GAS  C:\Users\nicx5\AppData\Local\Temp\cc5XxntE.s 			page 2


  47              	.LVL2:
  48              		.loc 3 6 17 is_stmt 0 view .LVU3
  49              	.LBE28:
  50              	.LBE27:
  51              	.LBE26:
  52              		.loc 2 6 7 view .LVU4
  53 0008 7047     		bx	lr
  54              	.L3:
  55 000a 00BF     		.align	2
  56              	.L2:
  57 000c 08000000 		.word	_ZTV17SafeRecoveryState+8
  58 0010 08000000 		.word	_ZTV9BaseState+8
  59              		.cfi_endproc
  60              	.LFE12:
  62              		.weak	_ZN17SafeRecoveryStateD1Ev
  63              		.thumb_set _ZN17SafeRecoveryStateD1Ev,_ZN17SafeRecoveryStateD2Ev
  64              		.section	.text._ZN17SafeRecoveryState4exitEv,"ax",%progbits
  65              		.align	1
  66              		.global	_ZN17SafeRecoveryState4exitEv
  67              		.syntax unified
  68              		.thumb
  69              		.thumb_func
  71              	_ZN17SafeRecoveryState4exitEv:
  72              	.LVL3:
  73              	.LFB1916:
   1:Src/system/states/safe_recovery_state.cpp **** #include "states/safe_recovery_state.hpp"
   2:Src/system/states/safe_recovery_state.cpp **** 
   3:Src/system/states/safe_recovery_state.cpp **** #include "board_cfg.h"
   4:Src/system/states/safe_recovery_state.cpp **** #include "board_power.hpp"
   5:Src/system/states/safe_recovery_state.cpp **** #include "ch585_role_bootstrap.hpp"
   6:Src/system/states/safe_recovery_state.cpp **** #include "rf_bridge_port.hpp"
   7:Src/system/states/safe_recovery_state.cpp **** #include "usb_board_link.hpp"
   8:Src/system/states/safe_recovery_state.cpp **** #include "usbdriver.hpp"
   9:Src/system/states/safe_recovery_state.cpp **** #include "system_logger.h"
  10:Src/system/states/safe_recovery_state.cpp **** #include "release_installer.hpp"
  11:Src/system/states/safe_recovery_state.cpp **** #include "stm32h7xx_hal.h"
  12:Src/system/states/safe_recovery_state.cpp **** #include "screen_control/spi_screen_manager.hpp"
  13:Src/system/states/safe_recovery_state.cpp **** 
  14:Src/system/states/safe_recovery_state.cpp **** bool SafeRecoveryState::enter()
  15:Src/system/states/safe_recovery_state.cpp **** {
  16:Src/system/states/safe_recovery_state.cpp ****     USB_DRIVER.shutdown();
  17:Src/system/states/safe_recovery_state.cpp ****     USB_BOARD_LINK.shutdown();
  18:Src/system/states/safe_recovery_state.cpp ****     CH585_ROLE_BOOTSTRAP.shutdown();
  19:Src/system/states/safe_recovery_state.cpp ****     RFBridgePort_Shutdown();
  20:Src/system/states/safe_recovery_state.cpp ****     BOARD_POWER.enterRecoveryUiState();
  21:Src/system/states/safe_recovery_state.cpp ****     BOARD_POWER.setCh585Enabled(false);
  22:Src/system/states/safe_recovery_state.cpp ****     if(RELEASE_INSTALLER.failed())SPIScreenManager::getInstance().showFirmwareRecovery();
  23:Src/system/states/safe_recovery_state.cpp ****     APP_STAGE_ERROR("A13R", "entered safe recovery state; CH585 transports disabled");
  24:Src/system/states/safe_recovery_state.cpp ****     return true;
  25:Src/system/states/safe_recovery_state.cpp **** }
  26:Src/system/states/safe_recovery_state.cpp **** 
  27:Src/system/states/safe_recovery_state.cpp **** void SafeRecoveryState::tick()
  28:Src/system/states/safe_recovery_state.cpp **** {
  29:Src/system/states/safe_recovery_state.cpp ****     // Local recovery is independent of the missing TX maintenance channel.
  30:Src/system/states/safe_recovery_state.cpp ****     // Require release before a deliberate two-second physical GPIO1+FN hold.
  31:Src/system/states/safe_recovery_state.cpp ****     static bool armed=false;
  32:Src/system/states/safe_recovery_state.cpp ****     static uint32_t held=0;
ARM GAS  C:\Users\nicx5\AppData\Local\Temp\cc5XxntE.s 			page 3


  33:Src/system/states/safe_recovery_state.cpp ****     const bool a=HAL_GPIO_ReadPin(GPIO_BTN1_PORT,GPIO_BTN1_PIN)==GPIO_PIN_RESET;
  34:Src/system/states/safe_recovery_state.cpp ****     const bool b=HAL_GPIO_ReadPin(GPIO_BTN4_PORT,GPIO_BTN4_PIN)==GPIO_PIN_RESET;
  35:Src/system/states/safe_recovery_state.cpp ****     if(!a && !b){armed=true;held=0;}
  36:Src/system/states/safe_recovery_state.cpp ****     else if(armed && a && b && RELEASE_INSTALLER.failed()) {
  37:Src/system/states/safe_recovery_state.cpp ****         if(!held)held=HAL_GetTick();
  38:Src/system/states/safe_recovery_state.cpp ****         if(HAL_GetTick()-held>=2000){armed=false;held=0;(void)RELEASE_INSTALLER.retry();}
  39:Src/system/states/safe_recovery_state.cpp ****     } else held=0;
  40:Src/system/states/safe_recovery_state.cpp **** }
  41:Src/system/states/safe_recovery_state.cpp **** 
  42:Src/system/states/safe_recovery_state.cpp **** void SafeRecoveryState::exit()
  43:Src/system/states/safe_recovery_state.cpp **** {
  74              		.loc 1 43 1 is_stmt 1 view -0
  75              		.cfi_startproc
  76              		@ args = 0, pretend = 0, frame = 0
  77              		@ frame_needed = 0, uses_anonymous_args = 0
  78              		@ link register save eliminated.
  44:Src/system/states/safe_recovery_state.cpp **** }
  79              		.loc 1 44 1 is_stmt 0 view .LVU6
  80 0000 7047     		bx	lr
  81              		.cfi_endproc
  82              	.LFE1916:
  84              		.section	.text._ZN17SafeRecoveryState5enterEv,"ax",%progbits
  85              		.align	1
  86              		.global	_ZN17SafeRecoveryState5enterEv
  87              		.syntax unified
  88              		.thumb
  89              		.thumb_func
  91              	_ZN17SafeRecoveryState5enterEv:
  92              	.LVL4:
  93              	.LFB1914:
  15:Src/system/states/safe_recovery_state.cpp ****     USB_DRIVER.shutdown();
  94              		.loc 1 15 1 is_stmt 1 view -0
  95              		.cfi_startproc
  96              		@ args = 0, pretend = 0, frame = 0
  97              		@ frame_needed = 0, uses_anonymous_args = 0
  15:Src/system/states/safe_recovery_state.cpp ****     USB_DRIVER.shutdown();
  98              		.loc 1 15 1 is_stmt 0 view .LVU8
  99 0000 10B5     		push	{r4, lr}
 100              	.LCFI0:
 101              		.cfi_def_cfa_offset 8
 102              		.cfi_offset 4, -8
 103              		.cfi_offset 14, -4
  16:Src/system/states/safe_recovery_state.cpp ****     USB_BOARD_LINK.shutdown();
 104              		.loc 1 16 5 is_stmt 1 view .LVU9
 105              	.LBB29:
 106              	.LBI29:
 107              		.file 4 "Inc/transport/usb/usbdriver.hpp"
   1:Inc/transport/usb/usbdriver.hpp **** #ifndef USB_DRIVER_HPP
   2:Inc/transport/usb/usbdriver.hpp **** #define USB_DRIVER_HPP
   3:Inc/transport/usb/usbdriver.hpp **** 
   4:Inc/transport/usb/usbdriver.hpp **** #include <stdint.h>
   5:Inc/transport/usb/usbdriver.hpp **** 
   6:Inc/transport/usb/usbdriver.hpp **** #include "enums.hpp"
   7:Inc/transport/usb/usbdriver.hpp **** #include "gamepad/GamepadState.hpp"
   8:Inc/transport/usb/usbdriver.hpp **** #include "usb_board_link_protocol.h"
   9:Inc/transport/usb/usbdriver.hpp **** #include "usb_report_rate_policy.hpp"
  10:Inc/transport/usb/usbdriver.hpp **** 
ARM GAS  C:\Users\nicx5\AppData\Local\Temp\cc5XxntE.s 			page 4


  11:Inc/transport/usb/usbdriver.hpp **** bool get_usb_mounted(void);
  12:Inc/transport/usb/usbdriver.hpp **** bool get_usb_suspended(void);
  13:Inc/transport/usb/usbdriver.hpp **** 
  14:Inc/transport/usb/usbdriver.hpp **** class USBDriver
  15:Inc/transport/usb/usbdriver.hpp **** {
  16:Inc/transport/usb/usbdriver.hpp **** public:
  17:Inc/transport/usb/usbdriver.hpp ****     USBDriver(const USBDriver &) = delete;
  18:Inc/transport/usb/usbdriver.hpp ****     USBDriver &operator=(const USBDriver &) = delete;
  19:Inc/transport/usb/usbdriver.hpp **** 
  20:Inc/transport/usb/usbdriver.hpp ****     static USBDriver &getInstance()
 108              		.loc 4 20 23 view .LVU10
  21:Inc/transport/usb/usbdriver.hpp ****     {
  22:Inc/transport/usb/usbdriver.hpp ****         static USBDriver instance;
 109              		.loc 4 22 9 view .LVU11
  23:Inc/transport/usb/usbdriver.hpp ****         return instance;
 110              		.loc 4 23 9 view .LVU12
 111              	.LBE29:
  16:Src/system/states/safe_recovery_state.cpp ****     USB_BOARD_LINK.shutdown();
 112              		.loc 1 16 24 is_stmt 0 discriminator 1 view .LVU13
 113 0002 0F48     		ldr	r0, .L9
 114              	.LVL5:
  16:Src/system/states/safe_recovery_state.cpp ****     USB_BOARD_LINK.shutdown();
 115              		.loc 1 16 24 discriminator 1 view .LVU14
 116 0004 FFF7FEFF 		bl	_ZN9USBDriver8shutdownEv
 117              	.LVL6:
  17:Src/system/states/safe_recovery_state.cpp ****     CH585_ROLE_BOOTSTRAP.shutdown();
 118              		.loc 1 17 5 is_stmt 1 view .LVU15
 119              	.LBB30:
 120              	.LBI30:
 121              		.file 5 "Inc/transport/usb/usb_board_link.hpp"
   1:Inc/transport/usb/usb_board_link.hpp **** #ifndef USB_BOARD_LINK_HPP
   2:Inc/transport/usb/usb_board_link.hpp **** #define USB_BOARD_LINK_HPP
   3:Inc/transport/usb/usb_board_link.hpp **** 
   4:Inc/transport/usb/usb_board_link.hpp **** #include <stdint.h>
   5:Inc/transport/usb/usb_board_link.hpp **** 
   6:Inc/transport/usb/usb_board_link.hpp **** #include "ch585_role_bootstrap.hpp"
   7:Inc/transport/usb/usb_board_link.hpp **** #include "usb_board_link_protocol.h"
   8:Inc/transport/usb/usb_board_link.hpp **** #include "release_install_protocol.h"
   9:Inc/transport/usb/usb_board_link.hpp **** 
  10:Inc/transport/usb/usb_board_link.hpp **** class UsbBoardLink
  11:Inc/transport/usb/usb_board_link.hpp **** {
  12:Inc/transport/usb/usb_board_link.hpp **** public:
  13:Inc/transport/usb/usb_board_link.hpp ****     UsbBoardLink(UsbBoardLink const &) = delete;
  14:Inc/transport/usb/usb_board_link.hpp ****     void operator=(UsbBoardLink const &) = delete;
  15:Inc/transport/usb/usb_board_link.hpp **** 
  16:Inc/transport/usb/usb_board_link.hpp ****     static UsbBoardLink &getInstance()
 122              		.loc 5 16 26 view .LVU16
  17:Inc/transport/usb/usb_board_link.hpp ****     {
  18:Inc/transport/usb/usb_board_link.hpp ****         static UsbBoardLink instance;
 123              		.loc 5 18 9 view .LVU17
  19:Inc/transport/usb/usb_board_link.hpp ****         return instance;
 124              		.loc 5 19 9 view .LVU18
 125              	.LBE30:
  17:Src/system/states/safe_recovery_state.cpp ****     CH585_ROLE_BOOTSTRAP.shutdown();
 126              		.loc 1 17 28 is_stmt 0 discriminator 1 view .LVU19
 127 0008 0E48     		ldr	r0, .L9+4
 128 000a FFF7FEFF 		bl	_ZN12UsbBoardLink8shutdownEv
ARM GAS  C:\Users\nicx5\AppData\Local\Temp\cc5XxntE.s 			page 5


 129              	.LVL7:
  18:Src/system/states/safe_recovery_state.cpp ****     RFBridgePort_Shutdown();
 130              		.loc 1 18 5 is_stmt 1 view .LVU20
 131              	.LBB31:
 132              	.LBI31:
 133              		.file 6 "Inc/transport/ch585_role_bootstrap.hpp"
   1:Inc/transport/ch585_role_bootstrap.hpp **** #ifndef CH585_ROLE_BOOTSTRAP_HPP
   2:Inc/transport/ch585_role_bootstrap.hpp **** #define CH585_ROLE_BOOTSTRAP_HPP
   3:Inc/transport/ch585_role_bootstrap.hpp **** 
   4:Inc/transport/ch585_role_bootstrap.hpp **** #include <stdint.h>
   5:Inc/transport/ch585_role_bootstrap.hpp **** 
   6:Inc/transport/ch585_role_bootstrap.hpp **** enum class Ch585Role : uint8_t {
   7:Inc/transport/ch585_role_bootstrap.hpp ****     SafeIdle = 0x00,
   8:Inc/transport/ch585_role_bootstrap.hpp ****     Rf = 0x01,
   9:Inc/transport/ch585_role_bootstrap.hpp ****     Usb = 0x02,
  10:Inc/transport/ch585_role_bootstrap.hpp ****     Maintenance = 0x03,
  11:Inc/transport/ch585_role_bootstrap.hpp **** };
  12:Inc/transport/ch585_role_bootstrap.hpp **** 
  13:Inc/transport/ch585_role_bootstrap.hpp **** enum class Ch585BootstrapState : uint8_t {
  14:Inc/transport/ch585_role_bootstrap.hpp ****     Off = 0,
  15:Inc/transport/ch585_role_bootstrap.hpp ****     Booting = 1,
  16:Inc/transport/ch585_role_bootstrap.hpp ****     Selecting = 2,
  17:Inc/transport/ch585_role_bootstrap.hpp ****     Locked = 3,
  18:Inc/transport/ch585_role_bootstrap.hpp ****     Failed = 4,
  19:Inc/transport/ch585_role_bootstrap.hpp **** };
  20:Inc/transport/ch585_role_bootstrap.hpp **** enum class Ch585ResumeResult { Pending, Ready, Failed };
  21:Inc/transport/ch585_role_bootstrap.hpp **** 
  22:Inc/transport/ch585_role_bootstrap.hpp **** /* One invocation performs one UsbBoardLink SELECT_ROLE transaction. */
  23:Inc/transport/ch585_role_bootstrap.hpp **** using Ch585RoleSelector = bool (*)(Ch585Role requestedRole);
  24:Inc/transport/ch585_role_bootstrap.hpp **** 
  25:Inc/transport/ch585_role_bootstrap.hpp **** class Ch585RoleBootstrap {
  26:Inc/transport/ch585_role_bootstrap.hpp **** public:
  27:Inc/transport/ch585_role_bootstrap.hpp ****     Ch585RoleBootstrap(const Ch585RoleBootstrap&) = delete;
  28:Inc/transport/ch585_role_bootstrap.hpp ****     Ch585RoleBootstrap& operator=(const Ch585RoleBootstrap&) = delete;
  29:Inc/transport/ch585_role_bootstrap.hpp **** 
  30:Inc/transport/ch585_role_bootstrap.hpp ****     static Ch585RoleBootstrap& getInstance()
 134              		.loc 6 30 32 view .LVU21
  31:Inc/transport/ch585_role_bootstrap.hpp ****     {
  32:Inc/transport/ch585_role_bootstrap.hpp ****         static Ch585RoleBootstrap instance;
 135              		.loc 6 32 9 view .LVU22
  33:Inc/transport/ch585_role_bootstrap.hpp ****         return instance;
 136              		.loc 6 33 9 view .LVU23
 137              	.LBE31:
  18:Src/system/states/safe_recovery_state.cpp ****     RFBridgePort_Shutdown();
 138              		.loc 1 18 34 is_stmt 0 discriminator 1 view .LVU24
 139 000e 0E48     		ldr	r0, .L9+8
 140 0010 FFF7FEFF 		bl	_ZN18Ch585RoleBootstrap8shutdownEv
 141              	.LVL8:
  19:Src/system/states/safe_recovery_state.cpp ****     BOARD_POWER.enterRecoveryUiState();
 142              		.loc 1 19 5 is_stmt 1 view .LVU25
  19:Src/system/states/safe_recovery_state.cpp ****     BOARD_POWER.enterRecoveryUiState();
 143              		.loc 1 19 26 is_stmt 0 view .LVU26
 144 0014 FFF7FEFF 		bl	_Z21RFBridgePort_Shutdownv
 145              	.LVL9:
  20:Src/system/states/safe_recovery_state.cpp ****     BOARD_POWER.setCh585Enabled(false);
 146              		.loc 1 20 5 is_stmt 1 view .LVU27
 147              	.LBB32:
ARM GAS  C:\Users\nicx5\AppData\Local\Temp\cc5XxntE.s 			page 6


 148              	.LBI32:
 149              		.file 7 "Inc/power/board_power.hpp"
   1:Inc/power/board_power.hpp **** #ifndef BOARD_POWER_HPP
   2:Inc/power/board_power.hpp **** #define BOARD_POWER_HPP
   3:Inc/power/board_power.hpp **** 
   4:Inc/power/board_power.hpp **** #include <stdbool.h>
   5:Inc/power/board_power.hpp **** #include <stdint.h>
   6:Inc/power/board_power.hpp **** 
   7:Inc/power/board_power.hpp **** #ifdef __cplusplus
   8:Inc/power/board_power.hpp **** extern "C" {
   9:Inc/power/board_power.hpp **** #endif
  10:Inc/power/board_power.hpp **** 
  11:Inc/power/board_power.hpp **** /*
  12:Inc/power/board_power.hpp ****  * Re-asserts PI4 without changing any other rail.  The bootloader leaves PI4
  13:Inc/power/board_power.hpp ****  * high before jumping to the XIP application; this hook preserves that state
  14:Inc/power/board_power.hpp ****  * as the application runtime is brought up.
  15:Inc/power/board_power.hpp ****  */
  16:Inc/power/board_power.hpp **** void BoardPower_EarlyMainHold(void);
  17:Inc/power/board_power.hpp **** 
  18:Inc/power/board_power.hpp **** /* Configures all board power-control pins to their fail-safe defaults. */
  19:Inc/power/board_power.hpp **** void BoardPower_Initialize(void);
  20:Inc/power/board_power.hpp **** void BoardPower_SetChargeEnabled(bool enabled);
  21:Inc/power/board_power.hpp **** void BoardPower_SetHallEnabled(bool enabled);
  22:Inc/power/board_power.hpp **** void BoardPower_EnableHallForAdc(void);
  23:Inc/power/board_power.hpp **** void BoardPower_SetKeyLedEnabled(bool enabled);
  24:Inc/power/board_power.hpp **** void BoardPower_SetAmbientLedEnabled(bool enabled);
  25:Inc/power/board_power.hpp **** void BoardPower_SetLcdEnabled(bool enabled);
  26:Inc/power/board_power.hpp **** 
  27:Inc/power/board_power.hpp **** #ifdef __cplusplus
  28:Inc/power/board_power.hpp **** }
  29:Inc/power/board_power.hpp **** 
  30:Inc/power/board_power.hpp **** class BoardPower {
  31:Inc/power/board_power.hpp **** public:
  32:Inc/power/board_power.hpp ****     BoardPower(const BoardPower&) = delete;
  33:Inc/power/board_power.hpp ****     BoardPower& operator=(const BoardPower&) = delete;
  34:Inc/power/board_power.hpp **** 
  35:Inc/power/board_power.hpp ****     static BoardPower& getInstance()
 150              		.loc 7 35 24 view .LVU28
  36:Inc/power/board_power.hpp ****     {
  37:Inc/power/board_power.hpp ****         static BoardPower instance;
 151              		.loc 7 37 9 view .LVU29
  38:Inc/power/board_power.hpp ****         return instance;
 152              		.loc 7 38 9 view .LVU30
 153              	.LBE32:
  20:Src/system/states/safe_recovery_state.cpp ****     BOARD_POWER.setCh585Enabled(false);
 154              		.loc 1 20 37 is_stmt 0 discriminator 1 view .LVU31
 155 0018 0C4C     		ldr	r4, .L9+12
 156 001a 2046     		mov	r0, r4
 157 001c FFF7FEFF 		bl	_ZN10BoardPower20enterRecoveryUiStateEv
 158              	.LVL10:
  21:Src/system/states/safe_recovery_state.cpp ****     if(RELEASE_INSTALLER.failed())SPIScreenManager::getInstance().showFirmwareRecovery();
 159              		.loc 1 21 5 is_stmt 1 view .LVU32
 160              	.LBB33:
 161              	.LBI33:
  35:Inc/power/board_power.hpp ****     {
 162              		.loc 7 35 24 view .LVU33
  37:Inc/power/board_power.hpp ****         return instance;
ARM GAS  C:\Users\nicx5\AppData\Local\Temp\cc5XxntE.s 			page 7


 163              		.loc 7 37 9 view .LVU34
 164              		.loc 7 38 9 view .LVU35
 165              	.LBE33:
  21:Src/system/states/safe_recovery_state.cpp ****     if(RELEASE_INSTALLER.failed())SPIScreenManager::getInstance().showFirmwareRecovery();
 166              		.loc 1 21 32 is_stmt 0 discriminator 1 view .LVU36
 167 0020 0021     		movs	r1, #0
 168 0022 2046     		mov	r0, r4
 169 0024 FFF7FEFF 		bl	_ZN10BoardPower15setCh585EnabledEb
 170              	.LVL11:
  22:Src/system/states/safe_recovery_state.cpp ****     APP_STAGE_ERROR("A13R", "entered safe recovery state; CH585 transports disabled");
 171              		.loc 1 22 5 is_stmt 1 view .LVU37
  22:Src/system/states/safe_recovery_state.cpp ****     APP_STAGE_ERROR("A13R", "entered safe recovery state; CH585 transports disabled");
 172              		.loc 1 22 8 is_stmt 0 view .LVU38
 173 0028 FFF7FEFF 		bl	_ZN16ReleaseInstaller8instanceEv
 174              	.LVL12:
  22:Src/system/states/safe_recovery_state.cpp ****     APP_STAGE_ERROR("A13R", "entered safe recovery state; CH585 transports disabled");
 175              		.loc 1 22 32 discriminator 1 view .LVU39
 176 002c FFF7FEFF 		bl	_ZN16ReleaseInstaller6failedEv
 177              	.LVL13:
  22:Src/system/states/safe_recovery_state.cpp ****     APP_STAGE_ERROR("A13R", "entered safe recovery state; CH585 transports disabled");
 178              		.loc 1 22 5 discriminator 2 view .LVU40
 179 0030 08B9     		cbnz	r0, .L8
 180              	.L6:
  23:Src/system/states/safe_recovery_state.cpp ****     return true;
 181              		.loc 1 23 5 is_stmt 1 view .LVU41
  24:Src/system/states/safe_recovery_state.cpp **** }
 182              		.loc 1 24 5 view .LVU42
  25:Src/system/states/safe_recovery_state.cpp **** 
 183              		.loc 1 25 1 is_stmt 0 view .LVU43
 184 0032 0120     		movs	r0, #1
 185 0034 10BD     		pop	{r4, pc}
 186              	.L8:
  22:Src/system/states/safe_recovery_state.cpp ****     APP_STAGE_ERROR("A13R", "entered safe recovery state; CH585 transports disabled");
 187              		.loc 1 22 35 is_stmt 1 discriminator 1 view .LVU44
 188              	.LBB34:
 189              	.LBI34:
 190              		.file 8 "Inc/display/screen_control/spi_screen_manager.hpp"
   1:Inc/display/screen_control/spi_screen_manager.hpp **** #ifndef SPI_SCREEN_MANAGER_HPP
   2:Inc/display/screen_control/spi_screen_manager.hpp **** #define SPI_SCREEN_MANAGER_HPP
   3:Inc/display/screen_control/spi_screen_manager.hpp **** 
   4:Inc/display/screen_control/spi_screen_manager.hpp **** #include <stdint.h>
   5:Inc/display/screen_control/spi_screen_manager.hpp **** 
   6:Inc/display/screen_control/spi_screen_manager.hpp **** class SPIScreenManager {
   7:Inc/display/screen_control/spi_screen_manager.hpp **** public:
   8:Inc/display/screen_control/spi_screen_manager.hpp ****     SPIScreenManager(SPIScreenManager const&) = delete;
   9:Inc/display/screen_control/spi_screen_manager.hpp ****     void operator=(SPIScreenManager const&) = delete;
  10:Inc/display/screen_control/spi_screen_manager.hpp ****     static SPIScreenManager& getInstance() {
 191              		.loc 8 10 30 view .LVU45
  11:Inc/display/screen_control/spi_screen_manager.hpp ****         static SPIScreenManager instance;
 192              		.loc 8 11 9 view .LVU46
  12:Inc/display/screen_control/spi_screen_manager.hpp ****         return instance;
 193              		.loc 8 12 9 view .LVU47
 194              	.LBE34:
  22:Src/system/states/safe_recovery_state.cpp ****     APP_STAGE_ERROR("A13R", "entered safe recovery state; CH585 transports disabled");
 195              		.loc 1 22 87 is_stmt 0 discriminator 1 view .LVU48
 196 0036 0648     		ldr	r0, .L9+16
 197 0038 FFF7FEFF 		bl	_ZN16SPIScreenManager20showFirmwareRecoveryEv
ARM GAS  C:\Users\nicx5\AppData\Local\Temp\cc5XxntE.s 			page 8


 198              	.LVL14:
 199 003c F9E7     		b	.L6
 200              	.L10:
 201 003e 00BF     		.align	2
 202              	.L9:
 203 0040 00000000 		.word	_ZZN9USBDriver11getInstanceEvE8instance
 204 0044 00000000 		.word	_ZZN12UsbBoardLink11getInstanceEvE8instance
 205 0048 00000000 		.word	_ZZN18Ch585RoleBootstrap11getInstanceEvE8instance
 206 004c 00000000 		.word	_ZZN10BoardPower11getInstanceEvE8instance
 207 0050 00000000 		.word	_ZZN16SPIScreenManager11getInstanceEvE8instance
 208              		.cfi_endproc
 209              	.LFE1914:
 211              		.section	.text._ZN17SafeRecoveryState4tickEv,"ax",%progbits
 212              		.align	1
 213              		.global	_ZN17SafeRecoveryState4tickEv
 214              		.syntax unified
 215              		.thumb
 216              		.thumb_func
 218              	_ZN17SafeRecoveryState4tickEv:
 219              	.LVL15:
 220              	.LFB1915:
  28:Src/system/states/safe_recovery_state.cpp ****     // Local recovery is independent of the missing TX maintenance channel.
 221              		.loc 1 28 1 is_stmt 1 view -0
 222              		.cfi_startproc
 223              		@ args = 0, pretend = 0, frame = 0
 224              		@ frame_needed = 0, uses_anonymous_args = 0
  28:Src/system/states/safe_recovery_state.cpp ****     // Local recovery is independent of the missing TX maintenance channel.
 225              		.loc 1 28 1 is_stmt 0 view .LVU50
 226 0000 38B5     		push	{r3, r4, r5, lr}
 227              	.LCFI1:
 228              		.cfi_def_cfa_offset 16
 229              		.cfi_offset 3, -16
 230              		.cfi_offset 4, -12
 231              		.cfi_offset 5, -8
 232              		.cfi_offset 14, -4
  31:Src/system/states/safe_recovery_state.cpp ****     static uint32_t held=0;
 233              		.loc 1 31 5 is_stmt 1 view .LVU51
  32:Src/system/states/safe_recovery_state.cpp ****     const bool a=HAL_GPIO_ReadPin(GPIO_BTN1_PORT,GPIO_BTN1_PIN)==GPIO_PIN_RESET;
 234              		.loc 1 32 5 view .LVU52
  33:Src/system/states/safe_recovery_state.cpp ****     const bool b=HAL_GPIO_ReadPin(GPIO_BTN4_PORT,GPIO_BTN4_PIN)==GPIO_PIN_RESET;
 235              		.loc 1 33 5 view .LVU53
  33:Src/system/states/safe_recovery_state.cpp ****     const bool b=HAL_GPIO_ReadPin(GPIO_BTN4_PORT,GPIO_BTN4_PIN)==GPIO_PIN_RESET;
 236              		.loc 1 33 34 is_stmt 0 view .LVU54
 237 0002 204D     		ldr	r5, .L20
 238 0004 4021     		movs	r1, #64
 239 0006 2846     		mov	r0, r5
 240              	.LVL16:
  33:Src/system/states/safe_recovery_state.cpp ****     const bool b=HAL_GPIO_ReadPin(GPIO_BTN4_PORT,GPIO_BTN4_PIN)==GPIO_PIN_RESET;
 241              		.loc 1 33 34 view .LVU55
 242 0008 FFF7FEFF 		bl	HAL_GPIO_ReadPin
 243              	.LVL17:
 244 000c 0446     		mov	r4, r0
 245              	.LVL18:
  34:Src/system/states/safe_recovery_state.cpp ****     if(!a && !b){armed=true;held=0;}
 246              		.loc 1 34 5 is_stmt 1 view .LVU56
  34:Src/system/states/safe_recovery_state.cpp ****     if(!a && !b){armed=true;held=0;}
 247              		.loc 1 34 34 is_stmt 0 view .LVU57
ARM GAS  C:\Users\nicx5\AppData\Local\Temp\cc5XxntE.s 			page 9


 248 000e 4FF40071 		mov	r1, #512
 249 0012 2846     		mov	r0, r5
 250 0014 FFF7FEFF 		bl	HAL_GPIO_ReadPin
 251              	.LVL19:
  35:Src/system/states/safe_recovery_state.cpp ****     else if(armed && a && b && RELEASE_INSTALLER.failed()) {
 252              		.loc 1 35 5 is_stmt 1 view .LVU58
 253 0018 002C     		cmp	r4, #0
 254 001a 18BF     		it	ne
 255 001c 0028     		cmpne	r0, #0
 256 001e 06D0     		beq	.L12
  35:Src/system/states/safe_recovery_state.cpp ****     else if(armed && a && b && RELEASE_INSTALLER.failed()) {
 257              		.loc 1 35 18 discriminator 1 view .LVU59
  35:Src/system/states/safe_recovery_state.cpp ****     else if(armed && a && b && RELEASE_INSTALLER.failed()) {
 258              		.loc 1 35 23 is_stmt 0 discriminator 1 view .LVU60
 259 0020 194B     		ldr	r3, .L20+4
 260 0022 0122     		movs	r2, #1
 261 0024 1A70     		strb	r2, [r3]
  35:Src/system/states/safe_recovery_state.cpp ****     else if(armed && a && b && RELEASE_INSTALLER.failed()) {
 262              		.loc 1 35 29 is_stmt 1 discriminator 1 view .LVU61
  35:Src/system/states/safe_recovery_state.cpp ****     else if(armed && a && b && RELEASE_INSTALLER.failed()) {
 263              		.loc 1 35 33 is_stmt 0 discriminator 1 view .LVU62
 264 0026 194B     		ldr	r3, .L20+8
 265 0028 0022     		movs	r2, #0
 266 002a 1A60     		str	r2, [r3]
 267              	.LVL20:
 268              	.L11:
  40:Src/system/states/safe_recovery_state.cpp **** 
 269              		.loc 1 40 1 view .LVU63
 270 002c 38BD     		pop	{r3, r4, r5, pc}
 271              	.LVL21:
 272              	.L12:
  36:Src/system/states/safe_recovery_state.cpp ****         if(!held)held=HAL_GetTick();
 273              		.loc 1 36 10 is_stmt 1 view .LVU64
  36:Src/system/states/safe_recovery_state.cpp ****         if(!held)held=HAL_GetTick();
 274              		.loc 1 36 29 is_stmt 0 view .LVU65
 275 002e 164A     		ldr	r2, .L20+4
 276 0030 1278     		ldrb	r2, [r2]	@ zero_extendqisi2
 277 0032 1AB1     		cbz	r2, .L14
  36:Src/system/states/safe_recovery_state.cpp ****         if(!held)held=HAL_GetTick();
 278              		.loc 1 36 24 discriminator 1 view .LVU66
 279 0034 0443     		orrs	r4, r4, r0
 280              	.LVL22:
  36:Src/system/states/safe_recovery_state.cpp ****         if(!held)held=HAL_GetTick();
 281              		.loc 1 36 24 discriminator 1 view .LVU67
 282 0036 14F0FF0F 		tst	r4, #255
 283 003a 03D0     		beq	.L18
 284              	.LVL23:
 285              	.L14:
  39:Src/system/states/safe_recovery_state.cpp **** }
 286              		.loc 1 39 12 is_stmt 1 view .LVU68
  39:Src/system/states/safe_recovery_state.cpp **** }
 287              		.loc 1 39 16 is_stmt 0 view .LVU69
 288 003c 134B     		ldr	r3, .L20+8
 289 003e 0022     		movs	r2, #0
 290 0040 1A60     		str	r2, [r3]
 291 0042 F3E7     		b	.L11
 292              	.LVL24:
ARM GAS  C:\Users\nicx5\AppData\Local\Temp\cc5XxntE.s 			page 10


 293              	.L18:
  36:Src/system/states/safe_recovery_state.cpp ****         if(!held)held=HAL_GetTick();
 294              		.loc 1 36 32 discriminator 3 view .LVU70
 295 0044 FFF7FEFF 		bl	_ZN16ReleaseInstaller8instanceEv
 296              	.LVL25:
  36:Src/system/states/safe_recovery_state.cpp ****         if(!held)held=HAL_GetTick();
 297              		.loc 1 36 56 discriminator 1 view .LVU71
 298 0048 FFF7FEFF 		bl	_ZN16ReleaseInstaller6failedEv
 299              	.LVL26:
  36:Src/system/states/safe_recovery_state.cpp ****         if(!held)held=HAL_GetTick();
 300              		.loc 1 36 29 discriminator 2 view .LVU72
 301 004c 0028     		cmp	r0, #0
 302 004e F5D0     		beq	.L14
  37:Src/system/states/safe_recovery_state.cpp ****         if(HAL_GetTick()-held>=2000){armed=false;held=0;(void)RELEASE_INSTALLER.retry();}
 303              		.loc 1 37 9 is_stmt 1 view .LVU73
  37:Src/system/states/safe_recovery_state.cpp ****         if(HAL_GetTick()-held>=2000){armed=false;held=0;(void)RELEASE_INSTALLER.retry();}
 304              		.loc 1 37 12 is_stmt 0 view .LVU74
 305 0050 0E4B     		ldr	r3, .L20+8
 306 0052 1B68     		ldr	r3, [r3]
  37:Src/system/states/safe_recovery_state.cpp ****         if(HAL_GetTick()-held>=2000){armed=false;held=0;(void)RELEASE_INSTALLER.retry();}
 307              		.loc 1 37 9 view .LVU75
 308 0054 8BB1     		cbz	r3, .L19
 309              	.L16:
  38:Src/system/states/safe_recovery_state.cpp ****     } else held=0;
 310              		.loc 1 38 9 is_stmt 1 view .LVU76
  38:Src/system/states/safe_recovery_state.cpp ****     } else held=0;
 311              		.loc 1 38 23 is_stmt 0 view .LVU77
 312 0056 FFF7FEFF 		bl	HAL_GetTick
 313              	.LVL27:
  38:Src/system/states/safe_recovery_state.cpp ****     } else held=0;
 314              		.loc 1 38 25 discriminator 1 view .LVU78
 315 005a 0C4B     		ldr	r3, .L20+8
 316 005c 1B68     		ldr	r3, [r3]
 317 005e C01A     		subs	r0, r0, r3
  38:Src/system/states/safe_recovery_state.cpp ****     } else held=0;
 318              		.loc 1 38 9 discriminator 1 view .LVU79
 319 0060 B0F5FA6F 		cmp	r0, #2000
 320 0064 E2D3     		bcc	.L11
  38:Src/system/states/safe_recovery_state.cpp ****     } else held=0;
 321              		.loc 1 38 38 is_stmt 1 discriminator 1 view .LVU80
  38:Src/system/states/safe_recovery_state.cpp ****     } else held=0;
 322              		.loc 1 38 43 is_stmt 0 discriminator 1 view .LVU81
 323 0066 0023     		movs	r3, #0
 324 0068 074A     		ldr	r2, .L20+4
 325 006a 1370     		strb	r3, [r2]
  38:Src/system/states/safe_recovery_state.cpp ****     } else held=0;
 326              		.loc 1 38 50 is_stmt 1 discriminator 1 view .LVU82
  38:Src/system/states/safe_recovery_state.cpp ****     } else held=0;
 327              		.loc 1 38 54 is_stmt 0 discriminator 1 view .LVU83
 328 006c 074A     		ldr	r2, .L20+8
 329 006e 1360     		str	r3, [r2]
  38:Src/system/states/safe_recovery_state.cpp ****     } else held=0;
 330              		.loc 1 38 57 is_stmt 1 discriminator 1 view .LVU84
  38:Src/system/states/safe_recovery_state.cpp ****     } else held=0;
 331              		.loc 1 38 63 is_stmt 0 discriminator 1 view .LVU85
 332 0070 FFF7FEFF 		bl	_ZN16ReleaseInstaller8instanceEv
 333              	.LVL28:
ARM GAS  C:\Users\nicx5\AppData\Local\Temp\cc5XxntE.s 			page 11


  38:Src/system/states/safe_recovery_state.cpp ****     } else held=0;
 334              		.loc 1 38 86 discriminator 1 view .LVU86
 335 0074 FFF7FEFF 		bl	_ZN16ReleaseInstaller5retryEv
 336              	.LVL29:
  40:Src/system/states/safe_recovery_state.cpp **** 
 337              		.loc 1 40 1 view .LVU87
 338 0078 D8E7     		b	.L11
 339              	.L19:
  37:Src/system/states/safe_recovery_state.cpp ****         if(HAL_GetTick()-held>=2000){armed=false;held=0;(void)RELEASE_INSTALLER.retry();}
 340              		.loc 1 37 18 is_stmt 1 discriminator 1 view .LVU88
  37:Src/system/states/safe_recovery_state.cpp ****         if(HAL_GetTick()-held>=2000){armed=false;held=0;(void)RELEASE_INSTALLER.retry();}
 341              		.loc 1 37 34 is_stmt 0 discriminator 1 view .LVU89
 342 007a FFF7FEFF 		bl	HAL_GetTick
 343              	.LVL30:
  37:Src/system/states/safe_recovery_state.cpp ****         if(HAL_GetTick()-held>=2000){armed=false;held=0;(void)RELEASE_INSTALLER.retry();}
 344              		.loc 1 37 22 discriminator 1 view .LVU90
 345 007e 034B     		ldr	r3, .L20+8
 346 0080 1860     		str	r0, [r3]
 347 0082 E8E7     		b	.L16
 348              	.L21:
 349              		.align	2
 350              	.L20:
 351 0084 00080258 		.word	1476528128
 352 0088 00000000 		.word	_ZZN17SafeRecoveryState4tickEvE5armed
 353 008c 00000000 		.word	_ZZN17SafeRecoveryState4tickEvE4held
 354              		.cfi_endproc
 355              	.LFE1915:
 357              		.section	.text._ZN17SafeRecoveryStateD0Ev,"axG",%progbits,_ZN17SafeRecoveryStateD5Ev,comdat
 358              		.align	1
 359              		.weak	_ZN17SafeRecoveryStateD0Ev
 360              		.syntax unified
 361              		.thumb
 362              		.thumb_func
 364              	_ZN17SafeRecoveryStateD0Ev:
 365              	.LVL31:
 366              	.LFB14:
 367              		.loc 2 6 7 is_stmt 1 view -0
 368              		.cfi_startproc
 369              		@ args = 0, pretend = 0, frame = 0
 370              		@ frame_needed = 0, uses_anonymous_args = 0
 371              		.loc 2 6 7 is_stmt 0 view .LVU92
 372 0000 10B5     		push	{r4, lr}
 373              	.LCFI2:
 374              		.cfi_def_cfa_offset 8
 375              		.cfi_offset 4, -8
 376              		.cfi_offset 14, -4
 377 0002 0446     		mov	r4, r0
 378              	.LVL32:
 379              	.LBB35:
 380              	.LBI35:
 381              		.loc 2 6 7 is_stmt 1 view .LVU93
 382              	.LBB36:
 383 0004 044B     		ldr	r3, .L24
 384 0006 0360     		str	r3, [r0]
 385              	.LVL33:
 386              	.LBB37:
 387              	.LBI37:
ARM GAS  C:\Users\nicx5\AppData\Local\Temp\cc5XxntE.s 			page 12


 388              		.loc 3 6 17 view .LVU94
 389              	.LBB38:
 390 0008 044B     		ldr	r3, .L24+4
 391 000a 0360     		str	r3, [r0]
 392              	.LVL34:
 393              		.loc 3 6 17 is_stmt 0 view .LVU95
 394              	.LBE38:
 395              	.LBE37:
 396              	.LBE36:
 397              	.LBE35:
 398              		.loc 2 6 7 discriminator 1 view .LVU96
 399 000c 0421     		movs	r1, #4
 400 000e FFF7FEFF 		bl	_ZdlPvj
 401              	.LVL35:
 402              		.loc 2 6 7 view .LVU97
 403 0012 2046     		mov	r0, r4
 404 0014 10BD     		pop	{r4, pc}
 405              	.LVL36:
 406              	.L25:
 407              		.loc 2 6 7 view .LVU98
 408 0016 00BF     		.align	2
 409              	.L24:
 410 0018 08000000 		.word	_ZTV17SafeRecoveryState+8
 411 001c 08000000 		.word	_ZTV9BaseState+8
 412              		.cfi_endproc
 413              	.LFE14:
 415              		.weak	_ZTV9BaseState
 416              		.section	.rodata._ZTV9BaseState,"aG",%progbits,_ZTV9BaseState,comdat
 417              		.align	2
 420              	_ZTV9BaseState:
 421 0000 00000000 		.word	0
 422 0004 00000000 		.word	0
 423 0008 00000000 		.word	0
 424 000c 00000000 		.word	0
 425 0010 00000000 		.word	__cxa_pure_virtual
 426 0014 00000000 		.word	__cxa_pure_virtual
 427 0018 00000000 		.word	__cxa_pure_virtual
 428              		.global	_ZTV17SafeRecoveryState
 429              		.section	.rodata._ZTV17SafeRecoveryState,"a"
 430              		.align	2
 433              	_ZTV17SafeRecoveryState:
 434 0000 00000000 		.word	0
 435 0004 00000000 		.word	0
 436 0008 00000000 		.word	_ZN17SafeRecoveryStateD1Ev
 437 000c 00000000 		.word	_ZN17SafeRecoveryStateD0Ev
 438 0010 00000000 		.word	_ZN17SafeRecoveryState5enterEv
 439 0014 00000000 		.word	_ZN17SafeRecoveryState4tickEv
 440 0018 00000000 		.word	_ZN17SafeRecoveryState4exitEv
 441              		.section	.bss._ZZN17SafeRecoveryState4tickEvE4held,"aw",%nobits
 442              		.align	2
 445              	_ZZN17SafeRecoveryState4tickEvE4held:
 446 0000 00000000 		.space	4
 447              		.section	.bss._ZZN17SafeRecoveryState4tickEvE5armed,"aw",%nobits
 450              	_ZZN17SafeRecoveryState4tickEvE5armed:
 451 0000 00       		.space	1
 452              		.weak	_ZZN16SPIScreenManager11getInstanceEvE8instance
 453              		.section	.bss._ZZN16SPIScreenManager11getInstanceEvE8instance,"awG",%nobits,_ZZN16SPIScreenManager
ARM GAS  C:\Users\nicx5\AppData\Local\Temp\cc5XxntE.s 			page 13


 454              		.align	2
 457              	_ZZN16SPIScreenManager11getInstanceEvE8instance:
 458 0000 00000000 		.space	52
 458      00000000 
 458      00000000 
 458      00000000 
 458      00000000 
 459              		.weak	_ZZN9USBDriver11getInstanceEvE8instance
 460              		.section	.data._ZZN9USBDriver11getInstanceEvE8instance,"awG",%progbits,_ZZN9USBDriver11getInstance
 461              		.align	2
 464              	_ZZN9USBDriver11getInstanceEvE8instance:
 465 0000 00       		.byte	0
 466 0001 00       		.byte	0
 467 0002 0000     		.space	2
 468 0004 00000000 		.word	0
 469 0008 00       		.byte	0
 470 0009 00       		.byte	0
 471 000a 00       		.byte	0
 472 000b 00       		.byte	0
 473 000c E803     		.short	1000
 474 000e 01       		.byte	1
 475 000f 00       		.byte	0
 476 0010 00       		.byte	0
 477 0011 000000   		.space	3
 478              		.weak	_ZZN12UsbBoardLink11getInstanceEvE8instance
 479              		.section	.bss._ZZN12UsbBoardLink11getInstanceEvE8instance,"awG",%nobits,_ZZN12UsbBoardLink11getIns
 480              		.align	2
 483              	_ZZN12UsbBoardLink11getInstanceEvE8instance:
 484 0000 00000000 		.space	64
 484      00000000 
 484      00000000 
 484      00000000 
 484      00000000 
 485              		.weak	_ZZN18Ch585RoleBootstrap11getInstanceEvE8instance
 486              		.section	.bss._ZZN18Ch585RoleBootstrap11getInstanceEvE8instance,"awG",%nobits,_ZZN18Ch585RoleBoots
 487              		.align	2
 490              	_ZZN18Ch585RoleBootstrap11getInstanceEvE8instance:
 491 0000 00000000 		.space	20
 491      00000000 
 491      00000000 
 491      00000000 
 491      00000000 
 492              		.weak	_ZZN10BoardPower11getInstanceEvE8instance
 493              		.section	.data._ZZN10BoardPower11getInstanceEvE8instance,"awG",%progbits,_ZZN10BoardPower11getInst
 494              		.align	2
 497              	_ZZN10BoardPower11getInstanceEvE8instance:
 498 0000 00       		.byte	0
 499 0001 00       		.byte	0
 500 0002 00       		.byte	0
 501 0003 00       		.byte	0
 502 0004 00       		.byte	0
 503 0005 00       		.byte	0
 504 0006 00       		.byte	0
 505 0007 00       		.byte	0
 506 0008 00       		.byte	0
 507 0009 01       		.byte	1
 508 000a 00       		.byte	0
ARM GAS  C:\Users\nicx5\AppData\Local\Temp\cc5XxntE.s 			page 14


 509              		.weak	__cxa_pure_virtual
 510              		.text
 511              	.Letext0:
 512              		.file 9 "D:/Program Files/msys64/mingw64/arm-none-eabi/include/machine/_default_types.h"
 513              		.file 10 "D:/Program Files/msys64/mingw64/arm-none-eabi/include/sys/_stdint.h"
 514              		.file 11 "Drivers/CMSIS/Device/ST/STM32H7xx/Include/stm32h750xx.h"
 515              		.file 12 "D:/Program Files/msys64/mingw64/lib/gcc/arm-none-eabi/13.3.0/include/stddef.h"
 516              		.file 13 "D:/Program Files/msys64/mingw64/arm-none-eabi/include/c++/13.3.0/cmath"
 517              		.file 14 "D:/Program Files/msys64/mingw64/arm-none-eabi/include/c++/13.3.0/arm-none-eabi/thumb/v7e
 518              		.file 15 "D:/Program Files/msys64/mingw64/arm-none-eabi/include/c++/13.3.0/type_traits"
 519              		.file 16 "D:/Program Files/msys64/mingw64/arm-none-eabi/include/c++/13.3.0/debug/debug.h"
 520              		.file 17 "D:/Program Files/msys64/mingw64/arm-none-eabi/include/c++/13.3.0/bits/std_abs.h"
 521              		.file 18 "D:/Program Files/msys64/mingw64/arm-none-eabi/include/c++/13.3.0/cstddef"
 522              		.file 19 "D:/Program Files/msys64/mingw64/arm-none-eabi/include/c++/13.3.0/cstring"
 523              		.file 20 "D:/Program Files/msys64/mingw64/arm-none-eabi/include/c++/13.3.0/bits/predefined_ops.h"
 524              		.file 21 "D:/Program Files/msys64/mingw64/arm-none-eabi/include/math.h"
 525              		.file 22 "D:/Program Files/msys64/mingw64/arm-none-eabi/include/c++/13.3.0/math.h"
 526              		.file 23 "Drivers/STM32H7xx_HAL_Driver/Inc/stm32h7xx_hal_gpio.h"
 527              		.file 24 "Inc/system/board_cfg.h"
 528              		.file 25 "Inc/support/enums.hpp"
 529              		.file 26 "../common/usb_board_link_protocol.h"
 530              		.file 27 "../common/release_install_protocol.h"
 531              		.file 28 "Inc/input/gamepad/GamepadState.hpp"
 532              		.file 29 "Inc/transport/usb/usb_report_rate_policy.hpp"
 533              		.file 30 "D:/Program Files/msys64/mingw64/arm-none-eabi/include/string.h"
 534              		.file 31 "Inc/firmware/firmware_manager.hpp"
 535              		.file 32 "Libs/cJSON/cJSON.h"
 536              		.file 33 "Inc/firmware/release_installer.hpp"
 537              		.file 34 "D:/Program Files/msys64/mingw64/arm-none-eabi/include/c++/13.3.0/new"
 538              		.file 35 "Drivers/STM32H7xx_HAL_Driver/Inc/stm32h7xx_hal.h"
 539              		.file 36 "Inc/transport/rf/rf_bridge_port.hpp"
 540              		.file 37 "D:/Program Files/msys64/mingw64/arm-none-eabi/include/c++/13.3.0/bits/memory_resource.h"
ARM GAS  C:\Users\nicx5\AppData\Local\Temp\cc5XxntE.s 			page 15


DEFINED SYMBOLS
                            *ABS*:00000000 safe_recovery_state.cpp
C:\Users\nicx5\AppData\Local\Temp\cc5XxntE.s:20     .text._ZN17SafeRecoveryStateD2Ev:00000000 $t
C:\Users\nicx5\AppData\Local\Temp\cc5XxntE.s:26     .text._ZN17SafeRecoveryStateD2Ev:00000000 _ZN17SafeRecoveryStateD2Ev
C:\Users\nicx5\AppData\Local\Temp\cc5XxntE.s:57     .text._ZN17SafeRecoveryStateD2Ev:0000000c $d
C:\Users\nicx5\AppData\Local\Temp\cc5XxntE.s:433    .rodata._ZTV17SafeRecoveryState:00000000 _ZTV17SafeRecoveryState
C:\Users\nicx5\AppData\Local\Temp\cc5XxntE.s:420    .rodata._ZTV9BaseState:00000000 _ZTV9BaseState
C:\Users\nicx5\AppData\Local\Temp\cc5XxntE.s:26     .text._ZN17SafeRecoveryStateD2Ev:00000000 _ZN17SafeRecoveryStateD1Ev
C:\Users\nicx5\AppData\Local\Temp\cc5XxntE.s:65     .text._ZN17SafeRecoveryState4exitEv:00000000 $t
C:\Users\nicx5\AppData\Local\Temp\cc5XxntE.s:71     .text._ZN17SafeRecoveryState4exitEv:00000000 _ZN17SafeRecoveryState4exitEv
C:\Users\nicx5\AppData\Local\Temp\cc5XxntE.s:85     .text._ZN17SafeRecoveryState5enterEv:00000000 $t
C:\Users\nicx5\AppData\Local\Temp\cc5XxntE.s:91     .text._ZN17SafeRecoveryState5enterEv:00000000 _ZN17SafeRecoveryState5enterEv
C:\Users\nicx5\AppData\Local\Temp\cc5XxntE.s:203    .text._ZN17SafeRecoveryState5enterEv:00000040 $d
C:\Users\nicx5\AppData\Local\Temp\cc5XxntE.s:464    .data._ZZN9USBDriver11getInstanceEvE8instance:00000000 _ZZN9USBDriver11getInstanceEvE8instance
C:\Users\nicx5\AppData\Local\Temp\cc5XxntE.s:483    .bss._ZZN12UsbBoardLink11getInstanceEvE8instance:00000000 _ZZN12UsbBoardLink11getInstanceEvE8instance
C:\Users\nicx5\AppData\Local\Temp\cc5XxntE.s:490    .bss._ZZN18Ch585RoleBootstrap11getInstanceEvE8instance:00000000 _ZZN18Ch585RoleBootstrap11getInstanceEvE8instance
C:\Users\nicx5\AppData\Local\Temp\cc5XxntE.s:497    .data._ZZN10BoardPower11getInstanceEvE8instance:00000000 _ZZN10BoardPower11getInstanceEvE8instance
C:\Users\nicx5\AppData\Local\Temp\cc5XxntE.s:457    .bss._ZZN16SPIScreenManager11getInstanceEvE8instance:00000000 _ZZN16SPIScreenManager11getInstanceEvE8instance
C:\Users\nicx5\AppData\Local\Temp\cc5XxntE.s:212    .text._ZN17SafeRecoveryState4tickEv:00000000 $t
C:\Users\nicx5\AppData\Local\Temp\cc5XxntE.s:218    .text._ZN17SafeRecoveryState4tickEv:00000000 _ZN17SafeRecoveryState4tickEv
C:\Users\nicx5\AppData\Local\Temp\cc5XxntE.s:351    .text._ZN17SafeRecoveryState4tickEv:00000084 $d
C:\Users\nicx5\AppData\Local\Temp\cc5XxntE.s:450    .bss._ZZN17SafeRecoveryState4tickEvE5armed:00000000 _ZZN17SafeRecoveryState4tickEvE5armed
C:\Users\nicx5\AppData\Local\Temp\cc5XxntE.s:445    .bss._ZZN17SafeRecoveryState4tickEvE4held:00000000 _ZZN17SafeRecoveryState4tickEvE4held
C:\Users\nicx5\AppData\Local\Temp\cc5XxntE.s:358    .text._ZN17SafeRecoveryStateD0Ev:00000000 $t
C:\Users\nicx5\AppData\Local\Temp\cc5XxntE.s:364    .text._ZN17SafeRecoveryStateD0Ev:00000000 _ZN17SafeRecoveryStateD0Ev
C:\Users\nicx5\AppData\Local\Temp\cc5XxntE.s:410    .text._ZN17SafeRecoveryStateD0Ev:00000018 $d
C:\Users\nicx5\AppData\Local\Temp\cc5XxntE.s:417    .rodata._ZTV9BaseState:00000000 $d
C:\Users\nicx5\AppData\Local\Temp\cc5XxntE.s:430    .rodata._ZTV17SafeRecoveryState:00000000 $d
C:\Users\nicx5\AppData\Local\Temp\cc5XxntE.s:442    .bss._ZZN17SafeRecoveryState4tickEvE4held:00000000 $d
C:\Users\nicx5\AppData\Local\Temp\cc5XxntE.s:451    .bss._ZZN17SafeRecoveryState4tickEvE5armed:00000000 $d
C:\Users\nicx5\AppData\Local\Temp\cc5XxntE.s:454    .bss._ZZN16SPIScreenManager11getInstanceEvE8instance:00000000 $d
C:\Users\nicx5\AppData\Local\Temp\cc5XxntE.s:461    .data._ZZN9USBDriver11getInstanceEvE8instance:00000000 $d
C:\Users\nicx5\AppData\Local\Temp\cc5XxntE.s:480    .bss._ZZN12UsbBoardLink11getInstanceEvE8instance:00000000 $d
C:\Users\nicx5\AppData\Local\Temp\cc5XxntE.s:487    .bss._ZZN18Ch585RoleBootstrap11getInstanceEvE8instance:00000000 $d
C:\Users\nicx5\AppData\Local\Temp\cc5XxntE.s:494    .data._ZZN10BoardPower11getInstanceEvE8instance:00000000 $d
                           .group:00000000 _ZN17SafeRecoveryStateD5Ev

UNDEFINED SYMBOLS
_ZN9USBDriver8shutdownEv
_ZN12UsbBoardLink8shutdownEv
_ZN18Ch585RoleBootstrap8shutdownEv
_Z21RFBridgePort_Shutdownv
_ZN10BoardPower20enterRecoveryUiStateEv
_ZN10BoardPower15setCh585EnabledEb
_ZN16ReleaseInstaller8instanceEv
_ZN16ReleaseInstaller6failedEv
_ZN16SPIScreenManager20showFirmwareRecoveryEv
HAL_GPIO_ReadPin
HAL_GetTick
_ZN16ReleaseInstaller5retryEv
_ZdlPvj
__cxa_pure_virtual
