ARM GAS  C:\Users\nicx5\AppData\Local\Temp\ccqckRaF.s 			page 1


   1              		.cpu cortex-m7
   2              		.arch armv7e-m
   3              		.fpu fpv5-d16
   4              		.eabi_attribute 28, 1
   5              		.eabi_attribute 20, 1
   6              		.eabi_attribute 21, 1
   7              		.eabi_attribute 23, 3
   8              		.eabi_attribute 24, 1
   9              		.eabi_attribute 25, 1
  10              		.eabi_attribute 26, 1
  11              		.eabi_attribute 30, 1
  12              		.eabi_attribute 34, 1
  13              		.eabi_attribute 18, 4
  14              		.file	"sleep_diagnostics.cpp"
  15              		.text
  16              	.Ltext0:
  17              		.cfi_sections	.debug_frame
  18              		.file 1 "Src/power/sleep_diagnostics.cpp"
  19              		.section	.text._Z23SleepDiagnostics_Record10SleepStagem,"ax",%progbits
  20              		.align	1
  21              		.global	_Z23SleepDiagnostics_Record10SleepStagem
  22              		.syntax unified
  23              		.thumb
  24              		.thumb_func
  26              	_Z23SleepDiagnostics_Record10SleepStagem:
  27              	.LVL0:
  28              	.LFB1281:
   1:Src/power/sleep_diagnostics.cpp **** #include "sleep_diagnostics.hpp"
   2:Src/power/sleep_diagnostics.cpp **** #include "board_cfg.h"
   3:Src/power/sleep_diagnostics.cpp **** #include "stm32h7xx_hal.h"
   4:Src/power/sleep_diagnostics.cpp **** #include "system_logger.h"
   5:Src/power/sleep_diagnostics.cpp **** volatile SleepDiagnostics g_sleepDiagnostics = {};
   6:Src/power/sleep_diagnostics.cpp **** void SleepDiagnostics_Record(SleepStage stage, uint32_t error)
   7:Src/power/sleep_diagnostics.cpp **** {
  29              		.loc 1 7 1 view -0
  30              		.cfi_startproc
  31              		@ args = 0, pretend = 0, frame = 0
  32              		@ frame_needed = 0, uses_anonymous_args = 0
  33              		.loc 1 7 1 is_stmt 0 view .LVU1
  34 0000 38B5     		push	{r3, r4, r5, lr}
  35              	.LCFI0:
  36              		.cfi_def_cfa_offset 16
  37              		.cfi_offset 3, -16
  38              		.cfi_offset 4, -12
  39              		.cfi_offset 5, -8
  40              		.cfi_offset 14, -4
  41 0002 0C46     		mov	r4, r1
   8:Src/power/sleep_diagnostics.cpp ****     g_sleepDiagnostics.stage = static_cast<uint32_t>(stage);
  42              		.loc 1 8 5 is_stmt 1 view .LVU2
  43              		.loc 1 8 30 is_stmt 0 view .LVU3
  44 0004 034D     		ldr	r5, .L4
  45 0006 2860     		str	r0, [r5]
   9:Src/power/sleep_diagnostics.cpp ****     g_sleepDiagnostics.changedAt = HAL_GetTick();
  46              		.loc 1 9 5 is_stmt 1 view .LVU4
  47              		.loc 1 9 47 is_stmt 0 view .LVU5
  48 0008 FFF7FEFF 		bl	HAL_GetTick
  49              	.LVL1:
ARM GAS  C:\Users\nicx5\AppData\Local\Temp\ccqckRaF.s 			page 2


  50              		.loc 1 9 34 discriminator 1 view .LVU6
  51 000c 6860     		str	r0, [r5, #4]
  10:Src/power/sleep_diagnostics.cpp ****     if (error) g_sleepDiagnostics.lastError = error;
  52              		.loc 1 10 5 is_stmt 1 view .LVU7
  53 000e 04B1     		cbz	r4, .L1
  54              		.loc 1 10 16 discriminator 1 view .LVU8
  55              		.loc 1 10 45 is_stmt 0 discriminator 1 view .LVU9
  56 0010 AC61     		str	r4, [r5, #24]
  11:Src/power/sleep_diagnostics.cpp ****     // STOP counters are deliberately not printed at the 10-ms wake cadence.
  12:Src/power/sleep_diagnostics.cpp ****     if (stage != SleepStage::StopEnter && stage != SleepStage::StopReturn)
  57              		.loc 1 12 5 is_stmt 1 view .LVU10
  13:Src/power/sleep_diagnostics.cpp ****         APP_STAGE("S97", "sleep stage=%lu error=%lu", (unsigned long)stage, (unsigned long)error);
  58              		.loc 1 13 9 view .LVU11
  59              	.L1:
  14:Src/power/sleep_diagnostics.cpp **** }
  60              		.loc 1 14 1 is_stmt 0 view .LVU12
  61 0012 38BD     		pop	{r3, r4, r5, pc}
  62              	.LVL2:
  63              	.L5:
  64              		.loc 1 14 1 view .LVU13
  65              		.align	2
  66              	.L4:
  67 0014 00000000 		.word	g_sleepDiagnostics
  68              		.cfi_endproc
  69              	.LFE1281:
  71              		.global	g_sleepDiagnostics
  72              		.section	.bss.g_sleepDiagnostics,"aw",%nobits
  73              		.align	2
  76              	g_sleepDiagnostics:
  77 0000 00000000 		.space	36
  77      00000000 
  77      00000000 
  77      00000000 
  77      00000000 
  78              		.text
  79              	.Letext0:
  80              		.file 2 "D:/Program Files/msys64/mingw64/arm-none-eabi/include/machine/_default_types.h"
  81              		.file 3 "D:/Program Files/msys64/mingw64/arm-none-eabi/include/sys/_stdint.h"
  82              		.file 4 "Inc/power/sleep_diagnostics.hpp"
  83              		.file 5 "Drivers/CMSIS/Device/ST/STM32H7xx/Include/stm32h750xx.h"
  84              		.file 6 "D:/Program Files/msys64/mingw64/arm-none-eabi/include/c++/13.3.0/cmath"
  85              		.file 7 "D:/Program Files/msys64/mingw64/arm-none-eabi/include/c++/13.3.0/type_traits"
  86              		.file 8 "D:/Program Files/msys64/mingw64/arm-none-eabi/include/c++/13.3.0/debug/debug.h"
  87              		.file 9 "D:/Program Files/msys64/mingw64/arm-none-eabi/include/c++/13.3.0/bits/std_abs.h"
  88              		.file 10 "D:/Program Files/msys64/mingw64/arm-none-eabi/include/c++/13.3.0/arm-none-eabi/thumb/v7e
  89              		.file 11 "D:/Program Files/msys64/mingw64/arm-none-eabi/include/c++/13.3.0/bits/predefined_ops.h"
  90              		.file 12 "D:/Program Files/msys64/mingw64/arm-none-eabi/include/math.h"
  91              		.file 13 "D:/Program Files/msys64/mingw64/arm-none-eabi/include/c++/13.3.0/math.h"
  92              		.file 14 "Inc/system/board_cfg.h"
  93              		.file 15 "Inc/support/enums.hpp"
  94              		.file 16 "Drivers/STM32H7xx_HAL_Driver/Inc/stm32h7xx_hal.h"
ARM GAS  C:\Users\nicx5\AppData\Local\Temp\ccqckRaF.s 			page 3


DEFINED SYMBOLS
                            *ABS*:00000000 sleep_diagnostics.cpp
C:\Users\nicx5\AppData\Local\Temp\ccqckRaF.s:20     .text._Z23SleepDiagnostics_Record10SleepStagem:00000000 $t
C:\Users\nicx5\AppData\Local\Temp\ccqckRaF.s:26     .text._Z23SleepDiagnostics_Record10SleepStagem:00000000 _Z23SleepDiagnostics_Record10SleepStagem
C:\Users\nicx5\AppData\Local\Temp\ccqckRaF.s:67     .text._Z23SleepDiagnostics_Record10SleepStagem:00000014 $d
C:\Users\nicx5\AppData\Local\Temp\ccqckRaF.s:76     .bss.g_sleepDiagnostics:00000000 g_sleepDiagnostics
C:\Users\nicx5\AppData\Local\Temp\ccqckRaF.s:73     .bss.g_sleepDiagnostics:00000000 $d

UNDEFINED SYMBOLS
HAL_GetTick
