ARM GAS  C:\Users\nicx5\AppData\Local\Temp\ccg0LiHw.s 			page 1


   1              		.cpu cortex-m7
   2              		.arch armv7e-m
   3              		.fpu fpv5-d16
   4              		.eabi_attribute 28, 1
   5              		.eabi_attribute 20, 1
   6              		.eabi_attribute 21, 1
   7              		.eabi_attribute 23, 3
   8              		.eabi_attribute 24, 1
   9              		.eabi_attribute 25, 1
  10              		.eabi_attribute 26, 1
  11              		.eabi_attribute 30, 1
  12              		.eabi_attribute 34, 1
  13              		.eabi_attribute 18, 4
  14              		.file	"spi_screen_detail_pages.cpp"
  15              		.text
  16              	.Ltext0:
  17              		.cfi_sections	.debug_frame
  18              		.file 1 "Src/display/screen_control/spi_screen_detail_pages.cpp"
  19              		.section	.text._Z17ScreenDetail_Kindh,"ax",%progbits
  20              		.align	1
  21              		.global	_Z17ScreenDetail_Kindh
  22              		.syntax unified
  23              		.thumb
  24              		.thumb_func
  26              	_Z17ScreenDetail_Kindh:
  27              	.LVL0:
  28              	.LFB2157:
   1:Src/display/screen_control/spi_screen_detail_pages.cpp **** #include "screen_control/spi_screen_detail_pages.hpp"
   2:Src/display/screen_control/spi_screen_detail_pages.cpp **** 
   3:Src/display/screen_control/spi_screen_detail_pages.cpp **** #include "screen_control/spi_screen_detail_entries.hpp"
   4:Src/display/screen_control/spi_screen_detail_pages.cpp **** 
   5:Src/display/screen_control/spi_screen_detail_pages.cpp **** ScreenDetailKind ScreenDetail_Kind(uint8_t menuId) {
  29              		.loc 1 5 52 view -0
  30              		.cfi_startproc
  31              		@ args = 0, pretend = 0, frame = 0
  32              		@ frame_needed = 0, uses_anonymous_args = 0
  33              		@ link register save eliminated.
   6:Src/display/screen_control/spi_screen_detail_pages.cpp ****     switch (menuId) {
  34              		.loc 1 6 5 view .LVU1
  35 0000 0B28     		cmp	r0, #11
  36 0002 0DD8     		bhi	.L3
  37 0004 0123     		movs	r3, #1
  38 0006 8340     		lsls	r3, r3, r0
  39 0008 40F6AF02 		movw	r2, #2223
  40 000c 1342     		tst	r3, r2
  41 000e 09D1     		bne	.L4
  42 0010 13F4A87F 		tst	r3, #336
  43 0014 08D1     		bne	.L5
  44 0016 13F4C06F 		tst	r3, #1536
  45 001a 07D0     		beq	.L6
   7:Src/display/screen_control/spi_screen_detail_pages.cpp ****         case 0:
   8:Src/display/screen_control/spi_screen_detail_pages.cpp ****         case 1:
   9:Src/display/screen_control/spi_screen_detail_pages.cpp ****         case 2:
  10:Src/display/screen_control/spi_screen_detail_pages.cpp ****         case 3:
  11:Src/display/screen_control/spi_screen_detail_pages.cpp ****         case 11:
  12:Src/display/screen_control/spi_screen_detail_pages.cpp ****         case 5:
  13:Src/display/screen_control/spi_screen_detail_pages.cpp ****         case 7:
ARM GAS  C:\Users\nicx5\AppData\Local\Temp\ccg0LiHw.s 			page 2


  14:Src/display/screen_control/spi_screen_detail_pages.cpp ****             return SCREEN_DETAIL_LIST;
  15:Src/display/screen_control/spi_screen_detail_pages.cpp ****         case 4:
  16:Src/display/screen_control/spi_screen_detail_pages.cpp ****         case 6:
  17:Src/display/screen_control/spi_screen_detail_pages.cpp ****         case 8:
  18:Src/display/screen_control/spi_screen_detail_pages.cpp ****             return SCREEN_DETAIL_SLIDER;
  19:Src/display/screen_control/spi_screen_detail_pages.cpp ****         case 9:
  20:Src/display/screen_control/spi_screen_detail_pages.cpp ****         case 10:
  21:Src/display/screen_control/spi_screen_detail_pages.cpp ****             return SCREEN_DETAIL_INFO;
  46              		.loc 1 21 20 is_stmt 0 view .LVU2
  47 001c 0320     		movs	r0, #3
  48              	.LVL1:
  49              		.loc 1 21 20 view .LVU3
  50 001e 7047     		bx	lr
  51              	.LVL2:
  52              	.L3:
  22:Src/display/screen_control/spi_screen_detail_pages.cpp ****         default:
  23:Src/display/screen_control/spi_screen_detail_pages.cpp ****             return SCREEN_DETAIL_NONE;
  53              		.loc 1 23 20 view .LVU4
  54 0020 0020     		movs	r0, #0
  55              	.LVL3:
  56              		.loc 1 23 20 view .LVU5
  57 0022 7047     		bx	lr
  58              	.LVL4:
  59              	.L4:
   6:Src/display/screen_control/spi_screen_detail_pages.cpp ****         case 0:
  60              		.loc 1 6 5 view .LVU6
  61 0024 0120     		movs	r0, #1
  62              	.LVL5:
   6:Src/display/screen_control/spi_screen_detail_pages.cpp ****         case 0:
  63              		.loc 1 6 5 view .LVU7
  64 0026 7047     		bx	lr
  65              	.LVL6:
  66              	.L5:
  18:Src/display/screen_control/spi_screen_detail_pages.cpp ****         case 9:
  67              		.loc 1 18 20 view .LVU8
  68 0028 0220     		movs	r0, #2
  69              	.LVL7:
  18:Src/display/screen_control/spi_screen_detail_pages.cpp ****         case 9:
  70              		.loc 1 18 20 view .LVU9
  71 002a 7047     		bx	lr
  72              	.LVL8:
  73              	.L6:
  74              		.loc 1 23 20 view .LVU10
  75 002c 0020     		movs	r0, #0
  76              	.LVL9:
  24:Src/display/screen_control/spi_screen_detail_pages.cpp ****     }
  25:Src/display/screen_control/spi_screen_detail_pages.cpp **** }
  77              		.loc 1 25 1 view .LVU11
  78 002e 7047     		bx	lr
  79              		.cfi_endproc
  80              	.LFE2157:
  82              		.section	.text._Z22ScreenDetail_InitIndexh,"ax",%progbits
  83              		.align	1
  84              		.global	_Z22ScreenDetail_InitIndexh
  85              		.syntax unified
  86              		.thumb
  87              		.thumb_func
ARM GAS  C:\Users\nicx5\AppData\Local\Temp\ccg0LiHw.s 			page 3


  89              	_Z22ScreenDetail_InitIndexh:
  90              	.LVL10:
  91              	.LFB2158:
  26:Src/display/screen_control/spi_screen_detail_pages.cpp **** 
  27:Src/display/screen_control/spi_screen_detail_pages.cpp **** uint8_t ScreenDetail_InitIndex(uint8_t menuId) {
  92              		.loc 1 27 48 is_stmt 1 view -0
  93              		.cfi_startproc
  94              		@ args = 0, pretend = 0, frame = 0
  95              		@ frame_needed = 0, uses_anonymous_args = 0
  96              		.loc 1 27 48 is_stmt 0 view .LVU13
  97 0000 08B5     		push	{r3, lr}
  98              	.LCFI0:
  99              		.cfi_def_cfa_offset 8
 100              		.cfi_offset 3, -8
 101              		.cfi_offset 14, -4
  28:Src/display/screen_control/spi_screen_detail_pages.cpp ****     switch (menuId) {
 102              		.loc 1 28 5 is_stmt 1 view .LVU14
 103 0002 0B28     		cmp	r0, #11
 104 0004 2BD8     		bhi	.L22
 105 0006 DFE800F0 		tbb	[pc, r0]
 106              	.L10:
 107 000a 06       		.byte	(.L21-.L10)/2
 108 000b 09       		.byte	(.L20-.L10)/2
 109 000c 0C       		.byte	(.L19-.L10)/2
 110 000d 27       		.byte	(.L18-.L10)/2
 111 000e 18       		.byte	(.L17-.L10)/2
 112 000f 12       		.byte	(.L16-.L10)/2
 113 0010 1B       		.byte	(.L15-.L10)/2
 114 0011 15       		.byte	(.L14-.L10)/2
 115 0012 1E       		.byte	(.L13-.L10)/2
 116 0013 21       		.byte	(.L12-.L10)/2
 117 0014 24       		.byte	(.L11-.L10)/2
 118 0015 0F       		.byte	(.L9-.L10)/2
 119              		.p2align 1
 120              	.L21:
  29:Src/display/screen_control/spi_screen_detail_pages.cpp ****         case 0: return ScreenDetailInputMode_InitIndex();
 121              		.loc 1 29 9 view .LVU15
 122              		.loc 1 29 17 view .LVU16
 123              		.loc 1 29 55 is_stmt 0 view .LVU17
 124 0016 FFF7FEFF 		bl	_Z31ScreenDetailInputMode_InitIndexv
 125              	.LVL11:
 126              	.L8:
  30:Src/display/screen_control/spi_screen_detail_pages.cpp ****         case 1: return ScreenDetailProfiles_InitIndex();
  31:Src/display/screen_control/spi_screen_detail_pages.cpp ****         case 2: return ScreenDetailSocd_InitIndex();
  32:Src/display/screen_control/spi_screen_detail_pages.cpp ****         case 11: return ScreenDetailButtonsPerformance_InitIndex();
  33:Src/display/screen_control/spi_screen_detail_pages.cpp ****         case 5: return ScreenDetailLightEffect_InitIndex();
  34:Src/display/screen_control/spi_screen_detail_pages.cpp ****         case 7: return ScreenDetailAmbientEffect_InitIndex();
  35:Src/display/screen_control/spi_screen_detail_pages.cpp ****         case 4: return ScreenDetailLightBrightness_InitIndex();
  36:Src/display/screen_control/spi_screen_detail_pages.cpp ****         case 6: return ScreenDetailAmbientBrightness_InitIndex();
  37:Src/display/screen_control/spi_screen_detail_pages.cpp ****         case 8: return ScreenDetailScreenBrightness_InitIndex();
  38:Src/display/screen_control/spi_screen_detail_pages.cpp ****         case 9: return ScreenDetailWebConfig_InitIndex();
  39:Src/display/screen_control/spi_screen_detail_pages.cpp ****         case 10: return ScreenDetailCalibration_InitIndex();
  40:Src/display/screen_control/spi_screen_detail_pages.cpp ****         case 3: return ScreenDetailTournament_InitIndex();
  41:Src/display/screen_control/spi_screen_detail_pages.cpp ****         default: return 0;
  42:Src/display/screen_control/spi_screen_detail_pages.cpp ****     }
  43:Src/display/screen_control/spi_screen_detail_pages.cpp **** }
 127              		.loc 1 43 1 view .LVU18
ARM GAS  C:\Users\nicx5\AppData\Local\Temp\ccg0LiHw.s 			page 4


 128 001a 08BD     		pop	{r3, pc}
 129              	.LVL12:
 130              	.L20:
  30:Src/display/screen_control/spi_screen_detail_pages.cpp ****         case 1: return ScreenDetailProfiles_InitIndex();
 131              		.loc 1 30 9 is_stmt 1 view .LVU19
  30:Src/display/screen_control/spi_screen_detail_pages.cpp ****         case 1: return ScreenDetailProfiles_InitIndex();
 132              		.loc 1 30 17 view .LVU20
  30:Src/display/screen_control/spi_screen_detail_pages.cpp ****         case 1: return ScreenDetailProfiles_InitIndex();
 133              		.loc 1 30 54 is_stmt 0 view .LVU21
 134 001c FFF7FEFF 		bl	_Z30ScreenDetailProfiles_InitIndexv
 135              	.LVL13:
  30:Src/display/screen_control/spi_screen_detail_pages.cpp ****         case 1: return ScreenDetailProfiles_InitIndex();
 136              		.loc 1 30 55 view .LVU22
 137 0020 FBE7     		b	.L8
 138              	.LVL14:
 139              	.L19:
  31:Src/display/screen_control/spi_screen_detail_pages.cpp ****         case 11: return ScreenDetailButtonsPerformance_InitIndex();
 140              		.loc 1 31 9 is_stmt 1 view .LVU23
  31:Src/display/screen_control/spi_screen_detail_pages.cpp ****         case 11: return ScreenDetailButtonsPerformance_InitIndex();
 141              		.loc 1 31 17 view .LVU24
  31:Src/display/screen_control/spi_screen_detail_pages.cpp ****         case 11: return ScreenDetailButtonsPerformance_InitIndex();
 142              		.loc 1 31 50 is_stmt 0 view .LVU25
 143 0022 FFF7FEFF 		bl	_Z26ScreenDetailSocd_InitIndexv
 144              	.LVL15:
  31:Src/display/screen_control/spi_screen_detail_pages.cpp ****         case 11: return ScreenDetailButtonsPerformance_InitIndex();
 145              		.loc 1 31 51 view .LVU26
 146 0026 F8E7     		b	.L8
 147              	.LVL16:
 148              	.L9:
  32:Src/display/screen_control/spi_screen_detail_pages.cpp ****         case 5: return ScreenDetailLightEffect_InitIndex();
 149              		.loc 1 32 9 is_stmt 1 view .LVU27
  32:Src/display/screen_control/spi_screen_detail_pages.cpp ****         case 5: return ScreenDetailLightEffect_InitIndex();
 150              		.loc 1 32 18 view .LVU28
  32:Src/display/screen_control/spi_screen_detail_pages.cpp ****         case 5: return ScreenDetailLightEffect_InitIndex();
 151              		.loc 1 32 65 is_stmt 0 view .LVU29
 152 0028 FFF7FEFF 		bl	_Z40ScreenDetailButtonsPerformance_InitIndexv
 153              	.LVL17:
  32:Src/display/screen_control/spi_screen_detail_pages.cpp ****         case 5: return ScreenDetailLightEffect_InitIndex();
 154              		.loc 1 32 66 view .LVU30
 155 002c F5E7     		b	.L8
 156              	.LVL18:
 157              	.L16:
  33:Src/display/screen_control/spi_screen_detail_pages.cpp ****         case 7: return ScreenDetailAmbientEffect_InitIndex();
 158              		.loc 1 33 9 is_stmt 1 view .LVU31
  33:Src/display/screen_control/spi_screen_detail_pages.cpp ****         case 7: return ScreenDetailAmbientEffect_InitIndex();
 159              		.loc 1 33 17 view .LVU32
  33:Src/display/screen_control/spi_screen_detail_pages.cpp ****         case 7: return ScreenDetailAmbientEffect_InitIndex();
 160              		.loc 1 33 57 is_stmt 0 view .LVU33
 161 002e FFF7FEFF 		bl	_Z33ScreenDetailLightEffect_InitIndexv
 162              	.LVL19:
  33:Src/display/screen_control/spi_screen_detail_pages.cpp ****         case 7: return ScreenDetailAmbientEffect_InitIndex();
 163              		.loc 1 33 58 view .LVU34
 164 0032 F2E7     		b	.L8
 165              	.LVL20:
 166              	.L14:
  34:Src/display/screen_control/spi_screen_detail_pages.cpp ****         case 4: return ScreenDetailLightBrightness_InitIndex();
 167              		.loc 1 34 9 is_stmt 1 view .LVU35
ARM GAS  C:\Users\nicx5\AppData\Local\Temp\ccg0LiHw.s 			page 5


  34:Src/display/screen_control/spi_screen_detail_pages.cpp ****         case 4: return ScreenDetailLightBrightness_InitIndex();
 168              		.loc 1 34 17 view .LVU36
  34:Src/display/screen_control/spi_screen_detail_pages.cpp ****         case 4: return ScreenDetailLightBrightness_InitIndex();
 169              		.loc 1 34 59 is_stmt 0 view .LVU37
 170 0034 FFF7FEFF 		bl	_Z35ScreenDetailAmbientEffect_InitIndexv
 171              	.LVL21:
  34:Src/display/screen_control/spi_screen_detail_pages.cpp ****         case 4: return ScreenDetailLightBrightness_InitIndex();
 172              		.loc 1 34 60 view .LVU38
 173 0038 EFE7     		b	.L8
 174              	.LVL22:
 175              	.L17:
  35:Src/display/screen_control/spi_screen_detail_pages.cpp ****         case 6: return ScreenDetailAmbientBrightness_InitIndex();
 176              		.loc 1 35 9 is_stmt 1 view .LVU39
  35:Src/display/screen_control/spi_screen_detail_pages.cpp ****         case 6: return ScreenDetailAmbientBrightness_InitIndex();
 177              		.loc 1 35 17 view .LVU40
  35:Src/display/screen_control/spi_screen_detail_pages.cpp ****         case 6: return ScreenDetailAmbientBrightness_InitIndex();
 178              		.loc 1 35 61 is_stmt 0 view .LVU41
 179 003a FFF7FEFF 		bl	_Z37ScreenDetailLightBrightness_InitIndexv
 180              	.LVL23:
  35:Src/display/screen_control/spi_screen_detail_pages.cpp ****         case 6: return ScreenDetailAmbientBrightness_InitIndex();
 181              		.loc 1 35 62 view .LVU42
 182 003e ECE7     		b	.L8
 183              	.LVL24:
 184              	.L15:
  36:Src/display/screen_control/spi_screen_detail_pages.cpp ****         case 8: return ScreenDetailScreenBrightness_InitIndex();
 185              		.loc 1 36 9 is_stmt 1 view .LVU43
  36:Src/display/screen_control/spi_screen_detail_pages.cpp ****         case 8: return ScreenDetailScreenBrightness_InitIndex();
 186              		.loc 1 36 17 view .LVU44
  36:Src/display/screen_control/spi_screen_detail_pages.cpp ****         case 8: return ScreenDetailScreenBrightness_InitIndex();
 187              		.loc 1 36 63 is_stmt 0 view .LVU45
 188 0040 FFF7FEFF 		bl	_Z39ScreenDetailAmbientBrightness_InitIndexv
 189              	.LVL25:
  36:Src/display/screen_control/spi_screen_detail_pages.cpp ****         case 8: return ScreenDetailScreenBrightness_InitIndex();
 190              		.loc 1 36 64 view .LVU46
 191 0044 E9E7     		b	.L8
 192              	.LVL26:
 193              	.L13:
  37:Src/display/screen_control/spi_screen_detail_pages.cpp ****         case 9: return ScreenDetailWebConfig_InitIndex();
 194              		.loc 1 37 9 is_stmt 1 view .LVU47
  37:Src/display/screen_control/spi_screen_detail_pages.cpp ****         case 9: return ScreenDetailWebConfig_InitIndex();
 195              		.loc 1 37 17 view .LVU48
  37:Src/display/screen_control/spi_screen_detail_pages.cpp ****         case 9: return ScreenDetailWebConfig_InitIndex();
 196              		.loc 1 37 62 is_stmt 0 view .LVU49
 197 0046 FFF7FEFF 		bl	_Z38ScreenDetailScreenBrightness_InitIndexv
 198              	.LVL27:
  37:Src/display/screen_control/spi_screen_detail_pages.cpp ****         case 9: return ScreenDetailWebConfig_InitIndex();
 199              		.loc 1 37 63 view .LVU50
 200 004a E6E7     		b	.L8
 201              	.LVL28:
 202              	.L12:
  38:Src/display/screen_control/spi_screen_detail_pages.cpp ****         case 10: return ScreenDetailCalibration_InitIndex();
 203              		.loc 1 38 9 is_stmt 1 view .LVU51
  38:Src/display/screen_control/spi_screen_detail_pages.cpp ****         case 10: return ScreenDetailCalibration_InitIndex();
 204              		.loc 1 38 17 view .LVU52
  38:Src/display/screen_control/spi_screen_detail_pages.cpp ****         case 10: return ScreenDetailCalibration_InitIndex();
 205              		.loc 1 38 55 is_stmt 0 view .LVU53
 206 004c FFF7FEFF 		bl	_Z31ScreenDetailWebConfig_InitIndexv
ARM GAS  C:\Users\nicx5\AppData\Local\Temp\ccg0LiHw.s 			page 6


 207              	.LVL29:
  38:Src/display/screen_control/spi_screen_detail_pages.cpp ****         case 10: return ScreenDetailCalibration_InitIndex();
 208              		.loc 1 38 56 view .LVU54
 209 0050 E3E7     		b	.L8
 210              	.LVL30:
 211              	.L11:
  39:Src/display/screen_control/spi_screen_detail_pages.cpp ****         case 3: return ScreenDetailTournament_InitIndex();
 212              		.loc 1 39 9 is_stmt 1 view .LVU55
  39:Src/display/screen_control/spi_screen_detail_pages.cpp ****         case 3: return ScreenDetailTournament_InitIndex();
 213              		.loc 1 39 18 view .LVU56
  39:Src/display/screen_control/spi_screen_detail_pages.cpp ****         case 3: return ScreenDetailTournament_InitIndex();
 214              		.loc 1 39 58 is_stmt 0 view .LVU57
 215 0052 FFF7FEFF 		bl	_Z33ScreenDetailCalibration_InitIndexv
 216              	.LVL31:
  39:Src/display/screen_control/spi_screen_detail_pages.cpp ****         case 3: return ScreenDetailTournament_InitIndex();
 217              		.loc 1 39 59 view .LVU58
 218 0056 E0E7     		b	.L8
 219              	.LVL32:
 220              	.L18:
  40:Src/display/screen_control/spi_screen_detail_pages.cpp ****         default: return 0;
 221              		.loc 1 40 9 is_stmt 1 view .LVU59
  40:Src/display/screen_control/spi_screen_detail_pages.cpp ****         default: return 0;
 222              		.loc 1 40 17 view .LVU60
  40:Src/display/screen_control/spi_screen_detail_pages.cpp ****         default: return 0;
 223              		.loc 1 40 56 is_stmt 0 view .LVU61
 224 0058 FFF7FEFF 		bl	_Z32ScreenDetailTournament_InitIndexv
 225              	.LVL33:
  40:Src/display/screen_control/spi_screen_detail_pages.cpp ****         default: return 0;
 226              		.loc 1 40 57 view .LVU62
 227 005c DDE7     		b	.L8
 228              	.LVL34:
 229              	.L22:
  28:Src/display/screen_control/spi_screen_detail_pages.cpp ****         case 0: return ScreenDetailInputMode_InitIndex();
 230              		.loc 1 28 5 view .LVU63
 231 005e 0020     		movs	r0, #0
 232              	.LVL35:
  28:Src/display/screen_control/spi_screen_detail_pages.cpp ****         case 0: return ScreenDetailInputMode_InitIndex();
 233              		.loc 1 28 5 view .LVU64
 234 0060 DBE7     		b	.L8
 235              		.cfi_endproc
 236              	.LFE2158:
 238              		.section	.text._Z21ScreenDetail_OnRotatehPha,"ax",%progbits
 239              		.align	1
 240              		.global	_Z21ScreenDetail_OnRotatehPha
 241              		.syntax unified
 242              		.thumb
 243              		.thumb_func
 245              	_Z21ScreenDetail_OnRotatehPha:
 246              	.LVL36:
 247              	.LFB2159:
  44:Src/display/screen_control/spi_screen_detail_pages.cpp **** 
  45:Src/display/screen_control/spi_screen_detail_pages.cpp **** void ScreenDetail_OnRotate(uint8_t menuId, uint8_t* ioIndex, int8_t det) {
 248              		.loc 1 45 74 is_stmt 1 view -0
 249              		.cfi_startproc
 250              		@ args = 0, pretend = 0, frame = 0
 251              		@ frame_needed = 0, uses_anonymous_args = 0
 252              		.loc 1 45 74 is_stmt 0 view .LVU66
ARM GAS  C:\Users\nicx5\AppData\Local\Temp\ccg0LiHw.s 			page 7


 253 0000 08B5     		push	{r3, lr}
 254              	.LCFI1:
 255              		.cfi_def_cfa_offset 8
 256              		.cfi_offset 3, -8
 257              		.cfi_offset 14, -4
 258 0002 0346     		mov	r3, r0
 259 0004 0846     		mov	r0, r1
 260              	.LVL37:
 261              		.loc 1 45 74 view .LVU67
 262 0006 1146     		mov	r1, r2
 263              	.LVL38:
  46:Src/display/screen_control/spi_screen_detail_pages.cpp ****     switch (menuId) {
 264              		.loc 1 46 5 is_stmt 1 view .LVU68
 265 0008 0B2B     		cmp	r3, #11
 266 000a 09D8     		bhi	.L24
 267 000c DFE803F0 		tbb	[pc, r3]
 268              	.LVL39:
 269              	.L27:
 270 0010 06       		.byte	(.L38-.L27)/2
 271 0011 09       		.byte	(.L37-.L27)/2
 272 0012 0C       		.byte	(.L36-.L27)/2
 273 0013 27       		.byte	(.L35-.L27)/2
 274 0014 18       		.byte	(.L34-.L27)/2
 275 0015 12       		.byte	(.L33-.L27)/2
 276 0016 1B       		.byte	(.L32-.L27)/2
 277 0017 15       		.byte	(.L31-.L27)/2
 278 0018 1E       		.byte	(.L30-.L27)/2
 279 0019 21       		.byte	(.L29-.L27)/2
 280 001a 24       		.byte	(.L28-.L27)/2
 281 001b 0F       		.byte	(.L26-.L27)/2
 282              		.p2align 1
 283              	.L38:
  47:Src/display/screen_control/spi_screen_detail_pages.cpp ****         case 0: ScreenDetailInputMode_Rotate(ioIndex, det); break;
 284              		.loc 1 47 9 view .LVU69
 285              		.loc 1 47 17 view .LVU70
 286              		.loc 1 47 45 is_stmt 0 view .LVU71
 287 001c FFF7FEFF 		bl	_Z28ScreenDetailInputMode_RotatePha
 288              	.LVL40:
 289              		.loc 1 47 61 is_stmt 1 discriminator 1 view .LVU72
 290              	.L24:
  48:Src/display/screen_control/spi_screen_detail_pages.cpp ****         case 1: ScreenDetailProfiles_Rotate(ioIndex, det); break;
  49:Src/display/screen_control/spi_screen_detail_pages.cpp ****         case 2: ScreenDetailSocd_Rotate(ioIndex, det); break;
  50:Src/display/screen_control/spi_screen_detail_pages.cpp ****         case 11: ScreenDetailButtonsPerformance_Rotate(ioIndex, det); break;
  51:Src/display/screen_control/spi_screen_detail_pages.cpp ****         case 5: ScreenDetailLightEffect_Rotate(ioIndex, det); break;
  52:Src/display/screen_control/spi_screen_detail_pages.cpp ****         case 7: ScreenDetailAmbientEffect_Rotate(ioIndex, det); break;
  53:Src/display/screen_control/spi_screen_detail_pages.cpp ****         case 4: ScreenDetailLightBrightness_Rotate(ioIndex, det); break;
  54:Src/display/screen_control/spi_screen_detail_pages.cpp ****         case 6: ScreenDetailAmbientBrightness_Rotate(ioIndex, det); break;
  55:Src/display/screen_control/spi_screen_detail_pages.cpp ****         case 8: ScreenDetailScreenBrightness_Rotate(ioIndex, det); break;
  56:Src/display/screen_control/spi_screen_detail_pages.cpp ****         case 9: ScreenDetailWebConfig_Rotate(ioIndex, det); break;
  57:Src/display/screen_control/spi_screen_detail_pages.cpp ****         case 10: ScreenDetailCalibration_Rotate(ioIndex, det); break;
  58:Src/display/screen_control/spi_screen_detail_pages.cpp ****         case 3: ScreenDetailTournament_Rotate(ioIndex, det); break;
  59:Src/display/screen_control/spi_screen_detail_pages.cpp ****         default: break;
  60:Src/display/screen_control/spi_screen_detail_pages.cpp ****     }
  61:Src/display/screen_control/spi_screen_detail_pages.cpp **** }
 291              		.loc 1 61 1 is_stmt 0 view .LVU73
 292 0020 08BD     		pop	{r3, pc}
 293              	.LVL41:
ARM GAS  C:\Users\nicx5\AppData\Local\Temp\ccg0LiHw.s 			page 8


 294              	.L37:
  48:Src/display/screen_control/spi_screen_detail_pages.cpp ****         case 1: ScreenDetailProfiles_Rotate(ioIndex, det); break;
 295              		.loc 1 48 9 is_stmt 1 view .LVU74
  48:Src/display/screen_control/spi_screen_detail_pages.cpp ****         case 1: ScreenDetailProfiles_Rotate(ioIndex, det); break;
 296              		.loc 1 48 17 view .LVU75
  48:Src/display/screen_control/spi_screen_detail_pages.cpp ****         case 1: ScreenDetailProfiles_Rotate(ioIndex, det); break;
 297              		.loc 1 48 44 is_stmt 0 view .LVU76
 298 0022 FFF7FEFF 		bl	_Z27ScreenDetailProfiles_RotatePha
 299              	.LVL42:
  48:Src/display/screen_control/spi_screen_detail_pages.cpp ****         case 1: ScreenDetailProfiles_Rotate(ioIndex, det); break;
 300              		.loc 1 48 60 is_stmt 1 discriminator 1 view .LVU77
  48:Src/display/screen_control/spi_screen_detail_pages.cpp ****         case 1: ScreenDetailProfiles_Rotate(ioIndex, det); break;
 301              		.loc 1 48 60 is_stmt 0 view .LVU78
 302 0026 FBE7     		b	.L24
 303              	.LVL43:
 304              	.L36:
  49:Src/display/screen_control/spi_screen_detail_pages.cpp ****         case 11: ScreenDetailButtonsPerformance_Rotate(ioIndex, det); break;
 305              		.loc 1 49 9 is_stmt 1 view .LVU79
  49:Src/display/screen_control/spi_screen_detail_pages.cpp ****         case 11: ScreenDetailButtonsPerformance_Rotate(ioIndex, det); break;
 306              		.loc 1 49 17 view .LVU80
  49:Src/display/screen_control/spi_screen_detail_pages.cpp ****         case 11: ScreenDetailButtonsPerformance_Rotate(ioIndex, det); break;
 307              		.loc 1 49 40 is_stmt 0 view .LVU81
 308 0028 FFF7FEFF 		bl	_Z23ScreenDetailSocd_RotatePha
 309              	.LVL44:
  49:Src/display/screen_control/spi_screen_detail_pages.cpp ****         case 11: ScreenDetailButtonsPerformance_Rotate(ioIndex, det); break;
 310              		.loc 1 49 56 is_stmt 1 discriminator 1 view .LVU82
  49:Src/display/screen_control/spi_screen_detail_pages.cpp ****         case 11: ScreenDetailButtonsPerformance_Rotate(ioIndex, det); break;
 311              		.loc 1 49 56 is_stmt 0 view .LVU83
 312 002c F8E7     		b	.L24
 313              	.LVL45:
 314              	.L26:
  50:Src/display/screen_control/spi_screen_detail_pages.cpp ****         case 5: ScreenDetailLightEffect_Rotate(ioIndex, det); break;
 315              		.loc 1 50 9 is_stmt 1 view .LVU84
  50:Src/display/screen_control/spi_screen_detail_pages.cpp ****         case 5: ScreenDetailLightEffect_Rotate(ioIndex, det); break;
 316              		.loc 1 50 18 view .LVU85
  50:Src/display/screen_control/spi_screen_detail_pages.cpp ****         case 5: ScreenDetailLightEffect_Rotate(ioIndex, det); break;
 317              		.loc 1 50 55 is_stmt 0 view .LVU86
 318 002e FFF7FEFF 		bl	_Z37ScreenDetailButtonsPerformance_RotatePha
 319              	.LVL46:
  50:Src/display/screen_control/spi_screen_detail_pages.cpp ****         case 5: ScreenDetailLightEffect_Rotate(ioIndex, det); break;
 320              		.loc 1 50 71 is_stmt 1 discriminator 1 view .LVU87
  50:Src/display/screen_control/spi_screen_detail_pages.cpp ****         case 5: ScreenDetailLightEffect_Rotate(ioIndex, det); break;
 321              		.loc 1 50 71 is_stmt 0 view .LVU88
 322 0032 F5E7     		b	.L24
 323              	.LVL47:
 324              	.L33:
  51:Src/display/screen_control/spi_screen_detail_pages.cpp ****         case 7: ScreenDetailAmbientEffect_Rotate(ioIndex, det); break;
 325              		.loc 1 51 9 is_stmt 1 view .LVU89
  51:Src/display/screen_control/spi_screen_detail_pages.cpp ****         case 7: ScreenDetailAmbientEffect_Rotate(ioIndex, det); break;
 326              		.loc 1 51 17 view .LVU90
  51:Src/display/screen_control/spi_screen_detail_pages.cpp ****         case 7: ScreenDetailAmbientEffect_Rotate(ioIndex, det); break;
 327              		.loc 1 51 47 is_stmt 0 view .LVU91
 328 0034 FFF7FEFF 		bl	_Z30ScreenDetailLightEffect_RotatePha
 329              	.LVL48:
  51:Src/display/screen_control/spi_screen_detail_pages.cpp ****         case 7: ScreenDetailAmbientEffect_Rotate(ioIndex, det); break;
 330              		.loc 1 51 63 is_stmt 1 discriminator 1 view .LVU92
  51:Src/display/screen_control/spi_screen_detail_pages.cpp ****         case 7: ScreenDetailAmbientEffect_Rotate(ioIndex, det); break;
ARM GAS  C:\Users\nicx5\AppData\Local\Temp\ccg0LiHw.s 			page 9


 331              		.loc 1 51 63 is_stmt 0 view .LVU93
 332 0038 F2E7     		b	.L24
 333              	.LVL49:
 334              	.L31:
  52:Src/display/screen_control/spi_screen_detail_pages.cpp ****         case 4: ScreenDetailLightBrightness_Rotate(ioIndex, det); break;
 335              		.loc 1 52 9 is_stmt 1 view .LVU94
  52:Src/display/screen_control/spi_screen_detail_pages.cpp ****         case 4: ScreenDetailLightBrightness_Rotate(ioIndex, det); break;
 336              		.loc 1 52 17 view .LVU95
  52:Src/display/screen_control/spi_screen_detail_pages.cpp ****         case 4: ScreenDetailLightBrightness_Rotate(ioIndex, det); break;
 337              		.loc 1 52 49 is_stmt 0 view .LVU96
 338 003a FFF7FEFF 		bl	_Z32ScreenDetailAmbientEffect_RotatePha
 339              	.LVL50:
  52:Src/display/screen_control/spi_screen_detail_pages.cpp ****         case 4: ScreenDetailLightBrightness_Rotate(ioIndex, det); break;
 340              		.loc 1 52 65 is_stmt 1 discriminator 1 view .LVU97
  52:Src/display/screen_control/spi_screen_detail_pages.cpp ****         case 4: ScreenDetailLightBrightness_Rotate(ioIndex, det); break;
 341              		.loc 1 52 65 is_stmt 0 view .LVU98
 342 003e EFE7     		b	.L24
 343              	.LVL51:
 344              	.L34:
  53:Src/display/screen_control/spi_screen_detail_pages.cpp ****         case 6: ScreenDetailAmbientBrightness_Rotate(ioIndex, det); break;
 345              		.loc 1 53 9 is_stmt 1 view .LVU99
  53:Src/display/screen_control/spi_screen_detail_pages.cpp ****         case 6: ScreenDetailAmbientBrightness_Rotate(ioIndex, det); break;
 346              		.loc 1 53 17 view .LVU100
  53:Src/display/screen_control/spi_screen_detail_pages.cpp ****         case 6: ScreenDetailAmbientBrightness_Rotate(ioIndex, det); break;
 347              		.loc 1 53 51 is_stmt 0 view .LVU101
 348 0040 FFF7FEFF 		bl	_Z34ScreenDetailLightBrightness_RotatePha
 349              	.LVL52:
  53:Src/display/screen_control/spi_screen_detail_pages.cpp ****         case 6: ScreenDetailAmbientBrightness_Rotate(ioIndex, det); break;
 350              		.loc 1 53 67 is_stmt 1 discriminator 1 view .LVU102
  53:Src/display/screen_control/spi_screen_detail_pages.cpp ****         case 6: ScreenDetailAmbientBrightness_Rotate(ioIndex, det); break;
 351              		.loc 1 53 67 is_stmt 0 view .LVU103
 352 0044 ECE7     		b	.L24
 353              	.LVL53:
 354              	.L32:
  54:Src/display/screen_control/spi_screen_detail_pages.cpp ****         case 8: ScreenDetailScreenBrightness_Rotate(ioIndex, det); break;
 355              		.loc 1 54 9 is_stmt 1 view .LVU104
  54:Src/display/screen_control/spi_screen_detail_pages.cpp ****         case 8: ScreenDetailScreenBrightness_Rotate(ioIndex, det); break;
 356              		.loc 1 54 17 view .LVU105
  54:Src/display/screen_control/spi_screen_detail_pages.cpp ****         case 8: ScreenDetailScreenBrightness_Rotate(ioIndex, det); break;
 357              		.loc 1 54 53 is_stmt 0 view .LVU106
 358 0046 FFF7FEFF 		bl	_Z36ScreenDetailAmbientBrightness_RotatePha
 359              	.LVL54:
  54:Src/display/screen_control/spi_screen_detail_pages.cpp ****         case 8: ScreenDetailScreenBrightness_Rotate(ioIndex, det); break;
 360              		.loc 1 54 69 is_stmt 1 discriminator 1 view .LVU107
  54:Src/display/screen_control/spi_screen_detail_pages.cpp ****         case 8: ScreenDetailScreenBrightness_Rotate(ioIndex, det); break;
 361              		.loc 1 54 69 is_stmt 0 view .LVU108
 362 004a E9E7     		b	.L24
 363              	.LVL55:
 364              	.L30:
  55:Src/display/screen_control/spi_screen_detail_pages.cpp ****         case 9: ScreenDetailWebConfig_Rotate(ioIndex, det); break;
 365              		.loc 1 55 9 is_stmt 1 view .LVU109
  55:Src/display/screen_control/spi_screen_detail_pages.cpp ****         case 9: ScreenDetailWebConfig_Rotate(ioIndex, det); break;
 366              		.loc 1 55 17 view .LVU110
  55:Src/display/screen_control/spi_screen_detail_pages.cpp ****         case 9: ScreenDetailWebConfig_Rotate(ioIndex, det); break;
 367              		.loc 1 55 52 is_stmt 0 view .LVU111
 368 004c FFF7FEFF 		bl	_Z35ScreenDetailScreenBrightness_RotatePha
 369              	.LVL56:
ARM GAS  C:\Users\nicx5\AppData\Local\Temp\ccg0LiHw.s 			page 10


  55:Src/display/screen_control/spi_screen_detail_pages.cpp ****         case 9: ScreenDetailWebConfig_Rotate(ioIndex, det); break;
 370              		.loc 1 55 68 is_stmt 1 discriminator 1 view .LVU112
  55:Src/display/screen_control/spi_screen_detail_pages.cpp ****         case 9: ScreenDetailWebConfig_Rotate(ioIndex, det); break;
 371              		.loc 1 55 68 is_stmt 0 view .LVU113
 372 0050 E6E7     		b	.L24
 373              	.LVL57:
 374              	.L29:
  56:Src/display/screen_control/spi_screen_detail_pages.cpp ****         case 10: ScreenDetailCalibration_Rotate(ioIndex, det); break;
 375              		.loc 1 56 9 is_stmt 1 view .LVU114
  56:Src/display/screen_control/spi_screen_detail_pages.cpp ****         case 10: ScreenDetailCalibration_Rotate(ioIndex, det); break;
 376              		.loc 1 56 17 view .LVU115
  56:Src/display/screen_control/spi_screen_detail_pages.cpp ****         case 10: ScreenDetailCalibration_Rotate(ioIndex, det); break;
 377              		.loc 1 56 45 is_stmt 0 view .LVU116
 378 0052 FFF7FEFF 		bl	_Z28ScreenDetailWebConfig_RotatePha
 379              	.LVL58:
  56:Src/display/screen_control/spi_screen_detail_pages.cpp ****         case 10: ScreenDetailCalibration_Rotate(ioIndex, det); break;
 380              		.loc 1 56 61 is_stmt 1 discriminator 1 view .LVU117
  56:Src/display/screen_control/spi_screen_detail_pages.cpp ****         case 10: ScreenDetailCalibration_Rotate(ioIndex, det); break;
 381              		.loc 1 56 61 is_stmt 0 view .LVU118
 382 0056 E3E7     		b	.L24
 383              	.LVL59:
 384              	.L28:
  57:Src/display/screen_control/spi_screen_detail_pages.cpp ****         case 3: ScreenDetailTournament_Rotate(ioIndex, det); break;
 385              		.loc 1 57 9 is_stmt 1 view .LVU119
  57:Src/display/screen_control/spi_screen_detail_pages.cpp ****         case 3: ScreenDetailTournament_Rotate(ioIndex, det); break;
 386              		.loc 1 57 18 view .LVU120
  57:Src/display/screen_control/spi_screen_detail_pages.cpp ****         case 3: ScreenDetailTournament_Rotate(ioIndex, det); break;
 387              		.loc 1 57 48 is_stmt 0 view .LVU121
 388 0058 FFF7FEFF 		bl	_Z30ScreenDetailCalibration_RotatePha
 389              	.LVL60:
  57:Src/display/screen_control/spi_screen_detail_pages.cpp ****         case 3: ScreenDetailTournament_Rotate(ioIndex, det); break;
 390              		.loc 1 57 64 is_stmt 1 discriminator 1 view .LVU122
  57:Src/display/screen_control/spi_screen_detail_pages.cpp ****         case 3: ScreenDetailTournament_Rotate(ioIndex, det); break;
 391              		.loc 1 57 64 is_stmt 0 view .LVU123
 392 005c E0E7     		b	.L24
 393              	.LVL61:
 394              	.L35:
  58:Src/display/screen_control/spi_screen_detail_pages.cpp ****         default: break;
 395              		.loc 1 58 9 is_stmt 1 view .LVU124
  58:Src/display/screen_control/spi_screen_detail_pages.cpp ****         default: break;
 396              		.loc 1 58 17 view .LVU125
  58:Src/display/screen_control/spi_screen_detail_pages.cpp ****         default: break;
 397              		.loc 1 58 46 is_stmt 0 view .LVU126
 398 005e FFF7FEFF 		bl	_Z29ScreenDetailTournament_RotatePha
 399              	.LVL62:
  58:Src/display/screen_control/spi_screen_detail_pages.cpp ****         default: break;
 400              		.loc 1 58 62 is_stmt 1 discriminator 1 view .LVU127
 401              		.loc 1 61 1 is_stmt 0 view .LVU128
 402 0062 DDE7     		b	.L24
 403              		.cfi_endproc
 404              	.LFE2159:
 406              		.section	.text._Z22ScreenDetail_OnConfirmhh,"ax",%progbits
 407              		.align	1
 408              		.global	_Z22ScreenDetail_OnConfirmhh
 409              		.syntax unified
 410              		.thumb
 411              		.thumb_func
ARM GAS  C:\Users\nicx5\AppData\Local\Temp\ccg0LiHw.s 			page 11


 413              	_Z22ScreenDetail_OnConfirmhh:
 414              	.LVL63:
 415              	.LFB2160:
  62:Src/display/screen_control/spi_screen_detail_pages.cpp **** 
  63:Src/display/screen_control/spi_screen_detail_pages.cpp **** bool ScreenDetail_OnConfirm(uint8_t menuId, uint8_t index) {
 416              		.loc 1 63 60 is_stmt 1 view -0
 417              		.cfi_startproc
 418              		@ args = 0, pretend = 0, frame = 0
 419              		@ frame_needed = 0, uses_anonymous_args = 0
 420              		.loc 1 63 60 is_stmt 0 view .LVU130
 421 0000 08B5     		push	{r3, lr}
 422              	.LCFI2:
 423              		.cfi_def_cfa_offset 8
 424              		.cfi_offset 3, -8
 425              		.cfi_offset 14, -4
  64:Src/display/screen_control/spi_screen_detail_pages.cpp ****     switch (menuId) {
 426              		.loc 1 64 5 is_stmt 1 view .LVU131
 427 0002 0B28     		cmp	r0, #11
 428 0004 41D8     		bhi	.L56
 429 0006 DFE800F0 		tbb	[pc, r0]
 430              	.L44:
 431 000a 06       		.byte	(.L55-.L44)/2
 432 000b 0B       		.byte	(.L54-.L44)/2
 433 000c 10       		.byte	(.L53-.L44)/2
 434 000d 3C       		.byte	(.L52-.L44)/2
 435 000e 24       		.byte	(.L51-.L44)/2
 436 000f 1A       		.byte	(.L50-.L44)/2
 437 0010 29       		.byte	(.L49-.L44)/2
 438 0011 1F       		.byte	(.L48-.L44)/2
 439 0012 2E       		.byte	(.L47-.L44)/2
 440 0013 33       		.byte	(.L46-.L44)/2
 441 0014 37       		.byte	(.L45-.L44)/2
 442 0015 16       		.byte	(.L43-.L44)/2
 443              		.p2align 1
 444              	.L55:
  65:Src/display/screen_control/spi_screen_detail_pages.cpp ****         case 0: ScreenDetailInputMode_OnConfirm(index); return true;
 445              		.loc 1 65 9 view .LVU132
 446              		.loc 1 65 17 view .LVU133
 447              		.loc 1 65 48 is_stmt 0 view .LVU134
 448 0016 0846     		mov	r0, r1
 449              	.LVL64:
 450              		.loc 1 65 48 view .LVU135
 451 0018 FFF7FEFF 		bl	_Z31ScreenDetailInputMode_OnConfirmh
 452              	.LVL65:
 453              		.loc 1 65 57 is_stmt 1 discriminator 1 view .LVU136
 454              		.loc 1 65 64 is_stmt 0 discriminator 1 view .LVU137
 455 001c 0120     		movs	r0, #1
 456              	.L42:
  66:Src/display/screen_control/spi_screen_detail_pages.cpp ****         case 1: ScreenDetailProfiles_OnConfirm(index); return true;
  67:Src/display/screen_control/spi_screen_detail_pages.cpp ****         case 2: ScreenDetailSocd_OnConfirm(index); return ScreenDetailSocd_ShouldExitAfterConfirm()
  68:Src/display/screen_control/spi_screen_detail_pages.cpp ****         case 11: return ScreenDetailButtonsPerformance_OnConfirm(index);
  69:Src/display/screen_control/spi_screen_detail_pages.cpp ****         case 5: ScreenDetailLightEffect_OnConfirm(index); return true;
  70:Src/display/screen_control/spi_screen_detail_pages.cpp ****         case 7: ScreenDetailAmbientEffect_OnConfirm(index); return true;
  71:Src/display/screen_control/spi_screen_detail_pages.cpp ****         case 4: ScreenDetailLightBrightness_OnConfirm(index); return false;
  72:Src/display/screen_control/spi_screen_detail_pages.cpp ****         case 6: ScreenDetailAmbientBrightness_OnConfirm(index); return false;
  73:Src/display/screen_control/spi_screen_detail_pages.cpp ****         case 8: ScreenDetailScreenBrightness_OnConfirm(index); return false;
  74:Src/display/screen_control/spi_screen_detail_pages.cpp ****         case 9: return ScreenDetailWebConfig_OnConfirm(index);
ARM GAS  C:\Users\nicx5\AppData\Local\Temp\ccg0LiHw.s 			page 12


  75:Src/display/screen_control/spi_screen_detail_pages.cpp ****         case 10: ScreenDetailCalibration_OnConfirm(index); return true;
  76:Src/display/screen_control/spi_screen_detail_pages.cpp ****         case 3: return ScreenDetailTournament_OnConfirm(index);
  77:Src/display/screen_control/spi_screen_detail_pages.cpp ****         default: return false;
  78:Src/display/screen_control/spi_screen_detail_pages.cpp ****     }
  79:Src/display/screen_control/spi_screen_detail_pages.cpp **** }
 457              		.loc 1 79 1 view .LVU138
 458 001e 08BD     		pop	{r3, pc}
 459              	.LVL66:
 460              	.L54:
  66:Src/display/screen_control/spi_screen_detail_pages.cpp ****         case 1: ScreenDetailProfiles_OnConfirm(index); return true;
 461              		.loc 1 66 9 is_stmt 1 view .LVU139
  66:Src/display/screen_control/spi_screen_detail_pages.cpp ****         case 1: ScreenDetailProfiles_OnConfirm(index); return true;
 462              		.loc 1 66 17 view .LVU140
  66:Src/display/screen_control/spi_screen_detail_pages.cpp ****         case 1: ScreenDetailProfiles_OnConfirm(index); return true;
 463              		.loc 1 66 47 is_stmt 0 view .LVU141
 464 0020 0846     		mov	r0, r1
 465              	.LVL67:
  66:Src/display/screen_control/spi_screen_detail_pages.cpp ****         case 1: ScreenDetailProfiles_OnConfirm(index); return true;
 466              		.loc 1 66 47 view .LVU142
 467 0022 FFF7FEFF 		bl	_Z30ScreenDetailProfiles_OnConfirmh
 468              	.LVL68:
  66:Src/display/screen_control/spi_screen_detail_pages.cpp ****         case 1: ScreenDetailProfiles_OnConfirm(index); return true;
 469              		.loc 1 66 56 is_stmt 1 discriminator 1 view .LVU143
  66:Src/display/screen_control/spi_screen_detail_pages.cpp ****         case 1: ScreenDetailProfiles_OnConfirm(index); return true;
 470              		.loc 1 66 63 is_stmt 0 discriminator 1 view .LVU144
 471 0026 0120     		movs	r0, #1
  66:Src/display/screen_control/spi_screen_detail_pages.cpp ****         case 1: ScreenDetailProfiles_OnConfirm(index); return true;
 472              		.loc 1 66 63 view .LVU145
 473 0028 F9E7     		b	.L42
 474              	.LVL69:
 475              	.L53:
  67:Src/display/screen_control/spi_screen_detail_pages.cpp ****         case 11: return ScreenDetailButtonsPerformance_OnConfirm(index);
 476              		.loc 1 67 9 is_stmt 1 view .LVU146
  67:Src/display/screen_control/spi_screen_detail_pages.cpp ****         case 11: return ScreenDetailButtonsPerformance_OnConfirm(index);
 477              		.loc 1 67 17 view .LVU147
  67:Src/display/screen_control/spi_screen_detail_pages.cpp ****         case 11: return ScreenDetailButtonsPerformance_OnConfirm(index);
 478              		.loc 1 67 43 is_stmt 0 view .LVU148
 479 002a 0846     		mov	r0, r1
 480              	.LVL70:
  67:Src/display/screen_control/spi_screen_detail_pages.cpp ****         case 11: return ScreenDetailButtonsPerformance_OnConfirm(index);
 481              		.loc 1 67 43 view .LVU149
 482 002c FFF7FEFF 		bl	_Z26ScreenDetailSocd_OnConfirmh
 483              	.LVL71:
  67:Src/display/screen_control/spi_screen_detail_pages.cpp ****         case 11: return ScreenDetailButtonsPerformance_OnConfirm(index);
 484              		.loc 1 67 52 is_stmt 1 discriminator 1 view .LVU150
  67:Src/display/screen_control/spi_screen_detail_pages.cpp ****         case 11: return ScreenDetailButtonsPerformance_OnConfirm(index);
 485              		.loc 1 67 98 is_stmt 0 discriminator 1 view .LVU151
 486 0030 FFF7FEFF 		bl	_Z39ScreenDetailSocd_ShouldExitAfterConfirmv
 487              	.LVL72:
  67:Src/display/screen_control/spi_screen_detail_pages.cpp ****         case 11: return ScreenDetailButtonsPerformance_OnConfirm(index);
 488              		.loc 1 67 99 view .LVU152
 489 0034 F3E7     		b	.L42
 490              	.LVL73:
 491              	.L43:
  68:Src/display/screen_control/spi_screen_detail_pages.cpp ****         case 5: ScreenDetailLightEffect_OnConfirm(index); return true;
 492              		.loc 1 68 9 is_stmt 1 view .LVU153
  68:Src/display/screen_control/spi_screen_detail_pages.cpp ****         case 5: ScreenDetailLightEffect_OnConfirm(index); return true;
ARM GAS  C:\Users\nicx5\AppData\Local\Temp\ccg0LiHw.s 			page 13


 493              		.loc 1 68 18 view .LVU154
  68:Src/display/screen_control/spi_screen_detail_pages.cpp ****         case 5: ScreenDetailLightEffect_OnConfirm(index); return true;
 494              		.loc 1 68 65 is_stmt 0 view .LVU155
 495 0036 0846     		mov	r0, r1
 496              	.LVL74:
  68:Src/display/screen_control/spi_screen_detail_pages.cpp ****         case 5: ScreenDetailLightEffect_OnConfirm(index); return true;
 497              		.loc 1 68 65 view .LVU156
 498 0038 FFF7FEFF 		bl	_Z40ScreenDetailButtonsPerformance_OnConfirmh
 499              	.LVL75:
  68:Src/display/screen_control/spi_screen_detail_pages.cpp ****         case 5: ScreenDetailLightEffect_OnConfirm(index); return true;
 500              		.loc 1 68 71 view .LVU157
 501 003c EFE7     		b	.L42
 502              	.LVL76:
 503              	.L50:
  69:Src/display/screen_control/spi_screen_detail_pages.cpp ****         case 7: ScreenDetailAmbientEffect_OnConfirm(index); return true;
 504              		.loc 1 69 9 is_stmt 1 view .LVU158
  69:Src/display/screen_control/spi_screen_detail_pages.cpp ****         case 7: ScreenDetailAmbientEffect_OnConfirm(index); return true;
 505              		.loc 1 69 17 view .LVU159
  69:Src/display/screen_control/spi_screen_detail_pages.cpp ****         case 7: ScreenDetailAmbientEffect_OnConfirm(index); return true;
 506              		.loc 1 69 50 is_stmt 0 view .LVU160
 507 003e 0846     		mov	r0, r1
 508              	.LVL77:
  69:Src/display/screen_control/spi_screen_detail_pages.cpp ****         case 7: ScreenDetailAmbientEffect_OnConfirm(index); return true;
 509              		.loc 1 69 50 view .LVU161
 510 0040 FFF7FEFF 		bl	_Z33ScreenDetailLightEffect_OnConfirmh
 511              	.LVL78:
  69:Src/display/screen_control/spi_screen_detail_pages.cpp ****         case 7: ScreenDetailAmbientEffect_OnConfirm(index); return true;
 512              		.loc 1 69 59 is_stmt 1 discriminator 1 view .LVU162
  69:Src/display/screen_control/spi_screen_detail_pages.cpp ****         case 7: ScreenDetailAmbientEffect_OnConfirm(index); return true;
 513              		.loc 1 69 66 is_stmt 0 discriminator 1 view .LVU163
 514 0044 0120     		movs	r0, #1
  69:Src/display/screen_control/spi_screen_detail_pages.cpp ****         case 7: ScreenDetailAmbientEffect_OnConfirm(index); return true;
 515              		.loc 1 69 66 view .LVU164
 516 0046 EAE7     		b	.L42
 517              	.LVL79:
 518              	.L48:
  70:Src/display/screen_control/spi_screen_detail_pages.cpp ****         case 4: ScreenDetailLightBrightness_OnConfirm(index); return false;
 519              		.loc 1 70 9 is_stmt 1 view .LVU165
  70:Src/display/screen_control/spi_screen_detail_pages.cpp ****         case 4: ScreenDetailLightBrightness_OnConfirm(index); return false;
 520              		.loc 1 70 17 view .LVU166
  70:Src/display/screen_control/spi_screen_detail_pages.cpp ****         case 4: ScreenDetailLightBrightness_OnConfirm(index); return false;
 521              		.loc 1 70 52 is_stmt 0 view .LVU167
 522 0048 0846     		mov	r0, r1
 523              	.LVL80:
  70:Src/display/screen_control/spi_screen_detail_pages.cpp ****         case 4: ScreenDetailLightBrightness_OnConfirm(index); return false;
 524              		.loc 1 70 52 view .LVU168
 525 004a FFF7FEFF 		bl	_Z35ScreenDetailAmbientEffect_OnConfirmh
 526              	.LVL81:
  70:Src/display/screen_control/spi_screen_detail_pages.cpp ****         case 4: ScreenDetailLightBrightness_OnConfirm(index); return false;
 527              		.loc 1 70 61 is_stmt 1 discriminator 1 view .LVU169
  70:Src/display/screen_control/spi_screen_detail_pages.cpp ****         case 4: ScreenDetailLightBrightness_OnConfirm(index); return false;
 528              		.loc 1 70 68 is_stmt 0 discriminator 1 view .LVU170
 529 004e 0120     		movs	r0, #1
  70:Src/display/screen_control/spi_screen_detail_pages.cpp ****         case 4: ScreenDetailLightBrightness_OnConfirm(index); return false;
 530              		.loc 1 70 68 view .LVU171
 531 0050 E5E7     		b	.L42
 532              	.LVL82:
ARM GAS  C:\Users\nicx5\AppData\Local\Temp\ccg0LiHw.s 			page 14


 533              	.L51:
  71:Src/display/screen_control/spi_screen_detail_pages.cpp ****         case 6: ScreenDetailAmbientBrightness_OnConfirm(index); return false;
 534              		.loc 1 71 9 is_stmt 1 view .LVU172
  71:Src/display/screen_control/spi_screen_detail_pages.cpp ****         case 6: ScreenDetailAmbientBrightness_OnConfirm(index); return false;
 535              		.loc 1 71 17 view .LVU173
  71:Src/display/screen_control/spi_screen_detail_pages.cpp ****         case 6: ScreenDetailAmbientBrightness_OnConfirm(index); return false;
 536              		.loc 1 71 54 is_stmt 0 view .LVU174
 537 0052 0846     		mov	r0, r1
 538              	.LVL83:
  71:Src/display/screen_control/spi_screen_detail_pages.cpp ****         case 6: ScreenDetailAmbientBrightness_OnConfirm(index); return false;
 539              		.loc 1 71 54 view .LVU175
 540 0054 FFF7FEFF 		bl	_Z37ScreenDetailLightBrightness_OnConfirmh
 541              	.LVL84:
  71:Src/display/screen_control/spi_screen_detail_pages.cpp ****         case 6: ScreenDetailAmbientBrightness_OnConfirm(index); return false;
 542              		.loc 1 71 63 is_stmt 1 discriminator 1 view .LVU176
  71:Src/display/screen_control/spi_screen_detail_pages.cpp ****         case 6: ScreenDetailAmbientBrightness_OnConfirm(index); return false;
 543              		.loc 1 71 70 is_stmt 0 discriminator 1 view .LVU177
 544 0058 0020     		movs	r0, #0
  71:Src/display/screen_control/spi_screen_detail_pages.cpp ****         case 6: ScreenDetailAmbientBrightness_OnConfirm(index); return false;
 545              		.loc 1 71 70 view .LVU178
 546 005a E0E7     		b	.L42
 547              	.LVL85:
 548              	.L49:
  72:Src/display/screen_control/spi_screen_detail_pages.cpp ****         case 8: ScreenDetailScreenBrightness_OnConfirm(index); return false;
 549              		.loc 1 72 9 is_stmt 1 view .LVU179
  72:Src/display/screen_control/spi_screen_detail_pages.cpp ****         case 8: ScreenDetailScreenBrightness_OnConfirm(index); return false;
 550              		.loc 1 72 17 view .LVU180
  72:Src/display/screen_control/spi_screen_detail_pages.cpp ****         case 8: ScreenDetailScreenBrightness_OnConfirm(index); return false;
 551              		.loc 1 72 56 is_stmt 0 view .LVU181
 552 005c 0846     		mov	r0, r1
 553              	.LVL86:
  72:Src/display/screen_control/spi_screen_detail_pages.cpp ****         case 8: ScreenDetailScreenBrightness_OnConfirm(index); return false;
 554              		.loc 1 72 56 view .LVU182
 555 005e FFF7FEFF 		bl	_Z39ScreenDetailAmbientBrightness_OnConfirmh
 556              	.LVL87:
  72:Src/display/screen_control/spi_screen_detail_pages.cpp ****         case 8: ScreenDetailScreenBrightness_OnConfirm(index); return false;
 557              		.loc 1 72 65 is_stmt 1 discriminator 1 view .LVU183
  72:Src/display/screen_control/spi_screen_detail_pages.cpp ****         case 8: ScreenDetailScreenBrightness_OnConfirm(index); return false;
 558              		.loc 1 72 72 is_stmt 0 discriminator 1 view .LVU184
 559 0062 0020     		movs	r0, #0
  72:Src/display/screen_control/spi_screen_detail_pages.cpp ****         case 8: ScreenDetailScreenBrightness_OnConfirm(index); return false;
 560              		.loc 1 72 72 view .LVU185
 561 0064 DBE7     		b	.L42
 562              	.LVL88:
 563              	.L47:
  73:Src/display/screen_control/spi_screen_detail_pages.cpp ****         case 9: return ScreenDetailWebConfig_OnConfirm(index);
 564              		.loc 1 73 9 is_stmt 1 view .LVU186
  73:Src/display/screen_control/spi_screen_detail_pages.cpp ****         case 9: return ScreenDetailWebConfig_OnConfirm(index);
 565              		.loc 1 73 17 view .LVU187
  73:Src/display/screen_control/spi_screen_detail_pages.cpp ****         case 9: return ScreenDetailWebConfig_OnConfirm(index);
 566              		.loc 1 73 55 is_stmt 0 view .LVU188
 567 0066 0846     		mov	r0, r1
 568              	.LVL89:
  73:Src/display/screen_control/spi_screen_detail_pages.cpp ****         case 9: return ScreenDetailWebConfig_OnConfirm(index);
 569              		.loc 1 73 55 view .LVU189
 570 0068 FFF7FEFF 		bl	_Z38ScreenDetailScreenBrightness_OnConfirmh
 571              	.LVL90:
ARM GAS  C:\Users\nicx5\AppData\Local\Temp\ccg0LiHw.s 			page 15


  73:Src/display/screen_control/spi_screen_detail_pages.cpp ****         case 9: return ScreenDetailWebConfig_OnConfirm(index);
 572              		.loc 1 73 64 is_stmt 1 discriminator 1 view .LVU190
  73:Src/display/screen_control/spi_screen_detail_pages.cpp ****         case 9: return ScreenDetailWebConfig_OnConfirm(index);
 573              		.loc 1 73 71 is_stmt 0 discriminator 1 view .LVU191
 574 006c 0020     		movs	r0, #0
  73:Src/display/screen_control/spi_screen_detail_pages.cpp ****         case 9: return ScreenDetailWebConfig_OnConfirm(index);
 575              		.loc 1 73 71 view .LVU192
 576 006e D6E7     		b	.L42
 577              	.LVL91:
 578              	.L46:
  74:Src/display/screen_control/spi_screen_detail_pages.cpp ****         case 10: ScreenDetailCalibration_OnConfirm(index); return true;
 579              		.loc 1 74 9 is_stmt 1 view .LVU193
  74:Src/display/screen_control/spi_screen_detail_pages.cpp ****         case 10: ScreenDetailCalibration_OnConfirm(index); return true;
 580              		.loc 1 74 17 view .LVU194
  74:Src/display/screen_control/spi_screen_detail_pages.cpp ****         case 10: ScreenDetailCalibration_OnConfirm(index); return true;
 581              		.loc 1 74 55 is_stmt 0 view .LVU195
 582 0070 0846     		mov	r0, r1
 583              	.LVL92:
  74:Src/display/screen_control/spi_screen_detail_pages.cpp ****         case 10: ScreenDetailCalibration_OnConfirm(index); return true;
 584              		.loc 1 74 55 view .LVU196
 585 0072 FFF7FEFF 		bl	_Z31ScreenDetailWebConfig_OnConfirmh
 586              	.LVL93:
  74:Src/display/screen_control/spi_screen_detail_pages.cpp ****         case 10: ScreenDetailCalibration_OnConfirm(index); return true;
 587              		.loc 1 74 61 view .LVU197
 588 0076 D2E7     		b	.L42
 589              	.LVL94:
 590              	.L45:
  75:Src/display/screen_control/spi_screen_detail_pages.cpp ****         case 3: return ScreenDetailTournament_OnConfirm(index);
 591              		.loc 1 75 9 is_stmt 1 view .LVU198
  75:Src/display/screen_control/spi_screen_detail_pages.cpp ****         case 3: return ScreenDetailTournament_OnConfirm(index);
 592              		.loc 1 75 18 view .LVU199
  75:Src/display/screen_control/spi_screen_detail_pages.cpp ****         case 3: return ScreenDetailTournament_OnConfirm(index);
 593              		.loc 1 75 51 is_stmt 0 view .LVU200
 594 0078 0846     		mov	r0, r1
 595              	.LVL95:
  75:Src/display/screen_control/spi_screen_detail_pages.cpp ****         case 3: return ScreenDetailTournament_OnConfirm(index);
 596              		.loc 1 75 51 view .LVU201
 597 007a FFF7FEFF 		bl	_Z33ScreenDetailCalibration_OnConfirmh
 598              	.LVL96:
  75:Src/display/screen_control/spi_screen_detail_pages.cpp ****         case 3: return ScreenDetailTournament_OnConfirm(index);
 599              		.loc 1 75 60 is_stmt 1 discriminator 1 view .LVU202
  75:Src/display/screen_control/spi_screen_detail_pages.cpp ****         case 3: return ScreenDetailTournament_OnConfirm(index);
 600              		.loc 1 75 67 is_stmt 0 discriminator 1 view .LVU203
 601 007e 0120     		movs	r0, #1
  75:Src/display/screen_control/spi_screen_detail_pages.cpp ****         case 3: return ScreenDetailTournament_OnConfirm(index);
 602              		.loc 1 75 67 view .LVU204
 603 0080 CDE7     		b	.L42
 604              	.LVL97:
 605              	.L52:
  76:Src/display/screen_control/spi_screen_detail_pages.cpp ****         default: return false;
 606              		.loc 1 76 9 is_stmt 1 view .LVU205
  76:Src/display/screen_control/spi_screen_detail_pages.cpp ****         default: return false;
 607              		.loc 1 76 17 view .LVU206
  76:Src/display/screen_control/spi_screen_detail_pages.cpp ****         default: return false;
 608              		.loc 1 76 56 is_stmt 0 view .LVU207
 609 0082 0846     		mov	r0, r1
 610              	.LVL98:
ARM GAS  C:\Users\nicx5\AppData\Local\Temp\ccg0LiHw.s 			page 16


  76:Src/display/screen_control/spi_screen_detail_pages.cpp ****         default: return false;
 611              		.loc 1 76 56 view .LVU208
 612 0084 FFF7FEFF 		bl	_Z32ScreenDetailTournament_OnConfirmh
 613              	.LVL99:
  76:Src/display/screen_control/spi_screen_detail_pages.cpp ****         default: return false;
 614              		.loc 1 76 62 view .LVU209
 615 0088 C9E7     		b	.L42
 616              	.LVL100:
 617              	.L56:
  64:Src/display/screen_control/spi_screen_detail_pages.cpp ****         case 0: ScreenDetailInputMode_OnConfirm(index); return true;
 618              		.loc 1 64 5 view .LVU210
 619 008a 0020     		movs	r0, #0
 620              	.LVL101:
  64:Src/display/screen_control/spi_screen_detail_pages.cpp ****         case 0: ScreenDetailInputMode_OnConfirm(index); return true;
 621              		.loc 1 64 5 view .LVU211
 622 008c C7E7     		b	.L42
 623              		.cfi_endproc
 624              	.LFE2160:
 626              		.section	.text._Z19ScreenDetail_OnBackh,"ax",%progbits
 627              		.align	1
 628              		.global	_Z19ScreenDetail_OnBackh
 629              		.syntax unified
 630              		.thumb
 631              		.thumb_func
 633              	_Z19ScreenDetail_OnBackh:
 634              	.LVL102:
 635              	.LFB2161:
  80:Src/display/screen_control/spi_screen_detail_pages.cpp **** 
  81:Src/display/screen_control/spi_screen_detail_pages.cpp **** bool ScreenDetail_OnBack(uint8_t menuId) {
 636              		.loc 1 81 42 is_stmt 1 view -0
 637              		.cfi_startproc
 638              		@ args = 0, pretend = 0, frame = 0
 639              		@ frame_needed = 0, uses_anonymous_args = 0
 640              		.loc 1 81 42 is_stmt 0 view .LVU213
 641 0000 08B5     		push	{r3, lr}
 642              	.LCFI3:
 643              		.cfi_def_cfa_offset 8
 644              		.cfi_offset 3, -8
 645              		.cfi_offset 14, -4
  82:Src/display/screen_control/spi_screen_detail_pages.cpp ****     switch (menuId) {
 646              		.loc 1 82 5 is_stmt 1 view .LVU214
 647 0002 0928     		cmp	r0, #9
 648 0004 05D0     		beq	.L59
 649 0006 0B28     		cmp	r0, #11
 650 0008 09D0     		beq	.L60
 651 000a 0328     		cmp	r0, #3
 652 000c 04D0     		beq	.L61
 653 000e 0120     		movs	r0, #1
 654              	.LVL103:
 655              		.loc 1 82 5 is_stmt 0 view .LVU215
 656 0010 01E0     		b	.L62
 657              	.LVL104:
 658              	.L59:
  83:Src/display/screen_control/spi_screen_detail_pages.cpp ****         case 9: return ScreenDetailWebConfig_OnBack();
 659              		.loc 1 83 9 is_stmt 1 view .LVU216
 660              		.loc 1 83 17 view .LVU217
 661              		.loc 1 83 52 is_stmt 0 view .LVU218
ARM GAS  C:\Users\nicx5\AppData\Local\Temp\ccg0LiHw.s 			page 17


 662 0012 FFF7FEFF 		bl	_Z28ScreenDetailWebConfig_OnBackv
 663              	.LVL105:
 664              	.L62:
  84:Src/display/screen_control/spi_screen_detail_pages.cpp ****         case 3: return ScreenDetailTournament_OnBack();
  85:Src/display/screen_control/spi_screen_detail_pages.cpp ****         case 11: return !ScreenDetailButtonsPerformance_OnBack();
  86:Src/display/screen_control/spi_screen_detail_pages.cpp ****         default: return true;
  87:Src/display/screen_control/spi_screen_detail_pages.cpp ****     }
  88:Src/display/screen_control/spi_screen_detail_pages.cpp **** }
 665              		.loc 1 88 1 view .LVU219
 666 0016 08BD     		pop	{r3, pc}
 667              	.LVL106:
 668              	.L61:
  84:Src/display/screen_control/spi_screen_detail_pages.cpp ****         case 3: return ScreenDetailTournament_OnBack();
 669              		.loc 1 84 9 is_stmt 1 view .LVU220
  84:Src/display/screen_control/spi_screen_detail_pages.cpp ****         case 3: return ScreenDetailTournament_OnBack();
 670              		.loc 1 84 17 view .LVU221
  84:Src/display/screen_control/spi_screen_detail_pages.cpp ****         case 3: return ScreenDetailTournament_OnBack();
 671              		.loc 1 84 53 is_stmt 0 view .LVU222
 672 0018 FFF7FEFF 		bl	_Z29ScreenDetailTournament_OnBackv
 673              	.LVL107:
  84:Src/display/screen_control/spi_screen_detail_pages.cpp ****         case 3: return ScreenDetailTournament_OnBack();
 674              		.loc 1 84 54 view .LVU223
 675 001c FBE7     		b	.L62
 676              	.LVL108:
 677              	.L60:
  85:Src/display/screen_control/spi_screen_detail_pages.cpp ****         default: return true;
 678              		.loc 1 85 9 is_stmt 1 view .LVU224
  85:Src/display/screen_control/spi_screen_detail_pages.cpp ****         default: return true;
 679              		.loc 1 85 18 view .LVU225
  85:Src/display/screen_control/spi_screen_detail_pages.cpp ****         default: return true;
 680              		.loc 1 85 63 is_stmt 0 view .LVU226
 681 001e FFF7FEFF 		bl	_Z37ScreenDetailButtonsPerformance_OnBackv
 682              	.LVL109:
  85:Src/display/screen_control/spi_screen_detail_pages.cpp ****         default: return true;
 683              		.loc 1 85 64 discriminator 1 view .LVU227
 684 0022 80F00100 		eor	r0, r0, #1
 685 0026 C0B2     		uxtb	r0, r0
  85:Src/display/screen_control/spi_screen_detail_pages.cpp ****         default: return true;
 686              		.loc 1 85 64 view .LVU228
 687 0028 F5E7     		b	.L62
 688              		.cfi_endproc
 689              	.LFE2161:
 691              		.section	.text._Z19ScreenDetail_RenderP13ST7789_HandlehhRK13ScreenUiStyle,"ax",%progbits
 692              		.align	1
 693              		.global	_Z19ScreenDetail_RenderP13ST7789_HandlehhRK13ScreenUiStyle
 694              		.syntax unified
 695              		.thumb
 696              		.thumb_func
 698              	_Z19ScreenDetail_RenderP13ST7789_HandlehhRK13ScreenUiStyle:
 699              	.LVL110:
 700              	.LFB2162:
  89:Src/display/screen_control/spi_screen_detail_pages.cpp **** 
  90:Src/display/screen_control/spi_screen_detail_pages.cpp **** void ScreenDetail_Render(ST7789_Handle* lcd, uint8_t menuId, uint8_t index, const ScreenUiStyle& st
 701              		.loc 1 90 105 is_stmt 1 view -0
 702              		.cfi_startproc
 703              		@ args = 0, pretend = 0, frame = 0
 704              		@ frame_needed = 0, uses_anonymous_args = 0
ARM GAS  C:\Users\nicx5\AppData\Local\Temp\ccg0LiHw.s 			page 18


 705              		.loc 1 90 105 is_stmt 0 view .LVU230
 706 0000 08B5     		push	{r3, lr}
 707              	.LCFI4:
 708              		.cfi_def_cfa_offset 8
 709              		.cfi_offset 3, -8
 710              		.cfi_offset 14, -4
 711 0002 8C46     		mov	ip, r1
 712 0004 1146     		mov	r1, r2
 713              	.LVL111:
 714              		.loc 1 90 105 view .LVU231
 715 0006 1A46     		mov	r2, r3
 716              	.LVL112:
  91:Src/display/screen_control/spi_screen_detail_pages.cpp ****     switch (menuId) {
 717              		.loc 1 91 5 is_stmt 1 view .LVU232
 718 0008 BCF10B0F 		cmp	ip, #11
 719 000c 09D8     		bhi	.L64
 720 000e DFE80CF0 		tbb	[pc, ip]
 721              	.LVL113:
 722              	.L67:
 723 0012 06       		.byte	(.L78-.L67)/2
 724 0013 09       		.byte	(.L77-.L67)/2
 725 0014 0C       		.byte	(.L76-.L67)/2
 726 0015 27       		.byte	(.L75-.L67)/2
 727 0016 18       		.byte	(.L74-.L67)/2
 728 0017 12       		.byte	(.L73-.L67)/2
 729 0018 1B       		.byte	(.L72-.L67)/2
 730 0019 15       		.byte	(.L71-.L67)/2
 731 001a 1E       		.byte	(.L70-.L67)/2
 732 001b 21       		.byte	(.L69-.L67)/2
 733 001c 24       		.byte	(.L68-.L67)/2
 734 001d 0F       		.byte	(.L66-.L67)/2
 735              		.p2align 1
 736              	.L78:
  92:Src/display/screen_control/spi_screen_detail_pages.cpp ****         case 0: ScreenDetailInputMode_Render(lcd, index, style); break;
 737              		.loc 1 92 9 view .LVU233
 738              		.loc 1 92 17 view .LVU234
 739              		.loc 1 92 45 is_stmt 0 view .LVU235
 740 001e FFF7FEFF 		bl	_Z28ScreenDetailInputMode_RenderP13ST7789_HandlehRK13ScreenUiStyle
 741              	.LVL114:
 742              		.loc 1 92 66 is_stmt 1 discriminator 1 view .LVU236
 743              	.L64:
  93:Src/display/screen_control/spi_screen_detail_pages.cpp ****         case 1: ScreenDetailProfiles_Render(lcd, index, style); break;
  94:Src/display/screen_control/spi_screen_detail_pages.cpp ****         case 2: ScreenDetailSocd_Render(lcd, index, style); break;
  95:Src/display/screen_control/spi_screen_detail_pages.cpp ****         case 11: ScreenDetailButtonsPerformance_Render(lcd, index, style); break;
  96:Src/display/screen_control/spi_screen_detail_pages.cpp ****         case 5: ScreenDetailLightEffect_Render(lcd, index, style); break;
  97:Src/display/screen_control/spi_screen_detail_pages.cpp ****         case 7: ScreenDetailAmbientEffect_Render(lcd, index, style); break;
  98:Src/display/screen_control/spi_screen_detail_pages.cpp ****         case 4: ScreenDetailLightBrightness_Render(lcd, index, style); break;
  99:Src/display/screen_control/spi_screen_detail_pages.cpp ****         case 6: ScreenDetailAmbientBrightness_Render(lcd, index, style); break;
 100:Src/display/screen_control/spi_screen_detail_pages.cpp ****         case 8: ScreenDetailScreenBrightness_Render(lcd, index, style); break;
 101:Src/display/screen_control/spi_screen_detail_pages.cpp ****         case 9: ScreenDetailWebConfig_Render(lcd, index, style); break;
 102:Src/display/screen_control/spi_screen_detail_pages.cpp ****         case 10: ScreenDetailCalibration_Render(lcd, index, style); break;
 103:Src/display/screen_control/spi_screen_detail_pages.cpp ****         case 3: ScreenDetailTournament_Render(lcd, index, style); break;
 104:Src/display/screen_control/spi_screen_detail_pages.cpp ****         default: break;
 105:Src/display/screen_control/spi_screen_detail_pages.cpp ****     }
 106:Src/display/screen_control/spi_screen_detail_pages.cpp **** }
 744              		.loc 1 106 1 is_stmt 0 view .LVU237
 745 0022 08BD     		pop	{r3, pc}
ARM GAS  C:\Users\nicx5\AppData\Local\Temp\ccg0LiHw.s 			page 19


 746              	.LVL115:
 747              	.L77:
  93:Src/display/screen_control/spi_screen_detail_pages.cpp ****         case 1: ScreenDetailProfiles_Render(lcd, index, style); break;
 748              		.loc 1 93 9 is_stmt 1 view .LVU238
  93:Src/display/screen_control/spi_screen_detail_pages.cpp ****         case 1: ScreenDetailProfiles_Render(lcd, index, style); break;
 749              		.loc 1 93 17 view .LVU239
  93:Src/display/screen_control/spi_screen_detail_pages.cpp ****         case 1: ScreenDetailProfiles_Render(lcd, index, style); break;
 750              		.loc 1 93 44 is_stmt 0 view .LVU240
 751 0024 FFF7FEFF 		bl	_Z27ScreenDetailProfiles_RenderP13ST7789_HandlehRK13ScreenUiStyle
 752              	.LVL116:
  93:Src/display/screen_control/spi_screen_detail_pages.cpp ****         case 1: ScreenDetailProfiles_Render(lcd, index, style); break;
 753              		.loc 1 93 65 is_stmt 1 discriminator 1 view .LVU241
  93:Src/display/screen_control/spi_screen_detail_pages.cpp ****         case 1: ScreenDetailProfiles_Render(lcd, index, style); break;
 754              		.loc 1 93 65 is_stmt 0 view .LVU242
 755 0028 FBE7     		b	.L64
 756              	.LVL117:
 757              	.L76:
  94:Src/display/screen_control/spi_screen_detail_pages.cpp ****         case 11: ScreenDetailButtonsPerformance_Render(lcd, index, style); break;
 758              		.loc 1 94 9 is_stmt 1 view .LVU243
  94:Src/display/screen_control/spi_screen_detail_pages.cpp ****         case 11: ScreenDetailButtonsPerformance_Render(lcd, index, style); break;
 759              		.loc 1 94 17 view .LVU244
  94:Src/display/screen_control/spi_screen_detail_pages.cpp ****         case 11: ScreenDetailButtonsPerformance_Render(lcd, index, style); break;
 760              		.loc 1 94 40 is_stmt 0 view .LVU245
 761 002a FFF7FEFF 		bl	_Z23ScreenDetailSocd_RenderP13ST7789_HandlehRK13ScreenUiStyle
 762              	.LVL118:
  94:Src/display/screen_control/spi_screen_detail_pages.cpp ****         case 11: ScreenDetailButtonsPerformance_Render(lcd, index, style); break;
 763              		.loc 1 94 61 is_stmt 1 discriminator 1 view .LVU246
  94:Src/display/screen_control/spi_screen_detail_pages.cpp ****         case 11: ScreenDetailButtonsPerformance_Render(lcd, index, style); break;
 764              		.loc 1 94 61 is_stmt 0 view .LVU247
 765 002e F8E7     		b	.L64
 766              	.LVL119:
 767              	.L66:
  95:Src/display/screen_control/spi_screen_detail_pages.cpp ****         case 5: ScreenDetailLightEffect_Render(lcd, index, style); break;
 768              		.loc 1 95 9 is_stmt 1 view .LVU248
  95:Src/display/screen_control/spi_screen_detail_pages.cpp ****         case 5: ScreenDetailLightEffect_Render(lcd, index, style); break;
 769              		.loc 1 95 18 view .LVU249
  95:Src/display/screen_control/spi_screen_detail_pages.cpp ****         case 5: ScreenDetailLightEffect_Render(lcd, index, style); break;
 770              		.loc 1 95 55 is_stmt 0 view .LVU250
 771 0030 FFF7FEFF 		bl	_Z37ScreenDetailButtonsPerformance_RenderP13ST7789_HandlehRK13ScreenUiStyle
 772              	.LVL120:
  95:Src/display/screen_control/spi_screen_detail_pages.cpp ****         case 5: ScreenDetailLightEffect_Render(lcd, index, style); break;
 773              		.loc 1 95 76 is_stmt 1 discriminator 1 view .LVU251
  95:Src/display/screen_control/spi_screen_detail_pages.cpp ****         case 5: ScreenDetailLightEffect_Render(lcd, index, style); break;
 774              		.loc 1 95 76 is_stmt 0 view .LVU252
 775 0034 F5E7     		b	.L64
 776              	.LVL121:
 777              	.L73:
  96:Src/display/screen_control/spi_screen_detail_pages.cpp ****         case 7: ScreenDetailAmbientEffect_Render(lcd, index, style); break;
 778              		.loc 1 96 9 is_stmt 1 view .LVU253
  96:Src/display/screen_control/spi_screen_detail_pages.cpp ****         case 7: ScreenDetailAmbientEffect_Render(lcd, index, style); break;
 779              		.loc 1 96 17 view .LVU254
  96:Src/display/screen_control/spi_screen_detail_pages.cpp ****         case 7: ScreenDetailAmbientEffect_Render(lcd, index, style); break;
 780              		.loc 1 96 47 is_stmt 0 view .LVU255
 781 0036 FFF7FEFF 		bl	_Z30ScreenDetailLightEffect_RenderP13ST7789_HandlehRK13ScreenUiStyle
 782              	.LVL122:
  96:Src/display/screen_control/spi_screen_detail_pages.cpp ****         case 7: ScreenDetailAmbientEffect_Render(lcd, index, style); break;
 783              		.loc 1 96 68 is_stmt 1 discriminator 1 view .LVU256
ARM GAS  C:\Users\nicx5\AppData\Local\Temp\ccg0LiHw.s 			page 20


  96:Src/display/screen_control/spi_screen_detail_pages.cpp ****         case 7: ScreenDetailAmbientEffect_Render(lcd, index, style); break;
 784              		.loc 1 96 68 is_stmt 0 view .LVU257
 785 003a F2E7     		b	.L64
 786              	.LVL123:
 787              	.L71:
  97:Src/display/screen_control/spi_screen_detail_pages.cpp ****         case 4: ScreenDetailLightBrightness_Render(lcd, index, style); break;
 788              		.loc 1 97 9 is_stmt 1 view .LVU258
  97:Src/display/screen_control/spi_screen_detail_pages.cpp ****         case 4: ScreenDetailLightBrightness_Render(lcd, index, style); break;
 789              		.loc 1 97 17 view .LVU259
  97:Src/display/screen_control/spi_screen_detail_pages.cpp ****         case 4: ScreenDetailLightBrightness_Render(lcd, index, style); break;
 790              		.loc 1 97 49 is_stmt 0 view .LVU260
 791 003c FFF7FEFF 		bl	_Z32ScreenDetailAmbientEffect_RenderP13ST7789_HandlehRK13ScreenUiStyle
 792              	.LVL124:
  97:Src/display/screen_control/spi_screen_detail_pages.cpp ****         case 4: ScreenDetailLightBrightness_Render(lcd, index, style); break;
 793              		.loc 1 97 70 is_stmt 1 discriminator 1 view .LVU261
  97:Src/display/screen_control/spi_screen_detail_pages.cpp ****         case 4: ScreenDetailLightBrightness_Render(lcd, index, style); break;
 794              		.loc 1 97 70 is_stmt 0 view .LVU262
 795 0040 EFE7     		b	.L64
 796              	.LVL125:
 797              	.L74:
  98:Src/display/screen_control/spi_screen_detail_pages.cpp ****         case 6: ScreenDetailAmbientBrightness_Render(lcd, index, style); break;
 798              		.loc 1 98 9 is_stmt 1 view .LVU263
  98:Src/display/screen_control/spi_screen_detail_pages.cpp ****         case 6: ScreenDetailAmbientBrightness_Render(lcd, index, style); break;
 799              		.loc 1 98 17 view .LVU264
  98:Src/display/screen_control/spi_screen_detail_pages.cpp ****         case 6: ScreenDetailAmbientBrightness_Render(lcd, index, style); break;
 800              		.loc 1 98 51 is_stmt 0 view .LVU265
 801 0042 FFF7FEFF 		bl	_Z34ScreenDetailLightBrightness_RenderP13ST7789_HandlehRK13ScreenUiStyle
 802              	.LVL126:
  98:Src/display/screen_control/spi_screen_detail_pages.cpp ****         case 6: ScreenDetailAmbientBrightness_Render(lcd, index, style); break;
 803              		.loc 1 98 72 is_stmt 1 discriminator 1 view .LVU266
  98:Src/display/screen_control/spi_screen_detail_pages.cpp ****         case 6: ScreenDetailAmbientBrightness_Render(lcd, index, style); break;
 804              		.loc 1 98 72 is_stmt 0 view .LVU267
 805 0046 ECE7     		b	.L64
 806              	.LVL127:
 807              	.L72:
  99:Src/display/screen_control/spi_screen_detail_pages.cpp ****         case 8: ScreenDetailScreenBrightness_Render(lcd, index, style); break;
 808              		.loc 1 99 9 is_stmt 1 view .LVU268
  99:Src/display/screen_control/spi_screen_detail_pages.cpp ****         case 8: ScreenDetailScreenBrightness_Render(lcd, index, style); break;
 809              		.loc 1 99 17 view .LVU269
  99:Src/display/screen_control/spi_screen_detail_pages.cpp ****         case 8: ScreenDetailScreenBrightness_Render(lcd, index, style); break;
 810              		.loc 1 99 53 is_stmt 0 view .LVU270
 811 0048 FFF7FEFF 		bl	_Z36ScreenDetailAmbientBrightness_RenderP13ST7789_HandlehRK13ScreenUiStyle
 812              	.LVL128:
  99:Src/display/screen_control/spi_screen_detail_pages.cpp ****         case 8: ScreenDetailScreenBrightness_Render(lcd, index, style); break;
 813              		.loc 1 99 74 is_stmt 1 discriminator 1 view .LVU271
  99:Src/display/screen_control/spi_screen_detail_pages.cpp ****         case 8: ScreenDetailScreenBrightness_Render(lcd, index, style); break;
 814              		.loc 1 99 74 is_stmt 0 view .LVU272
 815 004c E9E7     		b	.L64
 816              	.LVL129:
 817              	.L70:
 100:Src/display/screen_control/spi_screen_detail_pages.cpp ****         case 9: ScreenDetailWebConfig_Render(lcd, index, style); break;
 818              		.loc 1 100 9 is_stmt 1 view .LVU273
 100:Src/display/screen_control/spi_screen_detail_pages.cpp ****         case 9: ScreenDetailWebConfig_Render(lcd, index, style); break;
 819              		.loc 1 100 17 view .LVU274
 100:Src/display/screen_control/spi_screen_detail_pages.cpp ****         case 9: ScreenDetailWebConfig_Render(lcd, index, style); break;
 820              		.loc 1 100 52 is_stmt 0 view .LVU275
 821 004e FFF7FEFF 		bl	_Z35ScreenDetailScreenBrightness_RenderP13ST7789_HandlehRK13ScreenUiStyle
ARM GAS  C:\Users\nicx5\AppData\Local\Temp\ccg0LiHw.s 			page 21


 822              	.LVL130:
 100:Src/display/screen_control/spi_screen_detail_pages.cpp ****         case 9: ScreenDetailWebConfig_Render(lcd, index, style); break;
 823              		.loc 1 100 73 is_stmt 1 discriminator 1 view .LVU276
 100:Src/display/screen_control/spi_screen_detail_pages.cpp ****         case 9: ScreenDetailWebConfig_Render(lcd, index, style); break;
 824              		.loc 1 100 73 is_stmt 0 view .LVU277
 825 0052 E6E7     		b	.L64
 826              	.LVL131:
 827              	.L69:
 101:Src/display/screen_control/spi_screen_detail_pages.cpp ****         case 10: ScreenDetailCalibration_Render(lcd, index, style); break;
 828              		.loc 1 101 9 is_stmt 1 view .LVU278
 101:Src/display/screen_control/spi_screen_detail_pages.cpp ****         case 10: ScreenDetailCalibration_Render(lcd, index, style); break;
 829              		.loc 1 101 17 view .LVU279
 101:Src/display/screen_control/spi_screen_detail_pages.cpp ****         case 10: ScreenDetailCalibration_Render(lcd, index, style); break;
 830              		.loc 1 101 45 is_stmt 0 view .LVU280
 831 0054 FFF7FEFF 		bl	_Z28ScreenDetailWebConfig_RenderP13ST7789_HandlehRK13ScreenUiStyle
 832              	.LVL132:
 101:Src/display/screen_control/spi_screen_detail_pages.cpp ****         case 10: ScreenDetailCalibration_Render(lcd, index, style); break;
 833              		.loc 1 101 66 is_stmt 1 discriminator 1 view .LVU281
 101:Src/display/screen_control/spi_screen_detail_pages.cpp ****         case 10: ScreenDetailCalibration_Render(lcd, index, style); break;
 834              		.loc 1 101 66 is_stmt 0 view .LVU282
 835 0058 E3E7     		b	.L64
 836              	.LVL133:
 837              	.L68:
 102:Src/display/screen_control/spi_screen_detail_pages.cpp ****         case 3: ScreenDetailTournament_Render(lcd, index, style); break;
 838              		.loc 1 102 9 is_stmt 1 view .LVU283
 102:Src/display/screen_control/spi_screen_detail_pages.cpp ****         case 3: ScreenDetailTournament_Render(lcd, index, style); break;
 839              		.loc 1 102 18 view .LVU284
 102:Src/display/screen_control/spi_screen_detail_pages.cpp ****         case 3: ScreenDetailTournament_Render(lcd, index, style); break;
 840              		.loc 1 102 48 is_stmt 0 view .LVU285
 841 005a FFF7FEFF 		bl	_Z30ScreenDetailCalibration_RenderP13ST7789_HandlehRK13ScreenUiStyle
 842              	.LVL134:
 102:Src/display/screen_control/spi_screen_detail_pages.cpp ****         case 3: ScreenDetailTournament_Render(lcd, index, style); break;
 843              		.loc 1 102 69 is_stmt 1 discriminator 1 view .LVU286
 102:Src/display/screen_control/spi_screen_detail_pages.cpp ****         case 3: ScreenDetailTournament_Render(lcd, index, style); break;
 844              		.loc 1 102 69 is_stmt 0 view .LVU287
 845 005e E0E7     		b	.L64
 846              	.LVL135:
 847              	.L75:
 103:Src/display/screen_control/spi_screen_detail_pages.cpp ****         default: break;
 848              		.loc 1 103 9 is_stmt 1 view .LVU288
 103:Src/display/screen_control/spi_screen_detail_pages.cpp ****         default: break;
 849              		.loc 1 103 17 view .LVU289
 103:Src/display/screen_control/spi_screen_detail_pages.cpp ****         default: break;
 850              		.loc 1 103 46 is_stmt 0 view .LVU290
 851 0060 FFF7FEFF 		bl	_Z29ScreenDetailTournament_RenderP13ST7789_HandlehRK13ScreenUiStyle
 852              	.LVL136:
 103:Src/display/screen_control/spi_screen_detail_pages.cpp ****         default: break;
 853              		.loc 1 103 67 is_stmt 1 discriminator 1 view .LVU291
 854              		.loc 1 106 1 is_stmt 0 view .LVU292
 855 0064 DDE7     		b	.L64
 856              		.cfi_endproc
 857              	.LFE2162:
 859              		.text
 860              	.Letext0:
 861              		.file 2 "D:/Program Files/msys64/mingw64/arm-none-eabi/include/machine/_default_types.h"
 862              		.file 3 "D:/Program Files/msys64/mingw64/arm-none-eabi/include/sys/_stdint.h"
 863              		.file 4 "Inc/display/screen_control/spi_screen_layout.hpp"
ARM GAS  C:\Users\nicx5\AppData\Local\Temp\ccg0LiHw.s 			page 22


 864              		.file 5 "D:/Program Files/msys64/mingw64/lib/gcc/arm-none-eabi/13.3.0/include/stddef.h"
 865              		.file 6 "D:/Program Files/msys64/mingw64/arm-none-eabi/include/c++/13.3.0/type_traits"
 866              		.file 7 "D:/Program Files/msys64/mingw64/arm-none-eabi/include/c++/13.3.0/debug/debug.h"
 867              		.file 8 "D:/Program Files/msys64/mingw64/arm-none-eabi/include/c++/13.3.0/cstddef"
 868              		.file 9 "D:/Program Files/msys64/mingw64/arm-none-eabi/include/c++/13.3.0/cmath"
 869              		.file 10 "D:/Program Files/msys64/mingw64/arm-none-eabi/include/c++/13.3.0/bits/std_abs.h"
 870              		.file 11 "D:/Program Files/msys64/mingw64/arm-none-eabi/include/c++/13.3.0/arm-none-eabi/thumb/v7e
 871              		.file 12 "D:/Program Files/msys64/mingw64/arm-none-eabi/include/c++/13.3.0/bits/predefined_ops.h"
 872              		.file 13 "Drivers/CMSIS/Device/ST/STM32H7xx/Include/stm32h750xx.h"
 873              		.file 14 "D:/Program Files/msys64/mingw64/arm-none-eabi/include/math.h"
 874              		.file 15 "D:/Program Files/msys64/mingw64/arm-none-eabi/include/c++/13.3.0/math.h"
 875              		.file 16 "Drivers/STM32H7xx_HAL_Driver/Inc/stm32h7xx_hal_def.h"
 876              		.file 17 "Drivers/STM32H7xx_HAL_Driver/Inc/stm32h7xx_hal_dma.h"
 877              		.file 18 "Drivers/STM32H7xx_HAL_Driver/Inc/stm32h7xx_hal_tim.h"
 878              		.file 19 "Inc/system/board_cfg.h"
 879              		.file 20 "Inc/display/drivers/st7789/st7789.h"
 880              		.file 21 "Inc/support/enums.hpp"
 881              		.file 22 "Inc/display/screen_control/spi_screen_detail_pages.hpp"
 882              		.file 23 "Inc/display/screen_control/spi_screen_detail_entries.hpp"
 883              		.file 24 "D:/Program Files/msys64/mingw64/arm-none-eabi/include/c++/13.3.0/bits/memory_resource.h"
ARM GAS  C:\Users\nicx5\AppData\Local\Temp\ccg0LiHw.s 			page 23


DEFINED SYMBOLS
                            *ABS*:00000000 spi_screen_detail_pages.cpp
C:\Users\nicx5\AppData\Local\Temp\ccg0LiHw.s:20     .text._Z17ScreenDetail_Kindh:00000000 $t
C:\Users\nicx5\AppData\Local\Temp\ccg0LiHw.s:26     .text._Z17ScreenDetail_Kindh:00000000 _Z17ScreenDetail_Kindh
C:\Users\nicx5\AppData\Local\Temp\ccg0LiHw.s:83     .text._Z22ScreenDetail_InitIndexh:00000000 $t
C:\Users\nicx5\AppData\Local\Temp\ccg0LiHw.s:89     .text._Z22ScreenDetail_InitIndexh:00000000 _Z22ScreenDetail_InitIndexh
C:\Users\nicx5\AppData\Local\Temp\ccg0LiHw.s:107    .text._Z22ScreenDetail_InitIndexh:0000000a $d
C:\Users\nicx5\AppData\Local\Temp\ccg0LiHw.s:119    .text._Z22ScreenDetail_InitIndexh:00000016 $t
C:\Users\nicx5\AppData\Local\Temp\ccg0LiHw.s:239    .text._Z21ScreenDetail_OnRotatehPha:00000000 $t
C:\Users\nicx5\AppData\Local\Temp\ccg0LiHw.s:245    .text._Z21ScreenDetail_OnRotatehPha:00000000 _Z21ScreenDetail_OnRotatehPha
C:\Users\nicx5\AppData\Local\Temp\ccg0LiHw.s:270    .text._Z21ScreenDetail_OnRotatehPha:00000010 $d
C:\Users\nicx5\AppData\Local\Temp\ccg0LiHw.s:282    .text._Z21ScreenDetail_OnRotatehPha:0000001c $t
C:\Users\nicx5\AppData\Local\Temp\ccg0LiHw.s:407    .text._Z22ScreenDetail_OnConfirmhh:00000000 $t
C:\Users\nicx5\AppData\Local\Temp\ccg0LiHw.s:413    .text._Z22ScreenDetail_OnConfirmhh:00000000 _Z22ScreenDetail_OnConfirmhh
C:\Users\nicx5\AppData\Local\Temp\ccg0LiHw.s:431    .text._Z22ScreenDetail_OnConfirmhh:0000000a $d
C:\Users\nicx5\AppData\Local\Temp\ccg0LiHw.s:443    .text._Z22ScreenDetail_OnConfirmhh:00000016 $t
C:\Users\nicx5\AppData\Local\Temp\ccg0LiHw.s:627    .text._Z19ScreenDetail_OnBackh:00000000 $t
C:\Users\nicx5\AppData\Local\Temp\ccg0LiHw.s:633    .text._Z19ScreenDetail_OnBackh:00000000 _Z19ScreenDetail_OnBackh
C:\Users\nicx5\AppData\Local\Temp\ccg0LiHw.s:692    .text._Z19ScreenDetail_RenderP13ST7789_HandlehhRK13ScreenUiStyle:00000000 $t
C:\Users\nicx5\AppData\Local\Temp\ccg0LiHw.s:698    .text._Z19ScreenDetail_RenderP13ST7789_HandlehhRK13ScreenUiStyle:00000000 _Z19ScreenDetail_RenderP13ST7789_HandlehhRK13ScreenUiStyle
C:\Users\nicx5\AppData\Local\Temp\ccg0LiHw.s:723    .text._Z19ScreenDetail_RenderP13ST7789_HandlehhRK13ScreenUiStyle:00000012 $d
C:\Users\nicx5\AppData\Local\Temp\ccg0LiHw.s:735    .text._Z19ScreenDetail_RenderP13ST7789_HandlehhRK13ScreenUiStyle:0000001e $t

UNDEFINED SYMBOLS
_Z31ScreenDetailInputMode_InitIndexv
_Z30ScreenDetailProfiles_InitIndexv
_Z26ScreenDetailSocd_InitIndexv
_Z40ScreenDetailButtonsPerformance_InitIndexv
_Z33ScreenDetailLightEffect_InitIndexv
_Z35ScreenDetailAmbientEffect_InitIndexv
_Z37ScreenDetailLightBrightness_InitIndexv
_Z39ScreenDetailAmbientBrightness_InitIndexv
_Z38ScreenDetailScreenBrightness_InitIndexv
_Z31ScreenDetailWebConfig_InitIndexv
_Z33ScreenDetailCalibration_InitIndexv
_Z32ScreenDetailTournament_InitIndexv
_Z28ScreenDetailInputMode_RotatePha
_Z27ScreenDetailProfiles_RotatePha
_Z23ScreenDetailSocd_RotatePha
_Z37ScreenDetailButtonsPerformance_RotatePha
_Z30ScreenDetailLightEffect_RotatePha
_Z32ScreenDetailAmbientEffect_RotatePha
_Z34ScreenDetailLightBrightness_RotatePha
_Z36ScreenDetailAmbientBrightness_RotatePha
_Z35ScreenDetailScreenBrightness_RotatePha
_Z28ScreenDetailWebConfig_RotatePha
_Z30ScreenDetailCalibration_RotatePha
_Z29ScreenDetailTournament_RotatePha
_Z31ScreenDetailInputMode_OnConfirmh
_Z30ScreenDetailProfiles_OnConfirmh
_Z26ScreenDetailSocd_OnConfirmh
_Z39ScreenDetailSocd_ShouldExitAfterConfirmv
_Z40ScreenDetailButtonsPerformance_OnConfirmh
_Z33ScreenDetailLightEffect_OnConfirmh
_Z35ScreenDetailAmbientEffect_OnConfirmh
_Z37ScreenDetailLightBrightness_OnConfirmh
_Z39ScreenDetailAmbientBrightness_OnConfirmh
ARM GAS  C:\Users\nicx5\AppData\Local\Temp\ccg0LiHw.s 			page 24


_Z38ScreenDetailScreenBrightness_OnConfirmh
_Z31ScreenDetailWebConfig_OnConfirmh
_Z33ScreenDetailCalibration_OnConfirmh
_Z32ScreenDetailTournament_OnConfirmh
_Z28ScreenDetailWebConfig_OnBackv
_Z29ScreenDetailTournament_OnBackv
_Z37ScreenDetailButtonsPerformance_OnBackv
_Z28ScreenDetailInputMode_RenderP13ST7789_HandlehRK13ScreenUiStyle
_Z27ScreenDetailProfiles_RenderP13ST7789_HandlehRK13ScreenUiStyle
_Z23ScreenDetailSocd_RenderP13ST7789_HandlehRK13ScreenUiStyle
_Z37ScreenDetailButtonsPerformance_RenderP13ST7789_HandlehRK13ScreenUiStyle
_Z30ScreenDetailLightEffect_RenderP13ST7789_HandlehRK13ScreenUiStyle
_Z32ScreenDetailAmbientEffect_RenderP13ST7789_HandlehRK13ScreenUiStyle
_Z34ScreenDetailLightBrightness_RenderP13ST7789_HandlehRK13ScreenUiStyle
_Z36ScreenDetailAmbientBrightness_RenderP13ST7789_HandlehRK13ScreenUiStyle
_Z35ScreenDetailScreenBrightness_RenderP13ST7789_HandlehRK13ScreenUiStyle
_Z28ScreenDetailWebConfig_RenderP13ST7789_HandlehRK13ScreenUiStyle
_Z30ScreenDetailCalibration_RenderP13ST7789_HandlehRK13ScreenUiStyle
_Z29ScreenDetailTournament_RenderP13ST7789_HandlehRK13ScreenUiStyle
