Archive member included to satisfy reference by file (symbol)

E:/Works/CH585EVT/EVT/EXAM/SRC/StdPeriphDriver/libISP585.a(ISP585.o)
                              build/src/rfm_link.o (FLASH_EEPROM_CMD)
D:/MounRiverStudio2/MounRiver_Studio2/resources/app/resources/win32/components/WCH/Toolchain/RISC-V Embedded GCC15/bin/../lib/gcc/riscv32-wch-elf/15.2.0/rv32imac_zaamo_zalrsc/ilp32\libgcc.a(_divdi3.o)
                              build/sdk/CH58x_clk.o (__divdi3)
D:/MounRiverStudio2/MounRiver_Studio2/resources/app/resources/win32/components/WCH/Toolchain/RISC-V Embedded GCC15/bin/../lib/gcc/riscv32-wch-elf/15.2.0/rv32imac_zaamo_zalrsc/ilp32\libgcc.a(_clz.o)
                              D:/MounRiverStudio2/MounRiver_Studio2/resources/app/resources/win32/components/WCH/Toolchain/RISC-V Embedded GCC15/bin/../lib/gcc/riscv32-wch-elf/15.2.0/rv32imac_zaamo_zalrsc/ilp32\libgcc.a(_divdi3.o) (__clz_tab)
D:/MounRiverStudio2/MounRiver_Studio2/resources/app/resources/win32/components/WCH/Toolchain/RISC-V Embedded GCC15/bin/../lib/gcc/riscv32-wch-elf/15.2.0/../../../../riscv32-wch-elf/lib/rv32imac_zaamo_zalrsc/ilp32\libc.a(libc_a-memset.o)
                              build/src/rfm_link.o (memset)
D:/MounRiverStudio2/MounRiver_Studio2/resources/app/resources/win32/components/WCH/Toolchain/RISC-V Embedded GCC15/bin/../lib/gcc/riscv32-wch-elf/15.2.0/../../../../riscv32-wch-elf/lib/rv32imac_zaamo_zalrsc/ilp32\libc.a(libc_a-memcpy.o)
                              build/src/rfm_link.o (memcpy)
D:/MounRiverStudio2/MounRiver_Studio2/resources/app/resources/win32/components/WCH/Toolchain/RISC-V Embedded GCC15/bin/../lib/gcc/riscv32-wch-elf/15.2.0/../../../../riscv32-wch-elf/lib/rv32imac_zaamo_zalrsc/ilp32\libc.a(libc_a-strlen.o)
                              build/src/log_utils.o (strlen)

Discarded input sections

 .group         0x00000000        0xc build/src/main.o
 .group         0x00000000        0xc build/src/main.o
 .group         0x00000000        0xc build/src/main.o
 .group         0x00000000        0xc build/src/main.o
 .group         0x00000000        0xc build/src/main.o
 .group         0x00000000        0xc build/src/main.o
 .group         0x00000000        0xc build/src/main.o
 .group         0x00000000        0xc build/src/main.o
 .group         0x00000000        0xc build/src/main.o
 .group         0x00000000        0xc build/src/main.o
 .group         0x00000000        0xc build/src/main.o
 .group         0x00000000        0xc build/src/main.o
 .group         0x00000000        0xc build/src/main.o
 .group         0x00000000        0xc build/src/main.o
 .group         0x00000000        0xc build/src/main.o
 .group         0x00000000        0xc build/src/main.o
 .group         0x00000000        0xc build/src/main.o
 .group         0x00000000        0xc build/src/main.o
 .group         0x00000000        0xc build/src/main.o
 .group         0x00000000        0xc build/src/main.o
 .group         0x00000000        0xc build/src/main.o
 .group         0x00000000        0xc build/src/main.o
 .group         0x00000000        0xc build/src/main.o
 .group         0x00000000        0xc build/src/main.o
 .group         0x00000000        0xc build/src/main.o
 .group         0x00000000        0xc build/src/main.o
 .group         0x00000000        0xc build/src/main.o
 .group         0x00000000        0xc build/src/main.o
 .group         0x00000000        0xc build/src/main.o
 .group         0x00000000        0xc build/src/main.o
 .group         0x00000000        0xc build/src/main.o
 .group         0x00000000        0xc build/src/main.o
 .group         0x00000000        0xc build/src/main.o
 .group         0x00000000        0xc build/src/main.o
 .group         0x00000000        0xc build/src/main.o
 .group         0x00000000        0xc build/src/main.o
 .group         0x00000000        0xc build/src/main.o
 .group         0x00000000        0xc build/src/main.o
 .group         0x00000000        0xc build/src/main.o
 .group         0x00000000        0xc build/src/main.o
 .group         0x00000000        0xc build/src/main.o
 .group         0x00000000        0xc build/src/main.o
 .group         0x00000000        0xc build/src/main.o
 .group         0x00000000        0xc build/src/main.o
 .group         0x00000000        0xc build/src/main.o
 .group         0x00000000        0xc build/src/main.o
 .group         0x00000000        0xc build/src/main.o
 .group         0x00000000        0xc build/src/main.o
 .group         0x00000000        0xc build/src/main.o
 .group         0x00000000        0xc build/src/main.o
 .group         0x00000000        0xc build/src/main.o
 .group         0x00000000        0xc build/src/main.o
 .text          0x00000000        0x0 build/src/main.o
 .data          0x00000000        0x0 build/src/main.o
 .bss           0x00000000        0x0 build/src/main.o
 .group         0x00000000        0xc build/src/log_utils.o
 .group         0x00000000        0xc build/src/log_utils.o
[...]
Memory Configuration

Name             Origin             Length             Attributes
FLASH            0x00000000         0x00070000         xr
RAM              0x20000000         0x00018000         xrw
*default*        0x00000000         0xffffffff

Linker script and memory map

LOAD build/src/main.o
LOAD build/src/log_utils.o
LOAD build/src/rfm_protocol.o
LOAD build/src/rfm_link.o
LOAD build/src/rfm_spi_bridge_stub.o
LOAD build/src/rf_hw_ch58.o
LOAD build/src/platform_ch584_stub.o
LOAD build/src/ch58x_startup_compat.o
LOAD build/sdk/CH58x_gpio.o
LOAD build/sdk/CH58x_clk.o
LOAD build/sdk/CH58x_sys.o
LOAD build/sdk/CH58x_timer0.o
LOAD build/sdk/CH58x_flash.o
LOAD build/sdk/CH58x_spi0.o
LOAD build/sdk/CH58x_uart0.o
LOAD build/sdk/startup_CH585.o
LOAD E:/Works/CH585EVT/EVT/EXAM/SRC/StdPeriphDriver/libISP585.a
LOAD D:/MounRiverStudio2/MounRiver_Studio2/resources/app/resources/win32/components/WCH/Toolchain/RISC-V Embedded GCC15/bin/../lib/gcc/riscv32-wch-elf/15.2.0/rv32imac_zaamo_zalrsc/ilp32\libgcc.a
START GROUP
LOAD D:/MounRiverStudio2/MounRiver_Studio2/resources/app/resources/win32/components/WCH/Toolchain/RISC-V Embedded GCC15/bin/../lib/gcc/riscv32-wch-elf/15.2.0/../../../../riscv32-wch-elf/lib/rv32imac_zaamo_zalrsc/ilp32\libc.a
LOAD D:/MounRiverStudio2/MounRiver_Studio2/resources/app/resources/win32/components/WCH/Toolchain/RISC-V Embedded GCC15/bin/../lib/gcc/riscv32-wch-elf/15.2.0/../../../../riscv32-wch-elf/lib/rv32imac_zaamo_zalrsc/ilp32\libgloss.a
END GROUP
LOAD D:/MounRiverStudio2/MounRiver_Studio2/resources/app/resources/win32/components/WCH/Toolchain/RISC-V Embedded GCC15/bin/../lib/gcc/riscv32-wch-elf/15.2.0/rv32imac_zaamo_zalrsc/ilp32\libgcc.a

.init           0x00000000        0x4
                0x00000000                        _sinit = .
                0x00000000                        . = ALIGN (0x4)
 *(SORT_NONE(.init))
 .init          0x00000000        0x4 build/sdk/startup_CH585.o
                0x00000000                _start
                0x00000004                        . = ALIGN (0x4)
                0x00000004                        _einit = .

.highcode_initlalign
                0x00000004        0x0
                0x00000004                        . = ALIGN (0x4)
                0x00000004                        PROVIDE (_highcode_init_lma = .)

.highcode_init  0x20000000      0x238 load address 0x00000004
                0x20000000                        PROVIDE (_highcode_init_vma_start = .)
                0x20000000                        . = ALIGN (0x400)
 *(.vector)
 .vector        0x20000000       0xa0 build/sdk/startup_CH585.o
                0x20000000                _vector_base
 *(SORT_NONE(.vector_handler))
 .vector_handler
                0x200000a0        0x2 build/sdk/startup_CH585.o
                0x200000a0                NFC_IRQHandler
                0x200000a0                GPIOB_IRQHandler
                0x200000a0                GPIOA_IRQHandler
                0x200000a0                SysTick_Handler
                0x200000a0                NMI_Handler
                0x200000a0                UART1_IRQHandler
                0x200000a0                UART0_IRQHandler
                0x200000a0                BB_IRQHandler
                0x200000a0                Break_Point_Handler
                0x200000a0                TMR0_IRQHandler
                0x200000a0                Ecall_M_Mode_Handler
                0x200000a0                RTC_IRQHandler
                0x200000a0                LED_IRQHandler
                0x200000a0                UART2_IRQHandler
                0x200000a0                ADC_IRQHandler
                0x200000a0                TMR2_IRQHandler
                0x200000a0                USB_IRQHandler
                0x200000a0                I2C_IRQHandler
                0x200000a0                LLE_IRQHandler
                0x200000a0                WDOG_BAT_IRQHandler
                0x200000a0                Ecall_U_Mode_Handler
                0x200000a0                TMR3_IRQHandler
                0x200000a0                SW_Handler
                0x200000a0                SPI0_IRQHandler
                0x200000a0                USB2_HOST_IRQHandler
                0x200000a0                PWMX_SPI1_IRQHandler
                0x200000a0                UART3_IRQHandler
                0x200000a0                USB2_DEVICE_IRQHandler
                0x200000a0                TMR1_IRQHandler
 *(.highcode_init)
 .highcode_init
                0x200000a2       0xe2 build/sdk/CH58x_sys.o
                0x200000a2                highcode_init
 .highcode_init
                0x20000184       0xb2 build/sdk/startup_CH585.o
 *(.highcode_init.*)
                0x20000238                        . = ALIGN (0x4)
 *fill*         0x20000236        0x2 
                0x20000238                        PROVIDE (_highcode_init_vma_end = .)

.highcodelalign
                0x0000023c        0x0
                0x0000023c                        . = ALIGN (0x4)
                0x0000023c                        PROVIDE (_highcode_lma = .)

.highcode       0x20000238      0x7a4 load address 0x0000023c
                0x20000238                        . = ALIGN (0x4)
                0x20000238                        PROVIDE (_highcode_vma_start = .)
 *(.highcode)
 .highcode      0x20000238      0x3d0 build/sdk/CH58x_sys.o
                0x20000238                MachineMode_Call_IRQ
                0x20000254                SetSysClock
                0x20000450                MachineMode_Call
                0x200004b0                SYS_ResetExecute
                0x20000510                SYS_DisableAllIrq
                0x2000052c                SYS_RecoverIrq
                0x20000540                HardFault_Handler
                0x200005ca                mDelayuS
                0x200005e0                mDelaymS
                0x200005fe                __wrap_memcpy
 *(.highcode.*)
 .highcode.FLASH_ROM_BEG
                0x20000608       0x12 E:/Works/CH585EVT/EVT/EXAM/SRC/StdPeriphDriver/libISP585.a(ISP585.o)
                0x20000608                FLASH_ROM_BEG
 .highcode.FLASH_ROM_END
                0x2000061a        0xe E:/Works/CH585EVT/EVT/EXAM/SRC/StdPeriphDriver/libISP585.a(ISP585.o)
                0x2000061a                FLASH_ROM_END
 .highcode.FLASH_ROM_IN
                0x20000628        0xe E:/Works/CH585EVT/EVT/EXAM/SRC/StdPeriphDriver/libISP585.a(ISP585.o)
                0x20000628                FLASH_ROM_IN
 .highcode.FLASH_ROM_OUT
                0x20000636        0xe E:/Works/CH585EVT/EVT/EXAM/SRC/StdPeriphDriver/libISP585.a(ISP585.o)
                0x20000636                FLASH_ROM_OUT
 .highcode.FLASH_ROM_ADDR
                0x20000644       0x48 E:/Works/CH585EVT/EVT/EXAM/SRC/StdPeriphDriver/libISP585.a(ISP585.o)
                0x20000644                FLASH_ROM_ADDR
 .highcode.FLASH_ROM_WAIT
                0x2000068c       0x38 E:/Works/CH585EVT/EVT/EXAM/SRC/StdPeriphDriver/libISP585.a(ISP585.o)
                0x2000068c                FLASH_ROM_WAIT
 .highcode.FLASH_EEPROM_CMD
                0x200006c4      0x318 E:/Works/CH585EVT/EVT/EXAM/SRC/StdPeriphDriver/libISP585.a(ISP585.o)
                0x200006c4                FLASH_EEPROM_CMD
 *(.highcode_lp)
 *(.highcode_lp.*)
                0x200009dc                        . = ALIGN (0x4)
 *fill*         0x200009dc        0x0 
                0x200009dc                        PROVIDE (_highcode_vma_end = .)

.text           0x000009e0      0xdd4
                0x000009e0                        . = ALIGN (0x4)
 *(SORT_NONE(.handle_reset))
 .handle_reset  0x000009e0       0x42 build/sdk/startup_CH585.o
                0x000009e0                handle_reset
 *(.text)
 *(.text.*)
 .text.startup.main
                0x00000a22       0x96 build/src/main.o
                0x00000a22                main
 .text.log_uart_init
                0x00000ab8       0x38 build/src/log_utils.o
                0x00000ab8                log_uart_init
 .text.log_raw  0x00000af0       0x1e build/src/log_utils.o
                0x00000af0                log_raw
 .text.log_hex8
                0x00000b0e       0x32 build/src/log_utils.o
                0x00000b0e                log_hex8
 .text.send_frame.isra.0
                0x00000b40       0xa2 build/src/rfm_spi_bridge_stub.o
 .text.process_one_frame
                0x00000be2      0x140 build/src/rfm_spi_bridge_stub.o
 .text.rfm_spi_bridge_init
                0x00000d22       0x24 build/src/rfm_spi_bridge_stub.o
                0x00000d22                rfm_spi_bridge_init
 .text.rfm_spi_bridge_poll
                0x00000d46       0x1e build/src/rfm_spi_bridge_stub.o
                0x00000d46                rfm_spi_bridge_poll
 .text.spi_tx_fill_fifo
                0x00000d64       0x40 build/src/platform_ch584_stub.o
 .text.platform_clock_init
                0x00000da4        0xc build/src/platform_ch584_stub.o
                0x00000da4                platform_clock_init
 .text.platform_gpio_init
                0x00000db0       0x48 build/src/platform_ch584_stub.o
                0x00000db0                platform_gpio_init
 .text.platform_timer_init
                0x00000df8       0x2a build/src/platform_ch584_stub.o
                0x00000df8                platform_timer_init
 .text.platform_spi_init
                0x00000e22       0x2c build/src/platform_ch584_stub.o
                0x00000e22                platform_spi_init
 .text.platform_now_us
                0x00000e4e       0x26 build/src/platform_ch584_stub.o
                0x00000e4e                platform_now_us
 .text.rfm_spi_port_try_write
                0x00000e74       0x76 build/src/platform_ch584_stub.o
                0x00000e74                rfm_spi_port_try_write
 .text.rfm_spi_port_try_read
                0x00000eea      0x17c build/src/platform_ch584_stub.o
                0x00000eea                rfm_spi_port_try_read
 .text.platform_irq_line_set
                0x00001066       0x18 build/src/platform_ch584_stub.o
                0x00001066                platform_irq_line_set
 .text.platform_idle
                0x0000107e        0x2 build/src/platform_ch584_stub.o
                0x0000107e                platform_idle
 .text.GPIOA_ModeCfg
                0x00001080       0xa0 build/sdk/CH58x_gpio.o
                0x00001080                GPIOA_ModeCfg
 .text.GPIOB_ModeCfg
                0x00001120       0xa0 build/sdk/CH58x_gpio.o
                0x00001120                GPIOB_ModeCfg
 .text.GPIOPinRemap
                0x000011c0       0x1c build/sdk/CH58x_gpio.o
                0x000011c0                GPIOPinRemap
 .text.GPIOADigitalCfg
                0x000011dc       0x18 build/sdk/CH58x_gpio.o
                0x000011dc                GPIOADigitalCfg
 .text.GPIOBDigitalCfg
                0x000011f4       0x50 build/sdk/CH58x_gpio.o
                0x000011f4                GPIOBDigitalCfg
 .text.GetSysClock
                0x00001244       0x7e build/sdk/CH58x_sys.o
                0x00001244                GetSysClock
 .text.WWDG_ITCfg
                0x000012c2       0x5c build/sdk/CH58x_sys.o
                0x000012c2                WWDG_ITCfg
 .text.WWDG_ResetCfg
                0x0000131e       0x5c build/sdk/CH58x_sys.o
                0x0000131e                WWDG_ResetCfg
 .text.WWDG_ClearFlag
                0x0000137a       0x52 build/sdk/CH58x_sys.o
                0x0000137a                WWDG_ClearFlag
 .text.TMR0_TimerInit
                0x000013cc       0x14 build/sdk/CH58x_timer0.o
                0x000013cc                TMR0_TimerInit
 .text.SPI0_SlaveInit
                0x000013e0       0x20 build/sdk/CH58x_spi0.o
                0x000013e0                SPI0_SlaveInit
 .text.UART0_BaudRateCfg
                0x00001400       0x2c build/sdk/CH58x_uart0.o
                0x00001400                UART0_BaudRateCfg
 .text.UART0_DefInit
                0x0000142c       0x32 build/sdk/CH58x_uart0.o
                0x0000142c                UART0_DefInit
 .text.UART0_SendString
                0x0000145e       0x32 build/sdk/CH58x_uart0.o
                0x0000145e                UART0_SendString
 .text.memcpy   0x00001490       0xe8 D:/MounRiverStudio2/MounRiver_Studio2/resources/app/resources/win32/components/WCH/Toolchain/RISC-V Embedded GCC15/bin/../lib/gcc/riscv32-wch-elf/15.2.0/../../../../riscv32-wch-elf/lib/rv32imac_zaamo_zalrsc/ilp32\libc.a(libc_a-memcpy.o)
                0x00001490                memcpy
 .text.strlen   0x00001578       0x64 D:/MounRiverStudio2/MounRiver_Studio2/resources/app/resources/win32/components/WCH/Toolchain/RISC-V Embedded GCC15/bin/../lib/gcc/riscv32-wch-elf/15.2.0/../../../../riscv32-wch-elf/lib/rv32imac_zaamo_zalrsc/ilp32\libc.a(libc_a-strlen.o)
                0x00001578                strlen
 *(.rodata)
 *(.rodata*)
 .rodata.main.str1.4
                0x000015dc      0x19c build/src/main.o
                                 0xa7 (size before relaxing)
 .rodata.hex.0  0x00001778       0x11 build/src/log_utils.o
 .rodata.send_frame.isra.0.str1.4
                0x00001789        0x0 build/src/rfm_spi_bridge_stub.o
                                 0x37 (size before relaxing)
 .rodata.process_one_frame.str1.4
                0x00001789        0x0 build/src/rfm_spi_bridge_stub.o
                                 0xa3 (size before relaxing)
 .rodata.rfm_spi_bridge_init.str1.4
                0x00001789        0x0 build/src/rfm_spi_bridge_stub.o
                                 0x1c (size before relaxing)
 *fill*         0x00001789        0x3 
 .rodata.GPIOA_ModeCfg
                0x0000178c       0x14 build/sdk/CH58x_gpio.o
 .rodata.GPIOB_ModeCfg
                0x000017a0       0x14 build/sdk/CH58x_gpio.o
 *(.sdata2.*)
 *(.glue_7)
 *(.glue_7t)
 *(.gnu.linkonce.t.*)
                0x000017b4                        . = ALIGN (0x4)

.rela.dyn       0x000017b4        0x0
 .rela.init     0x000017b4        0x0 build/src/main.o
 .rela.vector   0x000017b4        0x0 build/src/main.o
 .rela.handle_reset
                0x000017b4        0x0 build/src/main.o
 .rela.highcode_init
                0x000017b4        0x0 build/src/main.o

.fini           0x000017b4        0x0
 *(SORT_NONE(.fini))
                0x000017b4                        . = ALIGN (0x4)
                [!provide]                        PROVIDE (_etext = .)
                [!provide]                        PROVIDE (_eitcm = .)

.preinit_array  0x000017b4        0x0
                [!provide]                        PROVIDE (__preinit_array_start = .)
 *(.preinit_array)
                [!provide]                        PROVIDE (__preinit_array_end = .)

.init_array     0x000017b4        0x0
                [!provide]                        PROVIDE (__init_array_start = .)
 *(SORT_BY_INIT_PRIORITY(.init_array.*) SORT_BY_INIT_PRIORITY(.ctors.*))
 *(.init_array EXCLUDE_FILE(*crtend?.o *crtend.o *crtbegin?.o *crtbegin.o) .ctors)
                [!provide]                        PROVIDE (__init_array_end = .)

.fini_array     0x000017b4        0x0
                [!provide]                        PROVIDE (__fini_array_start = .)
 *(SORT_BY_INIT_PRIORITY(.fini_array.*) SORT_BY_INIT_PRIORITY(.dtors.*))
 *(.fini_array EXCLUDE_FILE(*crtend?.o *crtend.o *crtbegin?.o *crtbegin.o) .dtors)
                [!provide]                        PROVIDE (__fini_array_end = .)

.ctors
 *crtbegin.o(.ctors)
 *crtbegin?.o(.ctors)
 *(EXCLUDE_FILE(*crtend?.o *crtend.o) .ctors)
 *(SORT_BY_NAME(.ctors.*))
 *(.ctors)

.dtors
 *crtbegin.o(.dtors)
 *crtbegin?.o(.dtors)
 *(EXCLUDE_FILE(*crtend?.o *crtend.o) .dtors)
 *(SORT_BY_NAME(.dtors.*))
 *(.dtors)

.dlalign        0x000017b4        0x0
                0x000017b4                        . = ALIGN (0x4)
                0x000017b4                        PROVIDE (_data_lma = .)

.data           0x200009dc        0x4 load address 0x000017b4
                0x200009dc                        . = ALIGN (0x4)
                0x200009dc                        PROVIDE (_data_vma = .)
 *(.gnu.linkonce.r.*)
 *(.data .data.*)
 *(.gnu.linkonce.d.*)
                0x200009e0                        . = ALIGN (0x8)
 *fill*         0x200009dc        0x4 
                0x200011e0                        PROVIDE (__global_pointer$ = (. + 0x800))
 *(.sdata .sdata.*)
 *(.gnu.linkonce.s.*)
                0x200009e0                        . = ALIGN (0x8)
 *(.srodata.cst16)
 *(.srodata.cst8)
 *(.srodata.cst4)
 *(.srodata.cst2)
 *(.srodata .srodata.*)
                0x200009e0                        . = ALIGN (0x4)
                0x200009e0                        PROVIDE (_edata = .)

.bss            0x200009e0       0x80 load address 0x000017b4
                0x200009e0                        . = ALIGN (0x4)
                0x200009e0                        PROVIDE (_sbss = .)
 *(.sbss*)
 .sbss.s_tx_count
                0x200009e0        0x4 build/src/rfm_spi_bridge_stub.o
 .sbss.s_rx_count
                0x200009e4        0x4 build/src/rfm_spi_bridge_stub.o
 .sbss.s_spi_tx_pos
                0x200009e8        0x2 build/src/platform_ch584_stub.o
 .sbss.s_spi_tx_len
                0x200009ea        0x2 build/src/platform_ch584_stub.o
 .sbss.s_spi_tx_start_us
                0x200009ec        0x4 build/src/platform_ch584_stub.o
 .sbss.s_spi_tx_pending
                0x200009f0        0x1 build/src/platform_ch584_stub.o
 *fill*         0x200009f1        0x3 
 .sbss.s_now_us
                0x200009f4        0x4 build/src/platform_ch584_stub.o
 .sbss.chip_info
                0x200009f8        0x4 build/sdk/CH58x_sys.o
                0x200009f8                chip_info
 .sbss.gs_machine_mode_func
                0x200009fc        0x4 build/sdk/CH58x_sys.o
                0x200009fc                gs_machine_mode_func
 *(.gnu.linkonce.sb.*)
 *(.bss*)
 .bss.s_spi_tx_buf
                0x20000a00       0x60 build/src/platform_ch584_stub.o
 *(.gnu.linkonce.b.*)
 *(COMMON*)
                0x20000a60                        . = ALIGN (0x4)
                0x20000a60                        PROVIDE (_ebss = .)
                0x20000a60                        PROVIDE (_end = _ebss)
                [!provide]                        PROVIDE (end = .)

.stack          0x20018000        0x0
                0x20018000                        . = ALIGN (0x4)
                0x20018000                        PROVIDE (_eusrstack = .)
OUTPUT(build/rf_module.elf elf32-littleriscv)

.debug_info     0x00000000     0x34e6
 .debug_info    0x00000000      0x315 build/src/main.o
 .debug_info    0x00000315      0x30f build/src/log_utils.o
 .debug_info    0x00000624      0x95d build/src/rfm_spi_bridge_stub.o
 .debug_info    0x00000f81      0x68c build/src/platform_ch584_stub.o
 .debug_info    0x0000160d      0x340 build/sdk/CH58x_gpio.o
 .debug_info    0x0000194d     0x1249 build/sdk/CH58x_sys.o
 .debug_info    0x00002b96      0x298 build/sdk/CH58x_timer0.o
 .debug_info    0x00002e2e      0x3ff build/sdk/CH58x_spi0.o
 .debug_info    0x0000322d      0x2b9 build/sdk/CH58x_uart0.o

.debug_abbrev   0x00000000     0x120a
 .debug_abbrev  0x00000000      0x106 build/src/main.o
 .debug_abbrev  0x00000106      0x160 build/src/log_utils.o
 .debug_abbrev  0x00000266      0x259 build/src/rfm_spi_bridge_stub.o
 .debug_abbrev  0x000004bf      0x277 build/src/platform_ch584_stub.o
 .debug_abbrev  0x00000736      0x167 build/sdk/CH58x_gpio.o
 .debug_abbrev  0x0000089d      0x575 build/sdk/CH58x_sys.o
 .debug_abbrev  0x00000e12       0xe3 build/sdk/CH58x_timer0.o
 .debug_abbrev  0x00000ef5      0x1b8 build/sdk/CH58x_spi0.o
 .debug_abbrev  0x000010ad      0x15d build/sdk/CH58x_uart0.o

.debug_loclists
                0x00000000     0x1167
 .debug_loclists
                0x00000000       0x34 build/src/main.o
 .debug_loclists
                0x00000034       0x54 build/src/log_utils.o
 .debug_loclists
                0x00000088      0x4a7 build/src/rfm_spi_bridge_stub.o
 .debug_loclists
                0x0000052f      0x1d4 build/src/platform_ch584_stub.o
 .debug_loclists
                0x00000703      0x23f build/sdk/CH58x_gpio.o
 .debug_loclists
                0x00000942      0x450 build/sdk/CH58x_sys.o
 .debug_loclists
                0x00000d92       0xba build/sdk/CH58x_timer0.o
 .debug_loclists
                0x00000e4c      0x18e build/sdk/CH58x_spi0.o
 .debug_loclists
                0x00000fda      0x18d build/sdk/CH58x_uart0.o

.debug_aranges  0x00000000      0x368
 .debug_aranges
                0x00000000       0x20 build/src/main.o
 .debug_aranges
                0x00000020       0x30 build/src/log_utils.o
 .debug_aranges
                0x00000050       0x40 build/src/rfm_spi_bridge_stub.o
 .debug_aranges
                0x00000090       0x68 build/src/platform_ch584_stub.o
 .debug_aranges
                0x000000f8       0x58 build/sdk/CH58x_gpio.o
 .debug_aranges
                0x00000150       0xf0 build/sdk/CH58x_sys.o
 .debug_aranges
                0x00000240       0x40 build/sdk/CH58x_timer0.o
 .debug_aranges
                0x00000280       0x98 build/sdk/CH58x_spi0.o
 .debug_aranges
                0x00000318       0x50 build/sdk/CH58x_uart0.o

.debug_rnglists
                0x00000000      0x312
 .debug_rnglists
                0x00000000       0x14 build/src/main.o
 .debug_rnglists
                0x00000014       0x1f build/src/log_utils.o
 .debug_rnglists
                0x00000033       0x7d build/src/rfm_spi_bridge_stub.o
 .debug_rnglists
                0x000000b0       0x57 build/src/platform_ch584_stub.o
 .debug_rnglists
                0x00000107       0x41 build/sdk/CH58x_gpio.o
 .debug_rnglists
                0x00000148       0xfb build/sdk/CH58x_sys.o
 .debug_rnglists
                0x00000243       0x2b build/sdk/CH58x_timer0.o
 .debug_rnglists
                0x0000026e       0x6d build/sdk/CH58x_spi0.o
 .debug_rnglists
                0x000002db       0x37 build/sdk/CH58x_uart0.o

.debug_macro    0x00000000     0x6b21
 .debug_macro   0x00000000      0x2b3 build/src/main.o
 .debug_macro   0x000002b3      0x880 build/src/main.o
 .debug_macro   0x00000b33       0x10 build/src/main.o
 .debug_macro   0x00000b43       0x22 build/src/main.o
 .debug_macro   0x00000b65       0x8e build/src/main.o
 .debug_macro   0x00000bf3       0x51 build/src/main.o
 .debug_macro   0x00000c44      0x103 build/src/main.o
 .debug_macro   0x00000d47       0x6a build/src/main.o
 .debug_macro   0x00000db1      0x1df build/src/main.o
 .debug_macro   0x00000f90      0x1a5 build/src/main.o
 .debug_macro   0x00001135       0x34 build/src/main.o
 .debug_macro   0x00001169       0x67 build/src/main.o
 .debug_macro   0x000011d0       0x19 build/src/main.o
 .debug_macro   0x000011e9       0x3b build/src/main.o
 .debug_macro   0x00001224       0x34 build/src/main.o
 .debug_macro   0x00001258       0x16 build/src/main.o
 .debug_macro   0x0000126e       0x3c build/src/main.o
 .debug_macro   0x000012aa      0x364 build/src/main.o
 .debug_macro   0x0000160e       0x10 build/src/main.o
 .debug_macro   0x0000161e       0x16 build/src/main.o
 .debug_macro   0x00001634       0x4a build/src/main.o
 .debug_macro   0x0000167e       0x34 build/src/main.o
 .debug_macro   0x000016b2       0x10 build/src/main.o
 .debug_macro   0x000016c2       0x52 build/src/main.o
 .debug_macro   0x00001714      0x1e5 build/src/main.o
 .debug_macro   0x000018f9       0x10 build/src/main.o
 .debug_macro   0x00001909       0x1c build/src/main.o
 .debug_macro   0x00001925       0x52 build/src/main.o
 .debug_macro   0x00001977       0x22 build/src/main.o
 .debug_macro   0x00001999       0x10 build/src/main.o
 .debug_macro   0x000019a9       0x52 build/src/main.o
 .debug_macro   0x000019fb       0xcf build/src/main.o
 .debug_macro   0x00001aca       0x1c build/src/main.o
 .debug_macro   0x00001ae6       0x3d build/src/main.o
 .debug_macro   0x00001b23       0x16 build/src/main.o
 .debug_macro   0x00001b39      0x170 build/src/main.o
 .debug_macro   0x00001ca9       0x16 build/src/main.o
 .debug_macro   0x00001cbf     0x2d68 build/src/main.o
 .debug_macro   0x00004a27       0xa4 build/src/main.o
 .debug_macro   0x00004acb       0x3b build/src/main.o
 .debug_macro   0x00004b06       0xd6 build/src/main.o
 .debug_macro   0x00004bdc      0x10b build/src/main.o
 .debug_macro   0x00004ce7      0x19a build/src/main.o
 .debug_macro   0x00004e81       0x82 build/src/main.o
 .debug_macro   0x00004f03       0x71 build/src/main.o
 .debug_macro   0x00004f74       0x83 build/src/main.o
 .debug_macro   0x00004ff7       0x54 build/src/main.o
 .debug_macro   0x0000504b      0x1cc build/src/main.o
 .debug_macro   0x00005217       0x51 build/src/main.o
 .debug_macro   0x00005268       0x8c build/src/main.o
 .debug_macro   0x000052f4       0x88 build/src/main.o
 .debug_macro   0x0000537c       0xdb build/src/main.o
 .debug_macro   0x00005457       0x2e build/src/main.o
 .debug_macro   0x00005485      0x292 build/src/log_utils.o
 .debug_macro   0x00005717       0x3a build/src/log_utils.o
 .debug_macro   0x00005751       0x9e build/src/log_utils.o
 .debug_macro   0x000057ef      0x127 build/src/log_utils.o
 .debug_macro   0x00005916      0x16a build/src/rfm_spi_bridge_stub.o
 .debug_macro   0x00005a80      0x2cb build/src/platform_ch584_stub.o
 .debug_macro   0x00005d4b      0x282 build/sdk/CH58x_gpio.o
 .debug_macro   0x00005fcd       0x61 build/sdk/CH58x_gpio.o
 .debug_macro   0x0000602e       0x94 build/sdk/CH58x_gpio.o
 .debug_macro   0x000060c2       0x57 build/sdk/CH58x_gpio.o
 .debug_macro   0x00006119      0x282 build/sdk/CH58x_sys.o
 .debug_macro   0x0000639b      0x282 build/sdk/CH58x_timer0.o
 .debug_macro   0x0000661d      0x282 build/sdk/CH58x_spi0.o
 .debug_macro   0x0000689f      0x282 build/sdk/CH58x_uart0.o

.debug_line     0x00000000     0x4427
 .debug_line    0x00000000      0x277 build/src/main.o
 .debug_line    0x00000277      0x2c6 build/src/log_utils.o
 .debug_line    0x0000053d      0x7bd build/src/rfm_spi_bridge_stub.o
 .debug_line    0x00000cfa      0x932 build/src/platform_ch584_stub.o
 .debug_line    0x0000162c      0x6cd build/sdk/CH58x_gpio.o
 .debug_line    0x00001cf9     0x16eb build/sdk/CH58x_sys.o
 .debug_line    0x000033e4      0x2ff build/sdk/CH58x_timer0.o
 .debug_line    0x000036e3      0x933 build/sdk/CH58x_spi0.o
 .debug_line    0x00004016      0x411 build/sdk/CH58x_uart0.o

.debug_str      0x00000000    0x17a8c
 .debug_str     0x00000000    0x17a8c build/src/main.o
                              0x16a5b (size before relaxing)
 .debug_str     0x00017a8c        0x0 build/src/log_utils.o
                              0x16a35 (size before relaxing)
 .debug_str     0x00017a8c        0x0 build/src/rfm_spi_bridge_stub.o
                               0x6c4f (size before relaxing)
 .debug_str     0x00017a8c        0x0 build/src/platform_ch584_stub.o
                              0x16f4b (size before relaxing)
 .debug_str     0x00017a8c        0x0 build/sdk/CH58x_gpio.o
                              0x16a9e (size before relaxing)
 .debug_str     0x00017a8c        0x0 build/sdk/CH58x_sys.o
                              0x171bc (size before relaxing)
 .debug_str     0x00017a8c        0x0 build/sdk/CH58x_timer0.o
                              0x16a68 (size before relaxing)
 .debug_str     0x00017a8c        0x0 build/sdk/CH58x_spi0.o
                              0x16acd (size before relaxing)
 .debug_str     0x00017a8c        0x0 build/sdk/CH58x_uart0.o
                              0x16a21 (size before relaxing)

.debug_line_str
                0x00000000      0x69e
 .debug_line_str
                0x00000000      0x69e build/src/main.o
                                0x51c (size before relaxing)
 .debug_line_str
                0x0000069e        0x0 build/src/log_utils.o
                                0x4fb (size before relaxing)
 .debug_line_str
                0x0000069e        0x0 build/src/rfm_spi_bridge_stub.o
                                0x3b6 (size before relaxing)
 .debug_line_str
                0x0000069e        0x0 build/src/platform_ch584_stub.o
                                0x537 (size before relaxing)
 .debug_line_str
                0x0000069e        0x0 build/sdk/CH58x_gpio.o
                                0x53f (size before relaxing)
 .debug_line_str
                0x0000069e        0x0 build/sdk/CH58x_sys.o
                                0x53d (size before relaxing)
 .debug_line_str
                0x0000069e        0x0 build/sdk/CH58x_timer0.o
                                0x543 (size before relaxing)
 .debug_line_str
                0x0000069e        0x0 build/sdk/CH58x_spi0.o
                                0x53f (size before relaxing)
 .debug_line_str
                0x0000069e        0x0 build/sdk/CH58x_uart0.o
                                0x541 (size before relaxing)

.comment        0x00000000       0x52
 .comment       0x00000000       0x52 build/src/main.o
                                 0x20 (size before relaxing)
 .comment       0x00000052        0x0 build/src/log_utils.o
                                 0x20 (size before relaxing)
 .comment       0x00000052        0x0 build/src/rfm_spi_bridge_stub.o
                                 0x20 (size before relaxing)
 .comment       0x00000052        0x0 build/src/platform_ch584_stub.o
                                 0x20 (size before relaxing)
 .comment       0x00000052        0x0 build/sdk/CH58x_gpio.o
                                 0x20 (size before relaxing)
 .comment       0x00000052        0x0 build/sdk/CH58x_sys.o
                                 0x20 (size before relaxing)
 .comment       0x00000052        0x0 build/sdk/CH58x_timer0.o
                                 0x20 (size before relaxing)
 .comment       0x00000052        0x0 build/sdk/CH58x_spi0.o
                                 0x20 (size before relaxing)
 .comment       0x00000052        0x0 build/sdk/CH58x_uart0.o
                                 0x20 (size before relaxing)
 .comment       0x00000052        0x0 E:/Works/CH585EVT/EVT/EXAM/SRC/StdPeriphDriver/libISP585.a(ISP585.o)
                                 0x34 (size before relaxing)
 .comment       0x00000052        0x0 D:/MounRiverStudio2/MounRiver_Studio2/resources/app/resources/win32/components/WCH/Toolchain/RISC-V Embedded GCC15/bin/../lib/gcc/riscv32-wch-elf/15.2.0/../../../../riscv32-wch-elf/lib/rv32imac_zaamo_zalrsc/ilp32\libc.a(libc_a-memcpy.o)
                                 0x20 (size before relaxing)
 .comment       0x00000052        0x0 D:/MounRiverStudio2/MounRiver_Studio2/resources/app/resources/win32/components/WCH/Toolchain/RISC-V Embedded GCC15/bin/../lib/gcc/riscv32-wch-elf/15.2.0/../../../../riscv32-wch-elf/lib/rv32imac_zaamo_zalrsc/ilp32\libc.a(libc_a-strlen.o)
                                 0x20 (size before relaxing)

.note.GNU-stack
                0x00000000        0x0
 .note.GNU-stack
                0x00000000        0x0 build/src/main.o
 .note.GNU-stack
                0x00000000        0x0 build/src/log_utils.o
 .note.GNU-stack
                0x00000000        0x0 build/src/rfm_spi_bridge_stub.o
 .note.GNU-stack
                0x00000000        0x0 build/src/platform_ch584_stub.o
 .note.GNU-stack
                0x00000000        0x0 build/sdk/CH58x_gpio.o
 .note.GNU-stack
                0x00000000        0x0 build/sdk/CH58x_sys.o
 .note.GNU-stack
                0x00000000        0x0 build/sdk/CH58x_timer0.o
 .note.GNU-stack
                0x00000000        0x0 build/sdk/CH58x_spi0.o
 .note.GNU-stack
                0x00000000        0x0 build/sdk/CH58x_uart0.o
 .note.GNU-stack
                0x00000000        0x0 D:/MounRiverStudio2/MounRiver_Studio2/resources/app/resources/win32/components/WCH/Toolchain/RISC-V Embedded GCC15/bin/../lib/gcc/riscv32-wch-elf/15.2.0/../../../../riscv32-wch-elf/lib/rv32imac_zaamo_zalrsc/ilp32\libc.a(libc_a-memcpy.o)
 .note.GNU-stack
                0x00000000        0x0 D:/MounRiverStudio2/MounRiver_Studio2/resources/app/resources/win32/components/WCH/Toolchain/RISC-V Embedded GCC15/bin/../lib/gcc/riscv32-wch-elf/15.2.0/../../../../riscv32-wch-elf/lib/rv32imac_zaamo_zalrsc/ilp32\libc.a(libc_a-strlen.o)

.riscv.attributes
                0x00000000       0x4e
 .riscv.attributes
                0x00000000       0x4e build/src/main.o
 .riscv.attributes
                0x0000004e       0x4e build/src/log_utils.o
 .riscv.attributes
                0x0000009c       0x4e build/src/rfm_spi_bridge_stub.o
 .riscv.attributes
                0x000000ea       0x4e build/src/platform_ch584_stub.o
 .riscv.attributes
                0x00000138       0x4e build/sdk/CH58x_gpio.o
 .riscv.attributes
                0x00000186       0x4e build/sdk/CH58x_sys.o
 .riscv.attributes
                0x000001d4       0x4e build/sdk/CH58x_timer0.o
 .riscv.attributes
                0x00000222       0x4e build/sdk/CH58x_spi0.o
 .riscv.attributes
                0x00000270       0x4e build/sdk/CH58x_uart0.o
 .riscv.attributes
                0x000002be       0x4e D:/MounRiverStudio2/MounRiver_Studio2/resources/app/resources/win32/components/WCH/Toolchain/RISC-V Embedded GCC15/bin/../lib/gcc/riscv32-wch-elf/15.2.0/../../../../riscv32-wch-elf/lib/rv32imac_zaamo_zalrsc/ilp32\libc.a(libc_a-memcpy.o)
 .riscv.attributes
                0x0000030c       0x4e D:/MounRiverStudio2/MounRiver_Studio2/resources/app/resources/win32/components/WCH/Toolchain/RISC-V Embedded GCC15/bin/../lib/gcc/riscv32-wch-elf/15.2.0/../../../../riscv32-wch-elf/lib/rv32imac_zaamo_zalrsc/ilp32\libc.a(libc_a-strlen.o)

.debug_frame    0x00000000      0x758
 .debug_frame   0x00000000       0x2c build/src/main.o
 .debug_frame   0x0000002c       0x6c build/src/log_utils.o
 .debug_frame   0x00000098       0xd0 build/src/rfm_spi_bridge_stub.o
 .debug_frame   0x00000168      0x128 build/src/platform_ch584_stub.o
 .debug_frame   0x00000290       0x90 build/sdk/CH58x_gpio.o
 .debug_frame   0x00000320      0x22c build/sdk/CH58x_sys.o
 .debug_frame   0x0000054c       0x60 build/sdk/CH58x_timer0.o
 .debug_frame   0x000005ac      0x110 build/sdk/CH58x_spi0.o
 .debug_frame   0x000006bc       0x9c build/sdk/CH58x_uart0.o
