ARM GAS  C:\Users\nicx5\AppData\Local\Temp\cco843Hg.s 			page 1


   1              		.cpu cortex-m7
   2              		.arch armv7e-m
   3              		.fpu fpv5-d16
   4              		.eabi_attribute 28, 1
   5              		.eabi_attribute 20, 1
   6              		.eabi_attribute 21, 1
   7              		.eabi_attribute 23, 3
   8              		.eabi_attribute 24, 1
   9              		.eabi_attribute 25, 1
  10              		.eabi_attribute 26, 1
  11              		.eabi_attribute 30, 1
  12              		.eabi_attribute 34, 1
  13              		.eabi_attribute 18, 4
  14              		.file	"led_strip_controller.cpp"
  15              		.text
  16              	.Ltext0:
  17              		.cfi_sections	.debug_frame
  18              		.file 1 "Src/leds/led_strip_controller.cpp"
  19              		.section	.text._ZNK18LedStripController4initEv,"ax",%progbits
  20              		.align	1
  21              		.global	_ZNK18LedStripController4initEv
  22              		.syntax unified
  23              		.thumb
  24              		.thumb_func
  26              	_ZNK18LedStripController4initEv:
  27              	.LVL0:
  28              	.LFB1292:
   1:Src/leds/led_strip_controller.cpp **** #include "leds/led_strip_controller.hpp"
   2:Src/leds/led_strip_controller.cpp **** 
   3:Src/leds/led_strip_controller.cpp **** #include "board_power.hpp"
   4:Src/leds/led_strip_controller.cpp **** #include "leds/led_config_safety.hpp"
   5:Src/leds/led_strip_controller.cpp **** 
   6:Src/leds/led_strip_controller.cpp **** namespace {
   7:Src/leds/led_strip_controller.cpp **** 
   8:Src/leds/led_strip_controller.cpp **** const LedStripDescriptor kKeyDescriptor = {
   9:Src/leds/led_strip_controller.cpp ****     WS2812B_STRIP_KEYS,
  10:Src/leds/led_strip_controller.cpp ****     static_cast<uint16_t>(NUM_ADC_BUTTONS + NUM_GPIO_BUTTONS),
  11:Src/leds/led_strip_controller.cpp ****     WS2812B_KEYS_TIM_CHANNEL,
  12:Src/leds/led_strip_controller.cpp ****     WS2812B_KEYS_TIM_DMA_INSTANCE,
  13:Src/leds/led_strip_controller.cpp ****     LED_EN_PORT,
  14:Src/leds/led_strip_controller.cpp ****     LED_EN_PIN,
  15:Src/leds/led_strip_controller.cpp ****     LedConfigSafety::kKeyMaxHardwareDrivePercent,
  16:Src/leds/led_strip_controller.cpp **** };
  17:Src/leds/led_strip_controller.cpp **** 
  18:Src/leds/led_strip_controller.cpp **** const LedStripDescriptor kAmbientDescriptor = {
  19:Src/leds/led_strip_controller.cpp ****     WS2812B_STRIP_AMBIENT,
  20:Src/leds/led_strip_controller.cpp ****     static_cast<uint16_t>(NUM_LED_AROUND),
  21:Src/leds/led_strip_controller.cpp ****     WS2812B_AMBIENT_TIM_CHANNEL,
  22:Src/leds/led_strip_controller.cpp ****     WS2812B_AMBIENT_TIM_DMA_INSTANCE,
  23:Src/leds/led_strip_controller.cpp ****     AMBIENT_EN_PORT,
  24:Src/leds/led_strip_controller.cpp ****     AMBIENT_EN_PIN,
  25:Src/leds/led_strip_controller.cpp ****     LedConfigSafety::kAmbientMaxHardwareDrivePercent,
  26:Src/leds/led_strip_controller.cpp **** };
  27:Src/leds/led_strip_controller.cpp **** 
  28:Src/leds/led_strip_controller.cpp **** const LedStripController kKeyStrip(kKeyDescriptor);
  29:Src/leds/led_strip_controller.cpp **** const LedStripController kAmbientStrip(kAmbientDescriptor);
  30:Src/leds/led_strip_controller.cpp **** 
ARM GAS  C:\Users\nicx5\AppData\Local\Temp\cco843Hg.s 			page 2


  31:Src/leds/led_strip_controller.cpp **** } // namespace
  32:Src/leds/led_strip_controller.cpp **** 
  33:Src/leds/led_strip_controller.cpp **** void LedStripController::init() const
  34:Src/leds/led_strip_controller.cpp **** {
  29              		.loc 1 34 1 view -0
  30              		.cfi_startproc
  31              		@ args = 0, pretend = 0, frame = 0
  32              		@ frame_needed = 0, uses_anonymous_args = 0
  33              		.loc 1 34 1 is_stmt 0 view .LVU1
  34 0000 08B5     		push	{r3, lr}
  35              	.LCFI0:
  36              		.cfi_def_cfa_offset 8
  37              		.cfi_offset 3, -8
  38              		.cfi_offset 14, -4
  35:Src/leds/led_strip_controller.cpp ****     WS2812B_InitStrip(descriptor_.strip);
  39              		.loc 1 35 5 is_stmt 1 view .LVU2
  40              		.loc 1 35 23 is_stmt 0 view .LVU3
  41 0002 0368     		ldr	r3, [r0]
  42              		.loc 1 35 22 view .LVU4
  43 0004 1878     		ldrb	r0, [r3]	@ zero_extendqisi2
  44              	.LVL1:
  45              		.loc 1 35 22 view .LVU5
  46 0006 FFF7FEFF 		bl	WS2812B_InitStrip
  47              	.LVL2:
  36:Src/leds/led_strip_controller.cpp **** }
  48              		.loc 1 36 1 view .LVU6
  49 000a 08BD     		pop	{r3, pc}
  50              		.cfi_endproc
  51              	.LFE1292:
  53              		.section	.text._ZNK18LedStripController5startEv,"ax",%progbits
  54              		.align	1
  55              		.global	_ZNK18LedStripController5startEv
  56              		.syntax unified
  57              		.thumb
  58              		.thumb_func
  60              	_ZNK18LedStripController5startEv:
  61              	.LVL3:
  62              	.LFB1293:
  37:Src/leds/led_strip_controller.cpp **** 
  38:Src/leds/led_strip_controller.cpp **** WS2812B_StateTypeDef LedStripController::start() const
  39:Src/leds/led_strip_controller.cpp **** {
  63              		.loc 1 39 1 is_stmt 1 view -0
  64              		.cfi_startproc
  65              		@ args = 0, pretend = 0, frame = 0
  66              		@ frame_needed = 0, uses_anonymous_args = 0
  67              		.loc 1 39 1 is_stmt 0 view .LVU8
  68 0000 08B5     		push	{r3, lr}
  69              	.LCFI1:
  70              		.cfi_def_cfa_offset 8
  71              		.cfi_offset 3, -8
  72              		.cfi_offset 14, -4
  40:Src/leds/led_strip_controller.cpp ****     return WS2812B_StartStrip(descriptor_.strip);
  73              		.loc 1 40 5 is_stmt 1 view .LVU9
  74              		.loc 1 40 31 is_stmt 0 view .LVU10
  75 0002 0368     		ldr	r3, [r0]
  76              		.loc 1 40 30 view .LVU11
  77 0004 1878     		ldrb	r0, [r3]	@ zero_extendqisi2
ARM GAS  C:\Users\nicx5\AppData\Local\Temp\cco843Hg.s 			page 3


  78              	.LVL4:
  79              		.loc 1 40 30 view .LVU12
  80 0006 FFF7FEFF 		bl	WS2812B_StartStrip
  81              	.LVL5:
  41:Src/leds/led_strip_controller.cpp **** }
  82              		.loc 1 41 1 view .LVU13
  83 000a 08BD     		pop	{r3, pc}
  84              		.cfi_endproc
  85              	.LFE1293:
  87              		.section	.text._ZNK18LedStripController4stopEv,"ax",%progbits
  88              		.align	1
  89              		.global	_ZNK18LedStripController4stopEv
  90              		.syntax unified
  91              		.thumb
  92              		.thumb_func
  94              	_ZNK18LedStripController4stopEv:
  95              	.LVL6:
  96              	.LFB1294:
  42:Src/leds/led_strip_controller.cpp **** 
  43:Src/leds/led_strip_controller.cpp **** WS2812B_StateTypeDef LedStripController::stop() const
  44:Src/leds/led_strip_controller.cpp **** {
  97              		.loc 1 44 1 is_stmt 1 view -0
  98              		.cfi_startproc
  99              		@ args = 0, pretend = 0, frame = 0
 100              		@ frame_needed = 0, uses_anonymous_args = 0
 101              		.loc 1 44 1 is_stmt 0 view .LVU15
 102 0000 08B5     		push	{r3, lr}
 103              	.LCFI2:
 104              		.cfi_def_cfa_offset 8
 105              		.cfi_offset 3, -8
 106              		.cfi_offset 14, -4
  45:Src/leds/led_strip_controller.cpp ****     return WS2812B_StopStrip(descriptor_.strip);
 107              		.loc 1 45 5 is_stmt 1 view .LVU16
 108              		.loc 1 45 30 is_stmt 0 view .LVU17
 109 0002 0368     		ldr	r3, [r0]
 110              		.loc 1 45 29 view .LVU18
 111 0004 1878     		ldrb	r0, [r3]	@ zero_extendqisi2
 112              	.LVL7:
 113              		.loc 1 45 29 view .LVU19
 114 0006 FFF7FEFF 		bl	WS2812B_StopStrip
 115              	.LVL8:
  46:Src/leds/led_strip_controller.cpp **** }
 116              		.loc 1 46 1 view .LVU20
 117 000a 08BD     		pop	{r3, pc}
 118              		.cfi_endproc
 119              	.LFE1294:
 121              		.section	.text._ZNK18LedStripController5stateEv,"ax",%progbits
 122              		.align	1
 123              		.global	_ZNK18LedStripController5stateEv
 124              		.syntax unified
 125              		.thumb
 126              		.thumb_func
 128              	_ZNK18LedStripController5stateEv:
 129              	.LVL9:
 130              	.LFB1295:
  47:Src/leds/led_strip_controller.cpp **** 
  48:Src/leds/led_strip_controller.cpp **** WS2812B_StateTypeDef LedStripController::state() const
ARM GAS  C:\Users\nicx5\AppData\Local\Temp\cco843Hg.s 			page 4


  49:Src/leds/led_strip_controller.cpp **** {
 131              		.loc 1 49 1 is_stmt 1 view -0
 132              		.cfi_startproc
 133              		@ args = 0, pretend = 0, frame = 0
 134              		@ frame_needed = 0, uses_anonymous_args = 0
 135              		.loc 1 49 1 is_stmt 0 view .LVU22
 136 0000 08B5     		push	{r3, lr}
 137              	.LCFI3:
 138              		.cfi_def_cfa_offset 8
 139              		.cfi_offset 3, -8
 140              		.cfi_offset 14, -4
  50:Src/leds/led_strip_controller.cpp ****     return WS2812B_GetStateStrip(descriptor_.strip);
 141              		.loc 1 50 5 is_stmt 1 view .LVU23
 142              		.loc 1 50 34 is_stmt 0 view .LVU24
 143 0002 0368     		ldr	r3, [r0]
 144              		.loc 1 50 33 view .LVU25
 145 0004 1878     		ldrb	r0, [r3]	@ zero_extendqisi2
 146              	.LVL10:
 147              		.loc 1 50 33 view .LVU26
 148 0006 FFF7FEFF 		bl	WS2812B_GetStateStrip
 149              	.LVL11:
  51:Src/leds/led_strip_controller.cpp **** }
 150              		.loc 1 51 1 view .LVU27
 151 000a 08BD     		pop	{r3, pc}
 152              		.cfi_endproc
 153              	.LFE1295:
 155              		.section	.text._ZNK18LedStripController15setPowerEnabledEb,"ax",%progbits
 156              		.align	1
 157              		.global	_ZNK18LedStripController15setPowerEnabledEb
 158              		.syntax unified
 159              		.thumb
 160              		.thumb_func
 162              	_ZNK18LedStripController15setPowerEnabledEb:
 163              	.LVL12:
 164              	.LFB1296:
  52:Src/leds/led_strip_controller.cpp **** 
  53:Src/leds/led_strip_controller.cpp **** void LedStripController::setPowerEnabled(bool enabled) const
  54:Src/leds/led_strip_controller.cpp **** {
 165              		.loc 1 54 1 is_stmt 1 view -0
 166              		.cfi_startproc
 167              		@ args = 0, pretend = 0, frame = 0
 168              		@ frame_needed = 0, uses_anonymous_args = 0
 169              		.loc 1 54 1 is_stmt 0 view .LVU29
 170 0000 08B5     		push	{r3, lr}
 171              	.LCFI4:
 172              		.cfi_def_cfa_offset 8
 173              		.cfi_offset 3, -8
 174              		.cfi_offset 14, -4
  55:Src/leds/led_strip_controller.cpp ****     if (descriptor_.strip == WS2812B_STRIP_AMBIENT) {
 175              		.loc 1 55 5 is_stmt 1 view .LVU30
 176              		.loc 1 55 9 is_stmt 0 view .LVU31
 177 0002 0368     		ldr	r3, [r0]
 178              		.loc 1 55 21 view .LVU32
 179 0004 1B78     		ldrb	r3, [r3]	@ zero_extendqisi2
 180              		.loc 1 55 5 view .LVU33
 181 0006 012B     		cmp	r3, #1
 182 0008 03D0     		beq	.L13
ARM GAS  C:\Users\nicx5\AppData\Local\Temp\cco843Hg.s 			page 5


  56:Src/leds/led_strip_controller.cpp ****         BoardPower_SetAmbientLedEnabled(enabled);
  57:Src/leds/led_strip_controller.cpp ****     } else {
  58:Src/leds/led_strip_controller.cpp ****         BoardPower_SetKeyLedEnabled(enabled);
 183              		.loc 1 58 9 is_stmt 1 view .LVU34
 184              		.loc 1 58 36 is_stmt 0 view .LVU35
 185 000a 0846     		mov	r0, r1
 186              	.LVL13:
 187              		.loc 1 58 36 view .LVU36
 188 000c FFF7FEFF 		bl	BoardPower_SetKeyLedEnabled
 189              	.LVL14:
 190              	.L9:
  59:Src/leds/led_strip_controller.cpp ****     }
  60:Src/leds/led_strip_controller.cpp **** }
 191              		.loc 1 60 1 view .LVU37
 192 0010 08BD     		pop	{r3, pc}
 193              	.LVL15:
 194              	.L13:
  56:Src/leds/led_strip_controller.cpp ****         BoardPower_SetAmbientLedEnabled(enabled);
 195              		.loc 1 56 9 is_stmt 1 view .LVU38
  56:Src/leds/led_strip_controller.cpp ****         BoardPower_SetAmbientLedEnabled(enabled);
 196              		.loc 1 56 40 is_stmt 0 view .LVU39
 197 0012 0846     		mov	r0, r1
 198              	.LVL16:
  56:Src/leds/led_strip_controller.cpp ****         BoardPower_SetAmbientLedEnabled(enabled);
 199              		.loc 1 56 40 view .LVU40
 200 0014 FFF7FEFF 		bl	BoardPower_SetAmbientLedEnabled
 201              	.LVL17:
  56:Src/leds/led_strip_controller.cpp ****         BoardPower_SetAmbientLedEnabled(enabled);
 202              		.loc 1 56 40 view .LVU41
 203 0018 FAE7     		b	.L9
 204              		.cfi_endproc
 205              	.LFE1296:
 207              		.section	.text._ZNK18LedStripController11setAllColorEhhh,"ax",%progbits
 208              		.align	1
 209              		.global	_ZNK18LedStripController11setAllColorEhhh
 210              		.syntax unified
 211              		.thumb
 212              		.thumb_func
 214              	_ZNK18LedStripController11setAllColorEhhh:
 215              	.LVL18:
 216              	.LFB1297:
  61:Src/leds/led_strip_controller.cpp **** 
  62:Src/leds/led_strip_controller.cpp **** void LedStripController::setAllColor(uint8_t r, uint8_t g, uint8_t b) const
  63:Src/leds/led_strip_controller.cpp **** {
 217              		.loc 1 63 1 is_stmt 1 view -0
 218              		.cfi_startproc
 219              		@ args = 0, pretend = 0, frame = 0
 220              		@ frame_needed = 0, uses_anonymous_args = 0
 221              		.loc 1 63 1 is_stmt 0 view .LVU43
 222 0000 08B5     		push	{r3, lr}
 223              	.LCFI5:
 224              		.cfi_def_cfa_offset 8
 225              		.cfi_offset 3, -8
 226              		.cfi_offset 14, -4
  64:Src/leds/led_strip_controller.cpp ****     WS2812B_SetAllLEDColorStrip(descriptor_.strip, r, g, b);
 227              		.loc 1 64 5 is_stmt 1 view .LVU44
 228              		.loc 1 64 33 is_stmt 0 view .LVU45
ARM GAS  C:\Users\nicx5\AppData\Local\Temp\cco843Hg.s 			page 6


 229 0002 0068     		ldr	r0, [r0]
 230              	.LVL19:
 231              		.loc 1 64 32 view .LVU46
 232 0004 0078     		ldrb	r0, [r0]	@ zero_extendqisi2
 233 0006 FFF7FEFF 		bl	WS2812B_SetAllLEDColorStrip
 234              	.LVL20:
  65:Src/leds/led_strip_controller.cpp **** }
 235              		.loc 1 65 1 view .LVU47
 236 000a 08BD     		pop	{r3, pc}
 237              		.cfi_endproc
 238              	.LFE1297:
 240              		.section	.text._ZNK18LedStripController8setColorEthhh,"ax",%progbits
 241              		.align	1
 242              		.global	_ZNK18LedStripController8setColorEthhh
 243              		.syntax unified
 244              		.thumb
 245              		.thumb_func
 247              	_ZNK18LedStripController8setColorEthhh:
 248              	.LVL21:
 249              	.LFB1298:
  66:Src/leds/led_strip_controller.cpp **** 
  67:Src/leds/led_strip_controller.cpp **** void LedStripController::setColor(uint16_t index, uint8_t r, uint8_t g,
  68:Src/leds/led_strip_controller.cpp ****                                   uint8_t b) const
  69:Src/leds/led_strip_controller.cpp **** {
 250              		.loc 1 69 1 is_stmt 1 view -0
 251              		.cfi_startproc
 252              		@ args = 4, pretend = 0, frame = 0
 253              		@ frame_needed = 0, uses_anonymous_args = 0
 254              		.loc 1 69 1 is_stmt 0 view .LVU49
 255 0000 10B5     		push	{r4, lr}
 256              	.LCFI6:
 257              		.cfi_def_cfa_offset 8
 258              		.cfi_offset 4, -8
 259              		.cfi_offset 14, -4
 260 0002 82B0     		sub	sp, sp, #8
 261              	.LCFI7:
 262              		.cfi_def_cfa_offset 16
 263 0004 0C46     		mov	r4, r1
 264 0006 1146     		mov	r1, r2
 265              	.LVL22:
 266              		.loc 1 69 1 view .LVU50
 267 0008 1A46     		mov	r2, r3
 268              	.LVL23:
  70:Src/leds/led_strip_controller.cpp ****     WS2812B_SetLEDColorStrip(descriptor_.strip, r, g, b, index);
 269              		.loc 1 70 5 is_stmt 1 view .LVU51
 270              		.loc 1 70 30 is_stmt 0 view .LVU52
 271 000a 0368     		ldr	r3, [r0]
 272              	.LVL24:
 273              		.loc 1 70 42 view .LVU53
 274 000c 1878     		ldrb	r0, [r3]	@ zero_extendqisi2
 275              	.LVL25:
 276              		.loc 1 70 29 view .LVU54
 277 000e 0094     		str	r4, [sp]
 278 0010 9DF81030 		ldrb	r3, [sp, #16]	@ zero_extendqisi2
 279 0014 FFF7FEFF 		bl	WS2812B_SetLEDColorStrip
 280              	.LVL26:
  71:Src/leds/led_strip_controller.cpp **** }
ARM GAS  C:\Users\nicx5\AppData\Local\Temp\cco843Hg.s 			page 7


 281              		.loc 1 71 1 view .LVU55
 282 0018 02B0     		add	sp, sp, #8
 283              	.LCFI8:
 284              		.cfi_def_cfa_offset 8
 285              		@ sp needed
 286 001a 10BD     		pop	{r4, pc}
 287              		.loc 1 71 1 view .LVU56
 288              		.cfi_endproc
 289              	.LFE1298:
 291              		.section	.text._ZNK18LedStripController16setAllBrightnessEh,"ax",%progbits
 292              		.align	1
 293              		.global	_ZNK18LedStripController16setAllBrightnessEh
 294              		.syntax unified
 295              		.thumb
 296              		.thumb_func
 298              	_ZNK18LedStripController16setAllBrightnessEh:
 299              	.LVL27:
 300              	.LFB1299:
  72:Src/leds/led_strip_controller.cpp **** 
  73:Src/leds/led_strip_controller.cpp **** void LedStripController::setAllBrightness(uint8_t brightness) const
  74:Src/leds/led_strip_controller.cpp **** {
 301              		.loc 1 74 1 is_stmt 1 view -0
 302              		.cfi_startproc
 303              		@ args = 0, pretend = 0, frame = 0
 304              		@ frame_needed = 0, uses_anonymous_args = 0
 305              		.loc 1 74 1 is_stmt 0 view .LVU58
 306 0000 08B5     		push	{r3, lr}
 307              	.LCFI9:
 308              		.cfi_def_cfa_offset 8
 309              		.cfi_offset 3, -8
 310              		.cfi_offset 14, -4
  75:Src/leds/led_strip_controller.cpp ****     WS2812B_SetAllLEDBrightnessStrip(descriptor_.strip, brightness);
 311              		.loc 1 75 5 is_stmt 1 view .LVU59
 312              		.loc 1 75 38 is_stmt 0 view .LVU60
 313 0002 0368     		ldr	r3, [r0]
 314              		.loc 1 75 37 view .LVU61
 315 0004 1878     		ldrb	r0, [r3]	@ zero_extendqisi2
 316              	.LVL28:
 317              		.loc 1 75 37 view .LVU62
 318 0006 FFF7FEFF 		bl	WS2812B_SetAllLEDBrightnessStrip
 319              	.LVL29:
  76:Src/leds/led_strip_controller.cpp **** }
 320              		.loc 1 76 1 view .LVU63
 321 000a 08BD     		pop	{r3, pc}
 322              		.cfi_endproc
 323              	.LFE1299:
 325              		.section	.text._ZNK18LedStripController13setBrightnessEtth,"ax",%progbits
 326              		.align	1
 327              		.global	_ZNK18LedStripController13setBrightnessEtth
 328              		.syntax unified
 329              		.thumb
 330              		.thumb_func
 332              	_ZNK18LedStripController13setBrightnessEtth:
 333              	.LVL30:
 334              	.LFB1300:
  77:Src/leds/led_strip_controller.cpp **** 
  78:Src/leds/led_strip_controller.cpp **** void LedStripController::setBrightness(uint16_t index, uint16_t length,
ARM GAS  C:\Users\nicx5\AppData\Local\Temp\cco843Hg.s 			page 8


  79:Src/leds/led_strip_controller.cpp ****                                        uint8_t brightness) const
  80:Src/leds/led_strip_controller.cpp **** {
 335              		.loc 1 80 1 is_stmt 1 view -0
 336              		.cfi_startproc
 337              		@ args = 0, pretend = 0, frame = 0
 338              		@ frame_needed = 0, uses_anonymous_args = 0
 339              		.loc 1 80 1 is_stmt 0 view .LVU65
 340 0000 08B5     		push	{r3, lr}
 341              	.LCFI10:
 342              		.cfi_def_cfa_offset 8
 343              		.cfi_offset 3, -8
 344              		.cfi_offset 14, -4
 345 0002 8C46     		mov	ip, r1
 346 0004 1946     		mov	r1, r3
 347              	.LVL31:
  81:Src/leds/led_strip_controller.cpp ****     WS2812B_SetLEDBrightnessStrip(
 348              		.loc 1 81 5 is_stmt 1 view .LVU66
  82:Src/leds/led_strip_controller.cpp ****         descriptor_.strip, brightness, index, length);
 349              		.loc 1 82 9 is_stmt 0 view .LVU67
 350 0006 0068     		ldr	r0, [r0]
 351              	.LVL32:
  81:Src/leds/led_strip_controller.cpp ****     WS2812B_SetLEDBrightnessStrip(
 352              		.loc 1 81 34 view .LVU68
 353 0008 1346     		mov	r3, r2
 354              	.LVL33:
  81:Src/leds/led_strip_controller.cpp ****     WS2812B_SetLEDBrightnessStrip(
 355              		.loc 1 81 34 view .LVU69
 356 000a 6246     		mov	r2, ip
 357              	.LVL34:
  81:Src/leds/led_strip_controller.cpp ****     WS2812B_SetLEDBrightnessStrip(
 358              		.loc 1 81 34 view .LVU70
 359 000c 0078     		ldrb	r0, [r0]	@ zero_extendqisi2
 360 000e FFF7FEFF 		bl	WS2812B_SetLEDBrightnessStrip
 361              	.LVL35:
  83:Src/leds/led_strip_controller.cpp **** }
 362              		.loc 1 83 1 view .LVU71
 363 0012 08BD     		pop	{r3, pc}
 364              		.cfi_endproc
 365              	.LFE1300:
 367              		.section	.text._ZNK18LedStripController11submitFrameEv,"ax",%progbits
 368              		.align	1
 369              		.global	_ZNK18LedStripController11submitFrameEv
 370              		.syntax unified
 371              		.thumb
 372              		.thumb_func
 374              	_ZNK18LedStripController11submitFrameEv:
 375              	.LVL36:
 376              	.LFB1301:
  84:Src/leds/led_strip_controller.cpp **** 
  85:Src/leds/led_strip_controller.cpp **** bool LedStripController::submitFrame() const
  86:Src/leds/led_strip_controller.cpp **** {
 377              		.loc 1 86 1 is_stmt 1 view -0
 378              		.cfi_startproc
 379              		@ args = 0, pretend = 0, frame = 0
 380              		@ frame_needed = 0, uses_anonymous_args = 0
 381              		.loc 1 86 1 is_stmt 0 view .LVU73
 382 0000 08B5     		push	{r3, lr}
ARM GAS  C:\Users\nicx5\AppData\Local\Temp\cco843Hg.s 			page 9


 383              	.LCFI11:
 384              		.cfi_def_cfa_offset 8
 385              		.cfi_offset 3, -8
 386              		.cfi_offset 14, -4
  87:Src/leds/led_strip_controller.cpp ****     return WS2812B_SubmitStrip(descriptor_.strip);
 387              		.loc 1 87 5 is_stmt 1 view .LVU74
 388              		.loc 1 87 32 is_stmt 0 view .LVU75
 389 0002 0368     		ldr	r3, [r0]
 390              		.loc 1 87 31 view .LVU76
 391 0004 1878     		ldrb	r0, [r3]	@ zero_extendqisi2
 392              	.LVL37:
 393              		.loc 1 87 31 view .LVU77
 394 0006 FFF7FEFF 		bl	WS2812B_SubmitStrip
 395              	.LVL38:
  88:Src/leds/led_strip_controller.cpp **** }
 396              		.loc 1 88 1 view .LVU78
 397 000a 08BD     		pop	{r3, pc}
 398              		.cfi_endproc
 399              	.LFE1301:
 401              		.section	.text._ZNK18LedStripController11updateStatsEPmS0_,"ax",%progbits
 402              		.align	1
 403              		.global	_ZNK18LedStripController11updateStatsEPmS0_
 404              		.syntax unified
 405              		.thumb
 406              		.thumb_func
 408              	_ZNK18LedStripController11updateStatsEPmS0_:
 409              	.LVL39:
 410              	.LFB1302:
  89:Src/leds/led_strip_controller.cpp **** 
  90:Src/leds/led_strip_controller.cpp **** void LedStripController::updateStats(uint32_t* halfCount,
  91:Src/leds/led_strip_controller.cpp ****                                      uint32_t* completeCount) const
  92:Src/leds/led_strip_controller.cpp **** {
 411              		.loc 1 92 1 is_stmt 1 view -0
 412              		.cfi_startproc
 413              		@ args = 0, pretend = 0, frame = 0
 414              		@ frame_needed = 0, uses_anonymous_args = 0
 415              		.loc 1 92 1 is_stmt 0 view .LVU80
 416 0000 08B5     		push	{r3, lr}
 417              	.LCFI12:
 418              		.cfi_def_cfa_offset 8
 419              		.cfi_offset 3, -8
 420              		.cfi_offset 14, -4
  93:Src/leds/led_strip_controller.cpp ****     WS2812B_GetUpdateStats(descriptor_.strip, halfCount, completeCount);
 421              		.loc 1 93 5 is_stmt 1 view .LVU81
 422              		.loc 1 93 28 is_stmt 0 view .LVU82
 423 0002 0368     		ldr	r3, [r0]
 424              		.loc 1 93 27 view .LVU83
 425 0004 1878     		ldrb	r0, [r3]	@ zero_extendqisi2
 426              	.LVL40:
 427              		.loc 1 93 27 view .LVU84
 428 0006 FFF7FEFF 		bl	WS2812B_GetUpdateStats
 429              	.LVL41:
  94:Src/leds/led_strip_controller.cpp **** }
 430              		.loc 1 94 1 view .LVU85
 431 000a 08BD     		pop	{r3, pc}
 432              		.cfi_endproc
 433              	.LFE1302:
ARM GAS  C:\Users\nicx5\AppData\Local\Temp\cco843Hg.s 			page 10


 435              		.section	.text._ZN18LedStripController4keysEv,"ax",%progbits
 436              		.align	1
 437              		.global	_ZN18LedStripController4keysEv
 438              		.syntax unified
 439              		.thumb
 440              		.thumb_func
 442              	_ZN18LedStripController4keysEv:
 443              	.LFB1303:
  95:Src/leds/led_strip_controller.cpp **** 
  96:Src/leds/led_strip_controller.cpp **** const LedStripController& LedStripController::keys()
  97:Src/leds/led_strip_controller.cpp **** {
 444              		.loc 1 97 1 is_stmt 1 view -0
 445              		.cfi_startproc
 446              		@ args = 0, pretend = 0, frame = 0
 447              		@ frame_needed = 0, uses_anonymous_args = 0
 448              		@ link register save eliminated.
  98:Src/leds/led_strip_controller.cpp ****     return kKeyStrip;
 449              		.loc 1 98 5 view .LVU87
  99:Src/leds/led_strip_controller.cpp **** }
 450              		.loc 1 99 1 is_stmt 0 view .LVU88
 451 0000 0048     		ldr	r0, .L27
 452 0002 7047     		bx	lr
 453              	.L28:
 454              		.align	2
 455              	.L27:
 456 0004 00000000 		.word	_ZN12_GLOBAL__N_1L9kKeyStripE
 457              		.cfi_endproc
 458              	.LFE1303:
 460              		.section	.text._ZN18LedStripController7ambientEv,"ax",%progbits
 461              		.align	1
 462              		.global	_ZN18LedStripController7ambientEv
 463              		.syntax unified
 464              		.thumb
 465              		.thumb_func
 467              	_ZN18LedStripController7ambientEv:
 468              	.LFB1304:
 100:Src/leds/led_strip_controller.cpp **** 
 101:Src/leds/led_strip_controller.cpp **** const LedStripController& LedStripController::ambient()
 102:Src/leds/led_strip_controller.cpp **** {
 469              		.loc 1 102 1 is_stmt 1 view -0
 470              		.cfi_startproc
 471              		@ args = 0, pretend = 0, frame = 0
 472              		@ frame_needed = 0, uses_anonymous_args = 0
 473              		@ link register save eliminated.
 103:Src/leds/led_strip_controller.cpp ****     return kAmbientStrip;
 474              		.loc 1 103 5 view .LVU90
 104:Src/leds/led_strip_controller.cpp **** }
 475              		.loc 1 104 1 is_stmt 0 view .LVU91
 476 0000 0048     		ldr	r0, .L30
 477 0002 7047     		bx	lr
 478              	.L31:
 479              		.align	2
 480              	.L30:
 481 0004 00000000 		.word	_ZN12_GLOBAL__N_1L13kAmbientStripE
 482              		.cfi_endproc
 483              	.LFE1304:
 485              		.section	.rodata._ZN12_GLOBAL__N_1L13kAmbientStripE,"a"
ARM GAS  C:\Users\nicx5\AppData\Local\Temp\cco843Hg.s 			page 11


 486              		.align	2
 489              	_ZN12_GLOBAL__N_1L13kAmbientStripE:
 490 0000 00000000 		.word	_ZN12_GLOBAL__N_1L18kAmbientDescriptorE
 491              		.section	.rodata._ZN12_GLOBAL__N_1L9kKeyStripE,"a"
 492              		.align	2
 495              	_ZN12_GLOBAL__N_1L9kKeyStripE:
 496 0000 00000000 		.word	_ZN12_GLOBAL__N_1L14kKeyDescriptorE
 497              		.section	.rodata._ZN12_GLOBAL__N_1L18kAmbientDescriptorE,"a"
 498              		.align	2
 501              	_ZN12_GLOBAL__N_1L18kAmbientDescriptorE:
 502 0000 01       		.byte	1
 503 0001 00       		.space	1
 504 0002 2800     		.short	40
 505 0004 04000000 		.word	4
 506 0008 58000240 		.word	1073872984
 507 000c 00200258 		.word	1476534272
 508 0010 8000     		.short	128
 509 0012 28       		.byte	40
 510 0013 00       		.space	1
 511              		.section	.rodata._ZN12_GLOBAL__N_1L14kKeyDescriptorE,"a"
 512              		.align	2
 515              	_ZN12_GLOBAL__N_1L14kKeyDescriptorE:
 516 0000 00       		.byte	0
 517 0001 00       		.space	1
 518 0002 1600     		.short	22
 519 0004 00000000 		.word	0
 520 0008 40000240 		.word	1073872960
 521 000c 00200258 		.word	1476534272
 522 0010 4000     		.short	64
 523 0012 19       		.byte	25
 524 0013 00       		.space	1
 525              		.text
 526              	.Letext0:
 527              		.file 2 "D:/Program Files/msys64/mingw64/arm-none-eabi/include/machine/_default_types.h"
 528              		.file 3 "D:/Program Files/msys64/mingw64/arm-none-eabi/include/sys/_stdint.h"
 529              		.file 4 "Drivers/CMSIS/Device/ST/STM32H7xx/Include/stm32h750xx.h"
 530              		.file 5 "D:/Program Files/msys64/mingw64/arm-none-eabi/include/c++/13.3.0/cmath"
 531              		.file 6 "D:/Program Files/msys64/mingw64/arm-none-eabi/include/c++/13.3.0/type_traits"
 532              		.file 7 "D:/Program Files/msys64/mingw64/arm-none-eabi/include/c++/13.3.0/debug/debug.h"
 533              		.file 8 "D:/Program Files/msys64/mingw64/arm-none-eabi/include/c++/13.3.0/bits/std_abs.h"
 534              		.file 9 "D:/Program Files/msys64/mingw64/arm-none-eabi/include/c++/13.3.0/arm-none-eabi/thumb/v7e-
 535              		.file 10 "D:/Program Files/msys64/mingw64/arm-none-eabi/include/c++/13.3.0/bits/predefined_ops.h"
 536              		.file 11 "D:/Program Files/msys64/mingw64/arm-none-eabi/include/math.h"
 537              		.file 12 "D:/Program Files/msys64/mingw64/arm-none-eabi/include/c++/13.3.0/math.h"
 538              		.file 13 "Inc/system/board_cfg.h"
 539              		.file 14 "Inc/leds/drivers/ws2812b/pwm-ws2812b.h"
 540              		.file 15 "Inc/leds/led_strip_controller.hpp"
 541              		.file 16 "Inc/leds/led_config_safety.hpp"
 542              		.file 17 "Inc/power/board_power.hpp"
 543              		.file 18 "Inc/support/enums.hpp"
ARM GAS  C:\Users\nicx5\AppData\Local\Temp\cco843Hg.s 			page 12


DEFINED SYMBOLS
                            *ABS*:00000000 led_strip_controller.cpp
C:\Users\nicx5\AppData\Local\Temp\cco843Hg.s:20     .text._ZNK18LedStripController4initEv:00000000 $t
C:\Users\nicx5\AppData\Local\Temp\cco843Hg.s:26     .text._ZNK18LedStripController4initEv:00000000 _ZNK18LedStripController4initEv
C:\Users\nicx5\AppData\Local\Temp\cco843Hg.s:54     .text._ZNK18LedStripController5startEv:00000000 $t
C:\Users\nicx5\AppData\Local\Temp\cco843Hg.s:60     .text._ZNK18LedStripController5startEv:00000000 _ZNK18LedStripController5startEv
C:\Users\nicx5\AppData\Local\Temp\cco843Hg.s:88     .text._ZNK18LedStripController4stopEv:00000000 $t
C:\Users\nicx5\AppData\Local\Temp\cco843Hg.s:94     .text._ZNK18LedStripController4stopEv:00000000 _ZNK18LedStripController4stopEv
C:\Users\nicx5\AppData\Local\Temp\cco843Hg.s:122    .text._ZNK18LedStripController5stateEv:00000000 $t
C:\Users\nicx5\AppData\Local\Temp\cco843Hg.s:128    .text._ZNK18LedStripController5stateEv:00000000 _ZNK18LedStripController5stateEv
C:\Users\nicx5\AppData\Local\Temp\cco843Hg.s:156    .text._ZNK18LedStripController15setPowerEnabledEb:00000000 $t
C:\Users\nicx5\AppData\Local\Temp\cco843Hg.s:162    .text._ZNK18LedStripController15setPowerEnabledEb:00000000 _ZNK18LedStripController15setPowerEnabledEb
C:\Users\nicx5\AppData\Local\Temp\cco843Hg.s:208    .text._ZNK18LedStripController11setAllColorEhhh:00000000 $t
C:\Users\nicx5\AppData\Local\Temp\cco843Hg.s:214    .text._ZNK18LedStripController11setAllColorEhhh:00000000 _ZNK18LedStripController11setAllColorEhhh
C:\Users\nicx5\AppData\Local\Temp\cco843Hg.s:241    .text._ZNK18LedStripController8setColorEthhh:00000000 $t
C:\Users\nicx5\AppData\Local\Temp\cco843Hg.s:247    .text._ZNK18LedStripController8setColorEthhh:00000000 _ZNK18LedStripController8setColorEthhh
C:\Users\nicx5\AppData\Local\Temp\cco843Hg.s:292    .text._ZNK18LedStripController16setAllBrightnessEh:00000000 $t
C:\Users\nicx5\AppData\Local\Temp\cco843Hg.s:298    .text._ZNK18LedStripController16setAllBrightnessEh:00000000 _ZNK18LedStripController16setAllBrightnessEh
C:\Users\nicx5\AppData\Local\Temp\cco843Hg.s:326    .text._ZNK18LedStripController13setBrightnessEtth:00000000 $t
C:\Users\nicx5\AppData\Local\Temp\cco843Hg.s:332    .text._ZNK18LedStripController13setBrightnessEtth:00000000 _ZNK18LedStripController13setBrightnessEtth
C:\Users\nicx5\AppData\Local\Temp\cco843Hg.s:368    .text._ZNK18LedStripController11submitFrameEv:00000000 $t
C:\Users\nicx5\AppData\Local\Temp\cco843Hg.s:374    .text._ZNK18LedStripController11submitFrameEv:00000000 _ZNK18LedStripController11submitFrameEv
C:\Users\nicx5\AppData\Local\Temp\cco843Hg.s:402    .text._ZNK18LedStripController11updateStatsEPmS0_:00000000 $t
C:\Users\nicx5\AppData\Local\Temp\cco843Hg.s:408    .text._ZNK18LedStripController11updateStatsEPmS0_:00000000 _ZNK18LedStripController11updateStatsEPmS0_
C:\Users\nicx5\AppData\Local\Temp\cco843Hg.s:436    .text._ZN18LedStripController4keysEv:00000000 $t
C:\Users\nicx5\AppData\Local\Temp\cco843Hg.s:442    .text._ZN18LedStripController4keysEv:00000000 _ZN18LedStripController4keysEv
C:\Users\nicx5\AppData\Local\Temp\cco843Hg.s:456    .text._ZN18LedStripController4keysEv:00000004 $d
C:\Users\nicx5\AppData\Local\Temp\cco843Hg.s:495    .rodata._ZN12_GLOBAL__N_1L9kKeyStripE:00000000 _ZN12_GLOBAL__N_1L9kKeyStripE
C:\Users\nicx5\AppData\Local\Temp\cco843Hg.s:461    .text._ZN18LedStripController7ambientEv:00000000 $t
C:\Users\nicx5\AppData\Local\Temp\cco843Hg.s:467    .text._ZN18LedStripController7ambientEv:00000000 _ZN18LedStripController7ambientEv
C:\Users\nicx5\AppData\Local\Temp\cco843Hg.s:481    .text._ZN18LedStripController7ambientEv:00000004 $d
C:\Users\nicx5\AppData\Local\Temp\cco843Hg.s:489    .rodata._ZN12_GLOBAL__N_1L13kAmbientStripE:00000000 _ZN12_GLOBAL__N_1L13kAmbientStripE
C:\Users\nicx5\AppData\Local\Temp\cco843Hg.s:486    .rodata._ZN12_GLOBAL__N_1L13kAmbientStripE:00000000 $d
C:\Users\nicx5\AppData\Local\Temp\cco843Hg.s:501    .rodata._ZN12_GLOBAL__N_1L18kAmbientDescriptorE:00000000 _ZN12_GLOBAL__N_1L18kAmbientDescriptorE
C:\Users\nicx5\AppData\Local\Temp\cco843Hg.s:492    .rodata._ZN12_GLOBAL__N_1L9kKeyStripE:00000000 $d
C:\Users\nicx5\AppData\Local\Temp\cco843Hg.s:515    .rodata._ZN12_GLOBAL__N_1L14kKeyDescriptorE:00000000 _ZN12_GLOBAL__N_1L14kKeyDescriptorE
C:\Users\nicx5\AppData\Local\Temp\cco843Hg.s:498    .rodata._ZN12_GLOBAL__N_1L18kAmbientDescriptorE:00000000 $d
C:\Users\nicx5\AppData\Local\Temp\cco843Hg.s:512    .rodata._ZN12_GLOBAL__N_1L14kKeyDescriptorE:00000000 $d

UNDEFINED SYMBOLS
WS2812B_InitStrip
WS2812B_StartStrip
WS2812B_StopStrip
WS2812B_GetStateStrip
BoardPower_SetKeyLedEnabled
BoardPower_SetAmbientLedEnabled
WS2812B_SetAllLEDColorStrip
WS2812B_SetLEDColorStrip
WS2812B_SetAllLEDBrightnessStrip
WS2812B_SetLEDBrightnessStrip
WS2812B_SubmitStrip
WS2812B_GetUpdateStats
