ARM GAS  C:\Users\nicx5\AppData\Local\Temp\cc2ek0Un.s 			page 1


   1              		.cpu cortex-m7
   2              		.arch armv7e-m
   3              		.fpu fpv5-d16
   4              		.eabi_attribute 28, 1
   5              		.eabi_attribute 20, 1
   6              		.eabi_attribute 21, 1
   7              		.eabi_attribute 23, 3
   8              		.eabi_attribute 24, 1
   9              		.eabi_attribute 25, 1
  10              		.eabi_attribute 26, 1
  11              		.eabi_attribute 30, 1
  12              		.eabi_attribute 34, 1
  13              		.eabi_attribute 18, 4
  14              		.file	"rf_reliable_event.cpp"
  15              		.text
  16              	.Ltext0:
  17              		.cfi_sections	.debug_frame
  18              		.file 1 "Src/transport/rf/rf_reliable_event.cpp"
  19              		.section	.text._ZN12_GLOBAL__N_1L9checksum8EPKht,"ax",%progbits
  20              		.align	1
  21              		.syntax unified
  22              		.thumb
  23              		.thumb_func
  25              	_ZN12_GLOBAL__N_1L9checksum8EPKht:
  26              	.LVL0:
  27              	.LFB1268:
   1:Src/transport/rf/rf_reliable_event.cpp **** #include "rf_reliable_event.hpp"
   2:Src/transport/rf/rf_reliable_event.cpp **** 
   3:Src/transport/rf/rf_reliable_event.cpp **** #include <stdio.h>
   4:Src/transport/rf/rf_reliable_event.cpp **** #include <string.h>
   5:Src/transport/rf/rf_reliable_event.cpp **** 
   6:Src/transport/rf/rf_reliable_event.cpp **** #include "board_cfg.h"
   7:Src/transport/rf/rf_reliable_event.cpp **** #include "stm32h7xx_hal.h"
   8:Src/transport/rf/rf_reliable_event.cpp **** 
   9:Src/transport/rf/rf_reliable_event.cpp **** namespace {
  10:Src/transport/rf/rf_reliable_event.cpp **** static constexpr uint8_t RF_SYNC = 0xA5u;
  11:Src/transport/rf/rf_reliable_event.cpp **** static constexpr uint8_t EVT_STATE_CHANGED = 0x82u;
  12:Src/transport/rf/rf_reliable_event.cpp **** static constexpr uint8_t STATUS_EVENT_SEQ_OFFSET = 20u;
  13:Src/transport/rf/rf_reliable_event.cpp **** static constexpr uint8_t STATUS_EVENT_COMPLETE_MS_OFFSET = 21u;
  14:Src/transport/rf/rf_reliable_event.cpp **** static constexpr uint8_t MAX_PAYLOAD_LEN = RFReliableEvent::maxPayloadLength;
  15:Src/transport/rf/rf_reliable_event.cpp **** 
  16:Src/transport/rf/rf_reliable_event.cpp **** #ifndef RF_RELIABLE_EVENT_LOG
  17:Src/transport/rf/rf_reliable_event.cpp **** #define RF_RELIABLE_EVENT_LOG 0
  18:Src/transport/rf/rf_reliable_event.cpp **** #endif
  19:Src/transport/rf/rf_reliable_event.cpp **** 
  20:Src/transport/rf/rf_reliable_event.cpp **** #if RF_RELIABLE_EVENT_LOG
  21:Src/transport/rf/rf_reliable_event.cpp **** #define RF_REL_EVT_LOG(fmt, ...) printf("[RF_REL_EVT] " fmt "\r\n", ##__VA_ARGS__)
  22:Src/transport/rf/rf_reliable_event.cpp **** #else
  23:Src/transport/rf/rf_reliable_event.cpp **** #define RF_REL_EVT_LOG(fmt, ...) ((void)0)
  24:Src/transport/rf/rf_reliable_event.cpp **** #endif
  25:Src/transport/rf/rf_reliable_event.cpp **** 
  26:Src/transport/rf/rf_reliable_event.cpp **** static uint8_t checksum8(const uint8_t* data, uint16_t len) {
  28              		.loc 1 26 61 view -0
  29              		.cfi_startproc
  30              		@ args = 0, pretend = 0, frame = 0
  31              		@ frame_needed = 0, uses_anonymous_args = 0
  32              		@ link register save eliminated.
ARM GAS  C:\Users\nicx5\AppData\Local\Temp\cc2ek0Un.s 			page 2


  33              		.loc 1 26 61 is_stmt 0 view .LVU1
  34 0000 8446     		mov	ip, r0
  27:Src/transport/rf/rf_reliable_event.cpp ****     uint8_t sum = 0u;
  35              		.loc 1 27 5 is_stmt 1 view .LVU2
  36              	.LVL1:
  28:Src/transport/rf/rf_reliable_event.cpp ****     for (uint16_t i = 0u; i < len; ++i) {
  37              		.loc 1 28 5 view .LVU3
  38              	.LBB2:
  39              		.loc 1 28 19 is_stmt 0 view .LVU4
  40 0002 0023     		movs	r3, #0
  41              	.LBE2:
  27:Src/transport/rf/rf_reliable_event.cpp ****     uint8_t sum = 0u;
  42              		.loc 1 27 13 view .LVU5
  43 0004 1846     		mov	r0, r3
  44              	.LVL2:
  45              	.LBB3:
  46              		.loc 1 28 5 view .LVU6
  47 0006 05E0     		b	.L2
  48              	.LVL3:
  49              	.L3:
  29:Src/transport/rf/rf_reliable_event.cpp ****         sum = static_cast<uint8_t>(sum + data[i]);
  50              		.loc 1 29 9 is_stmt 1 view .LVU7
  51              		.loc 1 29 48 is_stmt 0 view .LVU8
  52 0008 1CF80320 		ldrb	r2, [ip, r3]	@ zero_extendqisi2
  53              		.loc 1 29 13 view .LVU9
  54 000c 1044     		add	r0, r0, r2
  55              	.LVL4:
  56              		.loc 1 29 13 view .LVU10
  57 000e C0B2     		uxtb	r0, r0
  58              	.LVL5:
  28:Src/transport/rf/rf_reliable_event.cpp ****     for (uint16_t i = 0u; i < len; ++i) {
  59              		.loc 1 28 5 is_stmt 1 discriminator 3 view .LVU11
  60 0010 0133     		adds	r3, r3, #1
  61              	.LVL6:
  28:Src/transport/rf/rf_reliable_event.cpp ****     for (uint16_t i = 0u; i < len; ++i) {
  62              		.loc 1 28 5 is_stmt 0 discriminator 3 view .LVU12
  63 0012 9BB2     		uxth	r3, r3
  64              	.LVL7:
  65              	.L2:
  28:Src/transport/rf/rf_reliable_event.cpp ****     for (uint16_t i = 0u; i < len; ++i) {
  66              		.loc 1 28 29 is_stmt 1 discriminator 1 view .LVU13
  67 0014 8B42     		cmp	r3, r1
  68 0016 F7D3     		bcc	.L3
  69              	.LBE3:
  30:Src/transport/rf/rf_reliable_event.cpp ****     }
  31:Src/transport/rf/rf_reliable_event.cpp ****     return sum;
  70              		.loc 1 31 5 view .LVU14
  32:Src/transport/rf/rf_reliable_event.cpp **** }
  71              		.loc 1 32 1 is_stmt 0 view .LVU15
  72 0018 7047     		bx	lr
  73              		.cfi_endproc
  74              	.LFE1268:
  76              		.section	.text._ZN12_GLOBAL__N_1L3dueEmm,"ax",%progbits
  77              		.align	1
  78              		.syntax unified
  79              		.thumb
  80              		.thumb_func
ARM GAS  C:\Users\nicx5\AppData\Local\Temp\cc2ek0Un.s 			page 3


  82              	_ZN12_GLOBAL__N_1L3dueEmm:
  83              	.LVL8:
  84              	.LFB1269:
  33:Src/transport/rf/rf_reliable_event.cpp **** 
  34:Src/transport/rf/rf_reliable_event.cpp **** static bool due(uint32_t now, uint32_t deadline) {
  85              		.loc 1 34 50 is_stmt 1 view -0
  86              		.cfi_startproc
  87              		@ args = 0, pretend = 0, frame = 0
  88              		@ frame_needed = 0, uses_anonymous_args = 0
  89              		@ link register save eliminated.
  35:Src/transport/rf/rf_reliable_event.cpp ****     return static_cast<int32_t>(now - deadline) >= 0;
  90              		.loc 1 35 5 view .LVU17
  91              		.loc 1 35 37 is_stmt 0 view .LVU18
  92 0000 401A     		subs	r0, r0, r1
  93              	.LVL9:
  36:Src/transport/rf/rf_reliable_event.cpp **** }
  94              		.loc 1 36 1 view .LVU19
  95 0002 C043     		mvns	r0, r0
  96 0004 C00F     		lsrs	r0, r0, #31
  97 0006 7047     		bx	lr
  98              		.cfi_endproc
  99              	.LFE1269:
 101              		.section	.text._ZN12_GLOBAL__N_1L7readU16EPKh,"ax",%progbits
 102              		.align	1
 103              		.syntax unified
 104              		.thumb
 105              		.thumb_func
 107              	_ZN12_GLOBAL__N_1L7readU16EPKh:
 108              	.LVL10:
 109              	.LFB1270:
  37:Src/transport/rf/rf_reliable_event.cpp **** 
  38:Src/transport/rf/rf_reliable_event.cpp **** static uint16_t readU16(const uint8_t* src) {
 110              		.loc 1 38 45 is_stmt 1 view -0
 111              		.cfi_startproc
 112              		@ args = 0, pretend = 0, frame = 0
 113              		@ frame_needed = 0, uses_anonymous_args = 0
 114              		@ link register save eliminated.
  39:Src/transport/rf/rf_reliable_event.cpp ****     return static_cast<uint16_t>(src[0] | (static_cast<uint16_t>(src[1]) << 8));
 115              		.loc 1 39 5 view .LVU21
 116              		.loc 1 39 39 is_stmt 0 view .LVU22
 117 0000 0378     		ldrb	r3, [r0]	@ zero_extendqisi2
 118              		.loc 1 39 71 view .LVU23
 119 0002 4078     		ldrb	r0, [r0, #1]	@ zero_extendqisi2
 120              	.LVL11:
  40:Src/transport/rf/rf_reliable_event.cpp **** }
 121              		.loc 1 40 1 view .LVU24
 122 0004 43EA0020 		orr	r0, r3, r0, lsl #8
 123 0008 7047     		bx	lr
 124              		.cfi_endproc
 125              	.LFE1270:
 127              		.section	.text._ZN12_GLOBAL__N_1L22isReliableEventPayloadEhPKhh,"ax",%progbits
 128              		.align	1
 129              		.syntax unified
 130              		.thumb
 131              		.thumb_func
 133              	_ZN12_GLOBAL__N_1L22isReliableEventPayloadEhPKhh:
 134              	.LVL12:
ARM GAS  C:\Users\nicx5\AppData\Local\Temp\cc2ek0Un.s 			page 4


 135              	.LFB1277:
  41:Src/transport/rf/rf_reliable_event.cpp **** 
  42:Src/transport/rf/rf_reliable_event.cpp **** struct PendingEvent {
  43:Src/transport/rf/rf_reliable_event.cpp ****     bool active = false;
  44:Src/transport/rf/rf_reliable_event.cpp ****     bool shouldPublish = false;
  45:Src/transport/rf/rf_reliable_event.cpp ****     uint8_t evt = 0u;
  46:Src/transport/rf/rf_reliable_event.cpp ****     uint8_t seq = 0u;
  47:Src/transport/rf/rf_reliable_event.cpp ****     uint8_t payload[MAX_PAYLOAD_LEN] = {0};
  48:Src/transport/rf/rf_reliable_event.cpp ****     uint8_t payloadLen = 0u;
  49:Src/transport/rf/rf_reliable_event.cpp ****     uint32_t completeDeadlineMs = 0u;
  50:Src/transport/rf/rf_reliable_event.cpp **** };
  51:Src/transport/rf/rf_reliable_event.cpp **** 
  52:Src/transport/rf/rf_reliable_event.cpp **** struct CompletedEvent {
  53:Src/transport/rf/rf_reliable_event.cpp ****     bool available = false;
  54:Src/transport/rf/rf_reliable_event.cpp ****     uint8_t evt = 0u;
  55:Src/transport/rf/rf_reliable_event.cpp ****     uint8_t seq = 0u;
  56:Src/transport/rf/rf_reliable_event.cpp ****     uint8_t payload[MAX_PAYLOAD_LEN] = {0};
  57:Src/transport/rf/rf_reliable_event.cpp ****     uint8_t payloadLen = 0u;
  58:Src/transport/rf/rf_reliable_event.cpp **** };
  59:Src/transport/rf/rf_reliable_event.cpp **** 
  60:Src/transport/rf/rf_reliable_event.cpp **** PendingEvent g_pending;
  61:Src/transport/rf/rf_reliable_event.cpp **** CompletedEvent g_completed;
  62:Src/transport/rf/rf_reliable_event.cpp **** bool g_haveLastCompleted = false;
  63:Src/transport/rf/rf_reliable_event.cpp **** uint8_t g_lastCompletedEvt = 0u;
  64:Src/transport/rf/rf_reliable_event.cpp **** uint8_t g_lastCompletedSeq = 0u;
  65:Src/transport/rf/rf_reliable_event.cpp **** 
  66:Src/transport/rf/rf_reliable_event.cpp **** static bool isReliableEventPayload(uint8_t evt, const uint8_t* payload, uint8_t payloadLen) {
 136              		.loc 1 66 93 is_stmt 1 view -0
 137              		.cfi_startproc
 138              		@ args = 0, pretend = 0, frame = 0
 139              		@ frame_needed = 0, uses_anonymous_args = 0
 140              		@ link register save eliminated.
  67:Src/transport/rf/rf_reliable_event.cpp ****     return (evt == EVT_STATE_CHANGED) &&
 141              		.loc 1 67 5 view .LVU26
 142              		.loc 1 67 39 is_stmt 0 view .LVU27
 143 0000 8228     		cmp	r0, #130
 144 0002 14BF     		ite	ne
 145 0004 0020     		movne	r0, #0
 146              	.LVL13:
 147              		.loc 1 67 39 view .LVU28
 148 0006 0120     		moveq	r0, #1
 149 0008 0029     		cmp	r1, #0
 150 000a 08BF     		it	eq
 151 000c 0020     		moveq	r0, #0
  68:Src/transport/rf/rf_reliable_event.cpp ****            (payload != nullptr) &&
  69:Src/transport/rf/rf_reliable_event.cpp ****            (payloadLen > static_cast<uint8_t>(STATUS_EVENT_COMPLETE_MS_OFFSET + 1u)) &&
 152              		.loc 1 69 86 view .LVU29
 153 000e 28B1     		cbz	r0, .L8
  68:Src/transport/rf/rf_reliable_event.cpp ****            (payload != nullptr) &&
 154              		.loc 1 68 33 view .LVU30
 155 0010 162A     		cmp	r2, #22
 156 0012 05D9     		bls	.L9
  70:Src/transport/rf/rf_reliable_event.cpp ****            (payload[STATUS_EVENT_SEQ_OFFSET] != 0u);
 157              		.loc 1 70 44 view .LVU31
 158 0014 0B7D     		ldrb	r3, [r1, #20]	@ zero_extendqisi2
  69:Src/transport/rf/rf_reliable_event.cpp ****            (payload[STATUS_EVENT_SEQ_OFFSET] != 0u);
 159              		.loc 1 69 86 discriminator 3 view .LVU32
ARM GAS  C:\Users\nicx5\AppData\Local\Temp\cc2ek0Un.s 			page 5


 160 0016 23B9     		cbnz	r3, .L7
  69:Src/transport/rf/rf_reliable_event.cpp ****            (payload[STATUS_EVENT_SEQ_OFFSET] != 0u);
 161              		.loc 1 69 86 discriminator 1 view .LVU33
 162 0018 0020     		movs	r0, #0
 163 001a 7047     		bx	lr
 164              	.L8:
 165 001c 0020     		movs	r0, #0
 166 001e 7047     		bx	lr
 167              	.L9:
 168 0020 0020     		movs	r0, #0
 169              	.L7:
  71:Src/transport/rf/rf_reliable_event.cpp **** }
 170              		.loc 1 71 1 view .LVU34
 171 0022 7047     		bx	lr
 172              		.cfi_endproc
 173              	.LFE1277:
 175              		.section	.text._ZN12_GLOBAL__N_1L12storePendingEhPKhh,"ax",%progbits
 176              		.align	1
 177              		.syntax unified
 178              		.thumb
 179              		.thumb_func
 181              	_ZN12_GLOBAL__N_1L12storePendingEhPKhh:
 182              	.LVL14:
 183              	.LFB1279:
  72:Src/transport/rf/rf_reliable_event.cpp **** 
  73:Src/transport/rf/rf_reliable_event.cpp **** static bool publishPendingComplete() {
  74:Src/transport/rf/rf_reliable_event.cpp ****     if (!g_pending.shouldPublish) {
  75:Src/transport/rf/rf_reliable_event.cpp ****         return true;
  76:Src/transport/rf/rf_reliable_event.cpp ****     }
  77:Src/transport/rf/rf_reliable_event.cpp ****     if (g_completed.available) {
  78:Src/transport/rf/rf_reliable_event.cpp ****         return false;
  79:Src/transport/rf/rf_reliable_event.cpp ****     }
  80:Src/transport/rf/rf_reliable_event.cpp **** 
  81:Src/transport/rf/rf_reliable_event.cpp ****     g_completed.available = true;
  82:Src/transport/rf/rf_reliable_event.cpp ****     g_completed.evt = g_pending.evt;
  83:Src/transport/rf/rf_reliable_event.cpp ****     g_completed.seq = g_pending.seq;
  84:Src/transport/rf/rf_reliable_event.cpp ****     g_completed.payloadLen = g_pending.payloadLen;
  85:Src/transport/rf/rf_reliable_event.cpp ****     memcpy(g_completed.payload, g_pending.payload, g_pending.payloadLen);
  86:Src/transport/rf/rf_reliable_event.cpp ****     g_haveLastCompleted = true;
  87:Src/transport/rf/rf_reliable_event.cpp ****     g_lastCompletedEvt = g_pending.evt;
  88:Src/transport/rf/rf_reliable_event.cpp ****     g_lastCompletedSeq = g_pending.seq;
  89:Src/transport/rf/rf_reliable_event.cpp ****     RF_REL_EVT_LOG("COMPLETE evt=0x%02X seq=%u state=%u",
  90:Src/transport/rf/rf_reliable_event.cpp ****             (unsigned int)g_pending.evt,
  91:Src/transport/rf/rf_reliable_event.cpp ****             (unsigned int)g_pending.seq,
  92:Src/transport/rf/rf_reliable_event.cpp ****             (unsigned int)g_pending.payload[0]);
  93:Src/transport/rf/rf_reliable_event.cpp ****     return true;
  94:Src/transport/rf/rf_reliable_event.cpp **** }
  95:Src/transport/rf/rf_reliable_event.cpp **** 
  96:Src/transport/rf/rf_reliable_event.cpp **** static void storePending(uint8_t evt, const uint8_t* payload, uint8_t payloadLen) {
 184              		.loc 1 96 83 is_stmt 1 view -0
 185              		.cfi_startproc
 186              		@ args = 0, pretend = 0, frame = 0
 187              		@ frame_needed = 0, uses_anonymous_args = 0
 188              		.loc 1 96 83 is_stmt 0 view .LVU36
 189 0000 2DE9F047 		push	{r4, r5, r6, r7, r8, r9, r10, lr}
 190              	.LCFI0:
 191              		.cfi_def_cfa_offset 32
ARM GAS  C:\Users\nicx5\AppData\Local\Temp\cc2ek0Un.s 			page 6


 192              		.cfi_offset 4, -32
 193              		.cfi_offset 5, -28
 194              		.cfi_offset 6, -24
 195              		.cfi_offset 7, -20
 196              		.cfi_offset 8, -16
 197              		.cfi_offset 9, -12
 198              		.cfi_offset 10, -8
 199              		.cfi_offset 14, -4
 200 0004 8046     		mov	r8, r0
 201 0006 0D46     		mov	r5, r1
 202 0008 9146     		mov	r9, r2
  97:Src/transport/rf/rf_reliable_event.cpp ****     const uint8_t seq = payload[STATUS_EVENT_SEQ_OFFSET];
 203              		.loc 1 97 5 is_stmt 1 view .LVU37
 204              		.loc 1 97 19 is_stmt 0 view .LVU38
 205 000a 91F814A0 		ldrb	r10, [r1, #20]	@ zero_extendqisi2
 206              	.LVL15:
  98:Src/transport/rf/rf_reliable_event.cpp ****     const uint16_t completeInMs = readU16(&payload[STATUS_EVENT_COMPLETE_MS_OFFSET]);
 207              		.loc 1 98 5 is_stmt 1 view .LVU39
 208              		.loc 1 98 42 is_stmt 0 view .LVU40
 209 000e 01F11500 		add	r0, r1, #21
 210              	.LVL16:
 211              		.loc 1 98 42 view .LVU41
 212 0012 FFF7FEFF 		bl	_ZN12_GLOBAL__N_1L7readU16EPKh
 213              	.LVL17:
 214              		.loc 1 98 42 view .LVU42
 215 0016 0646     		mov	r6, r0
 216              	.LVL18:
  99:Src/transport/rf/rf_reliable_event.cpp ****     const uint32_t now = HAL_GetTick();
 217              		.loc 1 99 5 is_stmt 1 view .LVU43
 218              		.loc 1 99 37 is_stmt 0 view .LVU44
 219 0018 FFF7FEFF 		bl	HAL_GetTick
 220              	.LVL19:
 221 001c 0746     		mov	r7, r0
 222              	.LVL20:
 100:Src/transport/rf/rf_reliable_event.cpp ****     [[maybe_unused]] const bool duplicate = g_pending.active &&
 223              		.loc 1 100 22 is_stmt 1 view .LVU45
 101:Src/transport/rf/rf_reliable_event.cpp ****                            (g_pending.evt == evt) &&
 102:Src/transport/rf/rf_reliable_event.cpp ****                            (g_pending.seq == seq);
 103:Src/transport/rf/rf_reliable_event.cpp ****     const bool alreadyCompleted =
 224              		.loc 1 103 5 view .LVU46
 104:Src/transport/rf/rf_reliable_event.cpp ****             (g_completed.available && (g_completed.evt == evt) && (g_completed.seq == seq)) ||
 225              		.loc 1 104 26 is_stmt 0 view .LVU47
 226 001e 154B     		ldr	r3, .L18
 227 0020 1B78     		ldrb	r3, [r3]	@ zero_extendqisi2
 228              		.loc 1 104 93 view .LVU48
 229 0022 1BB1     		cbz	r3, .L12
 230              		.loc 1 104 52 discriminator 1 view .LVU49
 231 0024 134B     		ldr	r3, .L18
 232 0026 5B78     		ldrb	r3, [r3, #1]	@ zero_extendqisi2
 233              		.loc 1 104 36 discriminator 1 view .LVU50
 234 0028 4345     		cmp	r3, r8
 235 002a 19D0     		beq	.L16
 236              	.L12:
 237              		.loc 1 104 93 discriminator 6 view .LVU51
 238 002c 124B     		ldr	r3, .L18+4
 239 002e 1B78     		ldrb	r3, [r3]	@ zero_extendqisi2
 240 0030 1BB1     		cbz	r3, .L14
ARM GAS  C:\Users\nicx5\AppData\Local\Temp\cc2ek0Un.s 			page 7


 105:Src/transport/rf/rf_reliable_event.cpp ****             (g_haveLastCompleted && (g_lastCompletedEvt == evt) && (g_lastCompletedSeq == seq));
 241              		.loc 1 105 57 view .LVU52
 242 0032 124B     		ldr	r3, .L18+8
 243 0034 1B78     		ldrb	r3, [r3]	@ zero_extendqisi2
 244              		.loc 1 105 34 view .LVU53
 245 0036 4345     		cmp	r3, r8
 246 0038 17D0     		beq	.L17
 247              	.L14:
 248              	.LVL21:
 106:Src/transport/rf/rf_reliable_event.cpp **** 
 107:Src/transport/rf/rf_reliable_event.cpp ****     if (alreadyCompleted) {
 249              		.loc 1 107 5 is_stmt 1 view .LVU54
 108:Src/transport/rf/rf_reliable_event.cpp ****         return;
 109:Src/transport/rf/rf_reliable_event.cpp ****     }
 110:Src/transport/rf/rf_reliable_event.cpp **** 
 111:Src/transport/rf/rf_reliable_event.cpp ****     g_pending.active = true;
 250              		.loc 1 111 5 view .LVU55
 251              		.loc 1 111 22 is_stmt 0 view .LVU56
 252 003a 114C     		ldr	r4, .L18+12
 253 003c 0123     		movs	r3, #1
 254 003e 2370     		strb	r3, [r4]
 112:Src/transport/rf/rf_reliable_event.cpp ****     g_pending.shouldPublish = true;
 255              		.loc 1 112 5 is_stmt 1 view .LVU57
 256              		.loc 1 112 29 is_stmt 0 view .LVU58
 257 0040 6370     		strb	r3, [r4, #1]
 113:Src/transport/rf/rf_reliable_event.cpp ****     g_pending.evt = evt;
 258              		.loc 1 113 5 is_stmt 1 view .LVU59
 259              		.loc 1 113 19 is_stmt 0 view .LVU60
 260 0042 84F80280 		strb	r8, [r4, #2]
 114:Src/transport/rf/rf_reliable_event.cpp ****     g_pending.seq = seq;
 261              		.loc 1 114 5 is_stmt 1 view .LVU61
 262              		.loc 1 114 19 is_stmt 0 view .LVU62
 263 0046 84F803A0 		strb	r10, [r4, #3]
 115:Src/transport/rf/rf_reliable_event.cpp ****     g_pending.payloadLen = payloadLen;
 264              		.loc 1 115 5 is_stmt 1 view .LVU63
 265              		.loc 1 115 26 is_stmt 0 view .LVU64
 266 004a 84F81D90 		strb	r9, [r4, #29]
 116:Src/transport/rf/rf_reliable_event.cpp ****     memcpy(g_pending.payload, payload, payloadLen);
 267              		.loc 1 116 5 is_stmt 1 view .LVU65
 268              		.loc 1 116 11 is_stmt 0 view .LVU66
 269 004e 4A46     		mov	r2, r9
 270 0050 2946     		mov	r1, r5
 271 0052 201D     		adds	r0, r4, #4
 272              	.LVL22:
 273              		.loc 1 116 11 view .LVU67
 274 0054 FFF7FEFF 		bl	memcpy
 275              	.LVL23:
 117:Src/transport/rf/rf_reliable_event.cpp ****     g_pending.completeDeadlineMs = now + completeInMs;
 276              		.loc 1 117 5 is_stmt 1 view .LVU68
 277              		.loc 1 117 40 is_stmt 0 view .LVU69
 278 0058 3E44     		add	r6, r6, r7
 279              	.LVL24:
 280              		.loc 1 117 34 view .LVU70
 281 005a 2662     		str	r6, [r4, #32]
 282              	.LVL25:
 118:Src/transport/rf/rf_reliable_event.cpp **** 
 119:Src/transport/rf/rf_reliable_event.cpp ****     RF_REL_EVT_LOG("%s evt=0x%02X seq=%u state=%u complete_in_ms=%u",
ARM GAS  C:\Users\nicx5\AppData\Local\Temp\cc2ek0Un.s 			page 8


 283              		.loc 1 119 5 is_stmt 1 view .LVU71
 284              	.L10:
 120:Src/transport/rf/rf_reliable_event.cpp ****             duplicate ? "RECV_DUP" : "RECV_EVT",
 121:Src/transport/rf/rf_reliable_event.cpp ****             (unsigned int)evt,
 122:Src/transport/rf/rf_reliable_event.cpp ****             (unsigned int)seq,
 123:Src/transport/rf/rf_reliable_event.cpp ****             (unsigned int)payload[0],
 124:Src/transport/rf/rf_reliable_event.cpp ****             (unsigned int)completeInMs);
 125:Src/transport/rf/rf_reliable_event.cpp **** }
 285              		.loc 1 125 1 is_stmt 0 view .LVU72
 286 005c BDE8F087 		pop	{r4, r5, r6, r7, r8, r9, r10, pc}
 287              	.LVL26:
 288              	.L16:
 104:Src/transport/rf/rf_reliable_event.cpp ****             (g_haveLastCompleted && (g_lastCompletedEvt == evt) && (g_lastCompletedSeq == seq));
 289              		.loc 1 104 80 discriminator 3 view .LVU73
 290 0060 044B     		ldr	r3, .L18
 291 0062 9B78     		ldrb	r3, [r3, #2]	@ zero_extendqisi2
 104:Src/transport/rf/rf_reliable_event.cpp ****             (g_haveLastCompleted && (g_lastCompletedEvt == evt) && (g_lastCompletedSeq == seq));
 292              		.loc 1 104 64 discriminator 3 view .LVU74
 293 0064 5345     		cmp	r3, r10
 294 0066 E1D1     		bne	.L12
 295 0068 F8E7     		b	.L10
 296              	.L17:
 105:Src/transport/rf/rf_reliable_event.cpp **** 
 297              		.loc 1 105 88 discriminator 1 view .LVU75
 298 006a 064B     		ldr	r3, .L18+16
 299 006c 1B78     		ldrb	r3, [r3]	@ zero_extendqisi2
 105:Src/transport/rf/rf_reliable_event.cpp **** 
 300              		.loc 1 105 65 discriminator 1 view .LVU76
 301 006e 5345     		cmp	r3, r10
 302 0070 E3D1     		bne	.L14
 303 0072 F3E7     		b	.L10
 304              	.L19:
 305              		.align	2
 306              	.L18:
 307 0074 00000000 		.word	_ZN12_GLOBAL__N_111g_completedE
 308 0078 00000000 		.word	_ZN12_GLOBAL__N_119g_haveLastCompletedE
 309 007c 00000000 		.word	_ZN12_GLOBAL__N_118g_lastCompletedEvtE
 310 0080 00000000 		.word	_ZN12_GLOBAL__N_19g_pendingE
 311 0084 00000000 		.word	_ZN12_GLOBAL__N_118g_lastCompletedSeqE
 312              		.cfi_endproc
 313              	.LFE1279:
 315              		.section	.text._ZN12_GLOBAL__N_1L22publishPendingCompleteEv,"ax",%progbits
 316              		.align	1
 317              		.syntax unified
 318              		.thumb
 319              		.thumb_func
 321              	_ZN12_GLOBAL__N_1L22publishPendingCompleteEv:
 322              	.LFB1278:
  73:Src/transport/rf/rf_reliable_event.cpp ****     if (!g_pending.shouldPublish) {
 323              		.loc 1 73 38 is_stmt 1 view -0
 324              		.cfi_startproc
 325              		@ args = 0, pretend = 0, frame = 0
 326              		@ frame_needed = 0, uses_anonymous_args = 0
 327 0000 F8B5     		push	{r3, r4, r5, r6, r7, lr}
 328              	.LCFI1:
 329              		.cfi_def_cfa_offset 24
 330              		.cfi_offset 3, -24
ARM GAS  C:\Users\nicx5\AppData\Local\Temp\cc2ek0Un.s 			page 9


 331              		.cfi_offset 4, -20
 332              		.cfi_offset 5, -16
 333              		.cfi_offset 6, -12
 334              		.cfi_offset 7, -8
 335              		.cfi_offset 14, -4
  74:Src/transport/rf/rf_reliable_event.cpp ****         return true;
 336              		.loc 1 74 5 view .LVU78
  74:Src/transport/rf/rf_reliable_event.cpp ****         return true;
 337              		.loc 1 74 20 is_stmt 0 view .LVU79
 338 0002 104B     		ldr	r3, .L26
 339 0004 5C78     		ldrb	r4, [r3, #1]	@ zero_extendqisi2
  74:Src/transport/rf/rf_reliable_event.cpp ****         return true;
 340              		.loc 1 74 5 view .LVU80
 341 0006 CCB1     		cbz	r4, .L22
  77:Src/transport/rf/rf_reliable_event.cpp ****         return false;
 342              		.loc 1 77 5 is_stmt 1 view .LVU81
  77:Src/transport/rf/rf_reliable_event.cpp ****         return false;
 343              		.loc 1 77 21 is_stmt 0 view .LVU82
 344 0008 0F4B     		ldr	r3, .L26+4
 345 000a 1B78     		ldrb	r3, [r3]	@ zero_extendqisi2
  77:Src/transport/rf/rf_reliable_event.cpp ****         return false;
 346              		.loc 1 77 5 view .LVU83
 347 000c 0BB1     		cbz	r3, .L25
  78:Src/transport/rf/rf_reliable_event.cpp ****     }
 348              		.loc 1 78 16 view .LVU84
 349 000e 0024     		movs	r4, #0
 350 0010 15E0     		b	.L21
 351              	.L25:
  81:Src/transport/rf/rf_reliable_event.cpp ****     g_completed.evt = g_pending.evt;
 352              		.loc 1 81 5 is_stmt 1 view .LVU85
  81:Src/transport/rf/rf_reliable_event.cpp ****     g_completed.evt = g_pending.evt;
 353              		.loc 1 81 27 is_stmt 0 view .LVU86
 354 0012 0D48     		ldr	r0, .L26+4
 355 0014 0127     		movs	r7, #1
 356 0016 0770     		strb	r7, [r0]
  82:Src/transport/rf/rf_reliable_event.cpp ****     g_completed.seq = g_pending.seq;
 357              		.loc 1 82 5 is_stmt 1 view .LVU87
  82:Src/transport/rf/rf_reliable_event.cpp ****     g_completed.seq = g_pending.seq;
 358              		.loc 1 82 33 is_stmt 0 view .LVU88
 359 0018 0A49     		ldr	r1, .L26
 360 001a 8E78     		ldrb	r6, [r1, #2]	@ zero_extendqisi2
  82:Src/transport/rf/rf_reliable_event.cpp ****     g_completed.seq = g_pending.seq;
 361              		.loc 1 82 21 view .LVU89
 362 001c 4670     		strb	r6, [r0, #1]
  83:Src/transport/rf/rf_reliable_event.cpp ****     g_completed.payloadLen = g_pending.payloadLen;
 363              		.loc 1 83 5 is_stmt 1 view .LVU90
  83:Src/transport/rf/rf_reliable_event.cpp ****     g_completed.payloadLen = g_pending.payloadLen;
 364              		.loc 1 83 33 is_stmt 0 view .LVU91
 365 001e CD78     		ldrb	r5, [r1, #3]	@ zero_extendqisi2
  83:Src/transport/rf/rf_reliable_event.cpp ****     g_completed.payloadLen = g_pending.payloadLen;
 366              		.loc 1 83 21 view .LVU92
 367 0020 8570     		strb	r5, [r0, #2]
  84:Src/transport/rf/rf_reliable_event.cpp ****     memcpy(g_completed.payload, g_pending.payload, g_pending.payloadLen);
 368              		.loc 1 84 5 is_stmt 1 view .LVU93
  84:Src/transport/rf/rf_reliable_event.cpp ****     memcpy(g_completed.payload, g_pending.payload, g_pending.payloadLen);
 369              		.loc 1 84 40 is_stmt 0 view .LVU94
 370 0022 4A7F     		ldrb	r2, [r1, #29]	@ zero_extendqisi2
ARM GAS  C:\Users\nicx5\AppData\Local\Temp\cc2ek0Un.s 			page 10


  84:Src/transport/rf/rf_reliable_event.cpp ****     memcpy(g_completed.payload, g_pending.payload, g_pending.payloadLen);
 371              		.loc 1 84 28 view .LVU95
 372 0024 0277     		strb	r2, [r0, #28]
  85:Src/transport/rf/rf_reliable_event.cpp ****     g_haveLastCompleted = true;
 373              		.loc 1 85 5 is_stmt 1 view .LVU96
  85:Src/transport/rf/rf_reliable_event.cpp ****     g_haveLastCompleted = true;
 374              		.loc 1 85 11 is_stmt 0 view .LVU97
 375 0026 0431     		adds	r1, r1, #4
 376 0028 0330     		adds	r0, r0, #3
 377 002a FFF7FEFF 		bl	memcpy
 378              	.LVL27:
  86:Src/transport/rf/rf_reliable_event.cpp ****     g_lastCompletedEvt = g_pending.evt;
 379              		.loc 1 86 5 is_stmt 1 view .LVU98
  86:Src/transport/rf/rf_reliable_event.cpp ****     g_lastCompletedEvt = g_pending.evt;
 380              		.loc 1 86 25 is_stmt 0 view .LVU99
 381 002e 074B     		ldr	r3, .L26+8
 382 0030 1F70     		strb	r7, [r3]
  87:Src/transport/rf/rf_reliable_event.cpp ****     g_lastCompletedSeq = g_pending.seq;
 383              		.loc 1 87 5 is_stmt 1 view .LVU100
  87:Src/transport/rf/rf_reliable_event.cpp ****     g_lastCompletedSeq = g_pending.seq;
 384              		.loc 1 87 24 is_stmt 0 view .LVU101
 385 0032 074B     		ldr	r3, .L26+12
 386 0034 1E70     		strb	r6, [r3]
  88:Src/transport/rf/rf_reliable_event.cpp ****     RF_REL_EVT_LOG("COMPLETE evt=0x%02X seq=%u state=%u",
 387              		.loc 1 88 5 is_stmt 1 view .LVU102
  88:Src/transport/rf/rf_reliable_event.cpp ****     RF_REL_EVT_LOG("COMPLETE evt=0x%02X seq=%u state=%u",
 388              		.loc 1 88 24 is_stmt 0 view .LVU103
 389 0036 074B     		ldr	r3, .L26+16
 390 0038 1D70     		strb	r5, [r3]
  89:Src/transport/rf/rf_reliable_event.cpp ****             (unsigned int)g_pending.evt,
 391              		.loc 1 89 5 is_stmt 1 view .LVU104
  93:Src/transport/rf/rf_reliable_event.cpp **** }
 392              		.loc 1 93 5 view .LVU105
  93:Src/transport/rf/rf_reliable_event.cpp **** }
 393              		.loc 1 93 12 is_stmt 0 view .LVU106
 394 003a 00E0     		b	.L21
 395              	.L22:
  75:Src/transport/rf/rf_reliable_event.cpp ****     }
 396              		.loc 1 75 16 view .LVU107
 397 003c 0124     		movs	r4, #1
 398              	.L21:
  94:Src/transport/rf/rf_reliable_event.cpp **** 
 399              		.loc 1 94 1 view .LVU108
 400 003e 2046     		mov	r0, r4
 401 0040 F8BD     		pop	{r3, r4, r5, r6, r7, pc}
 402              	.L27:
 403 0042 00BF     		.align	2
 404              	.L26:
 405 0044 00000000 		.word	_ZN12_GLOBAL__N_19g_pendingE
 406 0048 00000000 		.word	_ZN12_GLOBAL__N_111g_completedE
 407 004c 00000000 		.word	_ZN12_GLOBAL__N_119g_haveLastCompletedE
 408 0050 00000000 		.word	_ZN12_GLOBAL__N_118g_lastCompletedEvtE
 409 0054 00000000 		.word	_ZN12_GLOBAL__N_118g_lastCompletedSeqE
 410              		.cfi_endproc
 411              	.LFE1278:
 413              		.section	.text._ZN15RFReliableEvent12resetSessionEv,"ax",%progbits
 414              		.align	1
ARM GAS  C:\Users\nicx5\AppData\Local\Temp\cc2ek0Un.s 			page 11


 415              		.global	_ZN15RFReliableEvent12resetSessionEv
 416              		.syntax unified
 417              		.thumb
 418              		.thumb_func
 420              	_ZN15RFReliableEvent12resetSessionEv:
 421              	.LFB1280:
 126:Src/transport/rf/rf_reliable_event.cpp **** }
 127:Src/transport/rf/rf_reliable_event.cpp **** 
 128:Src/transport/rf/rf_reliable_event.cpp **** namespace RFReliableEvent {
 129:Src/transport/rf/rf_reliable_event.cpp **** 
 130:Src/transport/rf/rf_reliable_event.cpp **** void resetSession() {
 422              		.loc 1 130 21 is_stmt 1 view -0
 423              		.cfi_startproc
 424              		@ args = 0, pretend = 0, frame = 0
 425              		@ frame_needed = 0, uses_anonymous_args = 0
 426 0000 08B5     		push	{r3, lr}
 427              	.LCFI2:
 428              		.cfi_def_cfa_offset 8
 429              		.cfi_offset 3, -8
 430              		.cfi_offset 14, -4
 131:Src/transport/rf/rf_reliable_event.cpp ****     g_pending = PendingEvent{};
 431              		.loc 1 131 5 view .LVU110
 432              		.loc 1 131 15 is_stmt 0 view .LVU111
 433 0002 2422     		movs	r2, #36
 434 0004 0021     		movs	r1, #0
 435 0006 0848     		ldr	r0, .L30
 436 0008 FFF7FEFF 		bl	memset
 437              	.LVL28:
 132:Src/transport/rf/rf_reliable_event.cpp ****     g_completed = CompletedEvent{};
 438              		.loc 1 132 5 is_stmt 1 view .LVU112
 439              		.loc 1 132 17 is_stmt 0 view .LVU113
 440 000c 1D22     		movs	r2, #29
 441 000e 0021     		movs	r1, #0
 442 0010 0648     		ldr	r0, .L30+4
 443 0012 FFF7FEFF 		bl	memset
 444              	.LVL29:
 133:Src/transport/rf/rf_reliable_event.cpp ****     g_haveLastCompleted = false;
 445              		.loc 1 133 5 is_stmt 1 view .LVU114
 446              		.loc 1 133 25 is_stmt 0 view .LVU115
 447 0016 0023     		movs	r3, #0
 448 0018 054A     		ldr	r2, .L30+8
 449 001a 1370     		strb	r3, [r2]
 134:Src/transport/rf/rf_reliable_event.cpp ****     g_lastCompletedEvt = g_lastCompletedSeq = 0u;
 450              		.loc 1 134 5 is_stmt 1 view .LVU116
 451              		.loc 1 134 45 is_stmt 0 view .LVU117
 452 001c 054A     		ldr	r2, .L30+12
 453 001e 1370     		strb	r3, [r2]
 454              		.loc 1 134 24 view .LVU118
 455 0020 054A     		ldr	r2, .L30+16
 456 0022 1370     		strb	r3, [r2]
 135:Src/transport/rf/rf_reliable_event.cpp **** }
 457              		.loc 1 135 1 view .LVU119
 458 0024 08BD     		pop	{r3, pc}
 459              	.L31:
 460 0026 00BF     		.align	2
 461              	.L30:
 462 0028 00000000 		.word	_ZN12_GLOBAL__N_19g_pendingE
ARM GAS  C:\Users\nicx5\AppData\Local\Temp\cc2ek0Un.s 			page 12


 463 002c 00000000 		.word	_ZN12_GLOBAL__N_111g_completedE
 464 0030 00000000 		.word	_ZN12_GLOBAL__N_119g_haveLastCompletedE
 465 0034 00000000 		.word	_ZN12_GLOBAL__N_118g_lastCompletedSeqE
 466 0038 00000000 		.word	_ZN12_GLOBAL__N_118g_lastCompletedEvtE
 467              		.cfi_endproc
 468              	.LFE1280:
 470              		.section	.text._ZN15RFReliableEvent4pollEv,"ax",%progbits
 471              		.align	1
 472              		.global	_ZN15RFReliableEvent4pollEv
 473              		.syntax unified
 474              		.thumb
 475              		.thumb_func
 477              	_ZN15RFReliableEvent4pollEv:
 478              	.LFB1283:
 136:Src/transport/rf/rf_reliable_event.cpp **** 
 137:Src/transport/rf/rf_reliable_event.cpp **** bool completeFrameIfNeeded(const uint8_t* frame, uint16_t frameLen) {
 138:Src/transport/rf/rf_reliable_event.cpp ****     if ((frame == nullptr) || (frameLen < 4u) || (frame[0] != RF_SYNC)) {
 139:Src/transport/rf/rf_reliable_event.cpp ****         return true;
 140:Src/transport/rf/rf_reliable_event.cpp ****     }
 141:Src/transport/rf/rf_reliable_event.cpp **** 
 142:Src/transport/rf/rf_reliable_event.cpp ****     const uint8_t payloadLen = frame[2];
 143:Src/transport/rf/rf_reliable_event.cpp ****     const uint16_t expectedLen = static_cast<uint16_t>(3u + payloadLen + 1u);
 144:Src/transport/rf/rf_reliable_event.cpp ****     if ((expectedLen != frameLen) ||
 145:Src/transport/rf/rf_reliable_event.cpp ****         (checksum8(frame, static_cast<uint16_t>(frameLen - 1u)) != frame[frameLen - 1u])) {
 146:Src/transport/rf/rf_reliable_event.cpp ****         return true;
 147:Src/transport/rf/rf_reliable_event.cpp ****     }
 148:Src/transport/rf/rf_reliable_event.cpp **** 
 149:Src/transport/rf/rf_reliable_event.cpp ****     return completeIfNeeded(frame[1], &frame[3], payloadLen);
 150:Src/transport/rf/rf_reliable_event.cpp **** }
 151:Src/transport/rf/rf_reliable_event.cpp **** 
 152:Src/transport/rf/rf_reliable_event.cpp **** bool completeIfNeeded(uint8_t evt, const uint8_t* payload, uint8_t payloadLen) {
 153:Src/transport/rf/rf_reliable_event.cpp ****     if (!isReliableEventPayload(evt, payload, payloadLen)) {
 154:Src/transport/rf/rf_reliable_event.cpp ****         return true;
 155:Src/transport/rf/rf_reliable_event.cpp ****     }
 156:Src/transport/rf/rf_reliable_event.cpp ****     if (payloadLen > MAX_PAYLOAD_LEN) {
 157:Src/transport/rf/rf_reliable_event.cpp ****         return false;
 158:Src/transport/rf/rf_reliable_event.cpp ****     }
 159:Src/transport/rf/rf_reliable_event.cpp **** 
 160:Src/transport/rf/rf_reliable_event.cpp ****     storePending(evt, payload, payloadLen);
 161:Src/transport/rf/rf_reliable_event.cpp ****     poll();
 162:Src/transport/rf/rf_reliable_event.cpp ****     return true;
 163:Src/transport/rf/rf_reliable_event.cpp **** }
 164:Src/transport/rf/rf_reliable_event.cpp **** 
 165:Src/transport/rf/rf_reliable_event.cpp **** void poll() {
 479              		.loc 1 165 13 is_stmt 1 view -0
 480              		.cfi_startproc
 481              		@ args = 0, pretend = 0, frame = 0
 482              		@ frame_needed = 0, uses_anonymous_args = 0
 483 0000 08B5     		push	{r3, lr}
 484              	.LCFI3:
 485              		.cfi_def_cfa_offset 8
 486              		.cfi_offset 3, -8
 487              		.cfi_offset 14, -4
 166:Src/transport/rf/rf_reliable_event.cpp ****     if (!g_pending.active) {
 488              		.loc 1 166 5 view .LVU121
 489              		.loc 1 166 20 is_stmt 0 view .LVU122
 490 0002 0B4B     		ldr	r3, .L36
ARM GAS  C:\Users\nicx5\AppData\Local\Temp\cc2ek0Un.s 			page 13


 491 0004 1B78     		ldrb	r3, [r3]	@ zero_extendqisi2
 492              		.loc 1 166 5 view .LVU123
 493 0006 03B9     		cbnz	r3, .L35
 494              	.L32:
 167:Src/transport/rf/rf_reliable_event.cpp ****         return;
 168:Src/transport/rf/rf_reliable_event.cpp ****     }
 169:Src/transport/rf/rf_reliable_event.cpp **** 
 170:Src/transport/rf/rf_reliable_event.cpp ****     const uint32_t now = HAL_GetTick();
 171:Src/transport/rf/rf_reliable_event.cpp ****     if (!due(now, g_pending.completeDeadlineMs)) {
 172:Src/transport/rf/rf_reliable_event.cpp ****         return;
 173:Src/transport/rf/rf_reliable_event.cpp ****     }
 174:Src/transport/rf/rf_reliable_event.cpp ****     if (!publishPendingComplete()) {
 175:Src/transport/rf/rf_reliable_event.cpp ****         return;
 176:Src/transport/rf/rf_reliable_event.cpp ****     }
 177:Src/transport/rf/rf_reliable_event.cpp **** 
 178:Src/transport/rf/rf_reliable_event.cpp ****     g_pending = PendingEvent{};
 179:Src/transport/rf/rf_reliable_event.cpp **** }
 495              		.loc 1 179 1 view .LVU124
 496 0008 08BD     		pop	{r3, pc}
 497              	.L35:
 170:Src/transport/rf/rf_reliable_event.cpp ****     if (!due(now, g_pending.completeDeadlineMs)) {
 498              		.loc 1 170 5 is_stmt 1 view .LVU125
 170:Src/transport/rf/rf_reliable_event.cpp ****     if (!due(now, g_pending.completeDeadlineMs)) {
 499              		.loc 1 170 37 is_stmt 0 view .LVU126
 500 000a FFF7FEFF 		bl	HAL_GetTick
 501              	.LVL30:
 171:Src/transport/rf/rf_reliable_event.cpp ****         return;
 502              		.loc 1 171 5 is_stmt 1 view .LVU127
 171:Src/transport/rf/rf_reliable_event.cpp ****         return;
 503              		.loc 1 171 13 is_stmt 0 view .LVU128
 504 000e 084B     		ldr	r3, .L36
 505 0010 196A     		ldr	r1, [r3, #32]
 506 0012 FFF7FEFF 		bl	_ZN12_GLOBAL__N_1L3dueEmm
 507              	.LVL31:
 171:Src/transport/rf/rf_reliable_event.cpp ****         return;
 508              		.loc 1 171 5 discriminator 1 view .LVU129
 509 0016 0028     		cmp	r0, #0
 510 0018 F6D0     		beq	.L32
 174:Src/transport/rf/rf_reliable_event.cpp ****         return;
 511              		.loc 1 174 5 is_stmt 1 view .LVU130
 174:Src/transport/rf/rf_reliable_event.cpp ****         return;
 512              		.loc 1 174 32 is_stmt 0 view .LVU131
 513 001a FFF7FEFF 		bl	_ZN12_GLOBAL__N_1L22publishPendingCompleteEv
 514              	.LVL32:
 174:Src/transport/rf/rf_reliable_event.cpp ****         return;
 515              		.loc 1 174 5 discriminator 1 view .LVU132
 516 001e 0028     		cmp	r0, #0
 517 0020 F2D0     		beq	.L32
 178:Src/transport/rf/rf_reliable_event.cpp **** }
 518              		.loc 1 178 5 is_stmt 1 view .LVU133
 178:Src/transport/rf/rf_reliable_event.cpp **** }
 519              		.loc 1 178 15 is_stmt 0 view .LVU134
 520 0022 2422     		movs	r2, #36
 521 0024 0021     		movs	r1, #0
 522 0026 0248     		ldr	r0, .L36
 523 0028 FFF7FEFF 		bl	memset
 524              	.LVL33:
ARM GAS  C:\Users\nicx5\AppData\Local\Temp\cc2ek0Un.s 			page 14


 525 002c ECE7     		b	.L32
 526              	.L37:
 527 002e 00BF     		.align	2
 528              	.L36:
 529 0030 00000000 		.word	_ZN12_GLOBAL__N_19g_pendingE
 530              		.cfi_endproc
 531              	.LFE1283:
 533              		.section	.text._ZN15RFReliableEvent16completeIfNeededEhPKhh,"ax",%progbits
 534              		.align	1
 535              		.global	_ZN15RFReliableEvent16completeIfNeededEhPKhh
 536              		.syntax unified
 537              		.thumb
 538              		.thumb_func
 540              	_ZN15RFReliableEvent16completeIfNeededEhPKhh:
 541              	.LVL34:
 542              	.LFB1282:
 152:Src/transport/rf/rf_reliable_event.cpp ****     if (!isReliableEventPayload(evt, payload, payloadLen)) {
 543              		.loc 1 152 80 is_stmt 1 view -0
 544              		.cfi_startproc
 545              		@ args = 0, pretend = 0, frame = 0
 546              		@ frame_needed = 0, uses_anonymous_args = 0
 152:Src/transport/rf/rf_reliable_event.cpp ****     if (!isReliableEventPayload(evt, payload, payloadLen)) {
 547              		.loc 1 152 80 is_stmt 0 view .LVU136
 548 0000 F8B5     		push	{r3, r4, r5, r6, r7, lr}
 549              	.LCFI4:
 550              		.cfi_def_cfa_offset 24
 551              		.cfi_offset 3, -24
 552              		.cfi_offset 4, -20
 553              		.cfi_offset 5, -16
 554              		.cfi_offset 6, -12
 555              		.cfi_offset 7, -8
 556              		.cfi_offset 14, -4
 557 0002 0546     		mov	r5, r0
 558 0004 0E46     		mov	r6, r1
 559 0006 1446     		mov	r4, r2
 153:Src/transport/rf/rf_reliable_event.cpp ****         return true;
 560              		.loc 1 153 5 is_stmt 1 view .LVU137
 153:Src/transport/rf/rf_reliable_event.cpp ****         return true;
 561              		.loc 1 153 32 is_stmt 0 view .LVU138
 562 0008 FFF7FEFF 		bl	_ZN12_GLOBAL__N_1L22isReliableEventPayloadEhPKhh
 563              	.LVL35:
 153:Src/transport/rf/rf_reliable_event.cpp ****         return true;
 564              		.loc 1 153 5 discriminator 1 view .LVU139
 565 000c 60B1     		cbz	r0, .L40
 566 000e 0746     		mov	r7, r0
 156:Src/transport/rf/rf_reliable_event.cpp ****         return false;
 567              		.loc 1 156 5 is_stmt 1 view .LVU140
 568 0010 192C     		cmp	r4, #25
 569 0012 01D9     		bls	.L43
 157:Src/transport/rf/rf_reliable_event.cpp ****     }
 570              		.loc 1 157 16 is_stmt 0 view .LVU141
 571 0014 0027     		movs	r7, #0
 572 0016 08E0     		b	.L39
 573              	.L43:
 160:Src/transport/rf/rf_reliable_event.cpp ****     poll();
 574              		.loc 1 160 5 is_stmt 1 view .LVU142
 160:Src/transport/rf/rf_reliable_event.cpp ****     poll();
ARM GAS  C:\Users\nicx5\AppData\Local\Temp\cc2ek0Un.s 			page 15


 575              		.loc 1 160 17 is_stmt 0 view .LVU143
 576 0018 2246     		mov	r2, r4
 577 001a 3146     		mov	r1, r6
 578 001c 2846     		mov	r0, r5
 579 001e FFF7FEFF 		bl	_ZN12_GLOBAL__N_1L12storePendingEhPKhh
 580              	.LVL36:
 161:Src/transport/rf/rf_reliable_event.cpp ****     return true;
 581              		.loc 1 161 5 is_stmt 1 view .LVU144
 161:Src/transport/rf/rf_reliable_event.cpp ****     return true;
 582              		.loc 1 161 9 is_stmt 0 view .LVU145
 583 0022 FFF7FEFF 		bl	_ZN15RFReliableEvent4pollEv
 584              	.LVL37:
 162:Src/transport/rf/rf_reliable_event.cpp **** }
 585              		.loc 1 162 5 is_stmt 1 view .LVU146
 162:Src/transport/rf/rf_reliable_event.cpp **** }
 586              		.loc 1 162 12 is_stmt 0 view .LVU147
 587 0026 00E0     		b	.L39
 588              	.L40:
 154:Src/transport/rf/rf_reliable_event.cpp ****     }
 589              		.loc 1 154 16 view .LVU148
 590 0028 0127     		movs	r7, #1
 591              	.L39:
 163:Src/transport/rf/rf_reliable_event.cpp **** 
 592              		.loc 1 163 1 view .LVU149
 593 002a 3846     		mov	r0, r7
 594 002c F8BD     		pop	{r3, r4, r5, r6, r7, pc}
 163:Src/transport/rf/rf_reliable_event.cpp **** 
 595              		.loc 1 163 1 view .LVU150
 596              		.cfi_endproc
 597              	.LFE1282:
 599              		.section	.text._ZN15RFReliableEvent21completeFrameIfNeededEPKht,"ax",%progbits
 600              		.align	1
 601              		.global	_ZN15RFReliableEvent21completeFrameIfNeededEPKht
 602              		.syntax unified
 603              		.thumb
 604              		.thumb_func
 606              	_ZN15RFReliableEvent21completeFrameIfNeededEPKht:
 607              	.LVL38:
 608              	.LFB1281:
 137:Src/transport/rf/rf_reliable_event.cpp ****     if ((frame == nullptr) || (frameLen < 4u) || (frame[0] != RF_SYNC)) {
 609              		.loc 1 137 69 is_stmt 1 view -0
 610              		.cfi_startproc
 611              		@ args = 0, pretend = 0, frame = 0
 612              		@ frame_needed = 0, uses_anonymous_args = 0
 137:Src/transport/rf/rf_reliable_event.cpp ****     if ((frame == nullptr) || (frameLen < 4u) || (frame[0] != RF_SYNC)) {
 613              		.loc 1 137 69 is_stmt 0 view .LVU152
 614 0000 70B5     		push	{r4, r5, r6, lr}
 615              	.LCFI5:
 616              		.cfi_def_cfa_offset 16
 617              		.cfi_offset 4, -16
 618              		.cfi_offset 5, -12
 619              		.cfi_offset 6, -8
 620              		.cfi_offset 14, -4
 138:Src/transport/rf/rf_reliable_event.cpp ****         return true;
 621              		.loc 1 138 5 is_stmt 1 view .LVU153
 138:Src/transport/rf/rf_reliable_event.cpp ****         return true;
 622              		.loc 1 138 16 is_stmt 0 view .LVU154
ARM GAS  C:\Users\nicx5\AppData\Local\Temp\cc2ek0Un.s 			page 16


 623 0002 0546     		mov	r5, r0
 138:Src/transport/rf/rf_reliable_event.cpp ****         return true;
 624              		.loc 1 138 5 view .LVU155
 625 0004 0028     		cmp	r0, #0
 626 0006 18BF     		it	ne
 627 0008 0329     		cmpne	r1, #3
 628 000a 94BF     		ite	ls
 629 000c 0120     		movls	r0, #1
 630              	.LVL39:
 138:Src/transport/rf/rf_reliable_event.cpp ****         return true;
 631              		.loc 1 138 5 view .LVU156
 632 000e 0020     		movhi	r0, #0
 633 0010 17D9     		bls	.L45
 138:Src/transport/rf/rf_reliable_event.cpp ****         return true;
 634              		.loc 1 138 58 discriminator 1 view .LVU157
 635 0012 2B78     		ldrb	r3, [r5]	@ zero_extendqisi2
 138:Src/transport/rf/rf_reliable_event.cpp ****         return true;
 636              		.loc 1 138 47 discriminator 1 view .LVU158
 637 0014 A52B     		cmp	r3, #165
 638 0016 13D1     		bne	.L46
 142:Src/transport/rf/rf_reliable_event.cpp ****     const uint16_t expectedLen = static_cast<uint16_t>(3u + payloadLen + 1u);
 639              		.loc 1 142 5 is_stmt 1 view .LVU159
 142:Src/transport/rf/rf_reliable_event.cpp ****     const uint16_t expectedLen = static_cast<uint16_t>(3u + payloadLen + 1u);
 640              		.loc 1 142 19 is_stmt 0 view .LVU160
 641 0018 AE78     		ldrb	r6, [r5, #2]	@ zero_extendqisi2
 642              	.LVL40:
 143:Src/transport/rf/rf_reliable_event.cpp ****     if ((expectedLen != frameLen) ||
 643              		.loc 1 143 5 is_stmt 1 view .LVU161
 143:Src/transport/rf/rf_reliable_event.cpp ****     if ((expectedLen != frameLen) ||
 644              		.loc 1 143 20 is_stmt 0 view .LVU162
 645 001a 331D     		adds	r3, r6, #4
 646              	.LVL41:
 144:Src/transport/rf/rf_reliable_event.cpp ****         (checksum8(frame, static_cast<uint16_t>(frameLen - 1u)) != frame[frameLen - 1u])) {
 647              		.loc 1 144 5 is_stmt 1 view .LVU163
 144:Src/transport/rf/rf_reliable_event.cpp ****         (checksum8(frame, static_cast<uint16_t>(frameLen - 1u)) != frame[frameLen - 1u])) {
 648              		.loc 1 144 35 is_stmt 0 view .LVU164
 649 001c 9942     		cmp	r1, r3
 650 001e 11D1     		bne	.L47
 145:Src/transport/rf/rf_reliable_event.cpp ****         return true;
 651              		.loc 1 145 19 view .LVU165
 652 0020 4C1E     		subs	r4, r1, #1
 653 0022 A1B2     		uxth	r1, r4
 654              	.LVL42:
 145:Src/transport/rf/rf_reliable_event.cpp ****         return true;
 655              		.loc 1 145 19 view .LVU166
 656 0024 2846     		mov	r0, r5
 657 0026 FFF7FEFF 		bl	_ZN12_GLOBAL__N_1L9checksum8EPKht
 658              	.LVL43:
 145:Src/transport/rf/rf_reliable_event.cpp ****         return true;
 659              		.loc 1 145 65 discriminator 1 view .LVU167
 660 002a 2B5D     		ldrb	r3, [r5, r4]	@ zero_extendqisi2
 144:Src/transport/rf/rf_reliable_event.cpp ****         (checksum8(frame, static_cast<uint16_t>(frameLen - 1u)) != frame[frameLen - 1u])) {
 661              		.loc 1 144 35 discriminator 2 view .LVU168
 662 002c 9842     		cmp	r0, r3
 663 002e 01D0     		beq	.L50
 146:Src/transport/rf/rf_reliable_event.cpp ****     }
 664              		.loc 1 146 16 view .LVU169
ARM GAS  C:\Users\nicx5\AppData\Local\Temp\cc2ek0Un.s 			page 17


 665 0030 0120     		movs	r0, #1
 666 0032 06E0     		b	.L45
 667              	.L50:
 149:Src/transport/rf/rf_reliable_event.cpp **** }
 668              		.loc 1 149 5 is_stmt 1 view .LVU170
 149:Src/transport/rf/rf_reliable_event.cpp **** }
 669              		.loc 1 149 28 is_stmt 0 view .LVU171
 670 0034 3246     		mov	r2, r6
 671 0036 E91C     		adds	r1, r5, #3
 672 0038 6878     		ldrb	r0, [r5, #1]	@ zero_extendqisi2
 673 003a FFF7FEFF 		bl	_ZN15RFReliableEvent16completeIfNeededEhPKhh
 674              	.LVL44:
 149:Src/transport/rf/rf_reliable_event.cpp **** }
 675              		.loc 1 149 60 view .LVU172
 676 003e 00E0     		b	.L45
 677              	.LVL45:
 678              	.L46:
 139:Src/transport/rf/rf_reliable_event.cpp ****     }
 679              		.loc 1 139 16 view .LVU173
 680 0040 0120     		movs	r0, #1
 681              	.LVL46:
 682              	.L45:
 150:Src/transport/rf/rf_reliable_event.cpp **** 
 683              		.loc 1 150 1 view .LVU174
 684 0042 70BD     		pop	{r4, r5, r6, pc}
 685              	.LVL47:
 686              	.L47:
 146:Src/transport/rf/rf_reliable_event.cpp ****     }
 687              		.loc 1 146 16 view .LVU175
 688 0044 0120     		movs	r0, #1
 689 0046 FCE7     		b	.L45
 690              		.cfi_endproc
 691              	.LFE1281:
 693              		.section	.text._ZN15RFReliableEvent12popCompletedEPhS0_S0_h,"ax",%progbits
 694              		.align	1
 695              		.global	_ZN15RFReliableEvent12popCompletedEPhS0_S0_h
 696              		.syntax unified
 697              		.thumb
 698              		.thumb_func
 700              	_ZN15RFReliableEvent12popCompletedEPhS0_S0_h:
 701              	.LVL48:
 702              	.LFB1284:
 180:Src/transport/rf/rf_reliable_event.cpp **** 
 181:Src/transport/rf/rf_reliable_event.cpp **** bool popCompleted(uint8_t* evt, uint8_t* payload, uint8_t* payloadLen, uint8_t payloadCapacity) {
 703              		.loc 1 181 97 is_stmt 1 view -0
 704              		.cfi_startproc
 705              		@ args = 0, pretend = 0, frame = 0
 706              		@ frame_needed = 0, uses_anonymous_args = 0
 707              		.loc 1 181 97 is_stmt 0 view .LVU177
 708 0000 38B5     		push	{r3, r4, r5, lr}
 709              	.LCFI6:
 710              		.cfi_def_cfa_offset 16
 711              		.cfi_offset 3, -16
 712              		.cfi_offset 4, -12
 713              		.cfi_offset 5, -8
 714              		.cfi_offset 14, -4
 715 0002 8446     		mov	ip, r0
ARM GAS  C:\Users\nicx5\AppData\Local\Temp\cc2ek0Un.s 			page 18


 716 0004 0846     		mov	r0, r1
 717              	.LVL49:
 182:Src/transport/rf/rf_reliable_event.cpp ****     if (!g_completed.available) {
 718              		.loc 1 182 5 is_stmt 1 view .LVU178
 719              		.loc 1 182 22 is_stmt 0 view .LVU179
 720 0006 1349     		ldr	r1, .L58
 721              	.LVL50:
 722              		.loc 1 182 22 view .LVU180
 723 0008 0C78     		ldrb	r4, [r1]	@ zero_extendqisi2
 724              		.loc 1 182 5 view .LVU181
 725 000a FCB1     		cbz	r4, .L52
 183:Src/transport/rf/rf_reliable_event.cpp ****         return false;
 184:Src/transport/rf/rf_reliable_event.cpp ****     }
 185:Src/transport/rf/rf_reliable_event.cpp ****     if ((evt == nullptr) || (payload == nullptr) || (payloadLen == nullptr) ||
 726              		.loc 1 185 5 is_stmt 1 view .LVU182
 727 000c 0028     		cmp	r0, #0
 728 000e 18BF     		it	ne
 729 0010 BCF1000F 		cmpne	ip, #0
 730 0014 0CBF     		ite	eq
 731 0016 0121     		moveq	r1, #1
 732 0018 0021     		movne	r1, #0
 733 001a 16D0     		beq	.L53
 734              		.loc 1 185 50 is_stmt 0 discriminator 1 view .LVU183
 735 001c C2B1     		cbz	r2, .L54
 186:Src/transport/rf/rf_reliable_event.cpp ****         (payloadCapacity < g_completed.payloadLen)) {
 736              		.loc 1 186 40 view .LVU184
 737 001e 0D4D     		ldr	r5, .L58
 738 0020 2D7F     		ldrb	r5, [r5, #28]	@ zero_extendqisi2
 185:Src/transport/rf/rf_reliable_event.cpp ****         (payloadCapacity < g_completed.payloadLen)) {
 739              		.loc 1 185 77 discriminator 2 view .LVU185
 740 0022 9D42     		cmp	r5, r3
 741 0024 01D9     		bls	.L57
 187:Src/transport/rf/rf_reliable_event.cpp ****         return false;
 742              		.loc 1 187 16 view .LVU186
 743 0026 0C46     		mov	r4, r1
 744 0028 10E0     		b	.L52
 745              	.L57:
 188:Src/transport/rf/rf_reliable_event.cpp ****     }
 189:Src/transport/rf/rf_reliable_event.cpp **** 
 190:Src/transport/rf/rf_reliable_event.cpp ****     *evt = g_completed.evt;
 746              		.loc 1 190 5 is_stmt 1 view .LVU187
 747              		.loc 1 190 24 is_stmt 0 view .LVU188
 748 002a 0A4D     		ldr	r5, .L58
 749 002c 6B78     		ldrb	r3, [r5, #1]	@ zero_extendqisi2
 750              	.LVL51:
 751              		.loc 1 190 10 view .LVU189
 752 002e 8CF80030 		strb	r3, [ip]
 191:Src/transport/rf/rf_reliable_event.cpp ****     *payloadLen = g_completed.payloadLen;
 753              		.loc 1 191 5 is_stmt 1 view .LVU190
 754              		.loc 1 191 31 is_stmt 0 view .LVU191
 755 0032 2B7F     		ldrb	r3, [r5, #28]	@ zero_extendqisi2
 756              		.loc 1 191 17 view .LVU192
 757 0034 1370     		strb	r3, [r2]
 192:Src/transport/rf/rf_reliable_event.cpp ****     memcpy(payload, g_completed.payload, g_completed.payloadLen);
 758              		.loc 1 192 5 is_stmt 1 view .LVU193
 759              		.loc 1 192 11 is_stmt 0 view .LVU194
 760 0036 1A46     		mov	r2, r3
ARM GAS  C:\Users\nicx5\AppData\Local\Temp\cc2ek0Un.s 			page 19


 761              	.LVL52:
 762              		.loc 1 192 11 view .LVU195
 763 0038 E91C     		adds	r1, r5, #3
 764 003a FFF7FEFF 		bl	memcpy
 765              	.LVL53:
 193:Src/transport/rf/rf_reliable_event.cpp ****     g_completed = CompletedEvent{};
 766              		.loc 1 193 5 is_stmt 1 view .LVU196
 767              		.loc 1 193 17 is_stmt 0 view .LVU197
 768 003e 1D22     		movs	r2, #29
 769 0040 0021     		movs	r1, #0
 770 0042 2846     		mov	r0, r5
 771 0044 FFF7FEFF 		bl	memset
 772              	.LVL54:
 194:Src/transport/rf/rf_reliable_event.cpp ****     return true;
 773              		.loc 1 194 5 is_stmt 1 view .LVU198
 774              		.loc 1 194 12 is_stmt 0 view .LVU199
 775 0048 00E0     		b	.L52
 776              	.LVL55:
 777              	.L53:
 187:Src/transport/rf/rf_reliable_event.cpp ****     }
 778              		.loc 1 187 16 view .LVU200
 779 004a 0024     		movs	r4, #0
 780              	.LVL56:
 781              	.L52:
 195:Src/transport/rf/rf_reliable_event.cpp **** }
 782              		.loc 1 195 1 view .LVU201
 783 004c 2046     		mov	r0, r4
 784 004e 38BD     		pop	{r3, r4, r5, pc}
 785              	.LVL57:
 786              	.L54:
 187:Src/transport/rf/rf_reliable_event.cpp ****     }
 787              		.loc 1 187 16 view .LVU202
 788 0050 0C46     		mov	r4, r1
 789 0052 FBE7     		b	.L52
 790              	.L59:
 791              		.align	2
 792              	.L58:
 793 0054 00000000 		.word	_ZN12_GLOBAL__N_111g_completedE
 794              		.cfi_endproc
 795              	.LFE1284:
 797              		.section	.bss._ZN12_GLOBAL__N_118g_lastCompletedSeqE,"aw",%nobits
 800              	_ZN12_GLOBAL__N_118g_lastCompletedSeqE:
 801 0000 00       		.space	1
 802              		.section	.bss._ZN12_GLOBAL__N_118g_lastCompletedEvtE,"aw",%nobits
 805              	_ZN12_GLOBAL__N_118g_lastCompletedEvtE:
 806 0000 00       		.space	1
 807              		.section	.bss._ZN12_GLOBAL__N_119g_haveLastCompletedE,"aw",%nobits
 810              	_ZN12_GLOBAL__N_119g_haveLastCompletedE:
 811 0000 00       		.space	1
 812              		.section	.bss._ZN12_GLOBAL__N_111g_completedE,"aw",%nobits
 813              		.align	2
 816              	_ZN12_GLOBAL__N_111g_completedE:
 817 0000 00000000 		.space	29
 817      00000000 
 817      00000000 
 817      00000000 
 817      00000000 
ARM GAS  C:\Users\nicx5\AppData\Local\Temp\cc2ek0Un.s 			page 20


 818              		.section	.bss._ZN12_GLOBAL__N_19g_pendingE,"aw",%nobits
 819              		.align	2
 822              	_ZN12_GLOBAL__N_19g_pendingE:
 823 0000 00000000 		.space	36
 823      00000000 
 823      00000000 
 823      00000000 
 823      00000000 
 824              		.text
 825              	.Letext0:
 826              		.file 2 "D:/Program Files/msys64/mingw64/arm-none-eabi/include/machine/_default_types.h"
 827              		.file 3 "D:/Program Files/msys64/mingw64/arm-none-eabi/include/sys/_stdint.h"
 828              		.file 4 "D:/Program Files/msys64/mingw64/lib/gcc/arm-none-eabi/13.3.0/include/stddef.h"
 829              		.file 5 "Drivers/CMSIS/Device/ST/STM32H7xx/Include/stm32h750xx.h"
 830              		.file 6 "D:/Program Files/msys64/mingw64/arm-none-eabi/include/c++/13.3.0/cmath"
 831              		.file 7 "D:/Program Files/msys64/mingw64/arm-none-eabi/include/c++/13.3.0/type_traits"
 832              		.file 8 "D:/Program Files/msys64/mingw64/arm-none-eabi/include/c++/13.3.0/debug/debug.h"
 833              		.file 9 "D:/Program Files/msys64/mingw64/arm-none-eabi/include/c++/13.3.0/bits/std_abs.h"
 834              		.file 10 "Inc/transport/rf/rf_reliable_event.hpp"
 835              		.file 11 "D:/Program Files/msys64/mingw64/arm-none-eabi/include/c++/13.3.0/arm-none-eabi/thumb/v7e
 836              		.file 12 "D:/Program Files/msys64/mingw64/arm-none-eabi/include/c++/13.3.0/bits/predefined_ops.h"
 837              		.file 13 "D:/Program Files/msys64/mingw64/arm-none-eabi/include/math.h"
 838              		.file 14 "D:/Program Files/msys64/mingw64/arm-none-eabi/include/c++/13.3.0/math.h"
 839              		.file 15 "Inc/system/board_cfg.h"
 840              		.file 16 "Drivers/STM32H7xx_HAL_Driver/Inc/stm32h7xx_hal.h"
 841              		.file 17 "Inc/support/enums.hpp"
 842              		.file 18 "D:/Program Files/msys64/mingw64/arm-none-eabi/include/string.h"
ARM GAS  C:\Users\nicx5\AppData\Local\Temp\cc2ek0Un.s 			page 21


DEFINED SYMBOLS
                            *ABS*:00000000 rf_reliable_event.cpp
C:\Users\nicx5\AppData\Local\Temp\cc2ek0Un.s:20     .text._ZN12_GLOBAL__N_1L9checksum8EPKht:00000000 $t
C:\Users\nicx5\AppData\Local\Temp\cc2ek0Un.s:25     .text._ZN12_GLOBAL__N_1L9checksum8EPKht:00000000 _ZN12_GLOBAL__N_1L9checksum8EPKht
C:\Users\nicx5\AppData\Local\Temp\cc2ek0Un.s:77     .text._ZN12_GLOBAL__N_1L3dueEmm:00000000 $t
C:\Users\nicx5\AppData\Local\Temp\cc2ek0Un.s:82     .text._ZN12_GLOBAL__N_1L3dueEmm:00000000 _ZN12_GLOBAL__N_1L3dueEmm
C:\Users\nicx5\AppData\Local\Temp\cc2ek0Un.s:102    .text._ZN12_GLOBAL__N_1L7readU16EPKh:00000000 $t
C:\Users\nicx5\AppData\Local\Temp\cc2ek0Un.s:107    .text._ZN12_GLOBAL__N_1L7readU16EPKh:00000000 _ZN12_GLOBAL__N_1L7readU16EPKh
C:\Users\nicx5\AppData\Local\Temp\cc2ek0Un.s:128    .text._ZN12_GLOBAL__N_1L22isReliableEventPayloadEhPKhh:00000000 $t
C:\Users\nicx5\AppData\Local\Temp\cc2ek0Un.s:133    .text._ZN12_GLOBAL__N_1L22isReliableEventPayloadEhPKhh:00000000 _ZN12_GLOBAL__N_1L22isReliableEventPayloadEhPKhh
C:\Users\nicx5\AppData\Local\Temp\cc2ek0Un.s:176    .text._ZN12_GLOBAL__N_1L12storePendingEhPKhh:00000000 $t
C:\Users\nicx5\AppData\Local\Temp\cc2ek0Un.s:181    .text._ZN12_GLOBAL__N_1L12storePendingEhPKhh:00000000 _ZN12_GLOBAL__N_1L12storePendingEhPKhh
C:\Users\nicx5\AppData\Local\Temp\cc2ek0Un.s:307    .text._ZN12_GLOBAL__N_1L12storePendingEhPKhh:00000074 $d
C:\Users\nicx5\AppData\Local\Temp\cc2ek0Un.s:816    .bss._ZN12_GLOBAL__N_111g_completedE:00000000 _ZN12_GLOBAL__N_111g_completedE
C:\Users\nicx5\AppData\Local\Temp\cc2ek0Un.s:810    .bss._ZN12_GLOBAL__N_119g_haveLastCompletedE:00000000 _ZN12_GLOBAL__N_119g_haveLastCompletedE
C:\Users\nicx5\AppData\Local\Temp\cc2ek0Un.s:805    .bss._ZN12_GLOBAL__N_118g_lastCompletedEvtE:00000000 _ZN12_GLOBAL__N_118g_lastCompletedEvtE
C:\Users\nicx5\AppData\Local\Temp\cc2ek0Un.s:822    .bss._ZN12_GLOBAL__N_19g_pendingE:00000000 _ZN12_GLOBAL__N_19g_pendingE
C:\Users\nicx5\AppData\Local\Temp\cc2ek0Un.s:800    .bss._ZN12_GLOBAL__N_118g_lastCompletedSeqE:00000000 _ZN12_GLOBAL__N_118g_lastCompletedSeqE
C:\Users\nicx5\AppData\Local\Temp\cc2ek0Un.s:316    .text._ZN12_GLOBAL__N_1L22publishPendingCompleteEv:00000000 $t
C:\Users\nicx5\AppData\Local\Temp\cc2ek0Un.s:321    .text._ZN12_GLOBAL__N_1L22publishPendingCompleteEv:00000000 _ZN12_GLOBAL__N_1L22publishPendingCompleteEv
C:\Users\nicx5\AppData\Local\Temp\cc2ek0Un.s:405    .text._ZN12_GLOBAL__N_1L22publishPendingCompleteEv:00000044 $d
C:\Users\nicx5\AppData\Local\Temp\cc2ek0Un.s:414    .text._ZN15RFReliableEvent12resetSessionEv:00000000 $t
C:\Users\nicx5\AppData\Local\Temp\cc2ek0Un.s:420    .text._ZN15RFReliableEvent12resetSessionEv:00000000 _ZN15RFReliableEvent12resetSessionEv
C:\Users\nicx5\AppData\Local\Temp\cc2ek0Un.s:462    .text._ZN15RFReliableEvent12resetSessionEv:00000028 $d
C:\Users\nicx5\AppData\Local\Temp\cc2ek0Un.s:471    .text._ZN15RFReliableEvent4pollEv:00000000 $t
C:\Users\nicx5\AppData\Local\Temp\cc2ek0Un.s:477    .text._ZN15RFReliableEvent4pollEv:00000000 _ZN15RFReliableEvent4pollEv
C:\Users\nicx5\AppData\Local\Temp\cc2ek0Un.s:529    .text._ZN15RFReliableEvent4pollEv:00000030 $d
C:\Users\nicx5\AppData\Local\Temp\cc2ek0Un.s:534    .text._ZN15RFReliableEvent16completeIfNeededEhPKhh:00000000 $t
C:\Users\nicx5\AppData\Local\Temp\cc2ek0Un.s:540    .text._ZN15RFReliableEvent16completeIfNeededEhPKhh:00000000 _ZN15RFReliableEvent16completeIfNeededEhPKhh
C:\Users\nicx5\AppData\Local\Temp\cc2ek0Un.s:600    .text._ZN15RFReliableEvent21completeFrameIfNeededEPKht:00000000 $t
C:\Users\nicx5\AppData\Local\Temp\cc2ek0Un.s:606    .text._ZN15RFReliableEvent21completeFrameIfNeededEPKht:00000000 _ZN15RFReliableEvent21completeFrameIfNeededEPKht
C:\Users\nicx5\AppData\Local\Temp\cc2ek0Un.s:694    .text._ZN15RFReliableEvent12popCompletedEPhS0_S0_h:00000000 $t
C:\Users\nicx5\AppData\Local\Temp\cc2ek0Un.s:700    .text._ZN15RFReliableEvent12popCompletedEPhS0_S0_h:00000000 _ZN15RFReliableEvent12popCompletedEPhS0_S0_h
C:\Users\nicx5\AppData\Local\Temp\cc2ek0Un.s:793    .text._ZN15RFReliableEvent12popCompletedEPhS0_S0_h:00000054 $d
C:\Users\nicx5\AppData\Local\Temp\cc2ek0Un.s:801    .bss._ZN12_GLOBAL__N_118g_lastCompletedSeqE:00000000 $d
C:\Users\nicx5\AppData\Local\Temp\cc2ek0Un.s:806    .bss._ZN12_GLOBAL__N_118g_lastCompletedEvtE:00000000 $d
C:\Users\nicx5\AppData\Local\Temp\cc2ek0Un.s:811    .bss._ZN12_GLOBAL__N_119g_haveLastCompletedE:00000000 $d
C:\Users\nicx5\AppData\Local\Temp\cc2ek0Un.s:813    .bss._ZN12_GLOBAL__N_111g_completedE:00000000 $d
C:\Users\nicx5\AppData\Local\Temp\cc2ek0Un.s:819    .bss._ZN12_GLOBAL__N_19g_pendingE:00000000 $d

UNDEFINED SYMBOLS
HAL_GetTick
memcpy
memset
