ARM GAS  C:\Users\nicx5\AppData\Local\Temp\ccCxEMdb.s 			page 1


   1              		.cpu cortex-m7
   2              		.arch armv7e-m
   3              		.fpu fpv5-d16
   4              		.eabi_attribute 28, 1
   5              		.eabi_attribute 20, 1
   6              		.eabi_attribute 21, 1
   7              		.eabi_attribute 23, 3
   8              		.eabi_attribute 24, 1
   9              		.eabi_attribute 25, 1
  10              		.eabi_attribute 26, 1
  11              		.eabi_attribute 30, 1
  12              		.eabi_attribute 34, 1
  13              		.eabi_attribute 18, 4
  14              		.file	"safe_recovery_state.cpp"
  15              		.text
  16              	.Ltext0:
  17              		.cfi_sections	.debug_frame
  18              		.file 1 "Src/system/states/safe_recovery_state.cpp"
  19              		.section	.text._ZN17SafeRecoveryStateD2Ev,"axG",%progbits,_ZN17SafeRecoveryStateD5Ev,comdat
  20              		.align	1
  21              		.weak	_ZN17SafeRecoveryStateD2Ev
  22              		.syntax unified
  23              		.thumb
  24              		.thumb_func
  26              	_ZN17SafeRecoveryStateD2Ev:
  27              	.LVL0:
  28              	.LFB12:
  29              		.file 2 "Inc/system/states/safe_recovery_state.hpp"
   1:Inc/system/states/safe_recovery_state.hpp **** #ifndef SAFE_RECOVERY_STATE_HPP
   2:Inc/system/states/safe_recovery_state.hpp **** #define SAFE_RECOVERY_STATE_HPP
   3:Inc/system/states/safe_recovery_state.hpp **** 
   4:Inc/system/states/safe_recovery_state.hpp **** #include "base_state.hpp"
   5:Inc/system/states/safe_recovery_state.hpp **** 
   6:Inc/system/states/safe_recovery_state.hpp **** class SafeRecoveryState final : public BaseState {
  30              		.loc 2 6 7 view -0
  31              		.cfi_startproc
  32              		@ args = 0, pretend = 0, frame = 0
  33              		@ frame_needed = 0, uses_anonymous_args = 0
  34              		@ link register save eliminated.
  35              	.LBB26:
  36              		.loc 2 6 7 is_stmt 0 view .LVU1
  37 0000 024A     		ldr	r2, .L2
  38 0002 0260     		str	r2, [r0]
  39              	.LVL1:
  40              	.LBB27:
  41              	.LBI27:
  42              		.file 3 "Inc/system/states/base_state.hpp"
   1:Inc/system/states/base_state.hpp **** #ifndef __BASE_STATE_H__
   2:Inc/system/states/base_state.hpp **** #define __BASE_STATE_H__
   3:Inc/system/states/base_state.hpp **** 
   4:Inc/system/states/base_state.hpp **** class BaseState {
   5:Inc/system/states/base_state.hpp ****     public:
   6:Inc/system/states/base_state.hpp ****         virtual ~BaseState() = default;
  43              		.loc 3 6 17 is_stmt 1 view .LVU2
  44              	.LBB28:
  45 0004 024A     		ldr	r2, .L2+4
  46 0006 0260     		str	r2, [r0]
ARM GAS  C:\Users\nicx5\AppData\Local\Temp\ccCxEMdb.s 			page 2


  47              	.LVL2:
  48              		.loc 3 6 17 is_stmt 0 view .LVU3
  49              	.LBE28:
  50              	.LBE27:
  51              	.LBE26:
  52              		.loc 2 6 7 view .LVU4
  53 0008 7047     		bx	lr
  54              	.L3:
  55 000a 00BF     		.align	2
  56              	.L2:
  57 000c 08000000 		.word	_ZTV17SafeRecoveryState+8
  58 0010 08000000 		.word	_ZTV9BaseState+8
  59              		.cfi_endproc
  60              	.LFE12:
  62              		.weak	_ZN17SafeRecoveryStateD1Ev
  63              		.thumb_set _ZN17SafeRecoveryStateD1Ev,_ZN17SafeRecoveryStateD2Ev
  64              		.section	.text._ZN17SafeRecoveryState4tickEv,"ax",%progbits
  65              		.align	1
  66              		.global	_ZN17SafeRecoveryState4tickEv
  67              		.syntax unified
  68              		.thumb
  69              		.thumb_func
  71              	_ZN17SafeRecoveryState4tickEv:
  72              	.LVL3:
  73              	.LFB1916:
   1:Src/system/states/safe_recovery_state.cpp **** #include "states/safe_recovery_state.hpp"
   2:Src/system/states/safe_recovery_state.cpp **** 
   3:Src/system/states/safe_recovery_state.cpp **** #include "board_cfg.h"
   4:Src/system/states/safe_recovery_state.cpp **** #include "board_power.hpp"
   5:Src/system/states/safe_recovery_state.cpp **** #include "ch585_role_bootstrap.hpp"
   6:Src/system/states/safe_recovery_state.cpp **** #include "rf_bridge_port.hpp"
   7:Src/system/states/safe_recovery_state.cpp **** #include "usb_board_link.hpp"
   8:Src/system/states/safe_recovery_state.cpp **** #include "usbdriver.hpp"
   9:Src/system/states/safe_recovery_state.cpp **** #include "system_logger.h"
  10:Src/system/states/safe_recovery_state.cpp **** #include "release_installer.hpp"
  11:Src/system/states/safe_recovery_state.cpp **** #include "stm32h7xx_hal.h"
  12:Src/system/states/safe_recovery_state.cpp **** #include "screen_control/spi_screen_manager.hpp"
  13:Src/system/states/safe_recovery_state.cpp **** 
  14:Src/system/states/safe_recovery_state.cpp **** bool SafeRecoveryState::enter()
  15:Src/system/states/safe_recovery_state.cpp **** {
  16:Src/system/states/safe_recovery_state.cpp ****     USB_DRIVER.shutdown();
  17:Src/system/states/safe_recovery_state.cpp ****     USB_BOARD_LINK.shutdown();
  18:Src/system/states/safe_recovery_state.cpp ****     CH585_ROLE_BOOTSTRAP.shutdown();
  19:Src/system/states/safe_recovery_state.cpp ****     RFBridgePort_Shutdown();
  20:Src/system/states/safe_recovery_state.cpp ****     BOARD_POWER.enterRecoveryUiState();
  21:Src/system/states/safe_recovery_state.cpp ****     BOARD_POWER.setCh585Enabled(false);
  22:Src/system/states/safe_recovery_state.cpp ****     if(RELEASE_INSTALLER.failed())SPIScreenManager::getInstance().showFirmwareRecovery();
  23:Src/system/states/safe_recovery_state.cpp ****     APP_STAGE_ERROR("A13R", "entered safe recovery state; CH585 transports disabled");
  24:Src/system/states/safe_recovery_state.cpp ****     return true;
  25:Src/system/states/safe_recovery_state.cpp **** }
  26:Src/system/states/safe_recovery_state.cpp **** 
  27:Src/system/states/safe_recovery_state.cpp **** void SafeRecoveryState::tick()
  28:Src/system/states/safe_recovery_state.cpp **** {
  74              		.loc 1 28 1 is_stmt 1 view -0
  75              		.cfi_startproc
  76              		@ args = 0, pretend = 0, frame = 0
  77              		@ frame_needed = 0, uses_anonymous_args = 0
ARM GAS  C:\Users\nicx5\AppData\Local\Temp\ccCxEMdb.s 			page 3


  78              		@ link register save eliminated.
  29:Src/system/states/safe_recovery_state.cpp ****     // Terminal recovery errors remain visible; no physical retry or automatic reflash.
  30:Src/system/states/safe_recovery_state.cpp **** 
  31:Src/system/states/safe_recovery_state.cpp **** }
  79              		.loc 1 31 1 is_stmt 0 view .LVU6
  80 0000 7047     		bx	lr
  81              		.cfi_endproc
  82              	.LFE1916:
  84              		.section	.text._ZN17SafeRecoveryState4exitEv,"ax",%progbits
  85              		.align	1
  86              		.global	_ZN17SafeRecoveryState4exitEv
  87              		.syntax unified
  88              		.thumb
  89              		.thumb_func
  91              	_ZN17SafeRecoveryState4exitEv:
  92              	.LVL4:
  93              	.LFB1917:
  32:Src/system/states/safe_recovery_state.cpp **** 
  33:Src/system/states/safe_recovery_state.cpp **** void SafeRecoveryState::exit()
  34:Src/system/states/safe_recovery_state.cpp **** {
  94              		.loc 1 34 1 is_stmt 1 view -0
  95              		.cfi_startproc
  96              		@ args = 0, pretend = 0, frame = 0
  97              		@ frame_needed = 0, uses_anonymous_args = 0
  98              		@ link register save eliminated.
  35:Src/system/states/safe_recovery_state.cpp **** }
  99              		.loc 1 35 1 is_stmt 0 view .LVU8
 100 0000 7047     		bx	lr
 101              		.cfi_endproc
 102              	.LFE1917:
 104              		.section	.text._ZN17SafeRecoveryState5enterEv,"ax",%progbits
 105              		.align	1
 106              		.global	_ZN17SafeRecoveryState5enterEv
 107              		.syntax unified
 108              		.thumb
 109              		.thumb_func
 111              	_ZN17SafeRecoveryState5enterEv:
 112              	.LVL5:
 113              	.LFB1915:
  15:Src/system/states/safe_recovery_state.cpp ****     USB_DRIVER.shutdown();
 114              		.loc 1 15 1 is_stmt 1 view -0
 115              		.cfi_startproc
 116              		@ args = 0, pretend = 0, frame = 0
 117              		@ frame_needed = 0, uses_anonymous_args = 0
  15:Src/system/states/safe_recovery_state.cpp ****     USB_DRIVER.shutdown();
 118              		.loc 1 15 1 is_stmt 0 view .LVU10
 119 0000 10B5     		push	{r4, lr}
 120              	.LCFI0:
 121              		.cfi_def_cfa_offset 8
 122              		.cfi_offset 4, -8
 123              		.cfi_offset 14, -4
  16:Src/system/states/safe_recovery_state.cpp ****     USB_BOARD_LINK.shutdown();
 124              		.loc 1 16 5 is_stmt 1 view .LVU11
 125              	.LBB29:
 126              	.LBI29:
 127              		.file 4 "Inc/transport/usb/usbdriver.hpp"
   1:Inc/transport/usb/usbdriver.hpp **** #ifndef USB_DRIVER_HPP
ARM GAS  C:\Users\nicx5\AppData\Local\Temp\ccCxEMdb.s 			page 4


   2:Inc/transport/usb/usbdriver.hpp **** #define USB_DRIVER_HPP
   3:Inc/transport/usb/usbdriver.hpp **** 
   4:Inc/transport/usb/usbdriver.hpp **** #include <stdint.h>
   5:Inc/transport/usb/usbdriver.hpp **** 
   6:Inc/transport/usb/usbdriver.hpp **** #include "enums.hpp"
   7:Inc/transport/usb/usbdriver.hpp **** #include "gamepad/GamepadState.hpp"
   8:Inc/transport/usb/usbdriver.hpp **** #include "usb_board_link_protocol.h"
   9:Inc/transport/usb/usbdriver.hpp **** #include "usb_report_rate_policy.hpp"
  10:Inc/transport/usb/usbdriver.hpp **** 
  11:Inc/transport/usb/usbdriver.hpp **** bool get_usb_mounted(void);
  12:Inc/transport/usb/usbdriver.hpp **** bool get_usb_suspended(void);
  13:Inc/transport/usb/usbdriver.hpp **** 
  14:Inc/transport/usb/usbdriver.hpp **** class USBDriver
  15:Inc/transport/usb/usbdriver.hpp **** {
  16:Inc/transport/usb/usbdriver.hpp **** public:
  17:Inc/transport/usb/usbdriver.hpp ****     USBDriver(const USBDriver &) = delete;
  18:Inc/transport/usb/usbdriver.hpp ****     USBDriver &operator=(const USBDriver &) = delete;
  19:Inc/transport/usb/usbdriver.hpp **** 
  20:Inc/transport/usb/usbdriver.hpp ****     static USBDriver &getInstance()
 128              		.loc 4 20 23 view .LVU12
  21:Inc/transport/usb/usbdriver.hpp ****     {
  22:Inc/transport/usb/usbdriver.hpp ****         static USBDriver instance;
 129              		.loc 4 22 9 view .LVU13
  23:Inc/transport/usb/usbdriver.hpp ****         return instance;
 130              		.loc 4 23 9 view .LVU14
 131              	.LBE29:
  16:Src/system/states/safe_recovery_state.cpp ****     USB_BOARD_LINK.shutdown();
 132              		.loc 1 16 24 is_stmt 0 discriminator 1 view .LVU15
 133 0002 0F48     		ldr	r0, .L10
 134              	.LVL6:
  16:Src/system/states/safe_recovery_state.cpp ****     USB_BOARD_LINK.shutdown();
 135              		.loc 1 16 24 discriminator 1 view .LVU16
 136 0004 FFF7FEFF 		bl	_ZN9USBDriver8shutdownEv
 137              	.LVL7:
  17:Src/system/states/safe_recovery_state.cpp ****     CH585_ROLE_BOOTSTRAP.shutdown();
 138              		.loc 1 17 5 is_stmt 1 view .LVU17
 139              	.LBB30:
 140              	.LBI30:
 141              		.file 5 "Inc/transport/usb/usb_board_link.hpp"
   1:Inc/transport/usb/usb_board_link.hpp **** #ifndef USB_BOARD_LINK_HPP
   2:Inc/transport/usb/usb_board_link.hpp **** #define USB_BOARD_LINK_HPP
   3:Inc/transport/usb/usb_board_link.hpp **** 
   4:Inc/transport/usb/usb_board_link.hpp **** #include <stdint.h>
   5:Inc/transport/usb/usb_board_link.hpp **** 
   6:Inc/transport/usb/usb_board_link.hpp **** #include "ch585_role_bootstrap.hpp"
   7:Inc/transport/usb/usb_board_link.hpp **** #include "usb_board_link_protocol.h"
   8:Inc/transport/usb/usb_board_link.hpp **** #include "release_install_protocol.h"
   9:Inc/transport/usb/usb_board_link.hpp **** 
  10:Inc/transport/usb/usb_board_link.hpp **** class UsbBoardLink
  11:Inc/transport/usb/usb_board_link.hpp **** {
  12:Inc/transport/usb/usb_board_link.hpp **** public:
  13:Inc/transport/usb/usb_board_link.hpp ****     UsbBoardLink(UsbBoardLink const &) = delete;
  14:Inc/transport/usb/usb_board_link.hpp ****     void operator=(UsbBoardLink const &) = delete;
  15:Inc/transport/usb/usb_board_link.hpp **** 
  16:Inc/transport/usb/usb_board_link.hpp ****     static UsbBoardLink &getInstance()
 142              		.loc 5 16 26 view .LVU18
  17:Inc/transport/usb/usb_board_link.hpp ****     {
ARM GAS  C:\Users\nicx5\AppData\Local\Temp\ccCxEMdb.s 			page 5


  18:Inc/transport/usb/usb_board_link.hpp ****         static UsbBoardLink instance;
 143              		.loc 5 18 9 view .LVU19
  19:Inc/transport/usb/usb_board_link.hpp ****         return instance;
 144              		.loc 5 19 9 view .LVU20
 145              	.LBE30:
  17:Src/system/states/safe_recovery_state.cpp ****     CH585_ROLE_BOOTSTRAP.shutdown();
 146              		.loc 1 17 28 is_stmt 0 discriminator 1 view .LVU21
 147 0008 0E48     		ldr	r0, .L10+4
 148 000a FFF7FEFF 		bl	_ZN12UsbBoardLink8shutdownEv
 149              	.LVL8:
  18:Src/system/states/safe_recovery_state.cpp ****     RFBridgePort_Shutdown();
 150              		.loc 1 18 5 is_stmt 1 view .LVU22
 151              	.LBB31:
 152              	.LBI31:
 153              		.file 6 "Inc/transport/ch585_role_bootstrap.hpp"
   1:Inc/transport/ch585_role_bootstrap.hpp **** #ifndef CH585_ROLE_BOOTSTRAP_HPP
   2:Inc/transport/ch585_role_bootstrap.hpp **** #define CH585_ROLE_BOOTSTRAP_HPP
   3:Inc/transport/ch585_role_bootstrap.hpp **** 
   4:Inc/transport/ch585_role_bootstrap.hpp **** #include <stdint.h>
   5:Inc/transport/ch585_role_bootstrap.hpp **** 
   6:Inc/transport/ch585_role_bootstrap.hpp **** enum class Ch585Role : uint8_t {
   7:Inc/transport/ch585_role_bootstrap.hpp ****     SafeIdle = 0x00,
   8:Inc/transport/ch585_role_bootstrap.hpp ****     Rf = 0x01,
   9:Inc/transport/ch585_role_bootstrap.hpp ****     Usb = 0x02,
  10:Inc/transport/ch585_role_bootstrap.hpp ****     Maintenance = 0x03,
  11:Inc/transport/ch585_role_bootstrap.hpp **** };
  12:Inc/transport/ch585_role_bootstrap.hpp **** 
  13:Inc/transport/ch585_role_bootstrap.hpp **** enum class Ch585BootstrapState : uint8_t {
  14:Inc/transport/ch585_role_bootstrap.hpp ****     Off = 0,
  15:Inc/transport/ch585_role_bootstrap.hpp ****     Booting = 1,
  16:Inc/transport/ch585_role_bootstrap.hpp ****     Selecting = 2,
  17:Inc/transport/ch585_role_bootstrap.hpp ****     Locked = 3,
  18:Inc/transport/ch585_role_bootstrap.hpp ****     Failed = 4,
  19:Inc/transport/ch585_role_bootstrap.hpp **** };
  20:Inc/transport/ch585_role_bootstrap.hpp **** enum class Ch585ResumeResult { Pending, Ready, Failed };
  21:Inc/transport/ch585_role_bootstrap.hpp **** 
  22:Inc/transport/ch585_role_bootstrap.hpp **** /* One invocation performs one UsbBoardLink SELECT_ROLE transaction. */
  23:Inc/transport/ch585_role_bootstrap.hpp **** using Ch585RoleSelector = bool (*)(Ch585Role requestedRole);
  24:Inc/transport/ch585_role_bootstrap.hpp **** 
  25:Inc/transport/ch585_role_bootstrap.hpp **** class Ch585RoleBootstrap {
  26:Inc/transport/ch585_role_bootstrap.hpp **** public:
  27:Inc/transport/ch585_role_bootstrap.hpp ****     Ch585RoleBootstrap(const Ch585RoleBootstrap&) = delete;
  28:Inc/transport/ch585_role_bootstrap.hpp ****     Ch585RoleBootstrap& operator=(const Ch585RoleBootstrap&) = delete;
  29:Inc/transport/ch585_role_bootstrap.hpp **** 
  30:Inc/transport/ch585_role_bootstrap.hpp ****     static Ch585RoleBootstrap& getInstance()
 154              		.loc 6 30 32 view .LVU23
  31:Inc/transport/ch585_role_bootstrap.hpp ****     {
  32:Inc/transport/ch585_role_bootstrap.hpp ****         static Ch585RoleBootstrap instance;
 155              		.loc 6 32 9 view .LVU24
  33:Inc/transport/ch585_role_bootstrap.hpp ****         return instance;
 156              		.loc 6 33 9 view .LVU25
 157              	.LBE31:
  18:Src/system/states/safe_recovery_state.cpp ****     RFBridgePort_Shutdown();
 158              		.loc 1 18 34 is_stmt 0 discriminator 1 view .LVU26
 159 000e 0E48     		ldr	r0, .L10+8
 160 0010 FFF7FEFF 		bl	_ZN18Ch585RoleBootstrap8shutdownEv
 161              	.LVL9:
ARM GAS  C:\Users\nicx5\AppData\Local\Temp\ccCxEMdb.s 			page 6


  19:Src/system/states/safe_recovery_state.cpp ****     BOARD_POWER.enterRecoveryUiState();
 162              		.loc 1 19 5 is_stmt 1 view .LVU27
  19:Src/system/states/safe_recovery_state.cpp ****     BOARD_POWER.enterRecoveryUiState();
 163              		.loc 1 19 26 is_stmt 0 view .LVU28
 164 0014 FFF7FEFF 		bl	_Z21RFBridgePort_Shutdownv
 165              	.LVL10:
  20:Src/system/states/safe_recovery_state.cpp ****     BOARD_POWER.setCh585Enabled(false);
 166              		.loc 1 20 5 is_stmt 1 view .LVU29
 167              	.LBB32:
 168              	.LBI32:
 169              		.file 7 "Inc/power/board_power.hpp"
   1:Inc/power/board_power.hpp **** #ifndef BOARD_POWER_HPP
   2:Inc/power/board_power.hpp **** #define BOARD_POWER_HPP
   3:Inc/power/board_power.hpp **** 
   4:Inc/power/board_power.hpp **** #include <stdbool.h>
   5:Inc/power/board_power.hpp **** #include <stdint.h>
   6:Inc/power/board_power.hpp **** 
   7:Inc/power/board_power.hpp **** #ifdef __cplusplus
   8:Inc/power/board_power.hpp **** extern "C" {
   9:Inc/power/board_power.hpp **** #endif
  10:Inc/power/board_power.hpp **** 
  11:Inc/power/board_power.hpp **** /*
  12:Inc/power/board_power.hpp ****  * Re-asserts PI4 without changing any other rail.  The bootloader leaves PI4
  13:Inc/power/board_power.hpp ****  * high before jumping to the XIP application; this hook preserves that state
  14:Inc/power/board_power.hpp ****  * as the application runtime is brought up.
  15:Inc/power/board_power.hpp ****  */
  16:Inc/power/board_power.hpp **** void BoardPower_EarlyMainHold(void);
  17:Inc/power/board_power.hpp **** 
  18:Inc/power/board_power.hpp **** /* Configures all board power-control pins to their fail-safe defaults. */
  19:Inc/power/board_power.hpp **** void BoardPower_Initialize(void);
  20:Inc/power/board_power.hpp **** void BoardPower_SetChargeEnabled(bool enabled);
  21:Inc/power/board_power.hpp **** void BoardPower_SetHallEnabled(bool enabled);
  22:Inc/power/board_power.hpp **** void BoardPower_EnableHallForAdc(void);
  23:Inc/power/board_power.hpp **** void BoardPower_SetKeyLedEnabled(bool enabled);
  24:Inc/power/board_power.hpp **** void BoardPower_SetAmbientLedEnabled(bool enabled);
  25:Inc/power/board_power.hpp **** void BoardPower_SetLcdEnabled(bool enabled);
  26:Inc/power/board_power.hpp **** 
  27:Inc/power/board_power.hpp **** #ifdef __cplusplus
  28:Inc/power/board_power.hpp **** }
  29:Inc/power/board_power.hpp **** 
  30:Inc/power/board_power.hpp **** class BoardPower {
  31:Inc/power/board_power.hpp **** public:
  32:Inc/power/board_power.hpp ****     BoardPower(const BoardPower&) = delete;
  33:Inc/power/board_power.hpp ****     BoardPower& operator=(const BoardPower&) = delete;
  34:Inc/power/board_power.hpp **** 
  35:Inc/power/board_power.hpp ****     static BoardPower& getInstance()
 170              		.loc 7 35 24 view .LVU30
  36:Inc/power/board_power.hpp ****     {
  37:Inc/power/board_power.hpp ****         static BoardPower instance;
 171              		.loc 7 37 9 view .LVU31
  38:Inc/power/board_power.hpp ****         return instance;
 172              		.loc 7 38 9 view .LVU32
 173              	.LBE32:
  20:Src/system/states/safe_recovery_state.cpp ****     BOARD_POWER.setCh585Enabled(false);
 174              		.loc 1 20 37 is_stmt 0 discriminator 1 view .LVU33
 175 0018 0C4C     		ldr	r4, .L10+12
 176 001a 2046     		mov	r0, r4
ARM GAS  C:\Users\nicx5\AppData\Local\Temp\ccCxEMdb.s 			page 7


 177 001c FFF7FEFF 		bl	_ZN10BoardPower20enterRecoveryUiStateEv
 178              	.LVL11:
  21:Src/system/states/safe_recovery_state.cpp ****     if(RELEASE_INSTALLER.failed())SPIScreenManager::getInstance().showFirmwareRecovery();
 179              		.loc 1 21 5 is_stmt 1 view .LVU34
 180              	.LBB33:
 181              	.LBI33:
  35:Inc/power/board_power.hpp ****     {
 182              		.loc 7 35 24 view .LVU35
  37:Inc/power/board_power.hpp ****         return instance;
 183              		.loc 7 37 9 view .LVU36
 184              		.loc 7 38 9 view .LVU37
 185              	.LBE33:
  21:Src/system/states/safe_recovery_state.cpp ****     if(RELEASE_INSTALLER.failed())SPIScreenManager::getInstance().showFirmwareRecovery();
 186              		.loc 1 21 32 is_stmt 0 discriminator 1 view .LVU38
 187 0020 0021     		movs	r1, #0
 188 0022 2046     		mov	r0, r4
 189 0024 FFF7FEFF 		bl	_ZN10BoardPower15setCh585EnabledEb
 190              	.LVL12:
  22:Src/system/states/safe_recovery_state.cpp ****     APP_STAGE_ERROR("A13R", "entered safe recovery state; CH585 transports disabled");
 191              		.loc 1 22 5 is_stmt 1 view .LVU39
  22:Src/system/states/safe_recovery_state.cpp ****     APP_STAGE_ERROR("A13R", "entered safe recovery state; CH585 transports disabled");
 192              		.loc 1 22 8 is_stmt 0 view .LVU40
 193 0028 FFF7FEFF 		bl	_ZN16ReleaseInstaller8instanceEv
 194              	.LVL13:
  22:Src/system/states/safe_recovery_state.cpp ****     APP_STAGE_ERROR("A13R", "entered safe recovery state; CH585 transports disabled");
 195              		.loc 1 22 32 discriminator 1 view .LVU41
 196 002c FFF7FEFF 		bl	_ZN16ReleaseInstaller6failedEv
 197              	.LVL14:
  22:Src/system/states/safe_recovery_state.cpp ****     APP_STAGE_ERROR("A13R", "entered safe recovery state; CH585 transports disabled");
 198              		.loc 1 22 5 discriminator 2 view .LVU42
 199 0030 08B9     		cbnz	r0, .L9
 200              	.L7:
  23:Src/system/states/safe_recovery_state.cpp ****     return true;
 201              		.loc 1 23 5 is_stmt 1 view .LVU43
  24:Src/system/states/safe_recovery_state.cpp **** }
 202              		.loc 1 24 5 view .LVU44
  25:Src/system/states/safe_recovery_state.cpp **** 
 203              		.loc 1 25 1 is_stmt 0 view .LVU45
 204 0032 0120     		movs	r0, #1
 205 0034 10BD     		pop	{r4, pc}
 206              	.L9:
  22:Src/system/states/safe_recovery_state.cpp ****     APP_STAGE_ERROR("A13R", "entered safe recovery state; CH585 transports disabled");
 207              		.loc 1 22 35 is_stmt 1 discriminator 1 view .LVU46
 208              	.LBB34:
 209              	.LBI34:
 210              		.file 8 "Inc/display/screen_control/spi_screen_manager.hpp"
   1:Inc/display/screen_control/spi_screen_manager.hpp **** #ifndef SPI_SCREEN_MANAGER_HPP
   2:Inc/display/screen_control/spi_screen_manager.hpp **** #define SPI_SCREEN_MANAGER_HPP
   3:Inc/display/screen_control/spi_screen_manager.hpp **** 
   4:Inc/display/screen_control/spi_screen_manager.hpp **** #include <stdint.h>
   5:Inc/display/screen_control/spi_screen_manager.hpp **** 
   6:Inc/display/screen_control/spi_screen_manager.hpp **** class SPIScreenManager {
   7:Inc/display/screen_control/spi_screen_manager.hpp **** public:
   8:Inc/display/screen_control/spi_screen_manager.hpp ****     SPIScreenManager(SPIScreenManager const&) = delete;
   9:Inc/display/screen_control/spi_screen_manager.hpp ****     void operator=(SPIScreenManager const&) = delete;
  10:Inc/display/screen_control/spi_screen_manager.hpp ****     static SPIScreenManager& getInstance() {
 211              		.loc 8 10 30 view .LVU47
ARM GAS  C:\Users\nicx5\AppData\Local\Temp\ccCxEMdb.s 			page 8


  11:Inc/display/screen_control/spi_screen_manager.hpp ****         static SPIScreenManager instance;
 212              		.loc 8 11 9 view .LVU48
  12:Inc/display/screen_control/spi_screen_manager.hpp ****         return instance;
 213              		.loc 8 12 9 view .LVU49
 214              	.LBE34:
  22:Src/system/states/safe_recovery_state.cpp ****     APP_STAGE_ERROR("A13R", "entered safe recovery state; CH585 transports disabled");
 215              		.loc 1 22 87 is_stmt 0 discriminator 1 view .LVU50
 216 0036 0648     		ldr	r0, .L10+16
 217 0038 FFF7FEFF 		bl	_ZN16SPIScreenManager20showFirmwareRecoveryEv
 218              	.LVL15:
 219 003c F9E7     		b	.L7
 220              	.L11:
 221 003e 00BF     		.align	2
 222              	.L10:
 223 0040 00000000 		.word	_ZZN9USBDriver11getInstanceEvE8instance
 224 0044 00000000 		.word	_ZZN12UsbBoardLink11getInstanceEvE8instance
 225 0048 00000000 		.word	_ZZN18Ch585RoleBootstrap11getInstanceEvE8instance
 226 004c 00000000 		.word	_ZZN10BoardPower11getInstanceEvE8instance
 227 0050 00000000 		.word	_ZZN16SPIScreenManager11getInstanceEvE8instance
 228              		.cfi_endproc
 229              	.LFE1915:
 231              		.section	.text._ZN17SafeRecoveryStateD0Ev,"axG",%progbits,_ZN17SafeRecoveryStateD5Ev,comdat
 232              		.align	1
 233              		.weak	_ZN17SafeRecoveryStateD0Ev
 234              		.syntax unified
 235              		.thumb
 236              		.thumb_func
 238              	_ZN17SafeRecoveryStateD0Ev:
 239              	.LVL16:
 240              	.LFB14:
 241              		.loc 2 6 7 is_stmt 1 view -0
 242              		.cfi_startproc
 243              		@ args = 0, pretend = 0, frame = 0
 244              		@ frame_needed = 0, uses_anonymous_args = 0
 245              		.loc 2 6 7 is_stmt 0 view .LVU52
 246 0000 10B5     		push	{r4, lr}
 247              	.LCFI1:
 248              		.cfi_def_cfa_offset 8
 249              		.cfi_offset 4, -8
 250              		.cfi_offset 14, -4
 251 0002 0446     		mov	r4, r0
 252              	.LVL17:
 253              	.LBB35:
 254              	.LBI35:
 255              		.loc 2 6 7 is_stmt 1 view .LVU53
 256              	.LBB36:
 257 0004 044B     		ldr	r3, .L14
 258 0006 0360     		str	r3, [r0]
 259              	.LVL18:
 260              	.LBB37:
 261              	.LBI37:
 262              		.loc 3 6 17 view .LVU54
 263              	.LBB38:
 264 0008 044B     		ldr	r3, .L14+4
 265 000a 0360     		str	r3, [r0]
 266              	.LVL19:
 267              		.loc 3 6 17 is_stmt 0 view .LVU55
ARM GAS  C:\Users\nicx5\AppData\Local\Temp\ccCxEMdb.s 			page 9


 268              	.LBE38:
 269              	.LBE37:
 270              	.LBE36:
 271              	.LBE35:
 272              		.loc 2 6 7 discriminator 1 view .LVU56
 273 000c 0421     		movs	r1, #4
 274 000e FFF7FEFF 		bl	_ZdlPvj
 275              	.LVL20:
 276              		.loc 2 6 7 view .LVU57
 277 0012 2046     		mov	r0, r4
 278 0014 10BD     		pop	{r4, pc}
 279              	.LVL21:
 280              	.L15:
 281              		.loc 2 6 7 view .LVU58
 282 0016 00BF     		.align	2
 283              	.L14:
 284 0018 08000000 		.word	_ZTV17SafeRecoveryState+8
 285 001c 08000000 		.word	_ZTV9BaseState+8
 286              		.cfi_endproc
 287              	.LFE14:
 289              		.weak	_ZTV9BaseState
 290              		.section	.rodata._ZTV9BaseState,"aG",%progbits,_ZTV9BaseState,comdat
 291              		.align	2
 294              	_ZTV9BaseState:
 295 0000 00000000 		.word	0
 296 0004 00000000 		.word	0
 297 0008 00000000 		.word	0
 298 000c 00000000 		.word	0
 299 0010 00000000 		.word	__cxa_pure_virtual
 300 0014 00000000 		.word	__cxa_pure_virtual
 301 0018 00000000 		.word	__cxa_pure_virtual
 302              		.global	_ZTV17SafeRecoveryState
 303              		.section	.rodata._ZTV17SafeRecoveryState,"a"
 304              		.align	2
 307              	_ZTV17SafeRecoveryState:
 308 0000 00000000 		.word	0
 309 0004 00000000 		.word	0
 310 0008 00000000 		.word	_ZN17SafeRecoveryStateD1Ev
 311 000c 00000000 		.word	_ZN17SafeRecoveryStateD0Ev
 312 0010 00000000 		.word	_ZN17SafeRecoveryState5enterEv
 313 0014 00000000 		.word	_ZN17SafeRecoveryState4tickEv
 314 0018 00000000 		.word	_ZN17SafeRecoveryState4exitEv
 315              		.weak	_ZZN16SPIScreenManager11getInstanceEvE8instance
 316              		.section	.bss._ZZN16SPIScreenManager11getInstanceEvE8instance,"awG",%nobits,_ZZN16SPIScreenManager
 317              		.align	2
 320              	_ZZN16SPIScreenManager11getInstanceEvE8instance:
 321 0000 00000000 		.space	52
 321      00000000 
 321      00000000 
 321      00000000 
 321      00000000 
 322              		.weak	_ZZN9USBDriver11getInstanceEvE8instance
 323              		.section	.data._ZZN9USBDriver11getInstanceEvE8instance,"awG",%progbits,_ZZN9USBDriver11getInstance
 324              		.align	2
 327              	_ZZN9USBDriver11getInstanceEvE8instance:
 328 0000 00       		.byte	0
 329 0001 00       		.byte	0
ARM GAS  C:\Users\nicx5\AppData\Local\Temp\ccCxEMdb.s 			page 10


 330 0002 0000     		.space	2
 331 0004 00000000 		.word	0
 332 0008 00       		.byte	0
 333 0009 00       		.byte	0
 334 000a 00       		.byte	0
 335 000b 00       		.byte	0
 336 000c E803     		.short	1000
 337 000e 01       		.byte	1
 338 000f 00       		.byte	0
 339 0010 00       		.byte	0
 340 0011 000000   		.space	3
 341              		.weak	_ZZN12UsbBoardLink11getInstanceEvE8instance
 342              		.section	.bss._ZZN12UsbBoardLink11getInstanceEvE8instance,"awG",%nobits,_ZZN12UsbBoardLink11getIns
 343              		.align	2
 346              	_ZZN12UsbBoardLink11getInstanceEvE8instance:
 347 0000 00000000 		.space	64
 347      00000000 
 347      00000000 
 347      00000000 
 347      00000000 
 348              		.weak	_ZZN18Ch585RoleBootstrap11getInstanceEvE8instance
 349              		.section	.bss._ZZN18Ch585RoleBootstrap11getInstanceEvE8instance,"awG",%nobits,_ZZN18Ch585RoleBoots
 350              		.align	2
 353              	_ZZN18Ch585RoleBootstrap11getInstanceEvE8instance:
 354 0000 00000000 		.space	20
 354      00000000 
 354      00000000 
 354      00000000 
 354      00000000 
 355              		.weak	_ZZN10BoardPower11getInstanceEvE8instance
 356              		.section	.data._ZZN10BoardPower11getInstanceEvE8instance,"awG",%progbits,_ZZN10BoardPower11getInst
 357              		.align	2
 360              	_ZZN10BoardPower11getInstanceEvE8instance:
 361 0000 00       		.byte	0
 362 0001 00       		.byte	0
 363 0002 00       		.byte	0
 364 0003 00       		.byte	0
 365 0004 00       		.byte	0
 366 0005 00       		.byte	0
 367 0006 00       		.byte	0
 368 0007 00       		.byte	0
 369 0008 00       		.byte	0
 370 0009 01       		.byte	1
 371 000a 00       		.byte	0
 372              		.weak	__cxa_pure_virtual
 373              		.text
 374              	.Letext0:
 375              		.file 9 "D:/Program Files/msys64/mingw64/arm-none-eabi/include/machine/_default_types.h"
 376              		.file 10 "D:/Program Files/msys64/mingw64/arm-none-eabi/include/sys/_stdint.h"
 377              		.file 11 "Drivers/CMSIS/Device/ST/STM32H7xx/Include/stm32h750xx.h"
 378              		.file 12 "D:/Program Files/msys64/mingw64/lib/gcc/arm-none-eabi/13.3.0/include/stddef.h"
 379              		.file 13 "D:/Program Files/msys64/mingw64/arm-none-eabi/include/c++/13.3.0/cmath"
 380              		.file 14 "D:/Program Files/msys64/mingw64/arm-none-eabi/include/c++/13.3.0/arm-none-eabi/thumb/v7e
 381              		.file 15 "D:/Program Files/msys64/mingw64/arm-none-eabi/include/c++/13.3.0/type_traits"
 382              		.file 16 "D:/Program Files/msys64/mingw64/arm-none-eabi/include/c++/13.3.0/debug/debug.h"
 383              		.file 17 "D:/Program Files/msys64/mingw64/arm-none-eabi/include/c++/13.3.0/bits/std_abs.h"
 384              		.file 18 "D:/Program Files/msys64/mingw64/arm-none-eabi/include/c++/13.3.0/cstddef"
ARM GAS  C:\Users\nicx5\AppData\Local\Temp\ccCxEMdb.s 			page 11


 385              		.file 19 "D:/Program Files/msys64/mingw64/arm-none-eabi/include/c++/13.3.0/cstring"
 386              		.file 20 "D:/Program Files/msys64/mingw64/arm-none-eabi/include/c++/13.3.0/bits/predefined_ops.h"
 387              		.file 21 "D:/Program Files/msys64/mingw64/arm-none-eabi/include/math.h"
 388              		.file 22 "D:/Program Files/msys64/mingw64/arm-none-eabi/include/c++/13.3.0/math.h"
 389              		.file 23 "Inc/system/board_cfg.h"
 390              		.file 24 "Inc/support/enums.hpp"
 391              		.file 25 "../common/usb_board_link_protocol.h"
 392              		.file 26 "../common/release_install_protocol.h"
 393              		.file 27 "Inc/input/gamepad/GamepadState.hpp"
 394              		.file 28 "Inc/transport/usb/usb_report_rate_policy.hpp"
 395              		.file 29 "D:/Program Files/msys64/mingw64/arm-none-eabi/include/string.h"
 396              		.file 30 "Inc/firmware/firmware_manager.hpp"
 397              		.file 31 "Libs/cJSON/cJSON.h"
 398              		.file 32 "Inc/firmware/release_installer.hpp"
 399              		.file 33 "D:/Program Files/msys64/mingw64/arm-none-eabi/include/c++/13.3.0/new"
 400              		.file 34 "D:/Program Files/msys64/mingw64/arm-none-eabi/include/c++/13.3.0/bits/memory_resource.h"
 401              		.file 35 "Inc/transport/rf/rf_bridge_port.hpp"
ARM GAS  C:\Users\nicx5\AppData\Local\Temp\ccCxEMdb.s 			page 12


DEFINED SYMBOLS
                            *ABS*:00000000 safe_recovery_state.cpp
C:\Users\nicx5\AppData\Local\Temp\ccCxEMdb.s:20     .text._ZN17SafeRecoveryStateD2Ev:00000000 $t
C:\Users\nicx5\AppData\Local\Temp\ccCxEMdb.s:26     .text._ZN17SafeRecoveryStateD2Ev:00000000 _ZN17SafeRecoveryStateD2Ev
C:\Users\nicx5\AppData\Local\Temp\ccCxEMdb.s:57     .text._ZN17SafeRecoveryStateD2Ev:0000000c $d
C:\Users\nicx5\AppData\Local\Temp\ccCxEMdb.s:307    .rodata._ZTV17SafeRecoveryState:00000000 _ZTV17SafeRecoveryState
C:\Users\nicx5\AppData\Local\Temp\ccCxEMdb.s:294    .rodata._ZTV9BaseState:00000000 _ZTV9BaseState
C:\Users\nicx5\AppData\Local\Temp\ccCxEMdb.s:26     .text._ZN17SafeRecoveryStateD2Ev:00000000 _ZN17SafeRecoveryStateD1Ev
C:\Users\nicx5\AppData\Local\Temp\ccCxEMdb.s:65     .text._ZN17SafeRecoveryState4tickEv:00000000 $t
C:\Users\nicx5\AppData\Local\Temp\ccCxEMdb.s:71     .text._ZN17SafeRecoveryState4tickEv:00000000 _ZN17SafeRecoveryState4tickEv
C:\Users\nicx5\AppData\Local\Temp\ccCxEMdb.s:85     .text._ZN17SafeRecoveryState4exitEv:00000000 $t
C:\Users\nicx5\AppData\Local\Temp\ccCxEMdb.s:91     .text._ZN17SafeRecoveryState4exitEv:00000000 _ZN17SafeRecoveryState4exitEv
C:\Users\nicx5\AppData\Local\Temp\ccCxEMdb.s:105    .text._ZN17SafeRecoveryState5enterEv:00000000 $t
C:\Users\nicx5\AppData\Local\Temp\ccCxEMdb.s:111    .text._ZN17SafeRecoveryState5enterEv:00000000 _ZN17SafeRecoveryState5enterEv
C:\Users\nicx5\AppData\Local\Temp\ccCxEMdb.s:223    .text._ZN17SafeRecoveryState5enterEv:00000040 $d
C:\Users\nicx5\AppData\Local\Temp\ccCxEMdb.s:327    .data._ZZN9USBDriver11getInstanceEvE8instance:00000000 _ZZN9USBDriver11getInstanceEvE8instance
C:\Users\nicx5\AppData\Local\Temp\ccCxEMdb.s:346    .bss._ZZN12UsbBoardLink11getInstanceEvE8instance:00000000 _ZZN12UsbBoardLink11getInstanceEvE8instance
C:\Users\nicx5\AppData\Local\Temp\ccCxEMdb.s:353    .bss._ZZN18Ch585RoleBootstrap11getInstanceEvE8instance:00000000 _ZZN18Ch585RoleBootstrap11getInstanceEvE8instance
C:\Users\nicx5\AppData\Local\Temp\ccCxEMdb.s:360    .data._ZZN10BoardPower11getInstanceEvE8instance:00000000 _ZZN10BoardPower11getInstanceEvE8instance
C:\Users\nicx5\AppData\Local\Temp\ccCxEMdb.s:320    .bss._ZZN16SPIScreenManager11getInstanceEvE8instance:00000000 _ZZN16SPIScreenManager11getInstanceEvE8instance
C:\Users\nicx5\AppData\Local\Temp\ccCxEMdb.s:232    .text._ZN17SafeRecoveryStateD0Ev:00000000 $t
C:\Users\nicx5\AppData\Local\Temp\ccCxEMdb.s:238    .text._ZN17SafeRecoveryStateD0Ev:00000000 _ZN17SafeRecoveryStateD0Ev
C:\Users\nicx5\AppData\Local\Temp\ccCxEMdb.s:284    .text._ZN17SafeRecoveryStateD0Ev:00000018 $d
C:\Users\nicx5\AppData\Local\Temp\ccCxEMdb.s:291    .rodata._ZTV9BaseState:00000000 $d
C:\Users\nicx5\AppData\Local\Temp\ccCxEMdb.s:304    .rodata._ZTV17SafeRecoveryState:00000000 $d
C:\Users\nicx5\AppData\Local\Temp\ccCxEMdb.s:317    .bss._ZZN16SPIScreenManager11getInstanceEvE8instance:00000000 $d
C:\Users\nicx5\AppData\Local\Temp\ccCxEMdb.s:324    .data._ZZN9USBDriver11getInstanceEvE8instance:00000000 $d
C:\Users\nicx5\AppData\Local\Temp\ccCxEMdb.s:343    .bss._ZZN12UsbBoardLink11getInstanceEvE8instance:00000000 $d
C:\Users\nicx5\AppData\Local\Temp\ccCxEMdb.s:350    .bss._ZZN18Ch585RoleBootstrap11getInstanceEvE8instance:00000000 $d
C:\Users\nicx5\AppData\Local\Temp\ccCxEMdb.s:357    .data._ZZN10BoardPower11getInstanceEvE8instance:00000000 $d
                           .group:00000000 _ZN17SafeRecoveryStateD5Ev

UNDEFINED SYMBOLS
_ZN9USBDriver8shutdownEv
_ZN12UsbBoardLink8shutdownEv
_ZN18Ch585RoleBootstrap8shutdownEv
_Z21RFBridgePort_Shutdownv
_ZN10BoardPower20enterRecoveryUiStateEv
_ZN10BoardPower15setCh585EnabledEb
_ZN16ReleaseInstaller8instanceEv
_ZN16ReleaseInstaller6failedEv
_ZN16SPIScreenManager20showFirmwareRecoveryEv
_ZdlPvj
__cxa_pure_virtual
