ARM GAS  C:\Users\nicx5\AppData\Local\Temp\ccOvWQB6.s 			page 1


   1              		.cpu cortex-m7
   2              		.arch armv7e-m
   3              		.fpu fpv5-d16
   4              		.eabi_attribute 28, 1
   5              		.eabi_attribute 20, 1
   6              		.eabi_attribute 21, 1
   7              		.eabi_attribute 23, 3
   8              		.eabi_attribute 24, 1
   9              		.eabi_attribute 25, 1
  10              		.eabi_attribute 26, 1
  11              		.eabi_attribute 30, 1
  12              		.eabi_attribute 34, 1
  13              		.eabi_attribute 18, 4
  14              		.file	"spi_screen_main_list.cpp"
  15              		.text
  16              	.Ltext0:
  17              		.cfi_sections	.debug_frame
  18              		.file 1 "Src/display/screen_control/spi_screen_main_list.cpp"
  19              		.section	.text._Z23ScreenMain_FindMenuMetah,"ax",%progbits
  20              		.align	1
  21              		.global	_Z23ScreenMain_FindMenuMetah
  22              		.syntax unified
  23              		.thumb
  24              		.thumb_func
  26              	_Z23ScreenMain_FindMenuMetah:
  27              	.LVL0:
  28              	.LFB2165:
   1:Src/display/screen_control/spi_screen_main_list.cpp **** #include "screen_control/spi_screen_main_list.hpp"
   2:Src/display/screen_control/spi_screen_main_list.cpp **** #include "board_mode.hpp"
   3:Src/display/screen_control/spi_screen_main_list.cpp **** 
   4:Src/display/screen_control/spi_screen_main_list.cpp **** #include "screen_control/spi_screen_ui_common.hpp"
   5:Src/display/screen_control/spi_screen_main_list.cpp **** #include "screen_control/spi_screen_detail_render_helpers.hpp"
   6:Src/display/screen_control/spi_screen_main_list.cpp **** 
   7:Src/display/screen_control/spi_screen_main_list.cpp **** static const ScreenMenuMeta kMenuMeta[] = {
   8:Src/display/screen_control/spi_screen_main_list.cpp ****     {0, SCREEN_FEATURE_INPUT_MODE_SWITCH, "Platform"},
   9:Src/display/screen_control/spi_screen_main_list.cpp ****     {1, SCREEN_FEATURE_PROFILES_SWITCH, "Profiles"},
  10:Src/display/screen_control/spi_screen_main_list.cpp ****     {2, SCREEN_FEATURE_SOCD_MODE_SWITCH, "SOCD"},
  11:Src/display/screen_control/spi_screen_main_list.cpp ****     {3, SCREEN_FEATURE_TOURNAMENT_MODE_SWITCH, "Connection"},
  12:Src/display/screen_control/spi_screen_main_list.cpp ****     {11, SCREEN_FEATURE_BUTTONS_PERFORMANCE_QUICK_SET, "Performance"},
  13:Src/display/screen_control/spi_screen_main_list.cpp ****     {4, SCREEN_FEATURE_LED_BRIGHTNESS_ADJUST, "Light Brightness"},
  14:Src/display/screen_control/spi_screen_main_list.cpp ****     {5, SCREEN_FEATURE_LED_EFFECT_SWITCH, "Light Effect"},
  15:Src/display/screen_control/spi_screen_main_list.cpp ****     {6, SCREEN_FEATURE_AMBIENT_BRIGHTNESS_ADJUST, "Ambient Brightness"},
  16:Src/display/screen_control/spi_screen_main_list.cpp ****     {7, SCREEN_FEATURE_AMBIENT_EFFECT_SWITCH, "Ambient Effect"},
  17:Src/display/screen_control/spi_screen_main_list.cpp ****     {8, SCREEN_FEATURE_SCREEN_BRIGHTNESS_ADJUST, "Screen Brightness"},
  18:Src/display/screen_control/spi_screen_main_list.cpp ****     {9, SCREEN_FEATURE_WEB_CONFIG_ENTRY, "Web Config"},
  19:Src/display/screen_control/spi_screen_main_list.cpp ****     {10, SCREEN_FEATURE_CALIBRATION_MODE_SWITCH, "Calibration Mode"},
  20:Src/display/screen_control/spi_screen_main_list.cpp **** };
  21:Src/display/screen_control/spi_screen_main_list.cpp **** 
  22:Src/display/screen_control/spi_screen_main_list.cpp **** const ScreenMenuMeta* ScreenMain_FindMenuMeta(uint8_t id) {
  29              		.loc 1 22 59 view -0
  30              		.cfi_startproc
  31              		@ args = 0, pretend = 0, frame = 0
  32              		@ frame_needed = 0, uses_anonymous_args = 0
  33              		@ link register save eliminated.
  23:Src/display/screen_control/spi_screen_main_list.cpp ****     for (size_t i = 0; i < sizeof(kMenuMeta) / sizeof(kMenuMeta[0]); i++) {
  34              		.loc 1 23 5 view .LVU1
  35              	.LBB11:
ARM GAS  C:\Users\nicx5\AppData\Local\Temp\ccOvWQB6.s 			page 2


  36              		.loc 1 23 17 is_stmt 0 view .LVU2
  37 0000 0023     		movs	r3, #0
  38              	.LVL1:
  39              	.L2:
  40              		.loc 1 23 26 is_stmt 1 discriminator 1 view .LVU3
  41 0002 0B2B     		cmp	r3, #11
  42 0004 0DD8     		bhi	.L6
  24:Src/display/screen_control/spi_screen_main_list.cpp ****         if (kMenuMeta[i].id == id) return &kMenuMeta[i];
  43              		.loc 1 24 9 view .LVU4
  44              		.loc 1 24 26 is_stmt 0 view .LVU5
  45 0006 03EB4302 		add	r2, r3, r3, lsl #1
  46 000a 0749     		ldr	r1, .L8
  47 000c 11F82220 		ldrb	r2, [r1, r2, lsl #2]	@ zero_extendqisi2
  48              		.loc 1 24 9 view .LVU6
  49 0010 8242     		cmp	r2, r0
  50 0012 01D0     		beq	.L7
  23:Src/display/screen_control/spi_screen_main_list.cpp ****     for (size_t i = 0; i < sizeof(kMenuMeta) / sizeof(kMenuMeta[0]); i++) {
  51              		.loc 1 23 5 is_stmt 1 discriminator 2 view .LVU7
  52 0014 0133     		adds	r3, r3, #1
  53              	.LVL2:
  23:Src/display/screen_control/spi_screen_main_list.cpp ****     for (size_t i = 0; i < sizeof(kMenuMeta) / sizeof(kMenuMeta[0]); i++) {
  54              		.loc 1 23 5 is_stmt 0 discriminator 2 view .LVU8
  55 0016 F4E7     		b	.L2
  56              	.L7:
  57              		.loc 1 24 36 is_stmt 1 discriminator 1 view .LVU9
  58              		.loc 1 24 55 is_stmt 0 discriminator 1 view .LVU10
  59 0018 03EB4303 		add	r3, r3, r3, lsl #1
  60              	.LVL3:
  61              		.loc 1 24 55 discriminator 1 view .LVU11
  62 001c 01EB8300 		add	r0, r1, r3, lsl #2
  63              	.LVL4:
  64              		.loc 1 24 55 view .LVU12
  65 0020 7047     		bx	lr
  66              	.LVL5:
  67              	.L6:
  68              		.loc 1 24 55 view .LVU13
  69              	.LBE11:
  25:Src/display/screen_control/spi_screen_main_list.cpp ****     }
  26:Src/display/screen_control/spi_screen_main_list.cpp ****     return nullptr;
  70              		.loc 1 26 12 view .LVU14
  71 0022 0020     		movs	r0, #0
  72              	.LVL6:
  27:Src/display/screen_control/spi_screen_main_list.cpp **** }
  73              		.loc 1 27 1 view .LVU15
  74 0024 7047     		bx	lr
  75              	.L9:
  76 0026 00BF     		.align	2
  77              	.L8:
  78 0028 00000000 		.word	_ZL9kMenuMeta
  79              		.cfi_endproc
  80              	.LFE2165:
  82              		.section	.rodata._Z26ScreenMain_InputModeAbbrev9InputMode.str1.4,"aMS",%progbits,1
  83              		.align	2
  84              	.LC0:
  85 0000 505300   		.ascii	"PS\000"
  86 0003 00       		.align	2
  87              	.LC1:
ARM GAS  C:\Users\nicx5\AppData\Local\Temp\ccOvWQB6.s 			page 3


  88 0004 58626F78 		.ascii	"Xbox\000"
  88      00
  89 0009 000000   		.align	2
  90              	.LC2:
  91 000c 4E5300   		.ascii	"NS\000"
  92 000f 00       		.align	2
  93              	.LC3:
  94 0010 504300   		.ascii	"PC\000"
  95              		.section	.text._Z26ScreenMain_InputModeAbbrev9InputMode,"ax",%progbits
  96              		.align	1
  97              		.global	_Z26ScreenMain_InputModeAbbrev9InputMode
  98              		.syntax unified
  99              		.thumb
 100              		.thumb_func
 102              	_Z26ScreenMain_InputModeAbbrev9InputMode:
 103              	.LVL7:
 104              	.LFB2166:
  28:Src/display/screen_control/spi_screen_main_list.cpp **** 
  29:Src/display/screen_control/spi_screen_main_list.cpp **** const char* ScreenMain_InputModeAbbrev(InputMode mode) {
 105              		.loc 1 29 56 is_stmt 1 view -0
 106              		.cfi_startproc
 107              		@ args = 0, pretend = 0, frame = 0
 108              		@ frame_needed = 0, uses_anonymous_args = 0
 109              		@ link register save eliminated.
  30:Src/display/screen_control/spi_screen_main_list.cpp ****     switch (mode) {
 110              		.loc 1 30 5 view .LVU17
 111 0000 0328     		cmp	r0, #3
 112 0002 0CD0     		beq	.L13
 113 0004 07D8     		bhi	.L12
 114 0006 0138     		subs	r0, r0, #1
 115              	.LVL8:
 116              		.loc 1 30 5 is_stmt 0 view .LVU18
 117 0008 C0B2     		uxtb	r0, r0
 118              	.LVL9:
 119              		.loc 1 30 5 view .LVU19
 120 000a 0128     		cmp	r0, #1
 121 000c 01D8     		bhi	.L16
 122 000e 0648     		ldr	r0, .L17
 123 0010 7047     		bx	lr
 124              	.L16:
  31:Src/display/screen_control/spi_screen_main_list.cpp ****         case InputMode::INPUT_MODE_PS4:
  32:Src/display/screen_control/spi_screen_main_list.cpp ****         case InputMode::INPUT_MODE_PS5:
  33:Src/display/screen_control/spi_screen_main_list.cpp ****             return "PS";
  34:Src/display/screen_control/spi_screen_main_list.cpp ****         case InputMode::INPUT_MODE_XBOX:
  35:Src/display/screen_control/spi_screen_main_list.cpp ****             return "Xbox";
  36:Src/display/screen_control/spi_screen_main_list.cpp ****         case InputMode::INPUT_MODE_SWITCH:
  37:Src/display/screen_control/spi_screen_main_list.cpp ****             return "NS";
  38:Src/display/screen_control/spi_screen_main_list.cpp ****         case InputMode::INPUT_MODE_XINPUT:
  39:Src/display/screen_control/spi_screen_main_list.cpp ****         default:
  40:Src/display/screen_control/spi_screen_main_list.cpp ****             return "PC";
 125              		.loc 1 40 20 view .LVU20
 126 0012 0648     		ldr	r0, .L17+4
 127 0014 7047     		bx	lr
 128              	.LVL10:
 129              	.L12:
  30:Src/display/screen_control/spi_screen_main_list.cpp ****     switch (mode) {
 130              		.loc 1 30 5 view .LVU21
ARM GAS  C:\Users\nicx5\AppData\Local\Temp\ccOvWQB6.s 			page 4


 131 0016 0428     		cmp	r0, #4
 132 0018 03D1     		bne	.L15
  35:Src/display/screen_control/spi_screen_main_list.cpp ****         case InputMode::INPUT_MODE_SWITCH:
 133              		.loc 1 35 20 view .LVU22
 134 001a 0548     		ldr	r0, .L17+8
 135              	.LVL11:
  35:Src/display/screen_control/spi_screen_main_list.cpp ****         case InputMode::INPUT_MODE_SWITCH:
 136              		.loc 1 35 20 view .LVU23
 137 001c 7047     		bx	lr
 138              	.LVL12:
 139              	.L13:
  37:Src/display/screen_control/spi_screen_main_list.cpp ****         case InputMode::INPUT_MODE_XINPUT:
 140              		.loc 1 37 20 view .LVU24
 141 001e 0548     		ldr	r0, .L17+12
 142              	.LVL13:
  37:Src/display/screen_control/spi_screen_main_list.cpp ****         case InputMode::INPUT_MODE_XINPUT:
 143              		.loc 1 37 20 view .LVU25
 144 0020 7047     		bx	lr
 145              	.LVL14:
 146              	.L15:
 147              		.loc 1 40 20 view .LVU26
 148 0022 0248     		ldr	r0, .L17+4
 149              	.LVL15:
  41:Src/display/screen_control/spi_screen_main_list.cpp ****     }
  42:Src/display/screen_control/spi_screen_main_list.cpp **** }
 150              		.loc 1 42 1 view .LVU27
 151 0024 7047     		bx	lr
 152              	.L18:
 153 0026 00BF     		.align	2
 154              	.L17:
 155 0028 00000000 		.word	.LC0
 156 002c 10000000 		.word	.LC3
 157 0030 04000000 		.word	.LC1
 158 0034 0C000000 		.word	.LC2
 159              		.cfi_endproc
 160              	.LFE2166:
 162              		.section	.text._Z25ScreenMain_RebuildMenuIdsRK19ScreenControlConfigPhh,"ax",%progbits
 163              		.align	1
 164              		.global	_Z25ScreenMain_RebuildMenuIdsRK19ScreenControlConfigPhh
 165              		.syntax unified
 166              		.thumb
 167              		.thumb_func
 169              	_Z25ScreenMain_RebuildMenuIdsRK19ScreenControlConfigPhh:
 170              	.LVL16:
 171              	.LFB2167:
  43:Src/display/screen_control/spi_screen_main_list.cpp **** 
  44:Src/display/screen_control/spi_screen_main_list.cpp **** uint8_t ScreenMain_RebuildMenuIds(const ScreenControlConfig& sc, uint8_t* outIds, uint8_t outCap) {
 172              		.loc 1 44 99 is_stmt 1 view -0
 173              		.cfi_startproc
 174              		@ args = 0, pretend = 0, frame = 32
 175              		@ frame_needed = 0, uses_anonymous_args = 0
 176              		.loc 1 44 99 is_stmt 0 view .LVU29
 177 0000 2DE9F04F 		push	{r4, r5, r6, r7, r8, r9, r10, fp, lr}
 178              	.LCFI0:
 179              		.cfi_def_cfa_offset 36
 180              		.cfi_offset 4, -36
 181              		.cfi_offset 5, -32
ARM GAS  C:\Users\nicx5\AppData\Local\Temp\ccOvWQB6.s 			page 5


 182              		.cfi_offset 6, -28
 183              		.cfi_offset 7, -24
 184              		.cfi_offset 8, -20
 185              		.cfi_offset 9, -16
 186              		.cfi_offset 10, -12
 187              		.cfi_offset 11, -8
 188              		.cfi_offset 14, -4
 189 0004 89B0     		sub	sp, sp, #36
 190              	.LCFI1:
 191              		.cfi_def_cfa_offset 72
  45:Src/display/screen_control/spi_screen_main_list.cpp ****     if (!outIds || outCap == 0) return 0;
 192              		.loc 1 45 5 is_stmt 1 view .LVU30
 193 0006 002A     		cmp	r2, #0
 194 0008 18BF     		it	ne
 195 000a 0029     		cmpne	r1, #0
 196 000c 0CBF     		ite	eq
 197 000e 4FF00108 		moveq	r8, #1
 198 0012 4FF00008 		movne	r8, #0
 199 0016 6AD0     		beq	.L32
 200 0018 0746     		mov	r7, r0
 201 001a 8B46     		mov	fp, r1
 202 001c 9146     		mov	r9, r2
  46:Src/display/screen_control/spi_screen_main_list.cpp ****     uint8_t count = 0;
 203              		.loc 1 46 5 view .LVU31
 204              	.LVL17:
  47:Src/display/screen_control/spi_screen_main_list.cpp ****     const uint32_t mask = sc.featuresMask;
 205              		.loc 1 47 5 view .LVU32
 206              		.loc 1 47 20 is_stmt 0 view .LVU33
 207 001e D0F830A0 		ldr	r10, [r0, #48]
 208              	.LVL18:
  48:Src/display/screen_control/spi_screen_main_list.cpp ****     const bool webConfigAllowed = BOARD_MODE.isWebConfigAllowed();
 209              		.loc 1 48 5 is_stmt 1 view .LVU34
 210              	.LBB12:
 211              	.LBI12:
 212              		.file 2 "Inc/system/board_mode.hpp"
   1:Inc/system/board_mode.hpp **** #ifndef BOARD_MODE_HPP
   2:Inc/system/board_mode.hpp **** #define BOARD_MODE_HPP
   3:Inc/system/board_mode.hpp **** 
   4:Inc/system/board_mode.hpp **** #include <stdint.h>
   5:Inc/system/board_mode.hpp **** 
   6:Inc/system/board_mode.hpp **** enum class BoardMode : uint8_t {
   7:Inc/system/board_mode.hpp ****     Usb = 0,
   8:Inc/system/board_mode.hpp ****     Rf = 1,
   9:Inc/system/board_mode.hpp ****     CenterOff = 2,
  10:Inc/system/board_mode.hpp ****     Fault = 3,
  11:Inc/system/board_mode.hpp **** };
  12:Inc/system/board_mode.hpp **** 
  13:Inc/system/board_mode.hpp **** class BoardModeManager {
  14:Inc/system/board_mode.hpp **** public:
  15:Inc/system/board_mode.hpp ****     BoardModeManager(const BoardModeManager&) = delete;
  16:Inc/system/board_mode.hpp ****     BoardModeManager& operator=(const BoardModeManager&) = delete;
  17:Inc/system/board_mode.hpp **** 
  18:Inc/system/board_mode.hpp ****     static BoardModeManager& getInstance()
  19:Inc/system/board_mode.hpp ****     {
  20:Inc/system/board_mode.hpp ****         static BoardModeManager instance;
  21:Inc/system/board_mode.hpp ****         return instance;
  22:Inc/system/board_mode.hpp ****     }
ARM GAS  C:\Users\nicx5\AppData\Local\Temp\ccOvWQB6.s 			page 6


  23:Inc/system/board_mode.hpp **** 
  24:Inc/system/board_mode.hpp ****     void setup();
  25:Inc/system/board_mode.hpp ****     void update(uint32_t nowMs);
  26:Inc/system/board_mode.hpp ****     BoardMode current() const { return stableMode; }
  27:Inc/system/board_mode.hpp ****     bool isStable() const { return stable; }
  28:Inc/system/board_mode.hpp ****     bool isWebConfigAllowed() const { return stable && stableMode == BoardMode::Usb; }
 213              		.loc 2 28 10 view .LVU35
 214              	.LBB13:
 215              		.loc 2 28 39 view .LVU36
 216              		.loc 2 28 46 is_stmt 0 view .LVU37
 217 0022 354B     		ldr	r3, .L39
 218 0024 1B7A     		ldrb	r3, [r3, #8]	@ zero_extendqisi2
 219              		.loc 2 28 53 view .LVU38
 220 0026 1BB1     		cbz	r3, .L21
 221              		.loc 2 28 56 discriminator 1 view .LVU39
 222 0028 334A     		ldr	r2, .L39
 223              	.LVL19:
 224              		.loc 2 28 56 discriminator 1 view .LVU40
 225 002a 1278     		ldrb	r2, [r2]	@ zero_extendqisi2
 226              		.loc 2 28 53 discriminator 1 view .LVU41
 227 002c 02B9     		cbnz	r2, .L21
 228              		.loc 2 28 53 discriminator 3 view .LVU42
 229 002e 9846     		mov	r8, r3
 230              	.L21:
 231              	.LVL20:
 232              		.loc 2 28 53 discriminator 3 view .LVU43
 233              	.LBE13:
 234              	.LBE12:
  49:Src/display/screen_control/spi_screen_main_list.cpp ****     bool seen[32] = {false};
 235              		.loc 1 49 5 is_stmt 1 view .LVU44
 236              		.loc 1 49 10 is_stmt 0 view .LVU45
 237 0030 2022     		movs	r2, #32
 238 0032 0021     		movs	r1, #0
 239              	.LVL21:
 240              		.loc 1 49 10 view .LVU46
 241 0034 6846     		mov	r0, sp
 242              	.LVL22:
 243              		.loc 1 49 10 view .LVU47
 244 0036 FFF7FEFF 		bl	memset
 245              	.LVL23:
  50:Src/display/screen_control/spi_screen_main_list.cpp **** 
  51:Src/display/screen_control/spi_screen_main_list.cpp ****     for (uint32_t i = 0; i < SCREEN_FEATURE_COUNT; i++) {
 246              		.loc 1 51 5 is_stmt 1 view .LVU48
 247              	.LBB14:
 248              		.loc 1 51 19 is_stmt 0 view .LVU49
 249 003a 0024     		movs	r4, #0
 250              	.LBE14:
  46:Src/display/screen_control/spi_screen_main_list.cpp ****     const uint32_t mask = sc.featuresMask;
 251              		.loc 1 46 13 view .LVU50
 252 003c 2646     		mov	r6, r4
 253              	.LBB17:
 254              		.loc 1 51 5 view .LVU51
 255 003e 0AE0     		b	.L22
 256              	.LVL24:
 257              	.L37:
 258              	.LBB15:
  52:Src/display/screen_control/spi_screen_main_list.cpp ****         uint8_t id = sc.featuresOrder[i];
ARM GAS  C:\Users\nicx5\AppData\Local\Temp\ccOvWQB6.s 			page 7


  53:Src/display/screen_control/spi_screen_main_list.cpp ****         const ScreenMenuMeta* meta = ScreenMain_FindMenuMeta(id);
  54:Src/display/screen_control/spi_screen_main_list.cpp ****         if (!meta) continue;
  55:Src/display/screen_control/spi_screen_main_list.cpp ****         if (meta->bit == SCREEN_FEATURE_WEB_CONFIG_ENTRY && !webConfigAllowed) continue;
 259              		.loc 1 55 58 discriminator 1 view .LVU52
 260 0040 B8F1000F 		cmp	r8, #0
 261 0044 15D1     		bne	.L24
 262 0046 05E0     		b	.L23
 263              	.L25:
  56:Src/display/screen_control/spi_screen_main_list.cpp ****         if ((mask & meta->bit) == 0) continue;
  57:Src/display/screen_control/spi_screen_main_list.cpp ****         if (id < (uint8_t)(sizeof(seen) / sizeof(seen[0])) && seen[id]) continue;
  58:Src/display/screen_control/spi_screen_main_list.cpp ****         if (id < (uint8_t)(sizeof(seen) / sizeof(seen[0]))) seen[id] = true;
  59:Src/display/screen_control/spi_screen_main_list.cpp ****         if (count < outCap) outIds[count++] = id;
 264              		.loc 1 59 9 is_stmt 1 view .LVU53
 265 0048 4E45     		cmp	r6, r9
 266 004a 03D2     		bcs	.L23
 267              		.loc 1 59 29 discriminator 1 view .LVU54
 268              		.loc 1 59 41 is_stmt 0 discriminator 1 view .LVU55
 269 004c 731C     		adds	r3, r6, #1
 270              	.LVL25:
 271              		.loc 1 59 45 discriminator 1 view .LVU56
 272 004e 0BF80650 		strb	r5, [fp, r6]
 273              		.loc 1 59 41 discriminator 1 view .LVU57
 274 0052 DEB2     		uxtb	r6, r3
 275              	.LVL26:
 276              	.L23:
 277              		.loc 1 59 41 discriminator 1 view .LVU58
 278              	.LBE15:
  51:Src/display/screen_control/spi_screen_main_list.cpp ****         uint8_t id = sc.featuresOrder[i];
 279              		.loc 1 51 5 is_stmt 1 discriminator 2 view .LVU59
 280 0054 0134     		adds	r4, r4, #1
 281              	.LVL27:
 282              	.L22:
  51:Src/display/screen_control/spi_screen_main_list.cpp ****         uint8_t id = sc.featuresOrder[i];
 283              		.loc 1 51 28 discriminator 1 view .LVU60
 284 0056 0B2C     		cmp	r4, #11
 285 0058 1ED8     		bhi	.L36
 286              	.LBB16:
  52:Src/display/screen_control/spi_screen_main_list.cpp ****         uint8_t id = sc.featuresOrder[i];
 287              		.loc 1 52 9 view .LVU61
  52:Src/display/screen_control/spi_screen_main_list.cpp ****         uint8_t id = sc.featuresOrder[i];
 288              		.loc 1 52 17 is_stmt 0 view .LVU62
 289 005a 3B19     		adds	r3, r7, r4
 290 005c 93F83450 		ldrb	r5, [r3, #52]	@ zero_extendqisi2
 291              	.LVL28:
  53:Src/display/screen_control/spi_screen_main_list.cpp ****         if (!meta) continue;
 292              		.loc 1 53 9 is_stmt 1 view .LVU63
  53:Src/display/screen_control/spi_screen_main_list.cpp ****         if (!meta) continue;
 293              		.loc 1 53 61 is_stmt 0 view .LVU64
 294 0060 2846     		mov	r0, r5
 295 0062 FFF7FEFF 		bl	_Z23ScreenMain_FindMenuMetah
 296              	.LVL29:
  54:Src/display/screen_control/spi_screen_main_list.cpp ****         if (meta->bit == SCREEN_FEATURE_WEB_CONFIG_ENTRY && !webConfigAllowed) continue;
 297              		.loc 1 54 9 is_stmt 1 view .LVU65
 298 0066 0028     		cmp	r0, #0
 299 0068 F4D0     		beq	.L23
  55:Src/display/screen_control/spi_screen_main_list.cpp ****         if ((mask & meta->bit) == 0) continue;
 300              		.loc 1 55 9 view .LVU66
ARM GAS  C:\Users\nicx5\AppData\Local\Temp\ccOvWQB6.s 			page 8


  55:Src/display/screen_control/spi_screen_main_list.cpp ****         if ((mask & meta->bit) == 0) continue;
 301              		.loc 1 55 19 is_stmt 0 view .LVU67
 302 006a 4368     		ldr	r3, [r0, #4]
  55:Src/display/screen_control/spi_screen_main_list.cpp ****         if ((mask & meta->bit) == 0) continue;
 303              		.loc 1 55 9 view .LVU68
 304 006c B3F5007F 		cmp	r3, #512
 305 0070 E6D0     		beq	.L37
 306              	.L24:
  56:Src/display/screen_control/spi_screen_main_list.cpp ****         if (id < (uint8_t)(sizeof(seen) / sizeof(seen[0])) && seen[id]) continue;
 307              		.loc 1 56 9 is_stmt 1 view .LVU69
 308 0072 13EA0A0F 		tst	r3, r10
 309 0076 EDD0     		beq	.L23
  57:Src/display/screen_control/spi_screen_main_list.cpp ****         if (id < (uint8_t)(sizeof(seen) / sizeof(seen[0]))) seen[id] = true;
 310              		.loc 1 57 9 view .LVU70
 311 0078 1F2D     		cmp	r5, #31
 312 007a E5D8     		bhi	.L25
  57:Src/display/screen_control/spi_screen_main_list.cpp ****         if (id < (uint8_t)(sizeof(seen) / sizeof(seen[0]))) seen[id] = true;
 313              		.loc 1 57 70 is_stmt 0 discriminator 1 view .LVU71
 314 007c 05F12003 		add	r3, r5, #32
 315 0080 6B44     		add	r3, sp, r3
 316 0082 13F8203C 		ldrb	r3, [r3, #-32]	@ zero_extendqisi2
  57:Src/display/screen_control/spi_screen_main_list.cpp ****         if (id < (uint8_t)(sizeof(seen) / sizeof(seen[0]))) seen[id] = true;
 317              		.loc 1 57 60 discriminator 1 view .LVU72
 318 0086 002B     		cmp	r3, #0
 319 0088 E4D1     		bne	.L23
  58:Src/display/screen_control/spi_screen_main_list.cpp ****         if (count < outCap) outIds[count++] = id;
 320              		.loc 1 58 9 is_stmt 1 view .LVU73
  58:Src/display/screen_control/spi_screen_main_list.cpp ****         if (count < outCap) outIds[count++] = id;
 321              		.loc 1 58 61 discriminator 1 view .LVU74
  58:Src/display/screen_control/spi_screen_main_list.cpp ****         if (count < outCap) outIds[count++] = id;
 322              		.loc 1 58 70 is_stmt 0 discriminator 1 view .LVU75
 323 008a 0122     		movs	r2, #1
 324 008c 05F12003 		add	r3, r5, #32
 325 0090 6B44     		add	r3, sp, r3
 326 0092 03F8202C 		strb	r2, [r3, #-32]
 327 0096 D7E7     		b	.L25
 328              	.LVL30:
 329              	.L36:
  58:Src/display/screen_control/spi_screen_main_list.cpp ****         if (count < outCap) outIds[count++] = id;
 330              		.loc 1 58 70 discriminator 1 view .LVU76
 331              	.LBE16:
 332              	.LBE17:
  60:Src/display/screen_control/spi_screen_main_list.cpp ****     }
  61:Src/display/screen_control/spi_screen_main_list.cpp **** 
  62:Src/display/screen_control/spi_screen_main_list.cpp ****     if (count == 0) {
 333              		.loc 1 62 5 is_stmt 1 view .LVU77
 334              	.LBB18:
 335 0098 56BB     		cbnz	r6, .L20
 336              	.LBB19:
  63:Src/display/screen_control/spi_screen_main_list.cpp ****         for (size_t i = 0; i < sizeof(kMenuMeta) / sizeof(kMenuMeta[0]); i++) {
 337              		.loc 1 63 21 is_stmt 0 view .LVU78
 338 009a 0023     		movs	r3, #0
 339 009c 0AE0     		b	.L27
 340              	.LVL31:
 341              	.L38:
 342              	.LBB20:
  64:Src/display/screen_control/spi_screen_main_list.cpp ****             uint8_t id = kMenuMeta[i].id;
ARM GAS  C:\Users\nicx5\AppData\Local\Temp\ccOvWQB6.s 			page 9


  65:Src/display/screen_control/spi_screen_main_list.cpp ****             if (kMenuMeta[i].bit == SCREEN_FEATURE_WEB_CONFIG_ENTRY && !webConfigAllowed) continue;
 343              		.loc 1 65 69 discriminator 1 view .LVU79
 344 009e B8F1000F 		cmp	r8, #0
 345 00a2 14D1     		bne	.L28
 346 00a4 05E0     		b	.L29
 347              	.L30:
  66:Src/display/screen_control/spi_screen_main_list.cpp ****             if (id < (uint8_t)(sizeof(seen) / sizeof(seen[0])) && seen[id]) continue;
  67:Src/display/screen_control/spi_screen_main_list.cpp ****             if (id < (uint8_t)(sizeof(seen) / sizeof(seen[0]))) seen[id] = true;
  68:Src/display/screen_control/spi_screen_main_list.cpp ****             if (count < outCap) outIds[count++] = kMenuMeta[i].id;
 348              		.loc 1 68 13 is_stmt 1 view .LVU80
 349 00a6 4E45     		cmp	r6, r9
 350 00a8 03D2     		bcs	.L29
 351              		.loc 1 68 33 discriminator 1 view .LVU81
 352              		.loc 1 68 45 is_stmt 0 discriminator 1 view .LVU82
 353 00aa 711C     		adds	r1, r6, #1
 354              	.LVL32:
 355              		.loc 1 68 49 discriminator 1 view .LVU83
 356 00ac 0BF80620 		strb	r2, [fp, r6]
 357              		.loc 1 68 45 discriminator 1 view .LVU84
 358 00b0 CEB2     		uxtb	r6, r1
 359              	.LVL33:
 360              	.L29:
 361              		.loc 1 68 45 discriminator 1 view .LVU85
 362              	.LBE20:
  63:Src/display/screen_control/spi_screen_main_list.cpp ****             uint8_t id = kMenuMeta[i].id;
 363              		.loc 1 63 9 is_stmt 1 discriminator 2 view .LVU86
 364 00b2 0133     		adds	r3, r3, #1
 365              	.LVL34:
 366              	.L27:
  63:Src/display/screen_control/spi_screen_main_list.cpp ****             uint8_t id = kMenuMeta[i].id;
 367              		.loc 1 63 30 discriminator 1 view .LVU87
 368 00b4 0B2B     		cmp	r3, #11
 369 00b6 1BD8     		bhi	.L20
 370              	.LBB21:
  64:Src/display/screen_control/spi_screen_main_list.cpp ****             uint8_t id = kMenuMeta[i].id;
 371              		.loc 1 64 13 view .LVU88
  64:Src/display/screen_control/spi_screen_main_list.cpp ****             uint8_t id = kMenuMeta[i].id;
 372              		.loc 1 64 21 is_stmt 0 view .LVU89
 373 00b8 104A     		ldr	r2, .L39+4
 374 00ba 03EB4301 		add	r1, r3, r3, lsl #1
 375 00be 02EB8100 		add	r0, r2, r1, lsl #2
 376 00c2 12F82120 		ldrb	r2, [r2, r1, lsl #2]	@ zero_extendqisi2
 377              	.LVL35:
  65:Src/display/screen_control/spi_screen_main_list.cpp ****             if (id < (uint8_t)(sizeof(seen) / sizeof(seen[0])) && seen[id]) continue;
 378              		.loc 1 65 13 is_stmt 1 view .LVU90
  65:Src/display/screen_control/spi_screen_main_list.cpp ****             if (id < (uint8_t)(sizeof(seen) / sizeof(seen[0])) && seen[id]) continue;
 379              		.loc 1 65 30 is_stmt 0 view .LVU91
 380 00c6 4168     		ldr	r1, [r0, #4]
  65:Src/display/screen_control/spi_screen_main_list.cpp ****             if (id < (uint8_t)(sizeof(seen) / sizeof(seen[0])) && seen[id]) continue;
 381              		.loc 1 65 13 view .LVU92
 382 00c8 B1F5007F 		cmp	r1, #512
 383 00cc E7D0     		beq	.L38
 384              	.L28:
  66:Src/display/screen_control/spi_screen_main_list.cpp ****             if (id < (uint8_t)(sizeof(seen) / sizeof(seen[0])) && seen[id]) continue;
 385              		.loc 1 66 13 is_stmt 1 view .LVU93
 386 00ce 1F2A     		cmp	r2, #31
 387 00d0 E9D8     		bhi	.L30
ARM GAS  C:\Users\nicx5\AppData\Local\Temp\ccOvWQB6.s 			page 10


  66:Src/display/screen_control/spi_screen_main_list.cpp ****             if (id < (uint8_t)(sizeof(seen) / sizeof(seen[0])) && seen[id]) continue;
 388              		.loc 1 66 74 is_stmt 0 discriminator 1 view .LVU94
 389 00d2 02F12001 		add	r1, r2, #32
 390 00d6 6944     		add	r1, sp, r1
 391 00d8 11F8201C 		ldrb	r1, [r1, #-32]	@ zero_extendqisi2
  66:Src/display/screen_control/spi_screen_main_list.cpp ****             if (id < (uint8_t)(sizeof(seen) / sizeof(seen[0])) && seen[id]) continue;
 392              		.loc 1 66 64 discriminator 1 view .LVU95
 393 00dc 0029     		cmp	r1, #0
 394 00de E8D1     		bne	.L29
  67:Src/display/screen_control/spi_screen_main_list.cpp ****             if (count < outCap) outIds[count++] = kMenuMeta[i].id;
 395              		.loc 1 67 13 is_stmt 1 view .LVU96
  67:Src/display/screen_control/spi_screen_main_list.cpp ****             if (count < outCap) outIds[count++] = kMenuMeta[i].id;
 396              		.loc 1 67 65 discriminator 1 view .LVU97
  67:Src/display/screen_control/spi_screen_main_list.cpp ****             if (count < outCap) outIds[count++] = kMenuMeta[i].id;
 397              		.loc 1 67 74 is_stmt 0 discriminator 1 view .LVU98
 398 00e0 0120     		movs	r0, #1
 399 00e2 02F12001 		add	r1, r2, #32
 400 00e6 6944     		add	r1, sp, r1
 401 00e8 01F8200C 		strb	r0, [r1, #-32]
 402 00ec DBE7     		b	.L30
 403              	.LVL36:
 404              	.L32:
  67:Src/display/screen_control/spi_screen_main_list.cpp ****             if (count < outCap) outIds[count++] = kMenuMeta[i].id;
 405              		.loc 1 67 74 discriminator 1 view .LVU99
 406              	.LBE21:
 407              	.LBE19:
 408              	.LBE18:
  45:Src/display/screen_control/spi_screen_main_list.cpp ****     uint8_t count = 0;
 409              		.loc 1 45 40 discriminator 1 view .LVU100
 410 00ee 0026     		movs	r6, #0
 411              	.LVL37:
 412              	.L20:
  69:Src/display/screen_control/spi_screen_main_list.cpp ****         }
  70:Src/display/screen_control/spi_screen_main_list.cpp ****     }
  71:Src/display/screen_control/spi_screen_main_list.cpp ****     return count;
  72:Src/display/screen_control/spi_screen_main_list.cpp **** }
 413              		.loc 1 72 1 view .LVU101
 414 00f0 3046     		mov	r0, r6
 415 00f2 09B0     		add	sp, sp, #36
 416              	.LCFI2:
 417              		.cfi_def_cfa_offset 36
 418              		@ sp needed
 419 00f4 BDE8F08F 		pop	{r4, r5, r6, r7, r8, r9, r10, fp, pc}
 420              	.L40:
 421              		.align	2
 422              	.L39:
 423 00f8 00000000 		.word	_ZZN16BoardModeManager11getInstanceEvE8instance
 424 00fc 00000000 		.word	_ZL9kMenuMeta
 425              		.cfi_endproc
 426              	.LFE2167:
 428              		.section	.rodata._Z21ScreenMain_RenderListP13ST7789_HandleRK13ScreenUiStylePKhhhbimm.str1.4,"aMS",
 429              		.align	2
 430              	.LC4:
 431 0000 00       		.ascii	"\000"
 432              		.section	.text._Z21ScreenMain_RenderListP13ST7789_HandleRK13ScreenUiStylePKhhhbimm,"ax",%progbits
 433              		.align	1
 434              		.global	_Z21ScreenMain_RenderListP13ST7789_HandleRK13ScreenUiStylePKhhhbimm
ARM GAS  C:\Users\nicx5\AppData\Local\Temp\ccOvWQB6.s 			page 11


 435              		.syntax unified
 436              		.thumb
 437              		.thumb_func
 439              	_Z21ScreenMain_RenderListP13ST7789_HandleRK13ScreenUiStylePKhhhbimm:
 440              	.LVL38:
 441              	.LFB2168:
  73:Src/display/screen_control/spi_screen_main_list.cpp **** 
  74:Src/display/screen_control/spi_screen_main_list.cpp **** void ScreenMain_RenderList(ST7789_Handle* lcd,
  75:Src/display/screen_control/spi_screen_main_list.cpp ****                            const ScreenUiStyle& style,
  76:Src/display/screen_control/spi_screen_main_list.cpp ****                            const uint8_t* menuIds,
  77:Src/display/screen_control/spi_screen_main_list.cpp ****                            uint8_t menuCount,
  78:Src/display/screen_control/spi_screen_main_list.cpp ****                            uint8_t menuIndex,
  79:Src/display/screen_control/spi_screen_main_list.cpp ****                            bool animActive,
  80:Src/display/screen_control/spi_screen_main_list.cpp ****                            int animDir,
  81:Src/display/screen_control/spi_screen_main_list.cpp ****                            uint32_t animStartMs,
  82:Src/display/screen_control/spi_screen_main_list.cpp ****                            uint32_t nowMs) {
 442              		.loc 1 82 44 is_stmt 1 view -0
 443              		.cfi_startproc
 444              		@ args = 20, pretend = 0, frame = 128
 445              		@ frame_needed = 0, uses_anonymous_args = 0
 446              		.loc 1 82 44 is_stmt 0 view .LVU103
 447 0000 2DE9F043 		push	{r4, r5, r6, r7, r8, r9, lr}
 448              	.LCFI3:
 449              		.cfi_def_cfa_offset 28
 450              		.cfi_offset 4, -28
 451              		.cfi_offset 5, -24
 452              		.cfi_offset 6, -20
 453              		.cfi_offset 7, -16
 454              		.cfi_offset 8, -12
 455              		.cfi_offset 9, -8
 456              		.cfi_offset 14, -4
 457 0004 ABB0     		sub	sp, sp, #172
 458              	.LCFI4:
 459              		.cfi_def_cfa_offset 200
 460 0006 9DF8C880 		ldrb	r8, [sp, #200]	@ zero_extendqisi2
  83:Src/display/screen_control/spi_screen_main_list.cpp ****     if (!lcd || !menuIds || menuCount == 0) return;
 461              		.loc 1 83 5 is_stmt 1 view .LVU104
 462 000a 002A     		cmp	r2, #0
 463 000c 18BF     		it	ne
 464 000e 0028     		cmpne	r0, #0
 465 0010 3BD0     		beq	.L41
 466 0012 0F46     		mov	r7, r1
 467 0014 1D46     		mov	r5, r3
 468 0016 8146     		mov	r9, r0
 469 0018 1646     		mov	r6, r2
 470              		.loc 1 83 26 is_stmt 0 discriminator 2 view .LVU105
 471 001a 002B     		cmp	r3, #0
 472 001c 35D0     		beq	.L41
  84:Src/display/screen_control/spi_screen_main_list.cpp ****     const char* labels[32] = {0};
 473              		.loc 1 84 5 is_stmt 1 view .LVU106
 474              		.loc 1 84 17 is_stmt 0 view .LVU107
 475 001e 8022     		movs	r2, #128
 476              	.LVL39:
 477              		.loc 1 84 17 view .LVU108
 478 0020 0021     		movs	r1, #0
 479              	.LVL40:
 480              		.loc 1 84 17 view .LVU109
ARM GAS  C:\Users\nicx5\AppData\Local\Temp\ccOvWQB6.s 			page 12


 481 0022 0AA8     		add	r0, sp, #40
 482              	.LVL41:
 483              		.loc 1 84 17 view .LVU110
 484 0024 FFF7FEFF 		bl	memset
 485              	.LVL42:
  85:Src/display/screen_control/spi_screen_main_list.cpp ****     uint8_t renderCount = menuCount;
 486              		.loc 1 85 5 is_stmt 1 view .LVU111
  86:Src/display/screen_control/spi_screen_main_list.cpp ****     if (renderCount > (uint8_t)(sizeof(labels) / sizeof(labels[0]))) renderCount = (uint8_t)(sizeof
 487              		.loc 1 86 5 view .LVU112
 488 0028 202D     		cmp	r5, #32
 489 002a 00D9     		bls	.L45
 490              		.loc 1 86 82 is_stmt 0 discriminator 1 view .LVU113
 491 002c 2025     		movs	r5, #32
 492              	.LVL43:
 493              	.L45:
  87:Src/display/screen_control/spi_screen_main_list.cpp ****     for (uint8_t i = 0; i < renderCount; i++) {
 494              		.loc 1 87 5 is_stmt 1 view .LVU114
 495              	.LBB22:
 496              		.loc 1 87 18 is_stmt 0 view .LVU115
 497 002e 0024     		movs	r4, #0
 498              		.loc 1 87 5 view .LVU116
 499 0030 07E0     		b	.L46
 500              	.LVL44:
 501              	.L50:
 502              	.LBB23:
  88:Src/display/screen_control/spi_screen_main_list.cpp ****         const ScreenMenuMeta* meta = ScreenMain_FindMenuMeta(menuIds[i]);
  89:Src/display/screen_control/spi_screen_main_list.cpp ****         labels[i] = (meta && meta->label) ? meta->label : "";
 503              		.loc 1 89 43 discriminator 4 view .LVU117
 504 0032 174A     		ldr	r2, .L53
 505              	.L47:
 506              		.loc 1 89 19 discriminator 6 view .LVU118
 507 0034 2AAB     		add	r3, sp, #168
 508 0036 03EB8403 		add	r3, r3, r4, lsl #2
 509 003a 43F8802C 		str	r2, [r3, #-128]
 510              	.LBE23:
  87:Src/display/screen_control/spi_screen_main_list.cpp ****     for (uint8_t i = 0; i < renderCount; i++) {
 511              		.loc 1 87 5 is_stmt 1 discriminator 2 view .LVU119
 512 003e 0134     		adds	r4, r4, #1
 513              	.LVL45:
  87:Src/display/screen_control/spi_screen_main_list.cpp ****     for (uint8_t i = 0; i < renderCount; i++) {
 514              		.loc 1 87 5 is_stmt 0 discriminator 2 view .LVU120
 515 0040 E4B2     		uxtb	r4, r4
 516              	.LVL46:
 517              	.L46:
  87:Src/display/screen_control/spi_screen_main_list.cpp ****     for (uint8_t i = 0; i < renderCount; i++) {
 518              		.loc 1 87 27 is_stmt 1 discriminator 1 view .LVU121
 519 0042 A542     		cmp	r5, r4
 520 0044 09D9     		bls	.L52
 521              	.LBB24:
  88:Src/display/screen_control/spi_screen_main_list.cpp ****         const ScreenMenuMeta* meta = ScreenMain_FindMenuMeta(menuIds[i]);
 522              		.loc 1 88 9 view .LVU122
  88:Src/display/screen_control/spi_screen_main_list.cpp ****         const ScreenMenuMeta* meta = ScreenMain_FindMenuMeta(menuIds[i]);
 523              		.loc 1 88 61 is_stmt 0 view .LVU123
 524 0046 305D     		ldrb	r0, [r6, r4]	@ zero_extendqisi2
 525 0048 FFF7FEFF 		bl	_Z23ScreenMain_FindMenuMetah
 526              	.LVL47:
 527              		.loc 1 89 9 is_stmt 1 view .LVU124
ARM GAS  C:\Users\nicx5\AppData\Local\Temp\ccOvWQB6.s 			page 13


 528              		.loc 1 89 43 is_stmt 0 view .LVU125
 529 004c 0028     		cmp	r0, #0
 530 004e F0D0     		beq	.L50
 531              		.loc 1 89 36 discriminator 1 view .LVU126
 532 0050 8268     		ldr	r2, [r0, #8]
 533              		.loc 1 89 27 discriminator 1 view .LVU127
 534 0052 002A     		cmp	r2, #0
 535 0054 EED1     		bne	.L47
 536              		.loc 1 89 43 discriminator 4 view .LVU128
 537 0056 0E4A     		ldr	r2, .L53
 538 0058 ECE7     		b	.L47
 539              	.LVL48:
 540              	.L52:
 541              		.loc 1 89 43 discriminator 4 view .LVU129
 542              	.LBE24:
 543              	.LBE22:
  90:Src/display/screen_control/spi_screen_main_list.cpp ****     }
  91:Src/display/screen_control/spi_screen_main_list.cpp ****     ScreenDetailRender_List(lcd, "", labels, renderCount, menuIndex, menuIndex, style, SPI_SCREEN_M
 544              		.loc 1 91 5 is_stmt 1 view .LVU130
 545              		.loc 1 91 28 is_stmt 0 view .LVU131
 546 005a 0023     		movs	r3, #0
 547 005c 0893     		str	r3, [sp, #32]
 548 005e 369B     		ldr	r3, [sp, #216]
 549 0060 0793     		str	r3, [sp, #28]
 550 0062 359B     		ldr	r3, [sp, #212]
 551 0064 0693     		str	r3, [sp, #24]
 552 0066 349B     		ldr	r3, [sp, #208]
 553 0068 0593     		str	r3, [sp, #20]
 554 006a 9DF8CC30 		ldrb	r3, [sp, #204]	@ zero_extendqisi2
 555 006e 0493     		str	r3, [sp, #16]
 556 0070 2223     		movs	r3, #34
 557 0072 0393     		str	r3, [sp, #12]
 558 0074 0297     		str	r7, [sp, #8]
 559 0076 CDF80480 		str	r8, [sp, #4]
 560 007a CDF80080 		str	r8, [sp]
 561 007e 2B46     		mov	r3, r5
 562 0080 0AAA     		add	r2, sp, #40
 563 0082 0349     		ldr	r1, .L53
 564 0084 4846     		mov	r0, r9
 565 0086 FFF7FEFF 		bl	_Z23ScreenDetailRender_ListP13ST7789_HandlePKcPKS2_hhhRK13ScreenUiStyletbimmPKb
 566              	.LVL49:
 567              	.L41:
  92:Src/display/screen_control/spi_screen_main_list.cpp **** }
 568              		.loc 1 92 1 view .LVU132
 569 008a 2BB0     		add	sp, sp, #172
 570              	.LCFI5:
 571              		.cfi_def_cfa_offset 28
 572              		@ sp needed
 573 008c BDE8F083 		pop	{r4, r5, r6, r7, r8, r9, pc}
 574              	.LVL50:
 575              	.L54:
 576              		.loc 1 92 1 view .LVU133
 577              		.align	2
 578              	.L53:
 579 0090 00000000 		.word	.LC4
 580              		.cfi_endproc
 581              	.LFE2168:
ARM GAS  C:\Users\nicx5\AppData\Local\Temp\ccOvWQB6.s 			page 14


 583              		.section	.rodata.str1.4,"aMS",%progbits,1
 584              		.align	2
 585              	.LC5:
 586 0000 506C6174 		.ascii	"Platform\000"
 586      666F726D 
 586      00
 587 0009 000000   		.align	2
 588              	.LC6:
 589 000c 50726F66 		.ascii	"Profiles\000"
 589      696C6573 
 589      00
 590 0015 000000   		.align	2
 591              	.LC7:
 592 0018 534F4344 		.ascii	"SOCD\000"
 592      00
 593 001d 000000   		.align	2
 594              	.LC8:
 595 0020 436F6E6E 		.ascii	"Connection\000"
 595      65637469 
 595      6F6E00
 596 002b 00       		.align	2
 597              	.LC9:
 598 002c 50657266 		.ascii	"Performance\000"
 598      6F726D61 
 598      6E636500 
 599              		.align	2
 600              	.LC10:
 601 0038 4C696768 		.ascii	"Light Brightness\000"
 601      74204272 
 601      69676874 
 601      6E657373 
 601      00
 602 0049 000000   		.align	2
 603              	.LC11:
 604 004c 4C696768 		.ascii	"Light Effect\000"
 604      74204566 
 604      66656374 
 604      00
 605 0059 000000   		.align	2
 606              	.LC12:
 607 005c 416D6269 		.ascii	"Ambient Brightness\000"
 607      656E7420 
 607      42726967 
 607      68746E65 
 607      737300
 608 006f 00       		.align	2
 609              	.LC13:
 610 0070 416D6269 		.ascii	"Ambient Effect\000"
 610      656E7420 
 610      45666665 
 610      637400
 611 007f 00       		.align	2
 612              	.LC14:
 613 0080 53637265 		.ascii	"Screen Brightness\000"
 613      656E2042 
 613      72696768 
 613      746E6573 
ARM GAS  C:\Users\nicx5\AppData\Local\Temp\ccOvWQB6.s 			page 15


 613      7300
 614 0092 0000     		.align	2
 615              	.LC15:
 616 0094 57656220 		.ascii	"Web Config\000"
 616      436F6E66 
 616      696700
 617 009f 00       		.align	2
 618              	.LC16:
 619 00a0 43616C69 		.ascii	"Calibration Mode\000"
 619      62726174 
 619      696F6E20 
 619      4D6F6465 
 619      00
 620              		.section	.rodata._ZL9kMenuMeta,"a"
 621              		.align	2
 624              	_ZL9kMenuMeta:
 625 0000 00       		.byte	0
 626 0001 000000   		.space	3
 627 0004 01000000 		.word	1
 628 0008 00000000 		.word	.LC5
 629 000c 01       		.byte	1
 630 000d 000000   		.space	3
 631 0010 02000000 		.word	2
 632 0014 0C000000 		.word	.LC6
 633 0018 02       		.byte	2
 634 0019 000000   		.space	3
 635 001c 04000000 		.word	4
 636 0020 18000000 		.word	.LC7
 637 0024 03       		.byte	3
 638 0025 000000   		.space	3
 639 0028 08000000 		.word	8
 640 002c 20000000 		.word	.LC8
 641 0030 0B       		.byte	11
 642 0031 000000   		.space	3
 643 0034 00080000 		.word	2048
 644 0038 2C000000 		.word	.LC9
 645 003c 04       		.byte	4
 646 003d 000000   		.space	3
 647 0040 10000000 		.word	16
 648 0044 38000000 		.word	.LC10
 649 0048 05       		.byte	5
 650 0049 000000   		.space	3
 651 004c 20000000 		.word	32
 652 0050 4C000000 		.word	.LC11
 653 0054 06       		.byte	6
 654 0055 000000   		.space	3
 655 0058 40000000 		.word	64
 656 005c 5C000000 		.word	.LC12
 657 0060 07       		.byte	7
 658 0061 000000   		.space	3
 659 0064 80000000 		.word	128
 660 0068 70000000 		.word	.LC13
 661 006c 08       		.byte	8
 662 006d 000000   		.space	3
 663 0070 00010000 		.word	256
 664 0074 80000000 		.word	.LC14
 665 0078 09       		.byte	9
ARM GAS  C:\Users\nicx5\AppData\Local\Temp\ccOvWQB6.s 			page 16


 666 0079 000000   		.space	3
 667 007c 00020000 		.word	512
 668 0080 94000000 		.word	.LC15
 669 0084 0A       		.byte	10
 670 0085 000000   		.space	3
 671 0088 00040000 		.word	1024
 672 008c A0000000 		.word	.LC16
 673              		.weak	_ZZN16BoardModeManager11getInstanceEvE8instance
 674              		.section	.data._ZZN16BoardModeManager11getInstanceEvE8instance,"awG",%progbits,_ZZN16BoardModeMana
 675              		.align	2
 678              	_ZZN16BoardModeManager11getInstanceEvE8instance:
 679 0000 02       		.byte	2
 680 0001 02       		.byte	2
 681 0002 0000     		.space	2
 682 0004 00000000 		.word	0
 683 0008 00       		.byte	0
 684 0009 00       		.byte	0
 685 000a 0000     		.space	2
 686              		.text
 687              	.Letext0:
 688              		.file 3 "D:/Program Files/msys64/mingw64/arm-none-eabi/include/machine/_default_types.h"
 689              		.file 4 "D:/Program Files/msys64/mingw64/arm-none-eabi/include/sys/_stdint.h"
 690              		.file 5 "D:/Program Files/msys64/mingw64/lib/gcc/arm-none-eabi/13.3.0/include/stddef.h"
 691              		.file 6 "D:/Program Files/msys64/mingw64/arm-none-eabi/include/c++/13.3.0/type_traits"
 692              		.file 7 "D:/Program Files/msys64/mingw64/arm-none-eabi/include/c++/13.3.0/debug/debug.h"
 693              		.file 8 "D:/Program Files/msys64/mingw64/arm-none-eabi/include/c++/13.3.0/cstddef"
 694              		.file 9 "D:/Program Files/msys64/mingw64/arm-none-eabi/include/c++/13.3.0/cmath"
 695              		.file 10 "D:/Program Files/msys64/mingw64/arm-none-eabi/include/c++/13.3.0/bits/std_abs.h"
 696              		.file 11 "D:/Program Files/msys64/mingw64/arm-none-eabi/include/c++/13.3.0/arm-none-eabi/thumb/v7e
 697              		.file 12 "D:/Program Files/msys64/mingw64/arm-none-eabi/include/c++/13.3.0/bits/predefined_ops.h"
 698              		.file 13 "Inc/support/enums.hpp"
 699              		.file 14 "Drivers/CMSIS/Device/ST/STM32H7xx/Include/stm32h750xx.h"
 700              		.file 15 "D:/Program Files/msys64/mingw64/arm-none-eabi/include/math.h"
 701              		.file 16 "D:/Program Files/msys64/mingw64/arm-none-eabi/include/c++/13.3.0/math.h"
 702              		.file 17 "Drivers/STM32H7xx_HAL_Driver/Inc/stm32h7xx_hal_def.h"
 703              		.file 18 "Drivers/STM32H7xx_HAL_Driver/Inc/stm32h7xx_hal_dma.h"
 704              		.file 19 "Drivers/STM32H7xx_HAL_Driver/Inc/stm32h7xx_hal_tim.h"
 705              		.file 20 "Inc/system/board_cfg.h"
 706              		.file 21 "Inc/config/config.hpp"
 707              		.file 22 "Inc/display/screen_control/spi_screen_layout.hpp"
 708              		.file 23 "Inc/display/drivers/st7789/st7789.h"
 709              		.file 24 "Inc/display/screen_control/spi_screen_main_list.hpp"
 710              		.file 25 "D:/Program Files/msys64/mingw64/arm-none-eabi/include/c++/13.3.0/bits/memory_resource.h"
 711              		.file 26 "Inc/display/screen_control/spi_screen_detail_render_helpers.hpp"
ARM GAS  C:\Users\nicx5\AppData\Local\Temp\ccOvWQB6.s 			page 17


DEFINED SYMBOLS
                            *ABS*:00000000 spi_screen_main_list.cpp
C:\Users\nicx5\AppData\Local\Temp\ccOvWQB6.s:20     .text._Z23ScreenMain_FindMenuMetah:00000000 $t
C:\Users\nicx5\AppData\Local\Temp\ccOvWQB6.s:26     .text._Z23ScreenMain_FindMenuMetah:00000000 _Z23ScreenMain_FindMenuMetah
C:\Users\nicx5\AppData\Local\Temp\ccOvWQB6.s:78     .text._Z23ScreenMain_FindMenuMetah:00000028 $d
C:\Users\nicx5\AppData\Local\Temp\ccOvWQB6.s:624    .rodata._ZL9kMenuMeta:00000000 _ZL9kMenuMeta
C:\Users\nicx5\AppData\Local\Temp\ccOvWQB6.s:83     .rodata._Z26ScreenMain_InputModeAbbrev9InputMode.str1.4:00000000 $d
C:\Users\nicx5\AppData\Local\Temp\ccOvWQB6.s:96     .text._Z26ScreenMain_InputModeAbbrev9InputMode:00000000 $t
C:\Users\nicx5\AppData\Local\Temp\ccOvWQB6.s:102    .text._Z26ScreenMain_InputModeAbbrev9InputMode:00000000 _Z26ScreenMain_InputModeAbbrev9InputMode
C:\Users\nicx5\AppData\Local\Temp\ccOvWQB6.s:155    .text._Z26ScreenMain_InputModeAbbrev9InputMode:00000028 $d
C:\Users\nicx5\AppData\Local\Temp\ccOvWQB6.s:163    .text._Z25ScreenMain_RebuildMenuIdsRK19ScreenControlConfigPhh:00000000 $t
C:\Users\nicx5\AppData\Local\Temp\ccOvWQB6.s:169    .text._Z25ScreenMain_RebuildMenuIdsRK19ScreenControlConfigPhh:00000000 _Z25ScreenMain_RebuildMenuIdsRK19ScreenControlConfigPhh
C:\Users\nicx5\AppData\Local\Temp\ccOvWQB6.s:423    .text._Z25ScreenMain_RebuildMenuIdsRK19ScreenControlConfigPhh:000000f8 $d
C:\Users\nicx5\AppData\Local\Temp\ccOvWQB6.s:678    .data._ZZN16BoardModeManager11getInstanceEvE8instance:00000000 _ZZN16BoardModeManager11getInstanceEvE8instance
C:\Users\nicx5\AppData\Local\Temp\ccOvWQB6.s:429    .rodata._Z21ScreenMain_RenderListP13ST7789_HandleRK13ScreenUiStylePKhhhbimm.str1.4:00000000 $d
C:\Users\nicx5\AppData\Local\Temp\ccOvWQB6.s:433    .text._Z21ScreenMain_RenderListP13ST7789_HandleRK13ScreenUiStylePKhhhbimm:00000000 $t
C:\Users\nicx5\AppData\Local\Temp\ccOvWQB6.s:439    .text._Z21ScreenMain_RenderListP13ST7789_HandleRK13ScreenUiStylePKhhhbimm:00000000 _Z21ScreenMain_RenderListP13ST7789_HandleRK13ScreenUiStylePKhhhbimm
C:\Users\nicx5\AppData\Local\Temp\ccOvWQB6.s:579    .text._Z21ScreenMain_RenderListP13ST7789_HandleRK13ScreenUiStylePKhhhbimm:00000090 $d
C:\Users\nicx5\AppData\Local\Temp\ccOvWQB6.s:584    .rodata.str1.4:00000000 $d
C:\Users\nicx5\AppData\Local\Temp\ccOvWQB6.s:621    .rodata._ZL9kMenuMeta:00000000 $d
C:\Users\nicx5\AppData\Local\Temp\ccOvWQB6.s:675    .data._ZZN16BoardModeManager11getInstanceEvE8instance:00000000 $d

UNDEFINED SYMBOLS
memset
_Z23ScreenDetailRender_ListP13ST7789_HandlePKcPKS2_hhhRK13ScreenUiStyletbimmPKb
