ARM GAS  C:\Users\nicx5\AppData\Local\Temp\ccaLtoxI.s 			page 1


   1              		.cpu cortex-m7
   2              		.arch armv7e-m
   3              		.fpu fpv5-d16
   4              		.eabi_attribute 28, 1
   5              		.eabi_attribute 20, 1
   6              		.eabi_attribute 21, 1
   7              		.eabi_attribute 23, 3
   8              		.eabi_attribute 24, 1
   9              		.eabi_attribute 25, 1
  10              		.eabi_attribute 26, 1
  11              		.eabi_attribute 30, 1
  12              		.eabi_attribute 34, 1
  13              		.eabi_attribute 18, 4
  14              		.file	"spi_screen_detail_web_config.cpp"
  15              		.text
  16              	.Ltext0:
  17              		.cfi_sections	.debug_frame
  18              		.file 1 "Src/display/screen_control/spi_screen_detail_web_config.cpp"
  19              		.section	.text._ZN14WebConfigStateD2Ev,"axG",%progbits,_ZN14WebConfigStateD5Ev,comdat
  20              		.align	1
  21              		.weak	_ZN14WebConfigStateD2Ev
  22              		.syntax unified
  23              		.thumb
  24              		.thumb_func
  26              	_ZN14WebConfigStateD2Ev:
  27              	.LVL0:
  28              	.LFB2183:
  29              		.file 2 "Inc/system/states/webconfig_state.hpp"
   1:Inc/system/states/webconfig_state.hpp **** #ifndef WEB_CONFIG_STATE_HPP
   2:Inc/system/states/webconfig_state.hpp **** #define WEB_CONFIG_STATE_HPP
   3:Inc/system/states/webconfig_state.hpp **** 
   4:Inc/system/states/webconfig_state.hpp **** #include <stdint.h>
   5:Inc/system/states/webconfig_state.hpp **** 
   6:Inc/system/states/webconfig_state.hpp **** #include "base_state.hpp"
   7:Inc/system/states/webconfig_state.hpp **** 
   8:Inc/system/states/webconfig_state.hpp **** /* Retained through transport cleanup; debugger reads need no CPU halt. */
   9:Inc/system/states/webconfig_state.hpp **** void WebConfig_RecordStartupStage(uint32_t stage, uint32_t field = 1u);
  10:Inc/system/states/webconfig_state.hpp **** void WebConfig_RecordStartupFrame(const uint8_t *bytes, uint32_t length, uint32_t result);
  11:Inc/system/states/webconfig_state.hpp **** 
  12:Inc/system/states/webconfig_state.hpp **** enum class WebConfigRuntimeStatus : uint8_t
  13:Inc/system/states/webconfig_state.hpp **** {
  14:Inc/system/states/webconfig_state.hpp ****     Starting = 0,
  15:Inc/system/states/webconfig_state.hpp ****     Ready,
  16:Inc/system/states/webconfig_state.hpp ****     Authenticated,
  17:Inc/system/states/webconfig_state.hpp ****     ErrorUsbMode,
  18:Inc/system/states/webconfig_state.hpp ****     ErrorMaintenance,
  19:Inc/system/states/webconfig_state.hpp ****     ErrorSecurity,
  20:Inc/system/states/webconfig_state.hpp ****     ErrorStorageInit,
  21:Inc/system/states/webconfig_state.hpp ****     ErrorAdc,
  22:Inc/system/states/webconfig_state.hpp ****     ErrorStorage,
  23:Inc/system/states/webconfig_state.hpp **** };
  24:Inc/system/states/webconfig_state.hpp **** 
  25:Inc/system/states/webconfig_state.hpp **** class WebConfigState : public BaseState
  30              		.loc 2 25 7 view -0
  31              		.cfi_startproc
  32              		@ args = 0, pretend = 0, frame = 0
  33              		@ frame_needed = 0, uses_anonymous_args = 0
ARM GAS  C:\Users\nicx5\AppData\Local\Temp\ccaLtoxI.s 			page 2


  34              		@ link register save eliminated.
  35              	.LBB24:
  36              		.loc 2 25 7 is_stmt 0 view .LVU1
  37 0000 024A     		ldr	r2, .L2
  38 0002 0260     		str	r2, [r0]
  39              	.LVL1:
  40              	.LBB25:
  41              	.LBI25:
  42              		.file 3 "Inc/system/states/base_state.hpp"
   1:Inc/system/states/base_state.hpp **** #ifndef __BASE_STATE_H__
   2:Inc/system/states/base_state.hpp **** #define __BASE_STATE_H__
   3:Inc/system/states/base_state.hpp **** 
   4:Inc/system/states/base_state.hpp **** class BaseState {
   5:Inc/system/states/base_state.hpp ****     public:
   6:Inc/system/states/base_state.hpp ****         virtual ~BaseState() = default;
  43              		.loc 3 6 17 is_stmt 1 view .LVU2
  44              	.LBB26:
  45 0004 024A     		ldr	r2, .L2+4
  46 0006 0260     		str	r2, [r0]
  47              	.LVL2:
  48              		.loc 3 6 17 is_stmt 0 view .LVU3
  49              	.LBE26:
  50              	.LBE25:
  51              	.LBE24:
  52              		.loc 2 25 7 view .LVU4
  53 0008 7047     		bx	lr
  54              	.L3:
  55 000a 00BF     		.align	2
  56              	.L2:
  57 000c 08000000 		.word	_ZTV14WebConfigState+8
  58 0010 08000000 		.word	_ZTV9BaseState+8
  59              		.cfi_endproc
  60              	.LFE2183:
  62              		.weak	_ZN14WebConfigStateD1Ev
  63              		.thumb_set _ZN14WebConfigStateD1Ev,_ZN14WebConfigStateD2Ev
  64              		.section	.text._ZN7Storage11getInstanceEv,"axG",%progbits,_ZN7Storage11getInstanceEv,comdat
  65              		.align	1
  66              		.weak	_ZN7Storage11getInstanceEv
  67              		.syntax unified
  68              		.thumb
  69              		.thumb_func
  71              	_ZN7Storage11getInstanceEv:
  72              	.LFB2157:
  73              		.file 4 "Inc/config/storagemanager.hpp"
   1:Inc/config/storagemanager.hpp **** #ifndef _STORAGE_MANAGER_H_
   2:Inc/config/storagemanager.hpp **** #define _STORAGE_MANAGER_H_
   3:Inc/config/storagemanager.hpp **** 
   4:Inc/config/storagemanager.hpp **** #include "config.hpp"
   5:Inc/config/storagemanager.hpp **** 
   6:Inc/config/storagemanager.hpp **** // Forward declarations
   7:Inc/config/storagemanager.hpp **** class ADCValuesCalibrator;
   8:Inc/config/storagemanager.hpp **** class ADCValuesMarker;
   9:Inc/config/storagemanager.hpp **** 
  10:Inc/config/storagemanager.hpp **** class Storage {
  11:Inc/config/storagemanager.hpp **** public:
  12:Inc/config/storagemanager.hpp **** 	using DefaultProfileChangedCallback = void (*)(void);
  13:Inc/config/storagemanager.hpp **** 
ARM GAS  C:\Users\nicx5\AppData\Local\Temp\ccaLtoxI.s 			page 3


  14:Inc/config/storagemanager.hpp **** 	Storage(Storage const&) = delete;
  15:Inc/config/storagemanager.hpp **** 	void operator=(Storage const&) = delete;
  16:Inc/config/storagemanager.hpp **** 	
  17:Inc/config/storagemanager.hpp **** 	static Storage& getInstance() {
  74              		.loc 4 17 18 is_stmt 1 view -0
  75              		.cfi_startproc
  76              		@ args = 0, pretend = 0, frame = 0
  77              		@ frame_needed = 0, uses_anonymous_args = 0
  78 0000 08B5     		push	{r3, lr}
  79              	.LCFI0:
  80              		.cfi_def_cfa_offset 8
  81              		.cfi_offset 3, -8
  82              		.cfi_offset 14, -4
  18:Inc/config/storagemanager.hpp **** 		static Storage instance;
  83              		.loc 4 18 3 view .LVU6
  84              		.loc 4 18 18 is_stmt 0 view .LVU7
  85 0002 094B     		ldr	r3, .L8
  86 0004 1B68     		ldr	r3, [r3]
  87 0006 BFF35B8F 		dmb	ish
  88              		.loc 4 18 18 discriminator 1 view .LVU8
  89 000a 13F0010F 		tst	r3, #1
  90 000e 01D0     		beq	.L7
  91              	.L5:
  19:Inc/config/storagemanager.hpp **** 		return instance;
  92              		.loc 4 19 3 is_stmt 1 view .LVU9
  20:Inc/config/storagemanager.hpp **** 	}
  93              		.loc 4 20 2 is_stmt 0 view .LVU10
  94 0010 0648     		ldr	r0, .L8+4
  95 0012 08BD     		pop	{r3, pc}
  96              	.L7:
  18:Inc/config/storagemanager.hpp **** 		static Storage instance;
  97              		.loc 4 18 18 discriminator 1 view .LVU11
  98 0014 0448     		ldr	r0, .L8
  99 0016 FFF7FEFF 		bl	__cxa_guard_acquire
 100              	.LVL3:
 101 001a 0028     		cmp	r0, #0
 102 001c F8D0     		beq	.L5
 103              	.LVL4:
 104              	.LBB27:
 105              	.LBI27:
  21:Inc/config/storagemanager.hpp **** 
  22:Inc/config/storagemanager.hpp **** 	Config config;
  23:Inc/config/storagemanager.hpp **** 	
  24:Inc/config/storagemanager.hpp **** 	void initConfig();
  25:Inc/config/storagemanager.hpp **** 	bool saveConfig();
  26:Inc/config/storagemanager.hpp **** 	bool resetConfig();
  27:Inc/config/storagemanager.hpp **** 	void setInputMode(InputMode inputMode);
  28:Inc/config/storagemanager.hpp **** 	const InputMode getInputMode() {
  29:Inc/config/storagemanager.hpp **** 		return config.inputMode;
  30:Inc/config/storagemanager.hpp **** 	}
  31:Inc/config/storagemanager.hpp **** 	void setConnectionMode(ConnectionMode mode);
  32:Inc/config/storagemanager.hpp **** 	ConnectionMode getConnectionMode() const {
  33:Inc/config/storagemanager.hpp **** 		return config.connectionMode;
  34:Inc/config/storagemanager.hpp **** 	}
  35:Inc/config/storagemanager.hpp **** 	void setWirelessReportRate(WirelessReportRate rate);
  36:Inc/config/storagemanager.hpp **** 	WirelessReportRate getWirelessReportRate() const {
  37:Inc/config/storagemanager.hpp **** 		return config.wirelessReportRate;
ARM GAS  C:\Users\nicx5\AppData\Local\Temp\ccaLtoxI.s 			page 4


  38:Inc/config/storagemanager.hpp **** 	}
  39:Inc/config/storagemanager.hpp **** 	uint32_t getWakeHoldMs() const {
  40:Inc/config/storagemanager.hpp **** 		return config.power.wakeHoldMs;
  41:Inc/config/storagemanager.hpp **** 	}
  42:Inc/config/storagemanager.hpp **** 	bool getAutoSleepEnabled() const { return config.power.autoSleepEnabled == 1u; }
  43:Inc/config/storagemanager.hpp **** 	uint32_t getAutoStandbyMs() const {
  44:Inc/config/storagemanager.hpp **** 		return config.power.autoStandbyMs;
  45:Inc/config/storagemanager.hpp **** 	}
  46:Inc/config/storagemanager.hpp **** 	void setRfPowerStateHint(uint8_t hint);
  47:Inc/config/storagemanager.hpp **** 	uint8_t getRfPowerStateHint() const {
  48:Inc/config/storagemanager.hpp **** 		return config.reservedConnection0;
  49:Inc/config/storagemanager.hpp **** 	}
  50:Inc/config/storagemanager.hpp **** 	GamepadProfile* getGamepadProfile(char* id);
  51:Inc/config/storagemanager.hpp **** 	GamepadProfile* getDefaultGamepadProfile() {
  52:Inc/config/storagemanager.hpp **** 		return getGamepadProfile(config.defaultProfileId);
  53:Inc/config/storagemanager.hpp **** 	}
  54:Inc/config/storagemanager.hpp **** 	bool setDefaultProfileId(const char* id);
  55:Inc/config/storagemanager.hpp **** 	void registerDefaultProfileChangedCallback(DefaultProfileChangedCallback cb);
  56:Inc/config/storagemanager.hpp **** 	GamepadHotkeyEntry* getGamepadHotkeyEntry() {
  57:Inc/config/storagemanager.hpp **** 		return config.hotkeys;
  58:Inc/config/storagemanager.hpp **** 	}
  59:Inc/config/storagemanager.hpp **** 
  60:Inc/config/storagemanager.hpp **** 	void setBootMode(BootMode bootMode);
  61:Inc/config/storagemanager.hpp **** 	BootMode getBootMode() {
  62:Inc/config/storagemanager.hpp **** 		return config.bootMode;
  63:Inc/config/storagemanager.hpp **** 	}
  64:Inc/config/storagemanager.hpp **** 
  65:Inc/config/storagemanager.hpp **** private:
  66:Inc/config/storagemanager.hpp **** 	Storage() {}  // 私有构造函数
 106              		.loc 4 66 2 is_stmt 1 view .LVU12
 107              		.loc 4 66 2 is_stmt 0 view .LVU13
 108              	.LBE27:
  18:Inc/config/storagemanager.hpp **** 		return instance;
 109              		.loc 4 18 18 discriminator 1 view .LVU14
 110 001e 0248     		ldr	r0, .L8
 111 0020 FFF7FEFF 		bl	__cxa_guard_release
 112              	.LVL5:
 113 0024 F4E7     		b	.L5
 114              	.L9:
 115 0026 00BF     		.align	2
 116              	.L8:
 117 0028 00000000 		.word	_ZGVZN7Storage11getInstanceEvE8instance
 118 002c 00000000 		.word	_ZZN7Storage11getInstanceEvE8instance
 119              		.cfi_endproc
 120              	.LFE2157:
 122              		.section	.text._ZN14WebConfigStateD0Ev,"axG",%progbits,_ZN14WebConfigStateD5Ev,comdat
 123              		.align	1
 124              		.weak	_ZN14WebConfigStateD0Ev
 125              		.syntax unified
 126              		.thumb
 127              		.thumb_func
 129              	_ZN14WebConfigStateD0Ev:
 130              	.LVL6:
 131              	.LFB2185:
 132              		.loc 2 25 7 is_stmt 1 view -0
 133              		.cfi_startproc
 134              		@ args = 0, pretend = 0, frame = 0
ARM GAS  C:\Users\nicx5\AppData\Local\Temp\ccaLtoxI.s 			page 5


 135              		@ frame_needed = 0, uses_anonymous_args = 0
 136              		.loc 2 25 7 is_stmt 0 view .LVU16
 137 0000 10B5     		push	{r4, lr}
 138              	.LCFI1:
 139              		.cfi_def_cfa_offset 8
 140              		.cfi_offset 4, -8
 141              		.cfi_offset 14, -4
 142 0002 0446     		mov	r4, r0
 143              	.LVL7:
 144              	.LBB28:
 145              	.LBI28:
 146              		.loc 2 25 7 is_stmt 1 view .LVU17
 147              	.LBB29:
 148 0004 044B     		ldr	r3, .L12
 149 0006 0360     		str	r3, [r0]
 150              	.LVL8:
 151              	.LBB30:
 152              	.LBI30:
 153              		.loc 3 6 17 view .LVU18
 154              	.LBB31:
 155 0008 044B     		ldr	r3, .L12+4
 156 000a 0360     		str	r3, [r0]
 157              	.LVL9:
 158              		.loc 3 6 17 is_stmt 0 view .LVU19
 159              	.LBE31:
 160              	.LBE30:
 161              	.LBE29:
 162              	.LBE28:
 163              		.loc 2 25 7 discriminator 1 view .LVU20
 164 000c 0821     		movs	r1, #8
 165 000e FFF7FEFF 		bl	_ZdlPvj
 166              	.LVL10:
 167              		.loc 2 25 7 view .LVU21
 168 0012 2046     		mov	r0, r4
 169 0014 10BD     		pop	{r4, pc}
 170              	.LVL11:
 171              	.L13:
 172              		.loc 2 25 7 view .LVU22
 173 0016 00BF     		.align	2
 174              	.L12:
 175 0018 08000000 		.word	_ZTV14WebConfigState+8
 176 001c 08000000 		.word	_ZTV9BaseState+8
 177              		.cfi_endproc
 178              	.LFE2185:
 180              		.section	.text._ZN14WebConfigState11getInstanceEv,"axG",%progbits,_ZN14WebConfigState11getInstance
 181              		.align	1
 182              		.weak	_ZN14WebConfigState11getInstanceEv
 183              		.syntax unified
 184              		.thumb
 185              		.thumb_func
 187              	_ZN14WebConfigState11getInstanceEv:
 188              	.LFB2171:
  26:Inc/system/states/webconfig_state.hpp **** {
  27:Inc/system/states/webconfig_state.hpp **** public:
  28:Inc/system/states/webconfig_state.hpp ****     WebConfigState(WebConfigState const &) = delete;
  29:Inc/system/states/webconfig_state.hpp ****     void operator=(WebConfigState const &) = delete;
  30:Inc/system/states/webconfig_state.hpp **** 
ARM GAS  C:\Users\nicx5\AppData\Local\Temp\ccaLtoxI.s 			page 6


  31:Inc/system/states/webconfig_state.hpp ****     static WebConfigState &getInstance()
 189              		.loc 2 31 28 is_stmt 1 view -0
 190              		.cfi_startproc
 191              		@ args = 0, pretend = 0, frame = 0
 192              		@ frame_needed = 0, uses_anonymous_args = 0
 193 0000 08B5     		push	{r3, lr}
 194              	.LCFI2:
 195              		.cfi_def_cfa_offset 8
 196              		.cfi_offset 3, -8
 197              		.cfi_offset 14, -4
  32:Inc/system/states/webconfig_state.hpp ****     {
  33:Inc/system/states/webconfig_state.hpp ****         static WebConfigState instance;
 198              		.loc 2 33 9 view .LVU24
 199              		.loc 2 33 31 is_stmt 0 view .LVU25
 200 0002 0B4B     		ldr	r3, .L18
 201 0004 1B68     		ldr	r3, [r3]
 202 0006 BFF35B8F 		dmb	ish
 203              		.loc 2 33 31 discriminator 1 view .LVU26
 204 000a 13F0010F 		tst	r3, #1
 205 000e 01D0     		beq	.L17
 206              	.L15:
  34:Inc/system/states/webconfig_state.hpp ****         return instance;
 207              		.loc 2 34 9 is_stmt 1 view .LVU27
  35:Inc/system/states/webconfig_state.hpp ****     }
 208              		.loc 2 35 5 is_stmt 0 view .LVU28
 209 0010 0848     		ldr	r0, .L18+4
 210 0012 08BD     		pop	{r3, pc}
 211              	.L17:
  33:Inc/system/states/webconfig_state.hpp ****         return instance;
 212              		.loc 2 33 31 discriminator 1 view .LVU29
 213 0014 0648     		ldr	r0, .L18
 214 0016 FFF7FEFF 		bl	__cxa_guard_acquire
 215              	.LVL12:
 216 001a 0028     		cmp	r0, #0
 217 001c F8D0     		beq	.L15
  33:Inc/system/states/webconfig_state.hpp ****         return instance;
 218              		.loc 2 33 31 discriminator 2 view .LVU30
 219 001e 064A     		ldr	r2, .L18+8
 220 0020 0649     		ldr	r1, .L18+12
 221 0022 0448     		ldr	r0, .L18+4
 222 0024 FFF7FEFF 		bl	__aeabi_atexit
 223              	.LVL13:
  33:Inc/system/states/webconfig_state.hpp ****         return instance;
 224              		.loc 2 33 31 discriminator 1 view .LVU31
 225 0028 0148     		ldr	r0, .L18
 226 002a FFF7FEFF 		bl	__cxa_guard_release
 227              	.LVL14:
 228 002e EFE7     		b	.L15
 229              	.L19:
 230              		.align	2
 231              	.L18:
 232 0030 00000000 		.word	_ZGVZN14WebConfigState11getInstanceEvE8instance
 233 0034 00000000 		.word	_ZZN14WebConfigState11getInstanceEvE8instance
 234 0038 00000000 		.word	__dso_handle
 235 003c 00000000 		.word	_ZN14WebConfigStateD1Ev
 236              		.cfi_endproc
 237              	.LFE2171:
ARM GAS  C:\Users\nicx5\AppData\Local\Temp\ccaLtoxI.s 			page 7


 239              		.section	.text._ZN12_GLOBAL__N_1L13exitWebConfigEv,"ax",%progbits
 240              		.align	1
 241              		.syntax unified
 242              		.thumb
 243              		.thumb_func
 245              	_ZN12_GLOBAL__N_1L13exitWebConfigEv:
 246              	.LFB2187:
   1:Src/display/screen_control/spi_screen_detail_web_config.cpp **** #include "screen_control/spi_screen_detail_entries.hpp"
   2:Src/display/screen_control/spi_screen_detail_web_config.cpp **** #include "main_runtime_control.hpp"
   3:Src/display/screen_control/spi_screen_detail_web_config.cpp **** 
   4:Src/display/screen_control/spi_screen_detail_web_config.cpp **** #include "board_cfg.h"
   5:Src/display/screen_control/spi_screen_detail_web_config.cpp **** #include "storagemanager.hpp"
   6:Src/display/screen_control/spi_screen_detail_web_config.cpp **** #include "screen_control/spi_screen_detail_render_helpers.hpp"
   7:Src/display/screen_control/spi_screen_detail_web_config.cpp **** #include "states/webconfig_state.hpp"
   8:Src/display/screen_control/spi_screen_detail_web_config.cpp **** 
   9:Src/display/screen_control/spi_screen_detail_web_config.cpp **** namespace {
  10:Src/display/screen_control/spi_screen_detail_web_config.cpp **** 
  11:Src/display/screen_control/spi_screen_detail_web_config.cpp **** static bool exitWebConfig()
  12:Src/display/screen_control/spi_screen_detail_web_config.cpp **** {
 247              		.loc 1 12 1 is_stmt 1 view -0
 248              		.cfi_startproc
 249              		@ args = 0, pretend = 0, frame = 0
 250              		@ frame_needed = 0, uses_anonymous_args = 0
 251 0000 10B5     		push	{r4, lr}
 252              	.LCFI3:
 253              		.cfi_def_cfa_offset 8
 254              		.cfi_offset 4, -8
 255              		.cfi_offset 14, -4
  13:Src/display/screen_control/spi_screen_detail_web_config.cpp ****     STORAGE_MANAGER.setBootMode(BootMode::BOOT_MODE_INPUT);
 256              		.loc 1 13 5 view .LVU33
 257 0002 FFF7FEFF 		bl	_ZN7Storage11getInstanceEv
 258              	.LVL15:
 259              		.loc 1 13 32 is_stmt 0 discriminator 1 view .LVU34
 260 0006 0221     		movs	r1, #2
 261 0008 FFF7FEFF 		bl	_ZN7Storage11setBootModeE8BootMode
 262              	.LVL16:
  14:Src/display/screen_control/spi_screen_detail_web_config.cpp ****     if (!STORAGE_MANAGER.saveConfig()) {
 263              		.loc 1 14 5 is_stmt 1 view .LVU35
 264              		.loc 1 14 10 is_stmt 0 view .LVU36
 265 000c FFF7FEFF 		bl	_ZN7Storage11getInstanceEv
 266              	.LVL17:
 267              		.loc 1 14 36 discriminator 1 view .LVU37
 268 0010 FFF7FEFF 		bl	_ZN7Storage10saveConfigEv
 269              	.LVL18:
 270              		.loc 1 14 5 discriminator 2 view .LVU38
 271 0014 0446     		mov	r4, r0
 272 0016 18B1     		cbz	r0, .L24
  15:Src/display/screen_control/spi_screen_detail_web_config.cpp ****         /* Keep the in-memory mode aligned with the last committed journal. */
  16:Src/display/screen_control/spi_screen_detail_web_config.cpp ****         STORAGE_MANAGER.setBootMode(BootMode::BOOT_MODE_WEB_CONFIG);
  17:Src/display/screen_control/spi_screen_detail_web_config.cpp ****         WEB_CONFIG_STATE.reportStorageFailure();
  18:Src/display/screen_control/spi_screen_detail_web_config.cpp ****         return false;
  19:Src/display/screen_control/spi_screen_detail_web_config.cpp ****     }
  20:Src/display/screen_control/spi_screen_detail_web_config.cpp ****     MainRuntime_RequestReset();
 273              		.loc 1 20 5 is_stmt 1 view .LVU39
 274              		.loc 1 20 29 is_stmt 0 view .LVU40
 275 0018 FFF7FEFF 		bl	MainRuntime_RequestReset
 276              	.LVL19:
ARM GAS  C:\Users\nicx5\AppData\Local\Temp\ccaLtoxI.s 			page 8


  21:Src/display/screen_control/spi_screen_detail_web_config.cpp ****     return true;
 277              		.loc 1 21 5 is_stmt 1 view .LVU41
 278              	.L22:
  22:Src/display/screen_control/spi_screen_detail_web_config.cpp **** }
 279              		.loc 1 22 1 is_stmt 0 view .LVU42
 280 001c 2046     		mov	r0, r4
 281 001e 10BD     		pop	{r4, pc}
 282              	.L24:
  16:Src/display/screen_control/spi_screen_detail_web_config.cpp ****         WEB_CONFIG_STATE.reportStorageFailure();
 283              		.loc 1 16 9 is_stmt 1 view .LVU43
 284 0020 FFF7FEFF 		bl	_ZN7Storage11getInstanceEv
 285              	.LVL20:
  16:Src/display/screen_control/spi_screen_detail_web_config.cpp ****         WEB_CONFIG_STATE.reportStorageFailure();
 286              		.loc 1 16 36 is_stmt 0 discriminator 1 view .LVU44
 287 0024 0121     		movs	r1, #1
 288 0026 FFF7FEFF 		bl	_ZN7Storage11setBootModeE8BootMode
 289              	.LVL21:
  17:Src/display/screen_control/spi_screen_detail_web_config.cpp ****         return false;
 290              		.loc 1 17 9 is_stmt 1 view .LVU45
 291 002a FFF7FEFF 		bl	_ZN14WebConfigState11getInstanceEv
 292              	.LVL22:
  17:Src/display/screen_control/spi_screen_detail_web_config.cpp ****         return false;
 293              		.loc 1 17 46 is_stmt 0 discriminator 1 view .LVU46
 294 002e FFF7FEFF 		bl	_ZN14WebConfigState20reportStorageFailureEv
 295              	.LVL23:
  18:Src/display/screen_control/spi_screen_detail_web_config.cpp ****     }
 296              		.loc 1 18 9 is_stmt 1 view .LVU47
  18:Src/display/screen_control/spi_screen_detail_web_config.cpp ****     }
 297              		.loc 1 18 16 is_stmt 0 view .LVU48
 298 0032 F3E7     		b	.L22
 299              		.cfi_endproc
 300              	.LFE2187:
 302              		.section	.text._Z31ScreenDetailWebConfig_InitIndexv,"ax",%progbits
 303              		.align	1
 304              		.global	_Z31ScreenDetailWebConfig_InitIndexv
 305              		.syntax unified
 306              		.thumb
 307              		.thumb_func
 309              	_Z31ScreenDetailWebConfig_InitIndexv:
 310              	.LFB2188:
  23:Src/display/screen_control/spi_screen_detail_web_config.cpp **** 
  24:Src/display/screen_control/spi_screen_detail_web_config.cpp **** } // namespace
  25:Src/display/screen_control/spi_screen_detail_web_config.cpp **** 
  26:Src/display/screen_control/spi_screen_detail_web_config.cpp **** uint8_t ScreenDetailWebConfig_InitIndex(void) {
 311              		.loc 1 26 47 is_stmt 1 view -0
 312              		.cfi_startproc
 313              		@ args = 0, pretend = 0, frame = 0
 314              		@ frame_needed = 0, uses_anonymous_args = 0
 315              		@ link register save eliminated.
  27:Src/display/screen_control/spi_screen_detail_web_config.cpp ****     return 0;
 316              		.loc 1 27 5 view .LVU50
  28:Src/display/screen_control/spi_screen_detail_web_config.cpp **** }
 317              		.loc 1 28 1 is_stmt 0 view .LVU51
 318 0000 0020     		movs	r0, #0
 319 0002 7047     		bx	lr
 320              		.cfi_endproc
 321              	.LFE2188:
ARM GAS  C:\Users\nicx5\AppData\Local\Temp\ccaLtoxI.s 			page 9


 323              		.section	.text._Z28ScreenDetailWebConfig_RotatePha,"ax",%progbits
 324              		.align	1
 325              		.global	_Z28ScreenDetailWebConfig_RotatePha
 326              		.syntax unified
 327              		.thumb
 328              		.thumb_func
 330              	_Z28ScreenDetailWebConfig_RotatePha:
 331              	.LVL24:
 332              	.LFB2189:
  29:Src/display/screen_control/spi_screen_detail_web_config.cpp **** 
  30:Src/display/screen_control/spi_screen_detail_web_config.cpp **** void ScreenDetailWebConfig_Rotate(uint8_t* ioIndex, int8_t det) {
 333              		.loc 1 30 65 is_stmt 1 view -0
 334              		.cfi_startproc
 335              		@ args = 0, pretend = 0, frame = 0
 336              		@ frame_needed = 0, uses_anonymous_args = 0
 337              		@ link register save eliminated.
  31:Src/display/screen_control/spi_screen_detail_web_config.cpp ****     (void)ioIndex;
 338              		.loc 1 31 5 view .LVU53
  32:Src/display/screen_control/spi_screen_detail_web_config.cpp ****     (void)det;
 339              		.loc 1 32 5 view .LVU54
  33:Src/display/screen_control/spi_screen_detail_web_config.cpp **** }
 340              		.loc 1 33 1 is_stmt 0 view .LVU55
 341 0000 7047     		bx	lr
 342              		.cfi_endproc
 343              	.LFE2189:
 345              		.section	.rodata._Z28ScreenDetailWebConfig_RenderP13ST7789_HandlehRK13ScreenUiStyle.str1.4,"aMS",%
 346              		.align	2
 347              	.LC0:
 348 0000 57656220 		.ascii	"Web Config\000"
 348      436F6E66 
 348      696700
 349              		.section	.text._Z28ScreenDetailWebConfig_RenderP13ST7789_HandlehRK13ScreenUiStyle,"ax",%progbits
 350              		.align	1
 351              		.global	_Z28ScreenDetailWebConfig_RenderP13ST7789_HandlehRK13ScreenUiStyle
 352              		.syntax unified
 353              		.thumb
 354              		.thumb_func
 356              	_Z28ScreenDetailWebConfig_RenderP13ST7789_HandlehRK13ScreenUiStyle:
 357              	.LVL25:
 358              	.LFB2190:
  34:Src/display/screen_control/spi_screen_detail_web_config.cpp **** 
  35:Src/display/screen_control/spi_screen_detail_web_config.cpp **** void ScreenDetailWebConfig_Render(ST7789_Handle* lcd, uint8_t index, const ScreenUiStyle& style) {
 359              		.loc 1 35 98 is_stmt 1 view -0
 360              		.cfi_startproc
 361              		@ args = 0, pretend = 0, frame = 0
 362              		@ frame_needed = 0, uses_anonymous_args = 0
 363              		.loc 1 35 98 is_stmt 0 view .LVU57
 364 0000 30B5     		push	{r4, r5, lr}
 365              	.LCFI4:
 366              		.cfi_def_cfa_offset 12
 367              		.cfi_offset 4, -12
 368              		.cfi_offset 5, -8
 369              		.cfi_offset 14, -4
 370 0002 83B0     		sub	sp, sp, #12
 371              	.LCFI5:
 372              		.cfi_def_cfa_offset 24
 373 0004 0446     		mov	r4, r0
ARM GAS  C:\Users\nicx5\AppData\Local\Temp\ccaLtoxI.s 			page 10


 374 0006 1546     		mov	r5, r2
  36:Src/display/screen_control/spi_screen_detail_web_config.cpp ****     (void)index;
 375              		.loc 1 36 5 is_stmt 1 view .LVU58
  37:Src/display/screen_control/spi_screen_detail_web_config.cpp ****     static const char* const startingLines[] = {
 376              		.loc 1 37 5 view .LVU59
  38:Src/display/screen_control/spi_screen_detail_web_config.cpp ****         "Starting secure USB WebConfig.",
  39:Src/display/screen_control/spi_screen_detail_web_config.cpp ****         "Please wait.",
  40:Src/display/screen_control/spi_screen_detail_web_config.cpp ****         "Hold Back to exit."
  41:Src/display/screen_control/spi_screen_detail_web_config.cpp ****     };
  42:Src/display/screen_control/spi_screen_detail_web_config.cpp ****     static const char* const readyLines[] = {
 377              		.loc 1 42 5 view .LVU60
  43:Src/display/screen_control/spi_screen_detail_web_config.cpp ****         "USB WebConfig is ready.",
  44:Src/display/screen_control/spi_screen_detail_web_config.cpp ****         "Connect this device to your PC.",
  45:Src/display/screen_control/spi_screen_detail_web_config.cpp ****         "Open the local WebConfig server.",
  46:Src/display/screen_control/spi_screen_detail_web_config.cpp ****         "Waiting for browser authentication."
  47:Src/display/screen_control/spi_screen_detail_web_config.cpp ****     };
  48:Src/display/screen_control/spi_screen_detail_web_config.cpp ****     static const char* const authenticatedLines[] = {
 378              		.loc 1 48 5 view .LVU61
  49:Src/display/screen_control/spi_screen_detail_web_config.cpp ****         "Browser authenticated.",
  50:Src/display/screen_control/spi_screen_detail_web_config.cpp ****         "WebConfig session is active.",
  51:Src/display/screen_control/spi_screen_detail_web_config.cpp ****         "Open the local WebConfig server.",
  52:Src/display/screen_control/spi_screen_detail_web_config.cpp ****         "Press Quit or Back to exit."
  53:Src/display/screen_control/spi_screen_detail_web_config.cpp ****     };
  54:Src/display/screen_control/spi_screen_detail_web_config.cpp ****     static const char* const usbModeErrorLines[] = {
 379              		.loc 1 54 5 view .LVU62
  55:Src/display/screen_control/spi_screen_detail_web_config.cpp ****         "USB switch position is required.",
  56:Src/display/screen_control/spi_screen_detail_web_config.cpp ****         "Move the physical switch to USB.",
  57:Src/display/screen_control/spi_screen_detail_web_config.cpp ****         "Press Quit or hold Back to exit."
  58:Src/display/screen_control/spi_screen_detail_web_config.cpp ****     };
  59:Src/display/screen_control/spi_screen_detail_web_config.cpp ****     static const char* const maintenanceErrorLines[] = {
 380              		.loc 1 59 5 view .LVU63
  60:Src/display/screen_control/spi_screen_detail_web_config.cpp ****         "USB maintenance is unavailable.",
  61:Src/display/screen_control/spi_screen_detail_web_config.cpp ****         "Check the CH585 firmware and link.",
  62:Src/display/screen_control/spi_screen_detail_web_config.cpp ****         "Press Quit or hold Back to exit.",
  63:Src/display/screen_control/spi_screen_detail_web_config.cpp ****         "Re-enter WebConfig to retry."
  64:Src/display/screen_control/spi_screen_detail_web_config.cpp ****     };
  65:Src/display/screen_control/spi_screen_detail_web_config.cpp ****     static const char* const securityErrorLines[] = {
 381              		.loc 1 65 5 view .LVU64
  66:Src/display/screen_control/spi_screen_detail_web_config.cpp ****         "Device security check failed.",
  67:Src/display/screen_control/spi_screen_detail_web_config.cpp ****         "Check identity and trust setup.",
  68:Src/display/screen_control/spi_screen_detail_web_config.cpp ****         "Press Quit or hold Back to exit."
  69:Src/display/screen_control/spi_screen_detail_web_config.cpp ****     };
  70:Src/display/screen_control/spi_screen_detail_web_config.cpp ****     static const char* const storageInitErrorLines[] = {
 382              		.loc 1 70 5 view .LVU65
  71:Src/display/screen_control/spi_screen_detail_web_config.cpp ****         "QSPI storage is unavailable.",
  72:Src/display/screen_control/spi_screen_detail_web_config.cpp ****         "Configuration access is disabled.",
  73:Src/display/screen_control/spi_screen_detail_web_config.cpp ****         "Press Quit or hold Back to exit."
  74:Src/display/screen_control/spi_screen_detail_web_config.cpp ****     };
  75:Src/display/screen_control/spi_screen_detail_web_config.cpp ****     static const char* const adcErrorLines[] = {
 383              		.loc 1 75 5 view .LVU66
  76:Src/display/screen_control/spi_screen_detail_web_config.cpp ****         "Input sampling stopped.",
  77:Src/display/screen_control/spi_screen_detail_web_config.cpp ****         "The USB session is closed.",
  78:Src/display/screen_control/spi_screen_detail_web_config.cpp ****         "Press Quit or hold Back to exit."
  79:Src/display/screen_control/spi_screen_detail_web_config.cpp ****     };
  80:Src/display/screen_control/spi_screen_detail_web_config.cpp ****     static const char* const storageErrorLines[] = {
 384              		.loc 1 80 5 view .LVU67
  81:Src/display/screen_control/spi_screen_detail_web_config.cpp ****         "Configuration save failed.",
ARM GAS  C:\Users\nicx5\AppData\Local\Temp\ccaLtoxI.s 			page 11


  82:Src/display/screen_control/spi_screen_detail_web_config.cpp ****         "Press Retry to save and exit again.",
  83:Src/display/screen_control/spi_screen_detail_web_config.cpp ****         "The secure USB session is closed."
  84:Src/display/screen_control/spi_screen_detail_web_config.cpp ****     };
  85:Src/display/screen_control/spi_screen_detail_web_config.cpp **** 
  86:Src/display/screen_control/spi_screen_detail_web_config.cpp ****     const char* const* lines = startingLines;
 385              		.loc 1 86 5 view .LVU68
 386              	.LVL26:
  87:Src/display/screen_control/spi_screen_detail_web_config.cpp ****     uint8_t lineCount = (uint8_t)(sizeof(startingLines) / sizeof(startingLines[0]));
 387              		.loc 1 87 5 view .LVU69
  88:Src/display/screen_control/spi_screen_detail_web_config.cpp ****     switch (WEB_CONFIG_STATE.status()) {
 388              		.loc 1 88 5 view .LVU70
 389              		.loc 1 88 13 is_stmt 0 view .LVU71
 390 0008 FFF7FEFF 		bl	_ZN14WebConfigState11getInstanceEv
 391              	.LVL27:
 392              	.LBB32:
 393              	.LBI32:
  36:Inc/system/states/webconfig_state.hpp **** 
  37:Inc/system/states/webconfig_state.hpp ****     bool enter() override;
  38:Inc/system/states/webconfig_state.hpp ****     void tick() override;
  39:Inc/system/states/webconfig_state.hpp ****     void exit() override;
  40:Inc/system/states/webconfig_state.hpp **** 
  41:Inc/system/states/webconfig_state.hpp ****     WebConfigRuntimeStatus status() const { return runtimeStatus; }
 394              		.loc 2 41 28 is_stmt 1 view .LVU72
 395              	.LBB33:
 396              		.loc 2 41 45 view .LVU73
 397              		.loc 2 41 52 is_stmt 0 view .LVU74
 398 000c C379     		ldrb	r3, [r0, #7]	@ zero_extendqisi2
 399              	.LVL28:
 400              		.loc 2 41 52 view .LVU75
 401              	.LBE33:
 402              	.LBE32:
 403              		.loc 1 88 5 discriminator 2 view .LVU76
 404 000e 5A1E     		subs	r2, r3, #1
 405 0010 072A     		cmp	r2, #7
 406 0012 05D8     		bhi	.L28
 407 0014 DFE802F0 		tbb	[pc, r2]
 408              	.L30:
 409 0018 1A       		.byte	(.L38-.L30)/2
 410 0019 07       		.byte	(.L36-.L30)/2
 411 001a 0A       		.byte	(.L35-.L30)/2
 412 001b 0C       		.byte	(.L34-.L30)/2
 413 001c 0E       		.byte	(.L33-.L30)/2
 414 001d 11       		.byte	(.L32-.L30)/2
 415 001e 17       		.byte	(.L31-.L30)/2
 416 001f 14       		.byte	(.L29-.L30)/2
 417              		.p2align 1
 418              	.L28:
 419 0020 0323     		movs	r3, #3
 420 0022 0F4A     		ldr	r2, .L40
 421 0024 14E0     		b	.L37
 422              	.L36:
  89:Src/display/screen_control/spi_screen_detail_web_config.cpp ****         case WebConfigRuntimeStatus::Ready:
  90:Src/display/screen_control/spi_screen_detail_web_config.cpp ****             lines = readyLines;
  91:Src/display/screen_control/spi_screen_detail_web_config.cpp ****             lineCount = (uint8_t)(sizeof(readyLines) / sizeof(readyLines[0]));
  92:Src/display/screen_control/spi_screen_detail_web_config.cpp ****             break;
  93:Src/display/screen_control/spi_screen_detail_web_config.cpp ****         case WebConfigRuntimeStatus::Authenticated:
 423              		.loc 1 93 9 is_stmt 1 view .LVU77
ARM GAS  C:\Users\nicx5\AppData\Local\Temp\ccaLtoxI.s 			page 12


  94:Src/display/screen_control/spi_screen_detail_web_config.cpp ****             lines = authenticatedLines;
 424              		.loc 1 94 13 view .LVU78
 425              	.LVL29:
  95:Src/display/screen_control/spi_screen_detail_web_config.cpp ****             lineCount = (uint8_t)(sizeof(authenticatedLines) / sizeof(authenticatedLines[0]));
 426              		.loc 1 95 13 view .LVU79
  96:Src/display/screen_control/spi_screen_detail_web_config.cpp ****             break;
 427              		.loc 1 96 13 view .LVU80
  95:Src/display/screen_control/spi_screen_detail_web_config.cpp ****             lineCount = (uint8_t)(sizeof(authenticatedLines) / sizeof(authenticatedLines[0]));
 428              		.loc 1 95 23 is_stmt 0 view .LVU81
 429 0026 0423     		movs	r3, #4
  94:Src/display/screen_control/spi_screen_detail_web_config.cpp ****             lines = authenticatedLines;
 430              		.loc 1 94 19 view .LVU82
 431 0028 0E4A     		ldr	r2, .L40+4
 432              		.loc 1 96 13 view .LVU83
 433 002a 11E0     		b	.L37
 434              	.LVL30:
 435              	.L35:
  97:Src/display/screen_control/spi_screen_detail_web_config.cpp ****         case WebConfigRuntimeStatus::ErrorUsbMode:
 436              		.loc 1 97 9 is_stmt 1 view .LVU84
  98:Src/display/screen_control/spi_screen_detail_web_config.cpp ****             lines = usbModeErrorLines;
 437              		.loc 1 98 13 view .LVU85
  99:Src/display/screen_control/spi_screen_detail_web_config.cpp ****             lineCount = (uint8_t)(sizeof(usbModeErrorLines) / sizeof(usbModeErrorLines[0]));
 438              		.loc 1 99 13 view .LVU86
 100:Src/display/screen_control/spi_screen_detail_web_config.cpp ****             break;
 439              		.loc 1 100 13 view .LVU87
  98:Src/display/screen_control/spi_screen_detail_web_config.cpp ****             lines = usbModeErrorLines;
 440              		.loc 1 98 19 is_stmt 0 view .LVU88
 441 002c 0E4A     		ldr	r2, .L40+8
 442              		.loc 1 100 13 view .LVU89
 443 002e 0FE0     		b	.L37
 444              	.LVL31:
 445              	.L34:
 101:Src/display/screen_control/spi_screen_detail_web_config.cpp ****         case WebConfigRuntimeStatus::ErrorMaintenance:
 446              		.loc 1 101 9 is_stmt 1 view .LVU90
 102:Src/display/screen_control/spi_screen_detail_web_config.cpp ****             lines = maintenanceErrorLines;
 447              		.loc 1 102 13 view .LVU91
 103:Src/display/screen_control/spi_screen_detail_web_config.cpp ****             lineCount = (uint8_t)(sizeof(maintenanceErrorLines) / sizeof(maintenanceErrorLines[0]))
 448              		.loc 1 103 13 view .LVU92
 104:Src/display/screen_control/spi_screen_detail_web_config.cpp ****             break;
 449              		.loc 1 104 13 view .LVU93
 102:Src/display/screen_control/spi_screen_detail_web_config.cpp ****             lines = maintenanceErrorLines;
 450              		.loc 1 102 19 is_stmt 0 view .LVU94
 451 0030 0E4A     		ldr	r2, .L40+12
 452              		.loc 1 104 13 view .LVU95
 453 0032 0DE0     		b	.L37
 454              	.LVL32:
 455              	.L33:
 105:Src/display/screen_control/spi_screen_detail_web_config.cpp ****         case WebConfigRuntimeStatus::ErrorSecurity:
 456              		.loc 1 105 9 is_stmt 1 view .LVU96
 106:Src/display/screen_control/spi_screen_detail_web_config.cpp ****             lines = securityErrorLines;
 457              		.loc 1 106 13 view .LVU97
 107:Src/display/screen_control/spi_screen_detail_web_config.cpp ****             lineCount = (uint8_t)(sizeof(securityErrorLines) / sizeof(securityErrorLines[0]));
 458              		.loc 1 107 13 view .LVU98
 108:Src/display/screen_control/spi_screen_detail_web_config.cpp ****             break;
 459              		.loc 1 108 13 view .LVU99
 107:Src/display/screen_control/spi_screen_detail_web_config.cpp ****             lineCount = (uint8_t)(sizeof(securityErrorLines) / sizeof(securityErrorLines[0]));
 460              		.loc 1 107 23 is_stmt 0 view .LVU100
ARM GAS  C:\Users\nicx5\AppData\Local\Temp\ccaLtoxI.s 			page 13


 461 0034 0323     		movs	r3, #3
 106:Src/display/screen_control/spi_screen_detail_web_config.cpp ****             lines = securityErrorLines;
 462              		.loc 1 106 19 view .LVU101
 463 0036 0E4A     		ldr	r2, .L40+16
 464              		.loc 1 108 13 view .LVU102
 465 0038 0AE0     		b	.L37
 466              	.LVL33:
 467              	.L32:
 109:Src/display/screen_control/spi_screen_detail_web_config.cpp ****         case WebConfigRuntimeStatus::ErrorStorageInit:
 468              		.loc 1 109 9 is_stmt 1 view .LVU103
 110:Src/display/screen_control/spi_screen_detail_web_config.cpp ****             lines = storageInitErrorLines;
 469              		.loc 1 110 13 view .LVU104
 111:Src/display/screen_control/spi_screen_detail_web_config.cpp ****             lineCount = (uint8_t)(sizeof(storageInitErrorLines) / sizeof(storageInitErrorLines[0]))
 470              		.loc 1 111 13 view .LVU105
 112:Src/display/screen_control/spi_screen_detail_web_config.cpp ****             break;
 471              		.loc 1 112 13 view .LVU106
 111:Src/display/screen_control/spi_screen_detail_web_config.cpp ****             lineCount = (uint8_t)(sizeof(storageInitErrorLines) / sizeof(storageInitErrorLines[0]))
 472              		.loc 1 111 23 is_stmt 0 view .LVU107
 473 003a 0323     		movs	r3, #3
 110:Src/display/screen_control/spi_screen_detail_web_config.cpp ****             lines = storageInitErrorLines;
 474              		.loc 1 110 19 view .LVU108
 475 003c 0D4A     		ldr	r2, .L40+20
 476              		.loc 1 112 13 view .LVU109
 477 003e 07E0     		b	.L37
 478              	.LVL34:
 479              	.L29:
 113:Src/display/screen_control/spi_screen_detail_web_config.cpp ****         case WebConfigRuntimeStatus::ErrorStorage:
 480              		.loc 1 113 9 is_stmt 1 view .LVU110
 114:Src/display/screen_control/spi_screen_detail_web_config.cpp ****             lines = storageErrorLines;
 481              		.loc 1 114 13 view .LVU111
 115:Src/display/screen_control/spi_screen_detail_web_config.cpp ****             lineCount = (uint8_t)(sizeof(storageErrorLines) / sizeof(storageErrorLines[0]));
 482              		.loc 1 115 13 view .LVU112
 116:Src/display/screen_control/spi_screen_detail_web_config.cpp ****             break;
 483              		.loc 1 116 13 view .LVU113
 115:Src/display/screen_control/spi_screen_detail_web_config.cpp ****             lineCount = (uint8_t)(sizeof(storageErrorLines) / sizeof(storageErrorLines[0]));
 484              		.loc 1 115 23 is_stmt 0 view .LVU114
 485 0040 0323     		movs	r3, #3
 114:Src/display/screen_control/spi_screen_detail_web_config.cpp ****             lines = storageErrorLines;
 486              		.loc 1 114 19 view .LVU115
 487 0042 0D4A     		ldr	r2, .L40+24
 488              		.loc 1 116 13 view .LVU116
 489 0044 04E0     		b	.L37
 490              	.LVL35:
 491              	.L31:
 117:Src/display/screen_control/spi_screen_detail_web_config.cpp ****         case WebConfigRuntimeStatus::ErrorAdc:
 492              		.loc 1 117 9 is_stmt 1 view .LVU117
 118:Src/display/screen_control/spi_screen_detail_web_config.cpp ****             lines = adcErrorLines;
 493              		.loc 1 118 13 view .LVU118
 119:Src/display/screen_control/spi_screen_detail_web_config.cpp ****             lineCount = (uint8_t)(sizeof(adcErrorLines) / sizeof(adcErrorLines[0]));
 494              		.loc 1 119 13 view .LVU119
 120:Src/display/screen_control/spi_screen_detail_web_config.cpp ****             break;
 495              		.loc 1 120 13 view .LVU120
 119:Src/display/screen_control/spi_screen_detail_web_config.cpp ****             lineCount = (uint8_t)(sizeof(adcErrorLines) / sizeof(adcErrorLines[0]));
 496              		.loc 1 119 23 is_stmt 0 view .LVU121
 497 0046 0323     		movs	r3, #3
 118:Src/display/screen_control/spi_screen_detail_web_config.cpp ****             lines = adcErrorLines;
 498              		.loc 1 118 19 view .LVU122
ARM GAS  C:\Users\nicx5\AppData\Local\Temp\ccaLtoxI.s 			page 14


 499 0048 0C4A     		ldr	r2, .L40+28
 500              		.loc 1 120 13 view .LVU123
 501 004a 01E0     		b	.L37
 502              	.LVL36:
 503              	.L38:
  91:Src/display/screen_control/spi_screen_detail_web_config.cpp ****             break;
 504              		.loc 1 91 23 view .LVU124
 505 004c 0423     		movs	r3, #4
  90:Src/display/screen_control/spi_screen_detail_web_config.cpp ****             lineCount = (uint8_t)(sizeof(readyLines) / sizeof(readyLines[0]));
 506              		.loc 1 90 19 view .LVU125
 507 004e 0C4A     		ldr	r2, .L40+32
 508              	.LVL37:
 509              	.L37:
 121:Src/display/screen_control/spi_screen_detail_web_config.cpp ****         case WebConfigRuntimeStatus::Starting:
 122:Src/display/screen_control/spi_screen_detail_web_config.cpp ****         default:
 123:Src/display/screen_control/spi_screen_detail_web_config.cpp ****             break;
 124:Src/display/screen_control/spi_screen_detail_web_config.cpp ****     }
 125:Src/display/screen_control/spi_screen_detail_web_config.cpp ****     ScreenDetailRender_TitleLines(lcd, "Web Config", lines, lineCount, style);
 510              		.loc 1 125 5 is_stmt 1 view .LVU126
 511              		.loc 1 125 34 is_stmt 0 view .LVU127
 512 0050 0095     		str	r5, [sp]
 513 0052 0C49     		ldr	r1, .L40+36
 514 0054 2046     		mov	r0, r4
 515 0056 FFF7FEFF 		bl	_Z29ScreenDetailRender_TitleLinesP13ST7789_HandlePKcPKS2_hRK13ScreenUiStyle
 516              	.LVL38:
 126:Src/display/screen_control/spi_screen_detail_web_config.cpp **** }
 517              		.loc 1 126 1 view .LVU128
 518 005a 03B0     		add	sp, sp, #12
 519              	.LCFI6:
 520              		.cfi_def_cfa_offset 12
 521              		@ sp needed
 522 005c 30BD     		pop	{r4, r5, pc}
 523              	.LVL39:
 524              	.L41:
 525              		.loc 1 126 1 view .LVU129
 526 005e 00BF     		.align	2
 527              	.L40:
 528 0060 00000000 		.word	_ZZ28ScreenDetailWebConfig_RenderP13ST7789_HandlehRK13ScreenUiStyleE13startingLines
 529 0064 00000000 		.word	_ZZ28ScreenDetailWebConfig_RenderP13ST7789_HandlehRK13ScreenUiStyleE18authenticatedLines
 530 0068 00000000 		.word	_ZZ28ScreenDetailWebConfig_RenderP13ST7789_HandlehRK13ScreenUiStyleE17usbModeErrorLines
 531 006c 00000000 		.word	_ZZ28ScreenDetailWebConfig_RenderP13ST7789_HandlehRK13ScreenUiStyleE21maintenanceErrorLines
 532 0070 00000000 		.word	_ZZ28ScreenDetailWebConfig_RenderP13ST7789_HandlehRK13ScreenUiStyleE18securityErrorLines
 533 0074 00000000 		.word	_ZZ28ScreenDetailWebConfig_RenderP13ST7789_HandlehRK13ScreenUiStyleE21storageInitErrorLines
 534 0078 00000000 		.word	_ZZ28ScreenDetailWebConfig_RenderP13ST7789_HandlehRK13ScreenUiStyleE17storageErrorLines
 535 007c 00000000 		.word	_ZZ28ScreenDetailWebConfig_RenderP13ST7789_HandlehRK13ScreenUiStyleE13adcErrorLines
 536 0080 00000000 		.word	_ZZ28ScreenDetailWebConfig_RenderP13ST7789_HandlehRK13ScreenUiStyleE10readyLines
 537 0084 00000000 		.word	.LC0
 538              		.cfi_endproc
 539              	.LFE2190:
 541              		.section	.text._Z31ScreenDetailWebConfig_OnConfirmh,"ax",%progbits
 542              		.align	1
 543              		.global	_Z31ScreenDetailWebConfig_OnConfirmh
 544              		.syntax unified
 545              		.thumb
 546              		.thumb_func
 548              	_Z31ScreenDetailWebConfig_OnConfirmh:
 549              	.LVL40:
ARM GAS  C:\Users\nicx5\AppData\Local\Temp\ccaLtoxI.s 			page 15


 550              	.LFB2191:
 127:Src/display/screen_control/spi_screen_detail_web_config.cpp **** 
 128:Src/display/screen_control/spi_screen_detail_web_config.cpp **** bool ScreenDetailWebConfig_OnConfirm(uint8_t index) {
 551              		.loc 1 128 53 is_stmt 1 view -0
 552              		.cfi_startproc
 553              		@ args = 0, pretend = 0, frame = 0
 554              		@ frame_needed = 0, uses_anonymous_args = 0
 555              		.loc 1 128 53 is_stmt 0 view .LVU131
 556 0000 08B5     		push	{r3, lr}
 557              	.LCFI7:
 558              		.cfi_def_cfa_offset 8
 559              		.cfi_offset 3, -8
 560              		.cfi_offset 14, -4
 129:Src/display/screen_control/spi_screen_detail_web_config.cpp ****     (void)index;
 561              		.loc 1 129 5 is_stmt 1 view .LVU132
 130:Src/display/screen_control/spi_screen_detail_web_config.cpp ****     if (WEB_CONFIG_STATE.status() == WebConfigRuntimeStatus::Starting) {
 562              		.loc 1 130 5 view .LVU133
 563              		.loc 1 130 9 is_stmt 0 view .LVU134
 564 0002 FFF7FEFF 		bl	_ZN14WebConfigState11getInstanceEv
 565              	.LVL41:
 566              	.LBB34:
 567              	.LBI34:
 568              		.loc 2 41 28 is_stmt 1 view .LVU135
 569              	.LBB35:
 570              		.loc 2 41 45 view .LVU136
 571              		.loc 2 41 52 is_stmt 0 view .LVU137
 572 0006 C379     		ldrb	r3, [r0, #7]	@ zero_extendqisi2
 573              	.LVL42:
 574              		.loc 2 41 52 view .LVU138
 575              	.LBE35:
 576              	.LBE34:
 577              		.loc 1 130 5 discriminator 2 view .LVU139
 578 0008 0BB9     		cbnz	r3, .L46
 131:Src/display/screen_control/spi_screen_detail_web_config.cpp ****         return false;
 579              		.loc 1 131 16 view .LVU140
 580 000a 0020     		movs	r0, #0
 581              	.L43:
 132:Src/display/screen_control/spi_screen_detail_web_config.cpp ****     }
 133:Src/display/screen_control/spi_screen_detail_web_config.cpp ****     return exitWebConfig();
 134:Src/display/screen_control/spi_screen_detail_web_config.cpp **** }
 582              		.loc 1 134 1 view .LVU141
 583 000c 08BD     		pop	{r3, pc}
 584              	.L46:
 133:Src/display/screen_control/spi_screen_detail_web_config.cpp **** }
 585              		.loc 1 133 5 is_stmt 1 view .LVU142
 133:Src/display/screen_control/spi_screen_detail_web_config.cpp **** }
 586              		.loc 1 133 25 is_stmt 0 view .LVU143
 587 000e FFF7FEFF 		bl	_ZN12_GLOBAL__N_1L13exitWebConfigEv
 588              	.LVL43:
 133:Src/display/screen_control/spi_screen_detail_web_config.cpp **** }
 589              		.loc 1 133 26 view .LVU144
 590 0012 FBE7     		b	.L43
 591              		.cfi_endproc
 592              	.LFE2191:
 594              		.section	.text._Z28ScreenDetailWebConfig_OnBackv,"ax",%progbits
 595              		.align	1
 596              		.global	_Z28ScreenDetailWebConfig_OnBackv
ARM GAS  C:\Users\nicx5\AppData\Local\Temp\ccaLtoxI.s 			page 16


 597              		.syntax unified
 598              		.thumb
 599              		.thumb_func
 601              	_Z28ScreenDetailWebConfig_OnBackv:
 602              	.LFB2192:
 135:Src/display/screen_control/spi_screen_detail_web_config.cpp **** 
 136:Src/display/screen_control/spi_screen_detail_web_config.cpp **** bool ScreenDetailWebConfig_OnBack(void) {
 603              		.loc 1 136 41 is_stmt 1 view -0
 604              		.cfi_startproc
 605              		@ args = 0, pretend = 0, frame = 0
 606              		@ frame_needed = 0, uses_anonymous_args = 0
 607 0000 08B5     		push	{r3, lr}
 608              	.LCFI8:
 609              		.cfi_def_cfa_offset 8
 610              		.cfi_offset 3, -8
 611              		.cfi_offset 14, -4
 137:Src/display/screen_control/spi_screen_detail_web_config.cpp ****     return exitWebConfig();
 612              		.loc 1 137 5 view .LVU146
 613              		.loc 1 137 25 is_stmt 0 view .LVU147
 614 0002 FFF7FEFF 		bl	_ZN12_GLOBAL__N_1L13exitWebConfigEv
 615              	.LVL44:
 138:Src/display/screen_control/spi_screen_detail_web_config.cpp **** }
 616              		.loc 1 138 1 view .LVU148
 617 0006 08BD     		pop	{r3, pc}
 618              		.cfi_endproc
 619              	.LFE2192:
 621              		.section	.rodata._Z34ScreenDetailWebConfig_ConfirmLabelv.str1.4,"aMS",%progbits,1
 622              		.align	2
 623              	.LC1:
 624 0000 57616974 		.ascii	"Wait\000"
 624      00
 625 0005 000000   		.align	2
 626              	.LC2:
 627 0008 52657472 		.ascii	"Retry\000"
 627      7900
 628 000e 0000     		.align	2
 629              	.LC3:
 630 0010 51756974 		.ascii	"Quit\000"
 630      00
 631              		.section	.text._Z34ScreenDetailWebConfig_ConfirmLabelv,"ax",%progbits
 632              		.align	1
 633              		.global	_Z34ScreenDetailWebConfig_ConfirmLabelv
 634              		.syntax unified
 635              		.thumb
 636              		.thumb_func
 638              	_Z34ScreenDetailWebConfig_ConfirmLabelv:
 639              	.LFB2193:
 139:Src/display/screen_control/spi_screen_detail_web_config.cpp **** 
 140:Src/display/screen_control/spi_screen_detail_web_config.cpp **** const char* ScreenDetailWebConfig_ConfirmLabel(void)
 141:Src/display/screen_control/spi_screen_detail_web_config.cpp **** {
 640              		.loc 1 141 1 is_stmt 1 view -0
 641              		.cfi_startproc
 642              		@ args = 0, pretend = 0, frame = 0
 643              		@ frame_needed = 0, uses_anonymous_args = 0
 644 0000 08B5     		push	{r3, lr}
 645              	.LCFI9:
 646              		.cfi_def_cfa_offset 8
ARM GAS  C:\Users\nicx5\AppData\Local\Temp\ccaLtoxI.s 			page 17


 647              		.cfi_offset 3, -8
 648              		.cfi_offset 14, -4
 142:Src/display/screen_control/spi_screen_detail_web_config.cpp ****     if (WEB_CONFIG_STATE.status() == WebConfigRuntimeStatus::Starting) {
 649              		.loc 1 142 5 view .LVU150
 650              		.loc 1 142 9 is_stmt 0 view .LVU151
 651 0002 FFF7FEFF 		bl	_ZN14WebConfigState11getInstanceEv
 652              	.LVL45:
 653              	.LBB36:
 654              	.LBI36:
 655              		.loc 2 41 28 is_stmt 1 view .LVU152
 656              	.LBB37:
 657              		.loc 2 41 45 view .LVU153
 658              		.loc 2 41 52 is_stmt 0 view .LVU154
 659 0006 C379     		ldrb	r3, [r0, #7]	@ zero_extendqisi2
 660              	.LVL46:
 661              		.loc 2 41 52 view .LVU155
 662              	.LBE37:
 663              	.LBE36:
 664              		.loc 1 142 5 discriminator 2 view .LVU156
 665 0008 0BB9     		cbnz	r3, .L54
 143:Src/display/screen_control/spi_screen_detail_web_config.cpp ****         return "Wait";
 666              		.loc 1 143 16 view .LVU157
 667 000a 0548     		ldr	r0, .L55
 668              	.L49:
 144:Src/display/screen_control/spi_screen_detail_web_config.cpp ****     }
 145:Src/display/screen_control/spi_screen_detail_web_config.cpp ****     if (WEB_CONFIG_STATE.status() == WebConfigRuntimeStatus::ErrorStorage) {
 146:Src/display/screen_control/spi_screen_detail_web_config.cpp ****         return "Retry";
 147:Src/display/screen_control/spi_screen_detail_web_config.cpp ****     }
 148:Src/display/screen_control/spi_screen_detail_web_config.cpp ****     return "Quit";
 149:Src/display/screen_control/spi_screen_detail_web_config.cpp **** }
 669              		.loc 1 149 1 view .LVU158
 670 000c 08BD     		pop	{r3, pc}
 671              	.L54:
 145:Src/display/screen_control/spi_screen_detail_web_config.cpp ****         return "Retry";
 672              		.loc 1 145 5 is_stmt 1 view .LVU159
 145:Src/display/screen_control/spi_screen_detail_web_config.cpp ****         return "Retry";
 673              		.loc 1 145 9 is_stmt 0 view .LVU160
 674 000e FFF7FEFF 		bl	_ZN14WebConfigState11getInstanceEv
 675              	.LVL47:
 676              	.LBB38:
 677              	.LBI38:
 678              		.loc 2 41 28 is_stmt 1 view .LVU161
 679              	.LBB39:
 680              		.loc 2 41 45 view .LVU162
 681              		.loc 2 41 52 is_stmt 0 view .LVU163
 682 0012 C379     		ldrb	r3, [r0, #7]	@ zero_extendqisi2
 683              	.LVL48:
 684              		.loc 2 41 52 view .LVU164
 685              	.LBE39:
 686              	.LBE38:
 145:Src/display/screen_control/spi_screen_detail_web_config.cpp ****         return "Retry";
 687              		.loc 1 145 5 discriminator 2 view .LVU165
 688 0014 082B     		cmp	r3, #8
 689 0016 01D0     		beq	.L52
 148:Src/display/screen_control/spi_screen_detail_web_config.cpp **** }
 690              		.loc 1 148 12 view .LVU166
 691 0018 0248     		ldr	r0, .L55+4
ARM GAS  C:\Users\nicx5\AppData\Local\Temp\ccaLtoxI.s 			page 18


 692 001a F7E7     		b	.L49
 693              	.L52:
 146:Src/display/screen_control/spi_screen_detail_web_config.cpp ****     }
 694              		.loc 1 146 16 view .LVU167
 695 001c 0248     		ldr	r0, .L55+8
 696 001e F5E7     		b	.L49
 697              	.L56:
 698              		.align	2
 699              	.L55:
 700 0020 00000000 		.word	.LC1
 701 0024 10000000 		.word	.LC3
 702 0028 08000000 		.word	.LC2
 703              		.cfi_endproc
 704              	.LFE2193:
 706              		.weak	_ZTV9BaseState
 707              		.section	.rodata._ZTV9BaseState,"aG",%progbits,_ZTV9BaseState,comdat
 708              		.align	2
 711              	_ZTV9BaseState:
 712 0000 00000000 		.word	0
 713 0004 00000000 		.word	0
 714 0008 00000000 		.word	0
 715 000c 00000000 		.word	0
 716 0010 00000000 		.word	__cxa_pure_virtual
 717 0014 00000000 		.word	__cxa_pure_virtual
 718 0018 00000000 		.word	__cxa_pure_virtual
 719              		.section	.rodata.str1.4,"aMS",%progbits,1
 720              		.align	2
 721              	.LC4:
 722 0000 436F6E66 		.ascii	"Configuration save failed.\000"
 722      69677572 
 722      6174696F 
 722      6E207361 
 722      76652066 
 723 001b 00       		.align	2
 724              	.LC5:
 725 001c 50726573 		.ascii	"Press Retry to save and exit again.\000"
 725      73205265 
 725      74727920 
 725      746F2073 
 725      61766520 
 726              		.align	2
 727              	.LC6:
 728 0040 54686520 		.ascii	"The secure USB session is closed.\000"
 728      73656375 
 728      72652055 
 728      53422073 
 728      65737369 
 729              		.section	.rodata._ZZ28ScreenDetailWebConfig_RenderP13ST7789_HandlehRK13ScreenUiStyleE17storageErro
 730              		.align	2
 733              	_ZZ28ScreenDetailWebConfig_RenderP13ST7789_HandlehRK13ScreenUiStyleE17storageErrorLines:
 734 0000 00000000 		.word	.LC4
 735 0004 1C000000 		.word	.LC5
 736 0008 40000000 		.word	.LC6
 737              		.section	.rodata.str1.4
 738 0062 0000     		.align	2
 739              	.LC7:
 740 0064 496E7075 		.ascii	"Input sampling stopped.\000"
ARM GAS  C:\Users\nicx5\AppData\Local\Temp\ccaLtoxI.s 			page 19


 740      74207361 
 740      6D706C69 
 740      6E672073 
 740      746F7070 
 741              		.align	2
 742              	.LC8:
 743 007c 54686520 		.ascii	"The USB session is closed.\000"
 743      55534220 
 743      73657373 
 743      696F6E20 
 743      69732063 
 744 0097 00       		.align	2
 745              	.LC9:
 746 0098 50726573 		.ascii	"Press Quit or hold Back to exit.\000"
 746      73205175 
 746      6974206F 
 746      7220686F 
 746      6C642042 
 747              		.section	.rodata._ZZ28ScreenDetailWebConfig_RenderP13ST7789_HandlehRK13ScreenUiStyleE13adcErrorLin
 748              		.align	2
 751              	_ZZ28ScreenDetailWebConfig_RenderP13ST7789_HandlehRK13ScreenUiStyleE13adcErrorLines:
 752 0000 64000000 		.word	.LC7
 753 0004 7C000000 		.word	.LC8
 754 0008 98000000 		.word	.LC9
 755              		.section	.rodata.str1.4
 756 00b9 000000   		.align	2
 757              	.LC10:
 758 00bc 51535049 		.ascii	"QSPI storage is unavailable.\000"
 758      2073746F 
 758      72616765 
 758      20697320 
 758      756E6176 
 759 00d9 000000   		.align	2
 760              	.LC11:
 761 00dc 436F6E66 		.ascii	"Configuration access is disabled.\000"
 761      69677572 
 761      6174696F 
 761      6E206163 
 761      63657373 
 762              		.section	.rodata._ZZ28ScreenDetailWebConfig_RenderP13ST7789_HandlehRK13ScreenUiStyleE21storageInit
 763              		.align	2
 766              	_ZZ28ScreenDetailWebConfig_RenderP13ST7789_HandlehRK13ScreenUiStyleE21storageInitErrorLines:
 767 0000 BC000000 		.word	.LC10
 768 0004 DC000000 		.word	.LC11
 769 0008 98000000 		.word	.LC9
 770              		.section	.rodata.str1.4
 771 00fe 0000     		.align	2
 772              	.LC12:
 773 0100 44657669 		.ascii	"Device security check failed.\000"
 773      63652073 
 773      65637572 
 773      69747920 
 773      63686563 
 774 011e 0000     		.align	2
 775              	.LC13:
 776 0120 43686563 		.ascii	"Check identity and trust setup.\000"
 776      6B206964 
ARM GAS  C:\Users\nicx5\AppData\Local\Temp\ccaLtoxI.s 			page 20


 776      656E7469 
 776      74792061 
 776      6E642074 
 777              		.section	.rodata._ZZ28ScreenDetailWebConfig_RenderP13ST7789_HandlehRK13ScreenUiStyleE18securityErr
 778              		.align	2
 781              	_ZZ28ScreenDetailWebConfig_RenderP13ST7789_HandlehRK13ScreenUiStyleE18securityErrorLines:
 782 0000 00010000 		.word	.LC12
 783 0004 20010000 		.word	.LC13
 784 0008 98000000 		.word	.LC9
 785              		.section	.rodata.str1.4
 786              		.align	2
 787              	.LC14:
 788 0140 55534220 		.ascii	"USB maintenance is unavailable.\000"
 788      6D61696E 
 788      74656E61 
 788      6E636520 
 788      69732075 
 789              		.align	2
 790              	.LC15:
 791 0160 43686563 		.ascii	"Check the CH585 firmware and link.\000"
 791      6B207468 
 791      65204348 
 791      35383520 
 791      6669726D 
 792 0183 00       		.align	2
 793              	.LC16:
 794 0184 52652D65 		.ascii	"Re-enter WebConfig to retry.\000"
 794      6E746572 
 794      20576562 
 794      436F6E66 
 794      69672074 
 795              		.section	.rodata._ZZ28ScreenDetailWebConfig_RenderP13ST7789_HandlehRK13ScreenUiStyleE21maintenance
 796              		.align	2
 799              	_ZZ28ScreenDetailWebConfig_RenderP13ST7789_HandlehRK13ScreenUiStyleE21maintenanceErrorLines:
 800 0000 40010000 		.word	.LC14
 801 0004 60010000 		.word	.LC15
 802 0008 98000000 		.word	.LC9
 803 000c 84010000 		.word	.LC16
 804              		.section	.rodata.str1.4
 805 01a1 000000   		.align	2
 806              	.LC17:
 807 01a4 55534220 		.ascii	"USB switch position is required.\000"
 807      73776974 
 807      63682070 
 807      6F736974 
 807      696F6E20 
 808 01c5 000000   		.align	2
 809              	.LC18:
 810 01c8 4D6F7665 		.ascii	"Move the physical switch to USB.\000"
 810      20746865 
 810      20706879 
 810      73696361 
 810      6C207377 
 811              		.section	.rodata._ZZ28ScreenDetailWebConfig_RenderP13ST7789_HandlehRK13ScreenUiStyleE17usbModeErro
 812              		.align	2
 815              	_ZZ28ScreenDetailWebConfig_RenderP13ST7789_HandlehRK13ScreenUiStyleE17usbModeErrorLines:
 816 0000 A4010000 		.word	.LC17
ARM GAS  C:\Users\nicx5\AppData\Local\Temp\ccaLtoxI.s 			page 21


 817 0004 C8010000 		.word	.LC18
 818 0008 98000000 		.word	.LC9
 819              		.section	.rodata.str1.4
 820 01e9 000000   		.align	2
 821              	.LC19:
 822 01ec 42726F77 		.ascii	"Browser authenticated.\000"
 822      73657220 
 822      61757468 
 822      656E7469 
 822      63617465 
 823 0203 00       		.align	2
 824              	.LC20:
 825 0204 57656243 		.ascii	"WebConfig session is active.\000"
 825      6F6E6669 
 825      67207365 
 825      7373696F 
 825      6E206973 
 826 0221 000000   		.align	2
 827              	.LC21:
 828 0224 4F70656E 		.ascii	"Open the local WebConfig server.\000"
 828      20746865 
 828      206C6F63 
 828      616C2057 
 828      6562436F 
 829 0245 000000   		.align	2
 830              	.LC22:
 831 0248 50726573 		.ascii	"Press Quit or Back to exit.\000"
 831      73205175 
 831      6974206F 
 831      72204261 
 831      636B2074 
 832              		.section	.rodata._ZZ28ScreenDetailWebConfig_RenderP13ST7789_HandlehRK13ScreenUiStyleE18authenticat
 833              		.align	2
 836              	_ZZ28ScreenDetailWebConfig_RenderP13ST7789_HandlehRK13ScreenUiStyleE18authenticatedLines:
 837 0000 EC010000 		.word	.LC19
 838 0004 04020000 		.word	.LC20
 839 0008 24020000 		.word	.LC21
 840 000c 48020000 		.word	.LC22
 841              		.section	.rodata.str1.4
 842              		.align	2
 843              	.LC23:
 844 0264 55534220 		.ascii	"USB WebConfig is ready.\000"
 844      57656243 
 844      6F6E6669 
 844      67206973 
 844      20726561 
 845              		.align	2
 846              	.LC24:
 847 027c 436F6E6E 		.ascii	"Connect this device to your PC.\000"
 847      65637420 
 847      74686973 
 847      20646576 
 847      69636520 
 848              		.align	2
 849              	.LC25:
 850 029c 57616974 		.ascii	"Waiting for browser authentication.\000"
 850      696E6720 
ARM GAS  C:\Users\nicx5\AppData\Local\Temp\ccaLtoxI.s 			page 22


 850      666F7220 
 850      62726F77 
 850      73657220 
 851              		.section	.rodata._ZZ28ScreenDetailWebConfig_RenderP13ST7789_HandlehRK13ScreenUiStyleE10readyLines,
 852              		.align	2
 855              	_ZZ28ScreenDetailWebConfig_RenderP13ST7789_HandlehRK13ScreenUiStyleE10readyLines:
 856 0000 64020000 		.word	.LC23
 857 0004 7C020000 		.word	.LC24
 858 0008 24020000 		.word	.LC21
 859 000c 9C020000 		.word	.LC25
 860              		.section	.rodata.str1.4
 861              		.align	2
 862              	.LC26:
 863 02c0 53746172 		.ascii	"Starting secure USB WebConfig.\000"
 863      74696E67 
 863      20736563 
 863      75726520 
 863      55534220 
 864 02df 00       		.align	2
 865              	.LC27:
 866 02e0 506C6561 		.ascii	"Please wait.\000"
 866      73652077 
 866      6169742E 
 866      00
 867 02ed 000000   		.align	2
 868              	.LC28:
 869 02f0 486F6C64 		.ascii	"Hold Back to exit.\000"
 869      20426163 
 869      6B20746F 
 869      20657869 
 869      742E00
 870              		.section	.rodata._ZZ28ScreenDetailWebConfig_RenderP13ST7789_HandlehRK13ScreenUiStyleE13startingLin
 871              		.align	2
 874              	_ZZ28ScreenDetailWebConfig_RenderP13ST7789_HandlehRK13ScreenUiStyleE13startingLines:
 875 0000 C0020000 		.word	.LC26
 876 0004 E0020000 		.word	.LC27
 877 0008 F0020000 		.word	.LC28
 878              		.weak	_ZGVZN14WebConfigState11getInstanceEvE8instance
 879              		.section	.bss._ZGVZN14WebConfigState11getInstanceEvE8instance,"awG",%nobits,_ZGVZN14WebConfigState
 880              		.align	2
 883              	_ZGVZN14WebConfigState11getInstanceEvE8instance:
 884 0000 00000000 		.space	4
 885              		.weak	_ZZN14WebConfigState11getInstanceEvE8instance
 886              		.section	.data._ZZN14WebConfigState11getInstanceEvE8instance,"awG",%progbits,_ZZN14WebConfigState1
 887              		.align	2
 890              	_ZZN14WebConfigState11getInstanceEvE8instance:
 891 0000 08000000 		.word	_ZTV14WebConfigState+8
 892 0004 00       		.byte	0
 893 0005 00       		.byte	0
 894 0006 00       		.byte	0
 895 0007 00       		.byte	0
 896              		.weak	_ZGVZN7Storage11getInstanceEvE8instance
 897              		.section	.bss._ZGVZN7Storage11getInstanceEvE8instance,"awG",%nobits,_ZGVZN7Storage11getInstanceEvE
 898              		.align	2
 901              	_ZGVZN7Storage11getInstanceEvE8instance:
 902 0000 00000000 		.space	4
 903              		.weak	_ZZN7Storage11getInstanceEvE8instance
ARM GAS  C:\Users\nicx5\AppData\Local\Temp\ccaLtoxI.s 			page 23


 904              		.section	.bss._ZZN7Storage11getInstanceEvE8instance,"awG",%nobits,_ZZN7Storage11getInstanceEvE8ins
 905              		.align	2
 908              	_ZZN7Storage11getInstanceEvE8instance:
 909 0000 00000000 		.space	36484
 909      00000000 
 909      00000000 
 909      00000000 
 909      00000000 
 910              		.weak	__cxa_pure_virtual
 911              		.text
 912              	.Letext0:
 913              		.file 5 "D:/Program Files/msys64/mingw64/arm-none-eabi/include/machine/_default_types.h"
 914              		.file 6 "D:/Program Files/msys64/mingw64/arm-none-eabi/include/sys/_stdint.h"
 915              		.file 7 "Inc/display/screen_control/spi_screen_layout.hpp"
 916              		.file 8 "Drivers/CMSIS/Device/ST/STM32H7xx/Include/stm32h750xx.h"
 917              		.file 9 "D:/Program Files/msys64/mingw64/lib/gcc/arm-none-eabi/13.3.0/include/stddef.h"
 918              		.file 10 "D:/Program Files/msys64/mingw64/arm-none-eabi/include/c++/13.3.0/cmath"
 919              		.file 11 "D:/Program Files/msys64/mingw64/arm-none-eabi/include/c++/13.3.0/arm-none-eabi/thumb/v7e
 920              		.file 12 "D:/Program Files/msys64/mingw64/arm-none-eabi/include/c++/13.3.0/type_traits"
 921              		.file 13 "D:/Program Files/msys64/mingw64/arm-none-eabi/include/c++/13.3.0/debug/debug.h"
 922              		.file 14 "D:/Program Files/msys64/mingw64/arm-none-eabi/include/c++/13.3.0/bits/std_abs.h"
 923              		.file 15 "D:/Program Files/msys64/mingw64/arm-none-eabi/include/c++/13.3.0/cstddef"
 924              		.file 16 "D:/Program Files/msys64/mingw64/arm-none-eabi/include/c++/13.3.0/bits/predefined_ops.h"
 925              		.file 17 "D:/Program Files/msys64/mingw64/arm-none-eabi/include/math.h"
 926              		.file 18 "D:/Program Files/msys64/mingw64/arm-none-eabi/include/c++/13.3.0/math.h"
 927              		.file 19 "Drivers/STM32H7xx_HAL_Driver/Inc/stm32h7xx_hal_def.h"
 928              		.file 20 "Drivers/STM32H7xx_HAL_Driver/Inc/stm32h7xx_hal_dma.h"
 929              		.file 21 "Drivers/STM32H7xx_HAL_Driver/Inc/stm32h7xx_hal_tim.h"
 930              		.file 22 "Inc/system/board_cfg.h"
 931              		.file 23 "Inc/support/enums.hpp"
 932              		.file 24 "Inc/display/drivers/st7789/st7789.h"
 933              		.file 25 "Inc/power/power_config.hpp"
 934              		.file 26 "Inc/config/config.hpp"
 935              		.file 27 "D:/Program Files/msys64/mingw64/arm-none-eabi/include/c++/13.3.0/new"
 936              		.file 28 "Inc/display/screen_control/spi_screen_detail_render_helpers.hpp"
 937              		.file 29 "D:/Program Files/msys64/mingw64/arm-none-eabi/include/c++/13.3.0/bits/memory_resource.h"
 938              		.file 30 "Inc/system/main_runtime_control.hpp"
ARM GAS  C:\Users\nicx5\AppData\Local\Temp\ccaLtoxI.s 			page 24


DEFINED SYMBOLS
                            *ABS*:00000000 spi_screen_detail_web_config.cpp
C:\Users\nicx5\AppData\Local\Temp\ccaLtoxI.s:20     .text._ZN14WebConfigStateD2Ev:00000000 $t
C:\Users\nicx5\AppData\Local\Temp\ccaLtoxI.s:26     .text._ZN14WebConfigStateD2Ev:00000000 _ZN14WebConfigStateD2Ev
C:\Users\nicx5\AppData\Local\Temp\ccaLtoxI.s:57     .text._ZN14WebConfigStateD2Ev:0000000c $d
C:\Users\nicx5\AppData\Local\Temp\ccaLtoxI.s:711    .rodata._ZTV9BaseState:00000000 _ZTV9BaseState
C:\Users\nicx5\AppData\Local\Temp\ccaLtoxI.s:26     .text._ZN14WebConfigStateD2Ev:00000000 _ZN14WebConfigStateD1Ev
C:\Users\nicx5\AppData\Local\Temp\ccaLtoxI.s:65     .text._ZN7Storage11getInstanceEv:00000000 $t
C:\Users\nicx5\AppData\Local\Temp\ccaLtoxI.s:71     .text._ZN7Storage11getInstanceEv:00000000 _ZN7Storage11getInstanceEv
C:\Users\nicx5\AppData\Local\Temp\ccaLtoxI.s:117    .text._ZN7Storage11getInstanceEv:00000028 $d
C:\Users\nicx5\AppData\Local\Temp\ccaLtoxI.s:901    .bss._ZGVZN7Storage11getInstanceEvE8instance:00000000 _ZGVZN7Storage11getInstanceEvE8instance
C:\Users\nicx5\AppData\Local\Temp\ccaLtoxI.s:908    .bss._ZZN7Storage11getInstanceEvE8instance:00000000 _ZZN7Storage11getInstanceEvE8instance
C:\Users\nicx5\AppData\Local\Temp\ccaLtoxI.s:123    .text._ZN14WebConfigStateD0Ev:00000000 $t
C:\Users\nicx5\AppData\Local\Temp\ccaLtoxI.s:129    .text._ZN14WebConfigStateD0Ev:00000000 _ZN14WebConfigStateD0Ev
C:\Users\nicx5\AppData\Local\Temp\ccaLtoxI.s:175    .text._ZN14WebConfigStateD0Ev:00000018 $d
C:\Users\nicx5\AppData\Local\Temp\ccaLtoxI.s:181    .text._ZN14WebConfigState11getInstanceEv:00000000 $t
C:\Users\nicx5\AppData\Local\Temp\ccaLtoxI.s:187    .text._ZN14WebConfigState11getInstanceEv:00000000 _ZN14WebConfigState11getInstanceEv
C:\Users\nicx5\AppData\Local\Temp\ccaLtoxI.s:232    .text._ZN14WebConfigState11getInstanceEv:00000030 $d
C:\Users\nicx5\AppData\Local\Temp\ccaLtoxI.s:883    .bss._ZGVZN14WebConfigState11getInstanceEvE8instance:00000000 _ZGVZN14WebConfigState11getInstanceEvE8instance
C:\Users\nicx5\AppData\Local\Temp\ccaLtoxI.s:890    .data._ZZN14WebConfigState11getInstanceEvE8instance:00000000 _ZZN14WebConfigState11getInstanceEvE8instance
C:\Users\nicx5\AppData\Local\Temp\ccaLtoxI.s:240    .text._ZN12_GLOBAL__N_1L13exitWebConfigEv:00000000 $t
C:\Users\nicx5\AppData\Local\Temp\ccaLtoxI.s:245    .text._ZN12_GLOBAL__N_1L13exitWebConfigEv:00000000 _ZN12_GLOBAL__N_1L13exitWebConfigEv
C:\Users\nicx5\AppData\Local\Temp\ccaLtoxI.s:303    .text._Z31ScreenDetailWebConfig_InitIndexv:00000000 $t
C:\Users\nicx5\AppData\Local\Temp\ccaLtoxI.s:309    .text._Z31ScreenDetailWebConfig_InitIndexv:00000000 _Z31ScreenDetailWebConfig_InitIndexv
C:\Users\nicx5\AppData\Local\Temp\ccaLtoxI.s:324    .text._Z28ScreenDetailWebConfig_RotatePha:00000000 $t
C:\Users\nicx5\AppData\Local\Temp\ccaLtoxI.s:330    .text._Z28ScreenDetailWebConfig_RotatePha:00000000 _Z28ScreenDetailWebConfig_RotatePha
C:\Users\nicx5\AppData\Local\Temp\ccaLtoxI.s:346    .rodata._Z28ScreenDetailWebConfig_RenderP13ST7789_HandlehRK13ScreenUiStyle.str1.4:00000000 $d
C:\Users\nicx5\AppData\Local\Temp\ccaLtoxI.s:350    .text._Z28ScreenDetailWebConfig_RenderP13ST7789_HandlehRK13ScreenUiStyle:00000000 $t
C:\Users\nicx5\AppData\Local\Temp\ccaLtoxI.s:356    .text._Z28ScreenDetailWebConfig_RenderP13ST7789_HandlehRK13ScreenUiStyle:00000000 _Z28ScreenDetailWebConfig_RenderP13ST7789_HandlehRK13ScreenUiStyle
C:\Users\nicx5\AppData\Local\Temp\ccaLtoxI.s:409    .text._Z28ScreenDetailWebConfig_RenderP13ST7789_HandlehRK13ScreenUiStyle:00000018 $d
C:\Users\nicx5\AppData\Local\Temp\ccaLtoxI.s:417    .text._Z28ScreenDetailWebConfig_RenderP13ST7789_HandlehRK13ScreenUiStyle:00000020 $t
C:\Users\nicx5\AppData\Local\Temp\ccaLtoxI.s:528    .text._Z28ScreenDetailWebConfig_RenderP13ST7789_HandlehRK13ScreenUiStyle:00000060 $d
C:\Users\nicx5\AppData\Local\Temp\ccaLtoxI.s:874    .rodata._ZZ28ScreenDetailWebConfig_RenderP13ST7789_HandlehRK13ScreenUiStyleE13startingLines:00000000 _ZZ28ScreenDetailWebConfig_RenderP13ST7789_HandlehRK13ScreenUiStyleE13startingLines
C:\Users\nicx5\AppData\Local\Temp\ccaLtoxI.s:836    .rodata._ZZ28ScreenDetailWebConfig_RenderP13ST7789_HandlehRK13ScreenUiStyleE18authenticatedLines:00000000 _ZZ28ScreenDetailWebConfig_RenderP13ST7789_HandlehRK13ScreenUiStyleE18authenticatedLines
C:\Users\nicx5\AppData\Local\Temp\ccaLtoxI.s:815    .rodata._ZZ28ScreenDetailWebConfig_RenderP13ST7789_HandlehRK13ScreenUiStyleE17usbModeErrorLines:00000000 _ZZ28ScreenDetailWebConfig_RenderP13ST7789_HandlehRK13ScreenUiStyleE17usbModeErrorLines
C:\Users\nicx5\AppData\Local\Temp\ccaLtoxI.s:799    .rodata._ZZ28ScreenDetailWebConfig_RenderP13ST7789_HandlehRK13ScreenUiStyleE21maintenanceErrorLines:00000000 _ZZ28ScreenDetailWebConfig_RenderP13ST7789_HandlehRK13ScreenUiStyleE21maintenanceErrorLines
C:\Users\nicx5\AppData\Local\Temp\ccaLtoxI.s:781    .rodata._ZZ28ScreenDetailWebConfig_RenderP13ST7789_HandlehRK13ScreenUiStyleE18securityErrorLines:00000000 _ZZ28ScreenDetailWebConfig_RenderP13ST7789_HandlehRK13ScreenUiStyleE18securityErrorLines
C:\Users\nicx5\AppData\Local\Temp\ccaLtoxI.s:766    .rodata._ZZ28ScreenDetailWebConfig_RenderP13ST7789_HandlehRK13ScreenUiStyleE21storageInitErrorLines:00000000 _ZZ28ScreenDetailWebConfig_RenderP13ST7789_HandlehRK13ScreenUiStyleE21storageInitErrorLines
C:\Users\nicx5\AppData\Local\Temp\ccaLtoxI.s:733    .rodata._ZZ28ScreenDetailWebConfig_RenderP13ST7789_HandlehRK13ScreenUiStyleE17storageErrorLines:00000000 _ZZ28ScreenDetailWebConfig_RenderP13ST7789_HandlehRK13ScreenUiStyleE17storageErrorLines
C:\Users\nicx5\AppData\Local\Temp\ccaLtoxI.s:751    .rodata._ZZ28ScreenDetailWebConfig_RenderP13ST7789_HandlehRK13ScreenUiStyleE13adcErrorLines:00000000 _ZZ28ScreenDetailWebConfig_RenderP13ST7789_HandlehRK13ScreenUiStyleE13adcErrorLines
C:\Users\nicx5\AppData\Local\Temp\ccaLtoxI.s:855    .rodata._ZZ28ScreenDetailWebConfig_RenderP13ST7789_HandlehRK13ScreenUiStyleE10readyLines:00000000 _ZZ28ScreenDetailWebConfig_RenderP13ST7789_HandlehRK13ScreenUiStyleE10readyLines
C:\Users\nicx5\AppData\Local\Temp\ccaLtoxI.s:542    .text._Z31ScreenDetailWebConfig_OnConfirmh:00000000 $t
C:\Users\nicx5\AppData\Local\Temp\ccaLtoxI.s:548    .text._Z31ScreenDetailWebConfig_OnConfirmh:00000000 _Z31ScreenDetailWebConfig_OnConfirmh
C:\Users\nicx5\AppData\Local\Temp\ccaLtoxI.s:595    .text._Z28ScreenDetailWebConfig_OnBackv:00000000 $t
C:\Users\nicx5\AppData\Local\Temp\ccaLtoxI.s:601    .text._Z28ScreenDetailWebConfig_OnBackv:00000000 _Z28ScreenDetailWebConfig_OnBackv
C:\Users\nicx5\AppData\Local\Temp\ccaLtoxI.s:622    .rodata._Z34ScreenDetailWebConfig_ConfirmLabelv.str1.4:00000000 $d
C:\Users\nicx5\AppData\Local\Temp\ccaLtoxI.s:632    .text._Z34ScreenDetailWebConfig_ConfirmLabelv:00000000 $t
C:\Users\nicx5\AppData\Local\Temp\ccaLtoxI.s:638    .text._Z34ScreenDetailWebConfig_ConfirmLabelv:00000000 _Z34ScreenDetailWebConfig_ConfirmLabelv
C:\Users\nicx5\AppData\Local\Temp\ccaLtoxI.s:700    .text._Z34ScreenDetailWebConfig_ConfirmLabelv:00000020 $d
C:\Users\nicx5\AppData\Local\Temp\ccaLtoxI.s:708    .rodata._ZTV9BaseState:00000000 $d
C:\Users\nicx5\AppData\Local\Temp\ccaLtoxI.s:720    .rodata.str1.4:00000000 $d
C:\Users\nicx5\AppData\Local\Temp\ccaLtoxI.s:730    .rodata._ZZ28ScreenDetailWebConfig_RenderP13ST7789_HandlehRK13ScreenUiStyleE17storageErrorLines:00000000 $d
C:\Users\nicx5\AppData\Local\Temp\ccaLtoxI.s:748    .rodata._ZZ28ScreenDetailWebConfig_RenderP13ST7789_HandlehRK13ScreenUiStyleE13adcErrorLines:00000000 $d
C:\Users\nicx5\AppData\Local\Temp\ccaLtoxI.s:763    .rodata._ZZ28ScreenDetailWebConfig_RenderP13ST7789_HandlehRK13ScreenUiStyleE21storageInitErrorLines:00000000 $d
C:\Users\nicx5\AppData\Local\Temp\ccaLtoxI.s:778    .rodata._ZZ28ScreenDetailWebConfig_RenderP13ST7789_HandlehRK13ScreenUiStyleE18securityErrorLines:00000000 $d
C:\Users\nicx5\AppData\Local\Temp\ccaLtoxI.s:796    .rodata._ZZ28ScreenDetailWebConfig_RenderP13ST7789_HandlehRK13ScreenUiStyleE21maintenanceErrorLines:00000000 $d
C:\Users\nicx5\AppData\Local\Temp\ccaLtoxI.s:812    .rodata._ZZ28ScreenDetailWebConfig_RenderP13ST7789_HandlehRK13ScreenUiStyleE17usbModeErrorLines:00000000 $d
ARM GAS  C:\Users\nicx5\AppData\Local\Temp\ccaLtoxI.s 			page 25


C:\Users\nicx5\AppData\Local\Temp\ccaLtoxI.s:833    .rodata._ZZ28ScreenDetailWebConfig_RenderP13ST7789_HandlehRK13ScreenUiStyleE18authenticatedLines:00000000 $d
C:\Users\nicx5\AppData\Local\Temp\ccaLtoxI.s:852    .rodata._ZZ28ScreenDetailWebConfig_RenderP13ST7789_HandlehRK13ScreenUiStyleE10readyLines:00000000 $d
C:\Users\nicx5\AppData\Local\Temp\ccaLtoxI.s:871    .rodata._ZZ28ScreenDetailWebConfig_RenderP13ST7789_HandlehRK13ScreenUiStyleE13startingLines:00000000 $d
C:\Users\nicx5\AppData\Local\Temp\ccaLtoxI.s:880    .bss._ZGVZN14WebConfigState11getInstanceEvE8instance:00000000 $d
C:\Users\nicx5\AppData\Local\Temp\ccaLtoxI.s:887    .data._ZZN14WebConfigState11getInstanceEvE8instance:00000000 $d
C:\Users\nicx5\AppData\Local\Temp\ccaLtoxI.s:898    .bss._ZGVZN7Storage11getInstanceEvE8instance:00000000 $d
C:\Users\nicx5\AppData\Local\Temp\ccaLtoxI.s:905    .bss._ZZN7Storage11getInstanceEvE8instance:00000000 $d
                           .group:00000000 _ZN14WebConfigStateD5Ev

UNDEFINED SYMBOLS
_ZTV14WebConfigState
__cxa_guard_acquire
__cxa_guard_release
_ZdlPvj
__aeabi_atexit
__dso_handle
_ZN7Storage11setBootModeE8BootMode
_ZN7Storage10saveConfigEv
MainRuntime_RequestReset
_ZN14WebConfigState20reportStorageFailureEv
_Z29ScreenDetailRender_TitleLinesP13ST7789_HandlePKcPKS2_hRK13ScreenUiStyle
__cxa_pure_virtual
