ARM GAS  C:\Users\nicx5\AppData\Local\Temp\cckiq9tH.s 			page 1


   1              		.cpu cortex-m7
   2              		.arch armv7e-m
   3              		.fpu fpv5-d16
   4              		.eabi_attribute 28, 1
   5              		.eabi_attribute 20, 1
   6              		.eabi_attribute 21, 1
   7              		.eabi_attribute 23, 3
   8              		.eabi_attribute 24, 1
   9              		.eabi_attribute 25, 1
  10              		.eabi_attribute 26, 1
  11              		.eabi_attribute 30, 1
  12              		.eabi_attribute 34, 1
  13              		.eabi_attribute 18, 4
  14              		.file	"base64.c"
  15              		.text
  16              	.Ltext0:
  17              		.cfi_sections	.debug_frame
  18              		.file 1 "Libs/mbedtls/library/base64.c"
  19              		.section	.text.mbedtls_base64_encode,"ax",%progbits
  20              		.align	1
  21              		.global	mbedtls_base64_encode
  22              		.syntax unified
  23              		.thumb
  24              		.thumb_func
  26              	mbedtls_base64_encode:
  27              	.LVL0:
  28              	.LFB2:
   1:Libs/mbedtls/library/base64.c **** /*
   2:Libs/mbedtls/library/base64.c ****  *  RFC 1521 base64 encoding/decoding
   3:Libs/mbedtls/library/base64.c ****  *
   4:Libs/mbedtls/library/base64.c ****  *  Copyright The Mbed TLS Contributors
   5:Libs/mbedtls/library/base64.c ****  *  SPDX-License-Identifier: Apache-2.0 OR GPL-2.0-or-later
   6:Libs/mbedtls/library/base64.c ****  */
   7:Libs/mbedtls/library/base64.c **** 
   8:Libs/mbedtls/library/base64.c **** #include "common.h"
   9:Libs/mbedtls/library/base64.c **** 
  10:Libs/mbedtls/library/base64.c **** #if defined(MBEDTLS_BASE64_C)
  11:Libs/mbedtls/library/base64.c **** 
  12:Libs/mbedtls/library/base64.c **** #include "mbedtls/base64.h"
  13:Libs/mbedtls/library/base64.c **** #include "constant_time_internal.h"
  14:Libs/mbedtls/library/base64.c **** 
  15:Libs/mbedtls/library/base64.c **** #include <stdint.h>
  16:Libs/mbedtls/library/base64.c **** 
  17:Libs/mbedtls/library/base64.c **** #if defined(MBEDTLS_SELF_TEST)
  18:Libs/mbedtls/library/base64.c **** #include <string.h>
  19:Libs/mbedtls/library/base64.c **** #include "mbedtls/platform.h"
  20:Libs/mbedtls/library/base64.c **** #endif /* MBEDTLS_SELF_TEST */
  21:Libs/mbedtls/library/base64.c **** 
  22:Libs/mbedtls/library/base64.c **** #define BASE64_SIZE_T_MAX   ((size_t) -1)   /* SIZE_T_MAX is not standard */
  23:Libs/mbedtls/library/base64.c **** 
  24:Libs/mbedtls/library/base64.c **** /*
  25:Libs/mbedtls/library/base64.c ****  * Encode a buffer into base64 format
  26:Libs/mbedtls/library/base64.c ****  */
  27:Libs/mbedtls/library/base64.c **** int mbedtls_base64_encode(unsigned char *dst, size_t dlen, size_t *olen,
  28:Libs/mbedtls/library/base64.c ****                           const unsigned char *src, size_t slen)
  29:Libs/mbedtls/library/base64.c **** {
  29              		.loc 1 29 1 view -0
ARM GAS  C:\Users\nicx5\AppData\Local\Temp\cckiq9tH.s 			page 2


  30              		.cfi_startproc
  31              		@ args = 4, pretend = 0, frame = 8
  32              		@ frame_needed = 0, uses_anonymous_args = 0
  33              		.loc 1 29 1 is_stmt 0 view .LVU1
  34 0000 2DE9F04F 		push	{r4, r5, r6, r7, r8, r9, r10, fp, lr}
  35              	.LCFI0:
  36              		.cfi_def_cfa_offset 36
  37              		.cfi_offset 4, -36
  38              		.cfi_offset 5, -32
  39              		.cfi_offset 6, -28
  40              		.cfi_offset 7, -24
  41              		.cfi_offset 8, -20
  42              		.cfi_offset 9, -16
  43              		.cfi_offset 10, -12
  44              		.cfi_offset 11, -8
  45              		.cfi_offset 14, -4
  46 0004 83B0     		sub	sp, sp, #12
  47              	.LCFI1:
  48              		.cfi_def_cfa_offset 48
  49 0006 0090     		str	r0, [sp]
  50 0008 0192     		str	r2, [sp, #4]
  51 000a DDF830B0 		ldr	fp, [sp, #48]
  30:Libs/mbedtls/library/base64.c ****     size_t i, n;
  52              		.loc 1 30 5 is_stmt 1 view .LVU2
  31:Libs/mbedtls/library/base64.c ****     int C1, C2, C3;
  53              		.loc 1 31 5 view .LVU3
  32:Libs/mbedtls/library/base64.c ****     unsigned char *p;
  54              		.loc 1 32 5 view .LVU4
  33:Libs/mbedtls/library/base64.c **** 
  34:Libs/mbedtls/library/base64.c ****     if (slen == 0) {
  55              		.loc 1 34 5 view .LVU5
  56              		.loc 1 34 8 is_stmt 0 view .LVU6
  57 000e BBF1000F 		cmp	fp, #0
  58 0012 1CD0     		beq	.L15
  35:Libs/mbedtls/library/base64.c ****         *olen = 0;
  36:Libs/mbedtls/library/base64.c ****         return 0;
  37:Libs/mbedtls/library/base64.c ****     }
  38:Libs/mbedtls/library/base64.c **** 
  39:Libs/mbedtls/library/base64.c ****     n = slen / 3 + (slen % 3 != 0);
  59              		.loc 1 39 5 is_stmt 1 view .LVU7
  60              		.loc 1 39 14 is_stmt 0 view .LVU8
  61 0014 4248     		ldr	r0, .L18
  62              	.LVL1:
  63              		.loc 1 39 14 view .LVU9
  64 0016 A0FB0B20 		umull	r2, r0, r0, fp
  65              	.LVL2:
  66              		.loc 1 39 14 view .LVU10
  67 001a 4FEA500A 		lsr	r10, r0, #1
  68              		.loc 1 39 26 view .LVU11
  69 001e 20F00102 		bic	r2, r0, #1
  70 0022 02EB5002 		add	r2, r2, r0, lsr #1
  71              		.loc 1 39 30 view .LVU12
  72 0026 BBEB0202 		subs	r2, fp, r2
  73 002a 18BF     		it	ne
  74 002c 0122     		movne	r2, #1
  75              		.loc 1 39 7 view .LVU13
  76 002e 02EB5002 		add	r2, r2, r0, lsr #1
ARM GAS  C:\Users\nicx5\AppData\Local\Temp\cckiq9tH.s 			page 3


  77              	.LVL3:
  40:Libs/mbedtls/library/base64.c **** 
  41:Libs/mbedtls/library/base64.c ****     if (n > (BASE64_SIZE_T_MAX - 1) / 4) {
  78              		.loc 1 41 5 is_stmt 1 view .LVU14
  79              		.loc 1 41 8 is_stmt 0 view .LVU15
  80 0032 B2F1804F 		cmp	r2, #1073741824
  81 0036 0DD2     		bcs	.L16
  42:Libs/mbedtls/library/base64.c ****         *olen = BASE64_SIZE_T_MAX;
  43:Libs/mbedtls/library/base64.c ****         return MBEDTLS_ERR_BASE64_BUFFER_TOO_SMALL;
  44:Libs/mbedtls/library/base64.c ****     }
  45:Libs/mbedtls/library/base64.c **** 
  46:Libs/mbedtls/library/base64.c ****     n *= 4;
  82              		.loc 1 46 5 is_stmt 1 view .LVU16
  83              		.loc 1 46 7 is_stmt 0 view .LVU17
  84 0038 9200     		lsls	r2, r2, #2
  85              	.LVL4:
  47:Libs/mbedtls/library/base64.c **** 
  48:Libs/mbedtls/library/base64.c ****     if ((dlen < n + 1) || (NULL == dst)) {
  86              		.loc 1 48 5 is_stmt 1 view .LVU18
  87              		.loc 1 48 19 is_stmt 0 view .LVU19
  88 003a 0132     		adds	r2, r2, #1
  89              	.LVL5:
  90              		.loc 1 48 8 view .LVU20
  91 003c 8A42     		cmp	r2, r1
  92 003e 10D8     		bhi	.L5
  93              		.loc 1 48 24 discriminator 1 view .LVU21
  94 0040 0099     		ldr	r1, [sp]
  95              	.LVL6:
  96              		.loc 1 48 24 discriminator 1 view .LVU22
  97 0042 71B1     		cbz	r1, .L5
  49:Libs/mbedtls/library/base64.c ****         *olen = n + 1;
  50:Libs/mbedtls/library/base64.c ****         return MBEDTLS_ERR_BASE64_BUFFER_TOO_SMALL;
  51:Libs/mbedtls/library/base64.c ****     }
  52:Libs/mbedtls/library/base64.c **** 
  53:Libs/mbedtls/library/base64.c ****     n = (slen / 3) * 3;
  98              		.loc 1 53 5 is_stmt 1 view .LVU23
  99              		.loc 1 53 7 is_stmt 0 view .LVU24
 100 0044 0AEB4A0A 		add	r10, r10, r10, lsl #1
 101              	.LVL7:
  54:Libs/mbedtls/library/base64.c **** 
  55:Libs/mbedtls/library/base64.c ****     for (i = 0, p = dst; i < n; i += 3) {
 102              		.loc 1 55 5 is_stmt 1 view .LVU25
 103              		.loc 1 55 19 is_stmt 0 view .LVU26
 104 0048 009E     		ldr	r6, [sp]
 105              		.loc 1 55 12 view .LVU27
 106 004a 0027     		movs	r7, #0
 107              		.loc 1 55 5 view .LVU28
 108 004c 35E0     		b	.L7
 109              	.LVL8:
 110              	.L15:
  35:Libs/mbedtls/library/base64.c ****         return 0;
 111              		.loc 1 35 9 is_stmt 1 view .LVU29
  35:Libs/mbedtls/library/base64.c ****         return 0;
 112              		.loc 1 35 15 is_stmt 0 view .LVU30
 113 004e 0020     		movs	r0, #0
 114              	.LVL9:
  35:Libs/mbedtls/library/base64.c ****         return 0;
ARM GAS  C:\Users\nicx5\AppData\Local\Temp\cckiq9tH.s 			page 4


 115              		.loc 1 35 15 view .LVU31
 116 0050 1060     		str	r0, [r2]
  36:Libs/mbedtls/library/base64.c ****     }
 117              		.loc 1 36 9 is_stmt 1 view .LVU32
  36:Libs/mbedtls/library/base64.c ****     }
 118              		.loc 1 36 16 is_stmt 0 view .LVU33
 119 0052 58E0     		b	.L1
 120              	.LVL10:
 121              	.L16:
  42:Libs/mbedtls/library/base64.c ****         return MBEDTLS_ERR_BASE64_BUFFER_TOO_SMALL;
 122              		.loc 1 42 9 is_stmt 1 view .LVU34
  42:Libs/mbedtls/library/base64.c ****         return MBEDTLS_ERR_BASE64_BUFFER_TOO_SMALL;
 123              		.loc 1 42 15 is_stmt 0 view .LVU35
 124 0054 4FF0FF33 		mov	r3, #-1
 125              	.LVL11:
  42:Libs/mbedtls/library/base64.c ****         return MBEDTLS_ERR_BASE64_BUFFER_TOO_SMALL;
 126              		.loc 1 42 15 view .LVU36
 127 0058 019A     		ldr	r2, [sp, #4]
 128              	.LVL12:
  42:Libs/mbedtls/library/base64.c ****         return MBEDTLS_ERR_BASE64_BUFFER_TOO_SMALL;
 129              		.loc 1 42 15 view .LVU37
 130 005a 1360     		str	r3, [r2]
  43:Libs/mbedtls/library/base64.c ****     }
 131              		.loc 1 43 9 is_stmt 1 view .LVU38
  43:Libs/mbedtls/library/base64.c ****     }
 132              		.loc 1 43 16 is_stmt 0 view .LVU39
 133 005c 6FF02900 		mvn	r0, #41
 134              	.LVL13:
  43:Libs/mbedtls/library/base64.c ****     }
 135              		.loc 1 43 16 view .LVU40
 136 0060 51E0     		b	.L1
 137              	.LVL14:
 138              	.L5:
  49:Libs/mbedtls/library/base64.c ****         return MBEDTLS_ERR_BASE64_BUFFER_TOO_SMALL;
 139              		.loc 1 49 9 is_stmt 1 view .LVU41
  49:Libs/mbedtls/library/base64.c ****         return MBEDTLS_ERR_BASE64_BUFFER_TOO_SMALL;
 140              		.loc 1 49 15 is_stmt 0 view .LVU42
 141 0062 019B     		ldr	r3, [sp, #4]
 142              	.LVL15:
  49:Libs/mbedtls/library/base64.c ****         return MBEDTLS_ERR_BASE64_BUFFER_TOO_SMALL;
 143              		.loc 1 49 15 view .LVU43
 144 0064 1A60     		str	r2, [r3]
  50:Libs/mbedtls/library/base64.c ****     }
 145              		.loc 1 50 9 is_stmt 1 view .LVU44
  50:Libs/mbedtls/library/base64.c ****     }
 146              		.loc 1 50 16 is_stmt 0 view .LVU45
 147 0066 6FF02900 		mvn	r0, #41
 148 006a 4CE0     		b	.L1
 149              	.LVL16:
 150              	.L8:
  56:Libs/mbedtls/library/base64.c ****         C1 = *src++;
 151              		.loc 1 56 9 is_stmt 1 view .LVU46
 152              		.loc 1 56 14 is_stmt 0 view .LVU47
 153 006c 1D78     		ldrb	r5, [r3]	@ zero_extendqisi2
 154              	.LVL17:
  57:Libs/mbedtls/library/base64.c ****         C2 = *src++;
 155              		.loc 1 57 9 is_stmt 1 view .LVU48
ARM GAS  C:\Users\nicx5\AppData\Local\Temp\cckiq9tH.s 			page 5


 156              		.loc 1 57 14 is_stmt 0 view .LVU49
 157 006e 5C78     		ldrb	r4, [r3, #1]	@ zero_extendqisi2
 158              	.LVL18:
  58:Libs/mbedtls/library/base64.c ****         C3 = *src++;
 159              		.loc 1 58 9 is_stmt 1 view .LVU50
 160              		.loc 1 58 18 is_stmt 0 view .LVU51
 161 0070 03F10309 		add	r9, r3, #3
 162              	.LVL19:
 163              		.loc 1 58 14 view .LVU52
 164 0074 93F80280 		ldrb	r8, [r3, #2]	@ zero_extendqisi2
 165              	.LVL20:
  59:Libs/mbedtls/library/base64.c **** 
  60:Libs/mbedtls/library/base64.c ****         *p++ = mbedtls_ct_base64_enc_char((C1 >> 2) & 0x3F);
 166              		.loc 1 60 9 is_stmt 1 view .LVU53
 167              		.loc 1 60 16 is_stmt 0 view .LVU54
 168 0078 A808     		lsrs	r0, r5, #2
 169 007a FFF7FEFF 		bl	mbedtls_ct_base64_enc_char
 170              	.LVL21:
 171              		.loc 1 60 14 discriminator 1 view .LVU55
 172 007e 3070     		strb	r0, [r6]
  61:Libs/mbedtls/library/base64.c ****         *p++ = mbedtls_ct_base64_enc_char((((C1 &  3) << 4) + (C2 >> 4))
 173              		.loc 1 61 9 is_stmt 1 view .LVU56
 174              		.loc 1 61 55 is_stmt 0 view .LVU57
 175 0080 2801     		lsls	r0, r5, #4
 176 0082 00F03000 		and	r0, r0, #48
 177              		.loc 1 61 61 view .LVU58
 178 0086 00EB1410 		add	r0, r0, r4, lsr #4
 179              	.LVL22:
 180              		.loc 1 61 16 view .LVU59
 181 008a 00F03F00 		and	r0, r0, #63
 182 008e FFF7FEFF 		bl	mbedtls_ct_base64_enc_char
 183              	.LVL23:
 184              		.loc 1 61 14 discriminator 1 view .LVU60
 185 0092 7070     		strb	r0, [r6, #1]
  62:Libs/mbedtls/library/base64.c ****                                           & 0x3F);
  63:Libs/mbedtls/library/base64.c ****         *p++ = mbedtls_ct_base64_enc_char((((C2 & 15) << 2) + (C3 >> 6))
 186              		.loc 1 63 9 is_stmt 1 view .LVU61
 187              		.loc 1 63 55 is_stmt 0 view .LVU62
 188 0094 A000     		lsls	r0, r4, #2
 189 0096 00F03C00 		and	r0, r0, #60
 190              		.loc 1 63 61 view .LVU63
 191 009a 00EB9810 		add	r0, r0, r8, lsr #6
 192              	.LVL24:
 193              		.loc 1 63 16 view .LVU64
 194 009e 00F03F00 		and	r0, r0, #63
 195 00a2 FFF7FEFF 		bl	mbedtls_ct_base64_enc_char
 196              	.LVL25:
 197              		.loc 1 63 14 discriminator 1 view .LVU65
 198 00a6 B070     		strb	r0, [r6, #2]
  64:Libs/mbedtls/library/base64.c ****                                           & 0x3F);
  65:Libs/mbedtls/library/base64.c ****         *p++ = mbedtls_ct_base64_enc_char(C3 & 0x3F);
 199              		.loc 1 65 9 is_stmt 1 view .LVU66
 200              		.loc 1 65 11 is_stmt 0 view .LVU67
 201 00a8 341D     		adds	r4, r6, #4
 202              	.LVL26:
 203              		.loc 1 65 16 view .LVU68
 204 00aa 08F03F00 		and	r0, r8, #63
ARM GAS  C:\Users\nicx5\AppData\Local\Temp\cckiq9tH.s 			page 6


 205 00ae FFF7FEFF 		bl	mbedtls_ct_base64_enc_char
 206              	.LVL27:
 207              		.loc 1 65 14 discriminator 1 view .LVU69
 208 00b2 F070     		strb	r0, [r6, #3]
  55:Libs/mbedtls/library/base64.c ****         C1 = *src++;
 209              		.loc 1 55 35 is_stmt 1 discriminator 3 view .LVU70
 210 00b4 0337     		adds	r7, r7, #3
 211              	.LVL28:
 212              		.loc 1 65 11 is_stmt 0 view .LVU71
 213 00b6 2646     		mov	r6, r4
  58:Libs/mbedtls/library/base64.c **** 
 214              		.loc 1 58 18 view .LVU72
 215 00b8 4B46     		mov	r3, r9
 216              	.LVL29:
 217              	.L7:
  55:Libs/mbedtls/library/base64.c ****         C1 = *src++;
 218              		.loc 1 55 28 is_stmt 1 discriminator 1 view .LVU73
 219 00ba 5745     		cmp	r7, r10
 220 00bc D6D3     		bcc	.L8
  66:Libs/mbedtls/library/base64.c ****     }
  67:Libs/mbedtls/library/base64.c **** 
  68:Libs/mbedtls/library/base64.c ****     if (i < slen) {
 221              		.loc 1 68 5 view .LVU74
 222              		.loc 1 68 8 is_stmt 0 view .LVU75
 223 00be 5F45     		cmp	r7, fp
 224 00c0 1BD2     		bcs	.L9
  69:Libs/mbedtls/library/base64.c ****         C1 = *src++;
 225              		.loc 1 69 9 is_stmt 1 view .LVU76
 226              	.LVL30:
 227              		.loc 1 69 14 is_stmt 0 view .LVU77
 228 00c2 1C78     		ldrb	r4, [r3]	@ zero_extendqisi2
 229              	.LVL31:
  70:Libs/mbedtls/library/base64.c ****         C2 = ((i + 1) < slen) ? *src++ : 0;
 230              		.loc 1 70 9 is_stmt 1 view .LVU78
 231              		.loc 1 70 18 is_stmt 0 view .LVU79
 232 00c4 0137     		adds	r7, r7, #1
 233              	.LVL32:
 234              		.loc 1 70 40 view .LVU80
 235 00c6 5F45     		cmp	r7, fp
 236 00c8 20D2     		bcs	.L13
 237              	.LVL33:
 238              		.loc 1 70 33 discriminator 1 view .LVU81
 239 00ca 5D78     		ldrb	r5, [r3, #1]	@ zero_extendqisi2
 240              	.LVL34:
 241              	.L10:
  71:Libs/mbedtls/library/base64.c **** 
  72:Libs/mbedtls/library/base64.c ****         *p++ = mbedtls_ct_base64_enc_char((C1 >> 2) & 0x3F);
 242              		.loc 1 72 9 is_stmt 1 view .LVU82
 243              		.loc 1 72 16 is_stmt 0 view .LVU83
 244 00cc A008     		lsrs	r0, r4, #2
 245 00ce FFF7FEFF 		bl	mbedtls_ct_base64_enc_char
 246              	.LVL35:
 247              		.loc 1 72 14 discriminator 1 view .LVU84
 248 00d2 3070     		strb	r0, [r6]
  73:Libs/mbedtls/library/base64.c ****         *p++ = mbedtls_ct_base64_enc_char((((C1 & 3) << 4) + (C2 >> 4))
 249              		.loc 1 73 9 is_stmt 1 view .LVU85
 250              		.loc 1 73 54 is_stmt 0 view .LVU86
ARM GAS  C:\Users\nicx5\AppData\Local\Temp\cckiq9tH.s 			page 7


 251 00d4 2001     		lsls	r0, r4, #4
 252 00d6 00F03000 		and	r0, r0, #48
 253              		.loc 1 73 60 view .LVU87
 254 00da 00EB1510 		add	r0, r0, r5, lsr #4
 255              	.LVL36:
 256              		.loc 1 73 16 view .LVU88
 257 00de 00F03F00 		and	r0, r0, #63
 258 00e2 FFF7FEFF 		bl	mbedtls_ct_base64_enc_char
 259              	.LVL37:
 260              		.loc 1 73 14 discriminator 1 view .LVU89
 261 00e6 7070     		strb	r0, [r6, #1]
  74:Libs/mbedtls/library/base64.c ****                                           & 0x3F);
  75:Libs/mbedtls/library/base64.c **** 
  76:Libs/mbedtls/library/base64.c ****         if ((i + 1) < slen) {
 262              		.loc 1 76 9 is_stmt 1 view .LVU90
 263              		.loc 1 76 12 is_stmt 0 view .LVU91
 264 00e8 5F45     		cmp	r7, fp
 265 00ea 11D3     		bcc	.L17
  77:Libs/mbedtls/library/base64.c ****             *p++ = mbedtls_ct_base64_enc_char(((C2 & 15) << 2) & 0x3F);
  78:Libs/mbedtls/library/base64.c ****         } else {
  79:Libs/mbedtls/library/base64.c ****             *p++ = '=';
 266              		.loc 1 79 13 is_stmt 1 view .LVU92
 267              		.loc 1 79 15 is_stmt 0 view .LVU93
 268 00ec F41C     		adds	r4, r6, #3
 269              	.LVL38:
 270              		.loc 1 79 18 view .LVU94
 271 00ee 3D23     		movs	r3, #61
 272 00f0 B370     		strb	r3, [r6, #2]
 273              	.L12:
  80:Libs/mbedtls/library/base64.c ****         }
  81:Libs/mbedtls/library/base64.c **** 
  82:Libs/mbedtls/library/base64.c ****         *p++ = '=';
 274              		.loc 1 82 9 is_stmt 1 view .LVU95
 275              		.loc 1 82 11 is_stmt 0 view .LVU96
 276 00f2 2646     		mov	r6, r4
 277              	.LVL39:
 278              		.loc 1 82 14 view .LVU97
 279 00f4 3D23     		movs	r3, #61
 280 00f6 06F8013B 		strb	r3, [r6], #1
 281              	.LVL40:
 282              	.L9:
  83:Libs/mbedtls/library/base64.c ****     }
  84:Libs/mbedtls/library/base64.c **** 
  85:Libs/mbedtls/library/base64.c ****     *olen = p - dst;
 283              		.loc 1 85 5 is_stmt 1 view .LVU98
 284              		.loc 1 85 15 is_stmt 0 view .LVU99
 285 00fa 009B     		ldr	r3, [sp]
 286 00fc F31A     		subs	r3, r6, r3
 287              		.loc 1 85 11 view .LVU100
 288 00fe 019A     		ldr	r2, [sp, #4]
 289 0100 1360     		str	r3, [r2]
  86:Libs/mbedtls/library/base64.c ****     *p = 0;
 290              		.loc 1 86 5 is_stmt 1 view .LVU101
 291              		.loc 1 86 8 is_stmt 0 view .LVU102
 292 0102 0020     		movs	r0, #0
 293 0104 3070     		strb	r0, [r6]
  87:Libs/mbedtls/library/base64.c **** 
ARM GAS  C:\Users\nicx5\AppData\Local\Temp\cckiq9tH.s 			page 8


  88:Libs/mbedtls/library/base64.c ****     return 0;
 294              		.loc 1 88 5 is_stmt 1 view .LVU103
 295              	.LVL41:
 296              	.L1:
  89:Libs/mbedtls/library/base64.c **** }
 297              		.loc 1 89 1 is_stmt 0 view .LVU104
 298 0106 03B0     		add	sp, sp, #12
 299              	.LCFI2:
 300              		.cfi_remember_state
 301              		.cfi_def_cfa_offset 36
 302              	.LVL42:
 303              		.loc 1 89 1 view .LVU105
 304              		@ sp needed
 305 0108 BDE8F08F 		pop	{r4, r5, r6, r7, r8, r9, r10, fp, pc}
 306              	.LVL43:
 307              	.L13:
 308              	.LCFI3:
 309              		.cfi_restore_state
  70:Libs/mbedtls/library/base64.c **** 
 310              		.loc 1 70 40 discriminator 2 view .LVU106
 311 010c 0025     		movs	r5, #0
 312 010e DDE7     		b	.L10
 313              	.LVL44:
 314              	.L17:
  77:Libs/mbedtls/library/base64.c ****         } else {
 315              		.loc 1 77 13 is_stmt 1 view .LVU107
  77:Libs/mbedtls/library/base64.c ****         } else {
 316              		.loc 1 77 64 is_stmt 0 view .LVU108
 317 0110 A800     		lsls	r0, r5, #2
  77:Libs/mbedtls/library/base64.c ****         } else {
 318              		.loc 1 77 15 view .LVU109
 319 0112 F41C     		adds	r4, r6, #3
 320              	.LVL45:
  77:Libs/mbedtls/library/base64.c ****         } else {
 321              		.loc 1 77 20 view .LVU110
 322 0114 00F03C00 		and	r0, r0, #60
 323 0118 FFF7FEFF 		bl	mbedtls_ct_base64_enc_char
 324              	.LVL46:
  77:Libs/mbedtls/library/base64.c ****         } else {
 325              		.loc 1 77 18 discriminator 1 view .LVU111
 326 011c B070     		strb	r0, [r6, #2]
 327 011e E8E7     		b	.L12
 328              	.L19:
 329              		.align	2
 330              	.L18:
 331 0120 ABAAAAAA 		.word	-1431655765
 332              		.cfi_endproc
 333              	.LFE2:
 335              		.section	.text.mbedtls_base64_decode,"ax",%progbits
 336              		.align	1
 337              		.global	mbedtls_base64_decode
 338              		.syntax unified
 339              		.thumb
 340              		.thumb_func
 342              	mbedtls_base64_decode:
 343              	.LVL47:
 344              	.LFB3:
ARM GAS  C:\Users\nicx5\AppData\Local\Temp\cckiq9tH.s 			page 9


  90:Libs/mbedtls/library/base64.c **** 
  91:Libs/mbedtls/library/base64.c **** /*
  92:Libs/mbedtls/library/base64.c ****  * Decode a base64-formatted buffer
  93:Libs/mbedtls/library/base64.c ****  */
  94:Libs/mbedtls/library/base64.c **** int mbedtls_base64_decode(unsigned char *dst, size_t dlen, size_t *olen,
  95:Libs/mbedtls/library/base64.c ****                           const unsigned char *src, size_t slen)
  96:Libs/mbedtls/library/base64.c **** {
 345              		.loc 1 96 1 is_stmt 1 view -0
 346              		.cfi_startproc
 347              		@ args = 4, pretend = 0, frame = 0
 348              		@ frame_needed = 0, uses_anonymous_args = 0
 349              		.loc 1 96 1 is_stmt 0 view .LVU113
 350 0000 2DE9F84F 		push	{r3, r4, r5, r6, r7, r8, r9, r10, fp, lr}
 351              	.LCFI4:
 352              		.cfi_def_cfa_offset 40
 353              		.cfi_offset 3, -40
 354              		.cfi_offset 4, -36
 355              		.cfi_offset 5, -32
 356              		.cfi_offset 6, -28
 357              		.cfi_offset 7, -24
 358              		.cfi_offset 8, -20
 359              		.cfi_offset 9, -16
 360              		.cfi_offset 10, -12
 361              		.cfi_offset 11, -8
 362              		.cfi_offset 14, -4
 363 0004 8246     		mov	r10, r0
 364 0006 8946     		mov	r9, r1
 365 0008 9346     		mov	fp, r2
 366 000a 1E46     		mov	r6, r3
 367 000c 0A9D     		ldr	r5, [sp, #40]
  97:Libs/mbedtls/library/base64.c ****     size_t i; /* index in source */
 368              		.loc 1 97 5 is_stmt 1 view .LVU114
  98:Libs/mbedtls/library/base64.c ****     size_t n; /* number of digits or trailing = in source */
 369              		.loc 1 98 5 view .LVU115
  99:Libs/mbedtls/library/base64.c ****     uint32_t x; /* value accumulator */
 370              		.loc 1 99 5 view .LVU116
 100:Libs/mbedtls/library/base64.c ****     unsigned accumulated_digits = 0;
 371              		.loc 1 100 5 view .LVU117
 372              	.LVL48:
 101:Libs/mbedtls/library/base64.c ****     unsigned equals = 0;
 373              		.loc 1 101 5 view .LVU118
 102:Libs/mbedtls/library/base64.c ****     int spaces_present = 0;
 374              		.loc 1 102 5 view .LVU119
 103:Libs/mbedtls/library/base64.c ****     unsigned char *p;
 375              		.loc 1 103 5 view .LVU120
 104:Libs/mbedtls/library/base64.c **** 
 105:Libs/mbedtls/library/base64.c ****     /* First pass: check for validity and get output length */
 106:Libs/mbedtls/library/base64.c ****     for (i = n = 0; i < slen; i++) {
 376              		.loc 1 106 5 view .LVU121
 101:Libs/mbedtls/library/base64.c ****     int spaces_present = 0;
 377              		.loc 1 101 14 is_stmt 0 view .LVU122
 378 000e 4FF00008 		mov	r8, #0
 379              		.loc 1 106 16 view .LVU123
 380 0012 4746     		mov	r7, r8
 381              		.loc 1 106 12 view .LVU124
 382 0014 4446     		mov	r4, r8
 383              		.loc 1 106 5 view .LVU125
ARM GAS  C:\Users\nicx5\AppData\Local\Temp\cckiq9tH.s 			page 10


 384 0016 25E0     		b	.L21
 385              	.LVL49:
 386              	.L23:
 107:Libs/mbedtls/library/base64.c ****         /* Skip spaces before checking for EOL */
 108:Libs/mbedtls/library/base64.c ****         spaces_present = 0;
 109:Libs/mbedtls/library/base64.c ****         while (i < slen && src[i] == ' ') {
 110:Libs/mbedtls/library/base64.c ****             ++i;
 387              		.loc 1 110 13 is_stmt 1 view .LVU126
 388 0018 0134     		adds	r4, r4, #1
 389              	.LVL50:
 111:Libs/mbedtls/library/base64.c ****             spaces_present = 1;
 390              		.loc 1 111 13 view .LVU127
 391              		.loc 1 111 28 is_stmt 0 view .LVU128
 392 001a 0122     		movs	r2, #1
 393              	.LVL51:
 394              	.L30:
 109:Libs/mbedtls/library/base64.c ****             ++i;
 395              		.loc 1 109 25 is_stmt 1 view .LVU129
 396 001c AC42     		cmp	r4, r5
 397 001e 02D2     		bcs	.L22
 109:Libs/mbedtls/library/base64.c ****             ++i;
 398              		.loc 1 109 31 is_stmt 0 discriminator 1 view .LVU130
 399 0020 335D     		ldrb	r3, [r6, r4]	@ zero_extendqisi2
 109:Libs/mbedtls/library/base64.c ****             ++i;
 400              		.loc 1 109 25 discriminator 1 view .LVU131
 401 0022 202B     		cmp	r3, #32
 402 0024 F8D0     		beq	.L23
 403              	.L22:
 112:Libs/mbedtls/library/base64.c ****         }
 113:Libs/mbedtls/library/base64.c **** 
 114:Libs/mbedtls/library/base64.c ****         /* Spaces at end of buffer are OK */
 115:Libs/mbedtls/library/base64.c ****         if (i == slen) {
 404              		.loc 1 115 9 is_stmt 1 view .LVU132
 405              		.loc 1 115 12 is_stmt 0 view .LVU133
 406 0026 AC42     		cmp	r4, r5
 407 0028 2DD0     		beq	.L24
 116:Libs/mbedtls/library/base64.c ****             break;
 117:Libs/mbedtls/library/base64.c ****         }
 118:Libs/mbedtls/library/base64.c **** 
 119:Libs/mbedtls/library/base64.c ****         if ((slen - i) >= 2 &&
 408              		.loc 1 119 9 is_stmt 1 view .LVU134
 409              		.loc 1 119 19 is_stmt 0 view .LVU135
 410 002a 2B1B     		subs	r3, r5, r4
 411              		.loc 1 119 12 view .LVU136
 412 002c 012B     		cmp	r3, #1
 413 002e 02D9     		bls	.L25
 120:Libs/mbedtls/library/base64.c ****             src[i] == '\r' && src[i + 1] == '\n') {
 414              		.loc 1 120 16 view .LVU137
 415 0030 335D     		ldrb	r3, [r6, r4]	@ zero_extendqisi2
 119:Libs/mbedtls/library/base64.c ****             src[i] == '\r' && src[i + 1] == '\n') {
 416              		.loc 1 119 29 discriminator 1 view .LVU138
 417 0032 0D2B     		cmp	r3, #13
 418 0034 1AD0     		beq	.L48
 419              	.L25:
 121:Libs/mbedtls/library/base64.c ****             continue;
 122:Libs/mbedtls/library/base64.c ****         }
 123:Libs/mbedtls/library/base64.c **** 
ARM GAS  C:\Users\nicx5\AppData\Local\Temp\cckiq9tH.s 			page 11


 124:Libs/mbedtls/library/base64.c ****         if (src[i] == '\n') {
 420              		.loc 1 124 9 is_stmt 1 view .LVU139
 421              		.loc 1 124 16 is_stmt 0 view .LVU140
 422 0036 305D     		ldrb	r0, [r6, r4]	@ zero_extendqisi2
 423              		.loc 1 124 12 view .LVU141
 424 0038 0A28     		cmp	r0, #10
 425 003a 12D0     		beq	.L26
 125:Libs/mbedtls/library/base64.c ****             continue;
 126:Libs/mbedtls/library/base64.c ****         }
 127:Libs/mbedtls/library/base64.c **** 
 128:Libs/mbedtls/library/base64.c ****         /* Space inside a line is an error */
 129:Libs/mbedtls/library/base64.c ****         if (spaces_present) {
 426              		.loc 1 129 9 is_stmt 1 view .LVU142
 427              		.loc 1 129 12 is_stmt 0 view .LVU143
 428 003c 002A     		cmp	r2, #0
 429 003e 40F08980 		bne	.L38
 130:Libs/mbedtls/library/base64.c ****             return MBEDTLS_ERR_BASE64_INVALID_CHARACTER;
 131:Libs/mbedtls/library/base64.c ****         }
 132:Libs/mbedtls/library/base64.c **** 
 133:Libs/mbedtls/library/base64.c ****         if (src[i] > 127) {
 430              		.loc 1 133 9 is_stmt 1 view .LVU144
 431              		.loc 1 133 12 is_stmt 0 view .LVU145
 432 0042 10F0800F 		tst	r0, #128
 433 0046 40F08880 		bne	.L39
 134:Libs/mbedtls/library/base64.c ****             return MBEDTLS_ERR_BASE64_INVALID_CHARACTER;
 135:Libs/mbedtls/library/base64.c ****         }
 136:Libs/mbedtls/library/base64.c **** 
 137:Libs/mbedtls/library/base64.c ****         if (src[i] == '=') {
 434              		.loc 1 137 9 is_stmt 1 view .LVU146
 435              		.loc 1 137 12 is_stmt 0 view .LVU147
 436 004a 3D28     		cmp	r0, #61
 437 004c 13D0     		beq	.L49
 138:Libs/mbedtls/library/base64.c ****             if (++equals > 2) {
 139:Libs/mbedtls/library/base64.c ****                 return MBEDTLS_ERR_BASE64_INVALID_CHARACTER;
 140:Libs/mbedtls/library/base64.c ****             }
 141:Libs/mbedtls/library/base64.c ****         } else {
 142:Libs/mbedtls/library/base64.c ****             if (equals != 0) {
 438              		.loc 1 142 13 is_stmt 1 view .LVU148
 439              		.loc 1 142 16 is_stmt 0 view .LVU149
 440 004e B8F1000F 		cmp	r8, #0
 441 0052 40F08580 		bne	.L41
 143:Libs/mbedtls/library/base64.c ****                 return MBEDTLS_ERR_BASE64_INVALID_CHARACTER;
 144:Libs/mbedtls/library/base64.c ****             }
 145:Libs/mbedtls/library/base64.c ****             if (mbedtls_ct_base64_dec_value(src[i]) < 0) {
 442              		.loc 1 145 13 is_stmt 1 view .LVU150
 443              		.loc 1 145 17 is_stmt 0 view .LVU151
 444 0056 FFF7FEFF 		bl	mbedtls_ct_base64_dec_value
 445              	.LVL52:
 446              		.loc 1 145 16 discriminator 1 view .LVU152
 447 005a 0028     		cmp	r0, #0
 448 005c C0F28380 		blt	.L42
 449              	.L29:
 146:Libs/mbedtls/library/base64.c ****                 return MBEDTLS_ERR_BASE64_INVALID_CHARACTER;
 147:Libs/mbedtls/library/base64.c ****             }
 148:Libs/mbedtls/library/base64.c ****         }
 149:Libs/mbedtls/library/base64.c ****         n++;
 450              		.loc 1 149 9 is_stmt 1 view .LVU153
ARM GAS  C:\Users\nicx5\AppData\Local\Temp\cckiq9tH.s 			page 12


 451              		.loc 1 149 10 is_stmt 0 view .LVU154
 452 0060 0137     		adds	r7, r7, #1
 453              	.LVL53:
 454              	.L26:
 106:Libs/mbedtls/library/base64.c ****         /* Skip spaces before checking for EOL */
 455              		.loc 1 106 32 is_stmt 1 discriminator 2 view .LVU155
 456 0062 0134     		adds	r4, r4, #1
 457              	.LVL54:
 458              	.L21:
 106:Libs/mbedtls/library/base64.c ****         /* Skip spaces before checking for EOL */
 459              		.loc 1 106 23 discriminator 1 view .LVU156
 460 0064 AC42     		cmp	r4, r5
 461 0066 0ED2     		bcs	.L24
 108:Libs/mbedtls/library/base64.c ****         while (i < slen && src[i] == ' ') {
 462              		.loc 1 108 24 is_stmt 0 view .LVU157
 463 0068 0022     		movs	r2, #0
 464 006a D7E7     		b	.L30
 465              	.LVL55:
 466              	.L48:
 120:Libs/mbedtls/library/base64.c ****             continue;
 467              		.loc 1 120 34 view .LVU158
 468 006c 3319     		adds	r3, r6, r4
 469 006e 5B78     		ldrb	r3, [r3, #1]	@ zero_extendqisi2
 120:Libs/mbedtls/library/base64.c ****             continue;
 470              		.loc 1 120 28 view .LVU159
 471 0070 0A2B     		cmp	r3, #10
 472 0072 E0D1     		bne	.L25
 473 0074 F5E7     		b	.L26
 474              	.L49:
 138:Libs/mbedtls/library/base64.c ****                 return MBEDTLS_ERR_BASE64_INVALID_CHARACTER;
 475              		.loc 1 138 13 is_stmt 1 view .LVU160
 138:Libs/mbedtls/library/base64.c ****                 return MBEDTLS_ERR_BASE64_INVALID_CHARACTER;
 476              		.loc 1 138 16 is_stmt 0 view .LVU161
 477 0076 08F10108 		add	r8, r8, #1
 478              	.LVL56:
 138:Libs/mbedtls/library/base64.c ****                 return MBEDTLS_ERR_BASE64_INVALID_CHARACTER;
 479              		.loc 1 138 16 view .LVU162
 480 007a B8F1020F 		cmp	r8, #2
 481 007e EFD9     		bls	.L29
 139:Libs/mbedtls/library/base64.c ****             }
 482              		.loc 1 139 24 view .LVU163
 483 0080 6FF02B00 		mvn	r0, #43
 484 0084 64E0     		b	.L20
 485              	.LVL57:
 486              	.L24:
 150:Libs/mbedtls/library/base64.c ****     }
 151:Libs/mbedtls/library/base64.c **** 
 152:Libs/mbedtls/library/base64.c ****     if (n == 0) {
 487              		.loc 1 152 5 is_stmt 1 view .LVU164
 488              		.loc 1 152 8 is_stmt 0 view .LVU165
 489 0086 EFB1     		cbz	r7, .L50
 153:Libs/mbedtls/library/base64.c ****         *olen = 0;
 154:Libs/mbedtls/library/base64.c ****         return 0;
 155:Libs/mbedtls/library/base64.c ****     }
 156:Libs/mbedtls/library/base64.c **** 
 157:Libs/mbedtls/library/base64.c ****     /* The following expression is to calculate the following formula without
 158:Libs/mbedtls/library/base64.c ****      * risk of integer overflow in n:
ARM GAS  C:\Users\nicx5\AppData\Local\Temp\cckiq9tH.s 			page 13


 159:Libs/mbedtls/library/base64.c ****      *     n = ( ( n * 6 ) + 7 ) >> 3;
 160:Libs/mbedtls/library/base64.c ****      */
 161:Libs/mbedtls/library/base64.c ****     n = (6 * (n >> 3)) + ((6 * (n & 0x7) + 7) >> 3);
 490              		.loc 1 161 5 is_stmt 1 view .LVU166
 491              		.loc 1 161 17 is_stmt 0 view .LVU167
 492 0088 FB08     		lsrs	r3, r7, #3
 493              		.loc 1 161 12 view .LVU168
 494 008a 03EB4302 		add	r2, r3, r3, lsl #1
 495              		.loc 1 161 35 view .LVU169
 496 008e 07F00707 		and	r7, r7, #7
 497              	.LVL58:
 498              		.loc 1 161 30 view .LVU170
 499 0092 07EB4707 		add	r7, r7, r7, lsl #1
 500 0096 7B00     		lsls	r3, r7, #1
 501              		.loc 1 161 42 view .LVU171
 502 0098 0733     		adds	r3, r3, #7
 503              		.loc 1 161 47 view .LVU172
 504 009a DB08     		lsrs	r3, r3, #3
 505              		.loc 1 161 7 view .LVU173
 506 009c 03EB4203 		add	r3, r3, r2, lsl #1
 507              	.LVL59:
 162:Libs/mbedtls/library/base64.c ****     n -= equals;
 508              		.loc 1 162 5 is_stmt 1 view .LVU174
 509              		.loc 1 162 7 is_stmt 0 view .LVU175
 510 00a0 A3EB0803 		sub	r3, r3, r8
 511              	.LVL60:
 163:Libs/mbedtls/library/base64.c **** 
 164:Libs/mbedtls/library/base64.c ****     if (dst == NULL || dlen < n) {
 512              		.loc 1 164 5 is_stmt 1 view .LVU176
 513              		.loc 1 164 29 is_stmt 0 view .LVU177
 514 00a4 4B45     		cmp	r3, r9
 515 00a6 94BF     		ite	ls
 516 00a8 0022     		movls	r2, #0
 517 00aa 0122     		movhi	r2, #1
 518              		.loc 1 164 21 view .LVU178
 519 00ac BAF1000F 		cmp	r10, #0
 520 00b0 08BF     		it	eq
 521 00b2 42F00102 		orreq	r2, r2, #1
 522              		.loc 1 164 8 view .LVU179
 523 00b6 4AB9     		cbnz	r2, .L51
 165:Libs/mbedtls/library/base64.c ****         *olen = n;
 166:Libs/mbedtls/library/base64.c ****         return MBEDTLS_ERR_BASE64_BUFFER_TOO_SMALL;
 167:Libs/mbedtls/library/base64.c ****     }
 168:Libs/mbedtls/library/base64.c **** 
 169:Libs/mbedtls/library/base64.c ****     equals = 0;
 170:Libs/mbedtls/library/base64.c ****     for (x = 0, p = dst; i > 0; i--, src++) {
 524              		.loc 1 170 19 view .LVU180
 525 00b8 D146     		mov	r9, r10
 526              	.LVL61:
 169:Libs/mbedtls/library/base64.c ****     for (x = 0, p = dst; i > 0; i--, src++) {
 527              		.loc 1 169 12 view .LVU181
 528 00ba 4FF00008 		mov	r8, #0
 529              	.LVL62:
 100:Libs/mbedtls/library/base64.c ****     unsigned equals = 0;
 530              		.loc 1 100 14 view .LVU182
 531 00be 4746     		mov	r7, r8
 532              		.loc 1 170 12 view .LVU183
ARM GAS  C:\Users\nicx5\AppData\Local\Temp\cckiq9tH.s 			page 14


 533 00c0 4546     		mov	r5, r8
 534 00c2 12E0     		b	.L32
 535              	.LVL63:
 536              	.L50:
 153:Libs/mbedtls/library/base64.c ****         return 0;
 537              		.loc 1 153 9 is_stmt 1 view .LVU184
 153:Libs/mbedtls/library/base64.c ****         return 0;
 538              		.loc 1 153 15 is_stmt 0 view .LVU185
 539 00c4 0020     		movs	r0, #0
 540 00c6 CBF80000 		str	r0, [fp]
 154:Libs/mbedtls/library/base64.c ****     }
 541              		.loc 1 154 9 is_stmt 1 view .LVU186
 154:Libs/mbedtls/library/base64.c ****     }
 542              		.loc 1 154 16 is_stmt 0 view .LVU187
 543 00ca 41E0     		b	.L20
 544              	.LVL64:
 545              	.L51:
 165:Libs/mbedtls/library/base64.c ****         return MBEDTLS_ERR_BASE64_BUFFER_TOO_SMALL;
 546              		.loc 1 165 9 is_stmt 1 view .LVU188
 165:Libs/mbedtls/library/base64.c ****         return MBEDTLS_ERR_BASE64_BUFFER_TOO_SMALL;
 547              		.loc 1 165 15 is_stmt 0 view .LVU189
 548 00cc CBF80030 		str	r3, [fp]
 166:Libs/mbedtls/library/base64.c ****     }
 549              		.loc 1 166 9 is_stmt 1 view .LVU190
 166:Libs/mbedtls/library/base64.c ****     }
 550              		.loc 1 166 16 is_stmt 0 view .LVU191
 551 00d0 6FF02900 		mvn	r0, #41
 552 00d4 3CE0     		b	.L20
 553              	.LVL65:
 554              	.L33:
 171:Libs/mbedtls/library/base64.c ****         if (*src == '\r' || *src == '\n' || *src == ' ') {
 172:Libs/mbedtls/library/base64.c ****             continue;
 173:Libs/mbedtls/library/base64.c ****         }
 174:Libs/mbedtls/library/base64.c **** 
 175:Libs/mbedtls/library/base64.c ****         x = x << 6;
 555              		.loc 1 175 9 is_stmt 1 view .LVU192
 556              		.loc 1 175 11 is_stmt 0 view .LVU193
 557 00d6 AD01     		lsls	r5, r5, #6
 558              	.LVL66:
 176:Libs/mbedtls/library/base64.c ****         if (*src == '=') {
 559              		.loc 1 176 9 is_stmt 1 view .LVU194
 560              		.loc 1 176 12 is_stmt 0 view .LVU195
 561 00d8 3D28     		cmp	r0, #61
 562 00da 14D1     		bne	.L35
 177:Libs/mbedtls/library/base64.c ****             ++equals;
 563              		.loc 1 177 13 is_stmt 1 view .LVU196
 564 00dc 08F10108 		add	r8, r8, #1
 565              	.LVL67:
 566              	.L36:
 178:Libs/mbedtls/library/base64.c ****         } else {
 179:Libs/mbedtls/library/base64.c ****             x |= mbedtls_ct_base64_dec_value(*src);
 180:Libs/mbedtls/library/base64.c ****         }
 181:Libs/mbedtls/library/base64.c **** 
 182:Libs/mbedtls/library/base64.c ****         if (++accumulated_digits == 4) {
 567              		.loc 1 182 9 view .LVU197
 568              		.loc 1 182 12 is_stmt 0 view .LVU198
 569 00e0 0137     		adds	r7, r7, #1
ARM GAS  C:\Users\nicx5\AppData\Local\Temp\cckiq9tH.s 			page 15


 570              	.LVL68:
 571              		.loc 1 182 12 view .LVU199
 572 00e2 042F     		cmp	r7, #4
 573 00e4 13D0     		beq	.L52
 574              	.LVL69:
 575              	.L34:
 170:Libs/mbedtls/library/base64.c ****         if (*src == '\r' || *src == '\n' || *src == ' ') {
 576              		.loc 1 170 36 is_stmt 1 discriminator 2 view .LVU200
 170:Libs/mbedtls/library/base64.c ****         if (*src == '\r' || *src == '\n' || *src == ' ') {
 577              		.loc 1 170 34 is_stmt 0 discriminator 2 view .LVU201
 578 00e6 013C     		subs	r4, r4, #1
 579              	.LVL70:
 170:Libs/mbedtls/library/base64.c ****         if (*src == '\r' || *src == '\n' || *src == ' ') {
 580              		.loc 1 170 41 discriminator 2 view .LVU202
 581 00e8 0136     		adds	r6, r6, #1
 582              	.LVL71:
 583              	.L32:
 170:Libs/mbedtls/library/base64.c ****         if (*src == '\r' || *src == '\n' || *src == ' ') {
 584              		.loc 1 170 28 is_stmt 1 discriminator 1 view .LVU203
 585 00ea 64B3     		cbz	r4, .L53
 171:Libs/mbedtls/library/base64.c ****             continue;
 586              		.loc 1 171 9 view .LVU204
 171:Libs/mbedtls/library/base64.c ****             continue;
 587              		.loc 1 171 13 is_stmt 0 view .LVU205
 588 00ec 3078     		ldrb	r0, [r6]	@ zero_extendqisi2
 589 00ee A0F10A03 		sub	r3, r0, #10
 590 00f2 DBB2     		uxtb	r3, r3
 591 00f4 162B     		cmp	r3, #22
 592 00f6 EED8     		bhi	.L33
 593 00f8 1C4A     		ldr	r2, .L55
 594 00fa 22FA03F3 		lsr	r3, r2, r3
 595 00fe 13F0010F 		tst	r3, #1
 596 0102 E8D0     		beq	.L33
 597 0104 EFE7     		b	.L34
 598              	.L35:
 179:Libs/mbedtls/library/base64.c ****         }
 599              		.loc 1 179 13 is_stmt 1 view .LVU206
 179:Libs/mbedtls/library/base64.c ****         }
 600              		.loc 1 179 18 is_stmt 0 view .LVU207
 601 0106 FFF7FEFF 		bl	mbedtls_ct_base64_dec_value
 602              	.LVL72:
 179:Libs/mbedtls/library/base64.c ****         }
 603              		.loc 1 179 15 discriminator 1 view .LVU208
 604 010a 0543     		orrs	r5, r5, r0
 605              	.LVL73:
 179:Libs/mbedtls/library/base64.c ****         }
 606              		.loc 1 179 15 discriminator 1 view .LVU209
 607 010c E8E7     		b	.L36
 608              	.L52:
 183:Libs/mbedtls/library/base64.c ****             accumulated_digits = 0;
 609              		.loc 1 183 13 is_stmt 1 view .LVU210
 610              	.LVL74:
 184:Libs/mbedtls/library/base64.c ****             *p++ = MBEDTLS_BYTE_2(x);
 611              		.loc 1 184 13 view .LVU211
 612              		.loc 1 184 15 is_stmt 0 view .LVU212
 613 010e 4B46     		mov	r3, r9
 614              	.LVL75:
ARM GAS  C:\Users\nicx5\AppData\Local\Temp\cckiq9tH.s 			page 16


 615              		.loc 1 184 20 view .LVU213
 616 0110 C5F30742 		ubfx	r2, r5, #16, #8
 617              		.loc 1 184 18 view .LVU214
 618 0114 03F8012B 		strb	r2, [r3], #1
 619              	.LVL76:
 185:Libs/mbedtls/library/base64.c ****             if (equals <= 1) {
 620              		.loc 1 185 13 is_stmt 1 view .LVU215
 621              		.loc 1 185 16 is_stmt 0 view .LVU216
 622 0118 B8F1010F 		cmp	r8, #1
 623 011c 02D9     		bls	.L54
 184:Libs/mbedtls/library/base64.c ****             *p++ = MBEDTLS_BYTE_2(x);
 624              		.loc 1 184 15 view .LVU217
 625 011e 9946     		mov	r9, r3
 183:Libs/mbedtls/library/base64.c ****             accumulated_digits = 0;
 626              		.loc 1 183 32 view .LVU218
 627 0120 0027     		movs	r7, #0
 628 0122 E0E7     		b	.L34
 629              	.L54:
 186:Libs/mbedtls/library/base64.c ****                 *p++ = MBEDTLS_BYTE_1(x);
 630              		.loc 1 186 17 is_stmt 1 view .LVU219
 631              		.loc 1 186 19 is_stmt 0 view .LVU220
 632 0124 09F10203 		add	r3, r9, #2
 633              	.LVL77:
 634              		.loc 1 186 24 view .LVU221
 635 0128 C5F30722 		ubfx	r2, r5, #8, #8
 636              		.loc 1 186 22 view .LVU222
 637 012c 89F80120 		strb	r2, [r9, #1]
 187:Libs/mbedtls/library/base64.c ****             }
 188:Libs/mbedtls/library/base64.c ****             if (equals <= 0) {
 638              		.loc 1 188 13 is_stmt 1 view .LVU223
 639              		.loc 1 188 16 is_stmt 0 view .LVU224
 640 0130 B8F1000F 		cmp	r8, #0
 641 0134 04D1     		bne	.L46
 189:Libs/mbedtls/library/base64.c ****                 *p++ = MBEDTLS_BYTE_0(x);
 642              		.loc 1 189 17 is_stmt 1 view .LVU225
 643              		.loc 1 189 19 is_stmt 0 view .LVU226
 644 0136 9946     		mov	r9, r3
 645              	.LVL78:
 646              		.loc 1 189 22 view .LVU227
 647 0138 09F8015B 		strb	r5, [r9], #1
 648              	.LVL79:
 183:Libs/mbedtls/library/base64.c ****             *p++ = MBEDTLS_BYTE_2(x);
 649              		.loc 1 183 32 view .LVU228
 650 013c 4746     		mov	r7, r8
 651 013e D2E7     		b	.L34
 652              	.LVL80:
 653              	.L46:
 183:Libs/mbedtls/library/base64.c ****             *p++ = MBEDTLS_BYTE_2(x);
 654              		.loc 1 183 32 view .LVU229
 655 0140 9946     		mov	r9, r3
 656 0142 0027     		movs	r7, #0
 657 0144 CFE7     		b	.L34
 658              	.LVL81:
 659              	.L53:
 190:Libs/mbedtls/library/base64.c ****             }
 191:Libs/mbedtls/library/base64.c ****         }
 192:Libs/mbedtls/library/base64.c ****     }
ARM GAS  C:\Users\nicx5\AppData\Local\Temp\cckiq9tH.s 			page 17


 193:Libs/mbedtls/library/base64.c **** 
 194:Libs/mbedtls/library/base64.c ****     *olen = p - dst;
 660              		.loc 1 194 5 is_stmt 1 view .LVU230
 661              		.loc 1 194 15 is_stmt 0 view .LVU231
 662 0146 A9EB0A03 		sub	r3, r9, r10
 663              		.loc 1 194 11 view .LVU232
 664 014a CBF80030 		str	r3, [fp]
 195:Libs/mbedtls/library/base64.c **** 
 196:Libs/mbedtls/library/base64.c ****     return 0;
 665              		.loc 1 196 5 is_stmt 1 view .LVU233
 666              		.loc 1 196 12 is_stmt 0 view .LVU234
 667 014e 0020     		movs	r0, #0
 668              	.LVL82:
 669              	.L20:
 197:Libs/mbedtls/library/base64.c **** }
 670              		.loc 1 197 1 view .LVU235
 671 0150 BDE8F88F 		pop	{r3, r4, r5, r6, r7, r8, r9, r10, fp, pc}
 672              	.LVL83:
 673              	.L38:
 130:Libs/mbedtls/library/base64.c ****         }
 674              		.loc 1 130 20 view .LVU236
 675 0154 6FF02B00 		mvn	r0, #43
 676 0158 FAE7     		b	.L20
 677              	.L39:
 134:Libs/mbedtls/library/base64.c ****         }
 678              		.loc 1 134 20 view .LVU237
 679 015a 6FF02B00 		mvn	r0, #43
 680 015e F7E7     		b	.L20
 681              	.L41:
 143:Libs/mbedtls/library/base64.c ****             }
 682              		.loc 1 143 24 view .LVU238
 683 0160 6FF02B00 		mvn	r0, #43
 684 0164 F4E7     		b	.L20
 685              	.LVL84:
 686              	.L42:
 146:Libs/mbedtls/library/base64.c ****             }
 687              		.loc 1 146 24 view .LVU239
 688 0166 6FF02B00 		mvn	r0, #43
 689 016a F1E7     		b	.L20
 690              	.L56:
 691              		.align	2
 692              	.L55:
 693 016c 09004000 		.word	4194313
 694              		.cfi_endproc
 695              	.LFE3:
 697              		.text
 698              	.Letext0:
 699              		.file 2 "D:/Program Files/msys64/mingw64/lib/gcc/arm-none-eabi/13.3.0/include/stddef.h"
 700              		.file 3 "D:/Program Files/msys64/mingw64/arm-none-eabi/include/machine/_default_types.h"
 701              		.file 4 "D:/Program Files/msys64/mingw64/arm-none-eabi/include/sys/_stdint.h"
 702              		.file 5 "Libs/mbedtls/library/constant_time_internal.h"
ARM GAS  C:\Users\nicx5\AppData\Local\Temp\cckiq9tH.s 			page 18


DEFINED SYMBOLS
                            *ABS*:00000000 base64.c
C:\Users\nicx5\AppData\Local\Temp\cckiq9tH.s:20     .text.mbedtls_base64_encode:00000000 $t
C:\Users\nicx5\AppData\Local\Temp\cckiq9tH.s:26     .text.mbedtls_base64_encode:00000000 mbedtls_base64_encode
C:\Users\nicx5\AppData\Local\Temp\cckiq9tH.s:331    .text.mbedtls_base64_encode:00000120 $d
C:\Users\nicx5\AppData\Local\Temp\cckiq9tH.s:336    .text.mbedtls_base64_decode:00000000 $t
C:\Users\nicx5\AppData\Local\Temp\cckiq9tH.s:342    .text.mbedtls_base64_decode:00000000 mbedtls_base64_decode
C:\Users\nicx5\AppData\Local\Temp\cckiq9tH.s:693    .text.mbedtls_base64_decode:0000016c $d

UNDEFINED SYMBOLS
mbedtls_ct_base64_enc_char
mbedtls_ct_base64_dec_value
