ARM GAS  C:\Users\nicx5\AppData\Local\Temp\ccgGsakt.s 			page 1


   1              		.cpu cortex-m7
   2              		.arch armv7e-m
   3              		.fpu fpv5-d16
   4              		.eabi_attribute 28, 1
   5              		.eabi_attribute 20, 1
   6              		.eabi_attribute 21, 1
   7              		.eabi_attribute 23, 3
   8              		.eabi_attribute 24, 1
   9              		.eabi_attribute 25, 1
  10              		.eabi_attribute 26, 1
  11              		.eabi_attribute 30, 1
  12              		.eabi_attribute 34, 1
  13              		.eabi_attribute 18, 4
  14              		.file	"security_version_journal.c"
  15              		.text
  16              	.Ltext0:
  17              		.cfi_sections	.debug_frame
  18              		.file 1 "../common/security_version_journal.c"
  19              		.section	.text.crc32_update,"ax",%progbits
  20              		.align	1
  21              		.syntax unified
  22              		.thumb
  23              		.thumb_func
  25              	crc32_update:
  26              	.LVL0:
  27              	.LFB0:
   1:../common/security_version_journal.c **** #include "security_version_journal.h"
   2:../common/security_version_journal.c **** 
   3:../common/security_version_journal.c **** #include <stddef.h>
   4:../common/security_version_journal.c **** #include <string.h>
   5:../common/security_version_journal.c **** 
   6:../common/security_version_journal.c **** static uint32_t crc32_update(uint32_t crc, uint8_t value)
   7:../common/security_version_journal.c **** {
  28              		.loc 1 7 1 view -0
  29              		.cfi_startproc
  30              		@ args = 0, pretend = 0, frame = 0
  31              		@ frame_needed = 0, uses_anonymous_args = 0
  32              		@ link register save eliminated.
   8:../common/security_version_journal.c ****     uint32_t bit;
  33              		.loc 1 8 5 view .LVU1
   9:../common/security_version_journal.c **** 
  10:../common/security_version_journal.c ****     crc ^= value;
  34              		.loc 1 10 5 view .LVU2
  35              		.loc 1 10 9 is_stmt 0 view .LVU3
  36 0000 4840     		eors	r0, r0, r1
  37              	.LVL1:
  11:../common/security_version_journal.c ****     for (bit = 0u; bit < 8u; ++bit) {
  38              		.loc 1 11 5 is_stmt 1 view .LVU4
  39              		.loc 1 11 14 is_stmt 0 view .LVU5
  40 0002 0022     		movs	r2, #0
  41              		.loc 1 11 5 view .LVU6
  42 0004 06E0     		b	.L2
  43              	.LVL2:
  44              	.L3:
  45              	.LBB2:
  12:../common/security_version_journal.c ****         uint32_t mask = (uint32_t)-(int32_t)(crc & 1u);
  46              		.loc 1 12 9 is_stmt 1 view .LVU7
ARM GAS  C:\Users\nicx5\AppData\Local\Temp\ccgGsakt.s 			page 2


  47              		.loc 1 12 35 is_stmt 0 view .LVU8
  48 0006 40F30001 		sbfx	r1, r0, #0, #1
  49              	.LVL3:
  13:../common/security_version_journal.c ****         crc = (crc >> 1u) ^ (0xEDB88320u & mask);
  50              		.loc 1 13 9 is_stmt 1 view .LVU9
  51              		.loc 1 13 42 is_stmt 0 view .LVU10
  52 000a 044B     		ldr	r3, .L4
  53 000c 0B40     		ands	r3, r3, r1
  54              		.loc 1 13 13 view .LVU11
  55 000e 83EA5000 		eor	r0, r3, r0, lsr #1
  56              	.LVL4:
  57              		.loc 1 13 13 view .LVU12
  58              	.LBE2:
  11:../common/security_version_journal.c ****     for (bit = 0u; bit < 8u; ++bit) {
  59              		.loc 1 11 30 is_stmt 1 discriminator 3 view .LVU13
  60 0012 0132     		adds	r2, r2, #1
  61              	.LVL5:
  62              	.L2:
  11:../common/security_version_journal.c ****     for (bit = 0u; bit < 8u; ++bit) {
  63              		.loc 1 11 24 discriminator 1 view .LVU14
  64 0014 072A     		cmp	r2, #7
  65 0016 F6D9     		bls	.L3
  14:../common/security_version_journal.c ****     }
  15:../common/security_version_journal.c ****     return crc;
  66              		.loc 1 15 5 view .LVU15
  16:../common/security_version_journal.c **** }
  67              		.loc 1 16 1 is_stmt 0 view .LVU16
  68 0018 7047     		bx	lr
  69              	.L5:
  70 001a 00BF     		.align	2
  71              	.L4:
  72 001c 2083B8ED 		.word	-306674912
  73              		.cfi_endproc
  74              	.LFE0:
  76              		.section	.text.record_crc32,"ax",%progbits
  77              		.align	1
  78              		.syntax unified
  79              		.thumb
  80              		.thumb_func
  82              	record_crc32:
  83              	.LVL6:
  84              	.LFB1:
  17:../common/security_version_journal.c **** 
  18:../common/security_version_journal.c **** static uint32_t record_crc32(
  19:../common/security_version_journal.c ****     const hbox_security_version_record_v1_t *record)
  20:../common/security_version_journal.c **** {
  85              		.loc 1 20 1 is_stmt 1 view -0
  86              		.cfi_startproc
  87              		@ args = 0, pretend = 0, frame = 0
  88              		@ frame_needed = 0, uses_anonymous_args = 0
  89              		.loc 1 20 1 is_stmt 0 view .LVU18
  90 0000 38B5     		push	{r3, r4, r5, lr}
  91              	.LCFI0:
  92              		.cfi_def_cfa_offset 16
  93              		.cfi_offset 3, -16
  94              		.cfi_offset 4, -12
  95              		.cfi_offset 5, -8
ARM GAS  C:\Users\nicx5\AppData\Local\Temp\ccgGsakt.s 			page 3


  96              		.cfi_offset 14, -4
  97 0002 0546     		mov	r5, r0
  21:../common/security_version_journal.c ****     const uint8_t *bytes = (const uint8_t *)record;
  98              		.loc 1 21 5 is_stmt 1 view .LVU19
  99              	.LVL7:
  22:../common/security_version_journal.c ****     const size_t skip_offset =
 100              		.loc 1 22 5 view .LVU20
  23:../common/security_version_journal.c ****         offsetof(hbox_security_version_record_v1_t, record_crc32_le);
  24:../common/security_version_journal.c ****     uint32_t crc = 0xFFFFFFFFu;
 101              		.loc 1 24 5 view .LVU21
  25:../common/security_version_journal.c ****     size_t index;
 102              		.loc 1 25 5 view .LVU22
  26:../common/security_version_journal.c **** 
  27:../common/security_version_journal.c ****     for (index = 0u; index < sizeof(*record); ++index) {
 103              		.loc 1 27 5 view .LVU23
 104              		.loc 1 27 16 is_stmt 0 view .LVU24
 105 0004 0024     		movs	r4, #0
  24:../common/security_version_journal.c ****     size_t index;
 106              		.loc 1 24 14 view .LVU25
 107 0006 4FF0FF30 		mov	r0, #-1
 108              	.LVL8:
 109              		.loc 1 27 5 view .LVU26
 110 000a 00E0     		b	.L7
 111              	.LVL9:
 112              	.L8:
 113              		.loc 1 27 47 is_stmt 1 discriminator 2 view .LVU27
 114 000c 0134     		adds	r4, r4, #1
 115              	.LVL10:
 116              	.L7:
 117              		.loc 1 27 28 discriminator 1 view .LVU28
 118 000e 1F2C     		cmp	r4, #31
 119 0010 07D8     		bhi	.L11
  28:../common/security_version_journal.c ****         if (index >= skip_offset &&
 120              		.loc 1 28 9 view .LVU29
 121              		.loc 1 28 34 is_stmt 0 view .LVU30
 122 0012 A4F11803 		sub	r3, r4, #24
 123              		.loc 1 28 12 view .LVU31
 124 0016 032B     		cmp	r3, #3
 125 0018 F8D9     		bls	.L8
  29:../common/security_version_journal.c ****             index < skip_offset + sizeof(record->record_crc32_le)) {
  30:../common/security_version_journal.c ****             continue;
  31:../common/security_version_journal.c ****         }
  32:../common/security_version_journal.c ****         crc = crc32_update(crc, bytes[index]);
 126              		.loc 1 32 9 is_stmt 1 view .LVU32
 127              		.loc 1 32 15 is_stmt 0 view .LVU33
 128 001a 295D     		ldrb	r1, [r5, r4]	@ zero_extendqisi2
 129 001c FFF7FEFF 		bl	crc32_update
 130              	.LVL11:
 131              		.loc 1 32 15 view .LVU34
 132 0020 F4E7     		b	.L8
 133              	.L11:
  33:../common/security_version_journal.c ****     }
  34:../common/security_version_journal.c ****     return crc ^ 0xFFFFFFFFu;
 134              		.loc 1 34 5 is_stmt 1 view .LVU35
  35:../common/security_version_journal.c **** }
 135              		.loc 1 35 1 is_stmt 0 view .LVU36
 136 0022 C043     		mvns	r0, r0
ARM GAS  C:\Users\nicx5\AppData\Local\Temp\ccgGsakt.s 			page 4


 137              	.LVL12:
 138              		.loc 1 35 1 view .LVU37
 139 0024 38BD     		pop	{r3, r4, r5, pc}
 140              		.loc 1 35 1 view .LVU38
 141              		.cfi_endproc
 142              	.LFE1:
 144              		.section	.text.record_is_erased,"ax",%progbits
 145              		.align	1
 146              		.syntax unified
 147              		.thumb
 148              		.thumb_func
 150              	record_is_erased:
 151              	.LVL13:
 152              	.LFB2:
  36:../common/security_version_journal.c **** 
  37:../common/security_version_journal.c **** static int record_is_erased(
  38:../common/security_version_journal.c ****     const hbox_security_version_record_v1_t *record)
  39:../common/security_version_journal.c **** {
 153              		.loc 1 39 1 is_stmt 1 view -0
 154              		.cfi_startproc
 155              		@ args = 0, pretend = 0, frame = 0
 156              		@ frame_needed = 0, uses_anonymous_args = 0
 157              		@ link register save eliminated.
  40:../common/security_version_journal.c ****     const uint8_t *bytes = (const uint8_t *)record;
 158              		.loc 1 40 5 view .LVU40
  41:../common/security_version_journal.c ****     size_t index;
 159              		.loc 1 41 5 view .LVU41
  42:../common/security_version_journal.c **** 
  43:../common/security_version_journal.c ****     for (index = 0u; index < sizeof(*record); ++index) {
 160              		.loc 1 43 5 view .LVU42
 161              		.loc 1 43 16 is_stmt 0 view .LVU43
 162 0000 0023     		movs	r3, #0
 163              	.LVL14:
 164              	.L13:
 165              		.loc 1 43 28 is_stmt 1 discriminator 1 view .LVU44
 166 0002 1F2B     		cmp	r3, #31
 167 0004 04D8     		bhi	.L17
  44:../common/security_version_journal.c ****         if (bytes[index] != 0xFFu) {
 168              		.loc 1 44 9 view .LVU45
 169              		.loc 1 44 18 is_stmt 0 view .LVU46
 170 0006 C25C     		ldrb	r2, [r0, r3]	@ zero_extendqisi2
 171              		.loc 1 44 12 view .LVU47
 172 0008 FF2A     		cmp	r2, #255
 173 000a 03D1     		bne	.L16
  43:../common/security_version_journal.c ****         if (bytes[index] != 0xFFu) {
 174              		.loc 1 43 47 is_stmt 1 discriminator 2 view .LVU48
 175 000c 0133     		adds	r3, r3, #1
 176              	.LVL15:
  43:../common/security_version_journal.c ****         if (bytes[index] != 0xFFu) {
 177              		.loc 1 43 47 is_stmt 0 discriminator 2 view .LVU49
 178 000e F8E7     		b	.L13
 179              	.L17:
  45:../common/security_version_journal.c ****             return 0;
  46:../common/security_version_journal.c ****         }
  47:../common/security_version_journal.c ****     }
  48:../common/security_version_journal.c ****     return 1;
 180              		.loc 1 48 12 view .LVU50
ARM GAS  C:\Users\nicx5\AppData\Local\Temp\ccgGsakt.s 			page 5


 181 0010 0120     		movs	r0, #1
 182              	.LVL16:
 183              		.loc 1 48 12 view .LVU51
 184 0012 7047     		bx	lr
 185              	.LVL17:
 186              	.L16:
  45:../common/security_version_journal.c ****             return 0;
 187              		.loc 1 45 20 view .LVU52
 188 0014 0020     		movs	r0, #0
 189              	.LVL18:
  49:../common/security_version_journal.c **** }
 190              		.loc 1 49 1 view .LVU53
 191 0016 7047     		bx	lr
 192              		.cfi_endproc
 193              	.LFE2:
 195              		.section	.text.backend_is_valid,"ax",%progbits
 196              		.align	1
 197              		.syntax unified
 198              		.thumb
 199              		.thumb_func
 201              	backend_is_valid:
 202              	.LVL19:
 203              	.LFB3:
  50:../common/security_version_journal.c **** 
  51:../common/security_version_journal.c **** static int backend_is_valid(
  52:../common/security_version_journal.c ****     const hbox_security_version_journal_backend_t *backend,
  53:../common/security_version_journal.c ****     int require_program)
  54:../common/security_version_journal.c **** {
 204              		.loc 1 54 1 is_stmt 1 view -0
 205              		.cfi_startproc
 206              		@ args = 0, pretend = 0, frame = 0
 207              		@ frame_needed = 0, uses_anonymous_args = 0
 208              		@ link register save eliminated.
  55:../common/security_version_journal.c ****     return backend != NULL &&
 209              		.loc 1 55 5 view .LVU55
  56:../common/security_version_journal.c ****            backend->record_count != 0u &&
  57:../common/security_version_journal.c ****            backend->read_record != NULL &&
 210              		.loc 1 57 41 is_stmt 0 view .LVU56
 211 0000 50B1     		cbz	r0, .L20
  56:../common/security_version_journal.c ****            backend->record_count != 0u &&
 212              		.loc 1 56 19 view .LVU57
 213 0002 4268     		ldr	r2, [r0, #4]
  55:../common/security_version_journal.c ****     return backend != NULL &&
 214              		.loc 1 55 28 view .LVU58
 215 0004 52B1     		cbz	r2, .L21
 216              		.loc 1 57 19 view .LVU59
 217 0006 8268     		ldr	r2, [r0, #8]
  56:../common/security_version_journal.c ****            backend->record_count != 0u &&
 218              		.loc 1 56 40 view .LVU60
 219 0008 52B1     		cbz	r2, .L22
 220              		.loc 1 57 41 view .LVU61
 221 000a 59B1     		cbz	r1, .L23
  58:../common/security_version_journal.c ****            (!require_program || backend->program_record_atomic != NULL);
 222              		.loc 1 58 40 view .LVU62
 223 000c C368     		ldr	r3, [r0, #12]
 224              		.loc 1 58 30 view .LVU63
 225 000e 0BB1     		cbz	r3, .L25
ARM GAS  C:\Users\nicx5\AppData\Local\Temp\ccgGsakt.s 			page 6


  57:../common/security_version_journal.c ****            (!require_program || backend->program_record_atomic != NULL);
 226              		.loc 1 57 41 discriminator 2 view .LVU64
 227 0010 0120     		movs	r0, #1
 228              	.LVL20:
  59:../common/security_version_journal.c **** }
 229              		.loc 1 59 1 view .LVU65
 230 0012 7047     		bx	lr
 231              	.LVL21:
 232              	.L25:
  57:../common/security_version_journal.c ****            (!require_program || backend->program_record_atomic != NULL);
 233              		.loc 1 57 41 discriminator 1 view .LVU66
 234 0014 0020     		movs	r0, #0
 235              	.LVL22:
  57:../common/security_version_journal.c ****            (!require_program || backend->program_record_atomic != NULL);
 236              		.loc 1 57 41 discriminator 1 view .LVU67
 237 0016 7047     		bx	lr
 238              	.LVL23:
 239              	.L20:
  57:../common/security_version_journal.c ****            (!require_program || backend->program_record_atomic != NULL);
 240              		.loc 1 57 41 discriminator 1 view .LVU68
 241 0018 0020     		movs	r0, #0
 242              	.LVL24:
  57:../common/security_version_journal.c ****            (!require_program || backend->program_record_atomic != NULL);
 243              		.loc 1 57 41 discriminator 1 view .LVU69
 244 001a 7047     		bx	lr
 245              	.LVL25:
 246              	.L21:
  57:../common/security_version_journal.c ****            (!require_program || backend->program_record_atomic != NULL);
 247              		.loc 1 57 41 discriminator 1 view .LVU70
 248 001c 0020     		movs	r0, #0
 249              	.LVL26:
  57:../common/security_version_journal.c ****            (!require_program || backend->program_record_atomic != NULL);
 250              		.loc 1 57 41 discriminator 1 view .LVU71
 251 001e 7047     		bx	lr
 252              	.LVL27:
 253              	.L22:
  57:../common/security_version_journal.c ****            (!require_program || backend->program_record_atomic != NULL);
 254              		.loc 1 57 41 discriminator 1 view .LVU72
 255 0020 0020     		movs	r0, #0
 256              	.LVL28:
  57:../common/security_version_journal.c ****            (!require_program || backend->program_record_atomic != NULL);
 257              		.loc 1 57 41 discriminator 1 view .LVU73
 258 0022 7047     		bx	lr
 259              	.LVL29:
 260              	.L23:
  57:../common/security_version_journal.c ****            (!require_program || backend->program_record_atomic != NULL);
 261              		.loc 1 57 41 discriminator 2 view .LVU74
 262 0024 0120     		movs	r0, #1
 263              	.LVL30:
  57:../common/security_version_journal.c ****            (!require_program || backend->program_record_atomic != NULL);
 264              		.loc 1 57 41 discriminator 2 view .LVU75
 265 0026 7047     		bx	lr
 266              		.cfi_endproc
 267              	.LFE3:
 269              		.section	.text.record_is_valid,"ax",%progbits
 270              		.align	1
 271              		.syntax unified
ARM GAS  C:\Users\nicx5\AppData\Local\Temp\ccgGsakt.s 			page 7


 272              		.thumb
 273              		.thumb_func
 275              	record_is_valid:
 276              	.LVL31:
 277              	.LFB4:
  60:../common/security_version_journal.c **** 
  61:../common/security_version_journal.c **** static int record_is_valid(
  62:../common/security_version_journal.c ****     const hbox_security_version_record_v1_t *record,
  63:../common/security_version_journal.c ****     uint32_t expected_ordinal,
  64:../common/security_version_journal.c ****     uint32_t previous_minimum,
  65:../common/security_version_journal.c ****     uint32_t previous_crc)
  66:../common/security_version_journal.c **** {
 278              		.loc 1 66 1 is_stmt 1 view -0
 279              		.cfi_startproc
 280              		@ args = 0, pretend = 0, frame = 0
 281              		@ frame_needed = 0, uses_anonymous_args = 0
 282              		.loc 1 66 1 is_stmt 0 view .LVU77
 283 0000 10B5     		push	{r4, lr}
 284              	.LCFI1:
 285              		.cfi_def_cfa_offset 8
 286              		.cfi_offset 4, -8
 287              		.cfi_offset 14, -4
  67:../common/security_version_journal.c ****     return record->magic_le == HBOX_SECURITY_VERSION_RECORD_MAGIC &&
 288              		.loc 1 67 5 is_stmt 1 view .LVU78
 289              		.loc 1 67 18 is_stmt 0 view .LVU79
 290 0002 D0F800C0 		ldr	ip, [r0]	@ unaligned
  68:../common/security_version_journal.c ****            record->format_le == HBOX_SECURITY_VERSION_JOURNAL_FORMAT &&
  69:../common/security_version_journal.c ****            record->record_bytes_le ==
  70:../common/security_version_journal.c ****                HBOX_SECURITY_VERSION_RECORD_BYTES &&
  71:../common/security_version_journal.c ****            record->ordinal_le == expected_ordinal &&
  72:../common/security_version_journal.c ****            record->minimum_version_le != 0u &&
  73:../common/security_version_journal.c ****            record->minimum_version_inverse_le ==
  74:../common/security_version_journal.c ****                ~record->minimum_version_le &&
  75:../common/security_version_journal.c ****            record->minimum_version_le > previous_minimum &&
  76:../common/security_version_journal.c ****            record->previous_record_crc32_le == previous_crc &&
  77:../common/security_version_journal.c ****            record->committed_le ==
  78:../common/security_version_journal.c ****                HBOX_SECURITY_VERSION_RECORD_COMMITTED &&
 291              		.loc 1 78 55 view .LVU80
 292 0006 1B4C     		ldr	r4, .L47
 293 0008 A445     		cmp	ip, r4
 294 000a 01D0     		beq	.L39
 295              		.loc 1 78 55 discriminator 1 view .LVU81
 296 000c 0020     		movs	r0, #0
 297              	.LVL32:
 298              	.L26:
  79:../common/security_version_journal.c ****            record->record_crc32_le == record_crc32(record);
  80:../common/security_version_journal.c **** }
 299              		.loc 1 80 1 view .LVU82
 300 000e 10BD     		pop	{r4, pc}
 301              	.LVL33:
 302              	.L39:
  68:../common/security_version_journal.c ****            record->format_le == HBOX_SECURITY_VERSION_JOURNAL_FORMAT &&
 303              		.loc 1 68 18 view .LVU83
 304 0010 8488     		ldrh	r4, [r0, #4]	@ unaligned
  67:../common/security_version_journal.c ****            record->format_le == HBOX_SECURITY_VERSION_JOURNAL_FORMAT &&
 305              		.loc 1 67 67 view .LVU84
 306 0012 012C     		cmp	r4, #1
ARM GAS  C:\Users\nicx5\AppData\Local\Temp\ccgGsakt.s 			page 8


 307 0014 01D0     		beq	.L40
  78:../common/security_version_journal.c ****            record->record_crc32_le == record_crc32(record);
 308              		.loc 1 78 55 discriminator 1 view .LVU85
 309 0016 0020     		movs	r0, #0
 310              	.LVL34:
  78:../common/security_version_journal.c ****            record->record_crc32_le == record_crc32(record);
 311              		.loc 1 78 55 discriminator 1 view .LVU86
 312 0018 F9E7     		b	.L26
 313              	.LVL35:
 314              	.L40:
  69:../common/security_version_journal.c ****                HBOX_SECURITY_VERSION_RECORD_BYTES &&
 315              		.loc 1 69 18 view .LVU87
 316 001a C488     		ldrh	r4, [r0, #6]	@ unaligned
  68:../common/security_version_journal.c ****            record->record_bytes_le ==
 317              		.loc 1 68 70 view .LVU88
 318 001c 202C     		cmp	r4, #32
 319 001e 01D0     		beq	.L41
  78:../common/security_version_journal.c ****            record->record_crc32_le == record_crc32(record);
 320              		.loc 1 78 55 discriminator 1 view .LVU89
 321 0020 0020     		movs	r0, #0
 322              	.LVL36:
  78:../common/security_version_journal.c ****            record->record_crc32_le == record_crc32(record);
 323              		.loc 1 78 55 discriminator 1 view .LVU90
 324 0022 F4E7     		b	.L26
 325              	.LVL37:
 326              	.L41:
  71:../common/security_version_journal.c ****            record->minimum_version_le != 0u &&
 327              		.loc 1 71 18 view .LVU91
 328 0024 8468     		ldr	r4, [r0, #8]	@ unaligned
  70:../common/security_version_journal.c ****            record->ordinal_le == expected_ordinal &&
 329              		.loc 1 70 51 view .LVU92
 330 0026 8C42     		cmp	r4, r1
 331 0028 01D0     		beq	.L42
  78:../common/security_version_journal.c ****            record->record_crc32_le == record_crc32(record);
 332              		.loc 1 78 55 discriminator 1 view .LVU93
 333 002a 0020     		movs	r0, #0
 334              	.LVL38:
  78:../common/security_version_journal.c ****            record->record_crc32_le == record_crc32(record);
 335              		.loc 1 78 55 discriminator 1 view .LVU94
 336 002c EFE7     		b	.L26
 337              	.LVL39:
 338              	.L42:
  72:../common/security_version_journal.c ****            record->minimum_version_inverse_le ==
 339              		.loc 1 72 18 view .LVU95
 340 002e C168     		ldr	r1, [r0, #12]	@ unaligned
 341              	.LVL40:
  71:../common/security_version_journal.c ****            record->minimum_version_le != 0u &&
 342              		.loc 1 71 51 view .LVU96
 343 0030 E1B1     		cbz	r1, .L32
  73:../common/security_version_journal.c ****                ~record->minimum_version_le &&
 344              		.loc 1 73 18 view .LVU97
 345 0032 D0F810C0 		ldr	ip, [r0, #16]	@ unaligned
  74:../common/security_version_journal.c ****            record->minimum_version_le > previous_minimum &&
 346              		.loc 1 74 16 view .LVU98
 347 0036 CC43     		mvns	r4, r1
  72:../common/security_version_journal.c ****            record->minimum_version_inverse_le ==
 348              		.loc 1 72 45 view .LVU99
ARM GAS  C:\Users\nicx5\AppData\Local\Temp\ccgGsakt.s 			page 9


 349 0038 A445     		cmp	ip, r4
 350 003a 01D0     		beq	.L43
  78:../common/security_version_journal.c ****            record->record_crc32_le == record_crc32(record);
 351              		.loc 1 78 55 discriminator 1 view .LVU100
 352 003c 0020     		movs	r0, #0
 353              	.LVL41:
  78:../common/security_version_journal.c ****            record->record_crc32_le == record_crc32(record);
 354              		.loc 1 78 55 discriminator 1 view .LVU101
 355 003e E6E7     		b	.L26
 356              	.LVL42:
 357              	.L43:
  74:../common/security_version_journal.c ****            record->minimum_version_le > previous_minimum &&
 358              		.loc 1 74 44 view .LVU102
 359 0040 9142     		cmp	r1, r2
 360 0042 15D9     		bls	.L34
  76:../common/security_version_journal.c ****            record->committed_le ==
 361              		.loc 1 76 18 view .LVU103
 362 0044 4269     		ldr	r2, [r0, #20]	@ unaligned
 363              	.LVL43:
  75:../common/security_version_journal.c ****            record->previous_record_crc32_le == previous_crc &&
 364              		.loc 1 75 58 view .LVU104
 365 0046 9A42     		cmp	r2, r3
 366 0048 01D0     		beq	.L44
  78:../common/security_version_journal.c ****            record->record_crc32_le == record_crc32(record);
 367              		.loc 1 78 55 discriminator 1 view .LVU105
 368 004a 0020     		movs	r0, #0
 369              	.LVL44:
  78:../common/security_version_journal.c ****            record->record_crc32_le == record_crc32(record);
 370              		.loc 1 78 55 discriminator 1 view .LVU106
 371 004c DFE7     		b	.L26
 372              	.LVL45:
 373              	.L44:
  77:../common/security_version_journal.c ****                HBOX_SECURITY_VERSION_RECORD_COMMITTED &&
 374              		.loc 1 77 18 view .LVU107
 375 004e C269     		ldr	r2, [r0, #28]	@ unaligned
  76:../common/security_version_journal.c ****            record->committed_le ==
 376              		.loc 1 76 61 view .LVU108
 377 0050 094B     		ldr	r3, .L47+4
 378              	.LVL46:
  76:../common/security_version_journal.c ****            record->committed_le ==
 379              		.loc 1 76 61 view .LVU109
 380 0052 9A42     		cmp	r2, r3
 381 0054 01D0     		beq	.L45
  78:../common/security_version_journal.c ****            record->record_crc32_le == record_crc32(record);
 382              		.loc 1 78 55 discriminator 1 view .LVU110
 383 0056 0020     		movs	r0, #0
 384              	.LVL47:
  78:../common/security_version_journal.c ****            record->record_crc32_le == record_crc32(record);
 385              		.loc 1 78 55 discriminator 1 view .LVU111
 386 0058 D9E7     		b	.L26
 387              	.LVL48:
 388              	.L45:
  79:../common/security_version_journal.c **** }
 389              		.loc 1 79 18 view .LVU112
 390 005a 8469     		ldr	r4, [r0, #24]	@ unaligned
  79:../common/security_version_journal.c **** }
 391              		.loc 1 79 39 view .LVU113
ARM GAS  C:\Users\nicx5\AppData\Local\Temp\ccgGsakt.s 			page 10


 392 005c FFF7FEFF 		bl	record_crc32
 393              	.LVL49:
  78:../common/security_version_journal.c ****            record->record_crc32_le == record_crc32(record);
 394              		.loc 1 78 55 discriminator 3 view .LVU114
 395 0060 8442     		cmp	r4, r0
 396 0062 01D0     		beq	.L46
  78:../common/security_version_journal.c ****            record->record_crc32_le == record_crc32(record);
 397              		.loc 1 78 55 discriminator 1 view .LVU115
 398 0064 0020     		movs	r0, #0
  78:../common/security_version_journal.c ****            record->record_crc32_le == record_crc32(record);
 399              		.loc 1 78 55 view .LVU116
 400 0066 D2E7     		b	.L26
 401              	.L46:
  78:../common/security_version_journal.c ****            record->record_crc32_le == record_crc32(record);
 402              		.loc 1 78 55 discriminator 2 view .LVU117
 403 0068 0120     		movs	r0, #1
 404 006a D0E7     		b	.L26
 405              	.LVL50:
 406              	.L32:
  78:../common/security_version_journal.c ****            record->record_crc32_le == record_crc32(record);
 407              		.loc 1 78 55 discriminator 1 view .LVU118
 408 006c 0020     		movs	r0, #0
 409              	.LVL51:
  78:../common/security_version_journal.c ****            record->record_crc32_le == record_crc32(record);
 410              		.loc 1 78 55 discriminator 1 view .LVU119
 411 006e CEE7     		b	.L26
 412              	.LVL52:
 413              	.L34:
  78:../common/security_version_journal.c ****            record->record_crc32_le == record_crc32(record);
 414              		.loc 1 78 55 discriminator 1 view .LVU120
 415 0070 0020     		movs	r0, #0
 416              	.LVL53:
  78:../common/security_version_journal.c ****            record->record_crc32_le == record_crc32(record);
 417              		.loc 1 78 55 discriminator 1 view .LVU121
 418 0072 CCE7     		b	.L26
 419              	.L48:
 420              		.align	2
 421              	.L47:
 422 0074 534A5631 		.word	827738707
 423 0078 54494D43 		.word	1129138516
 424              		.cfi_endproc
 425              	.LFE4:
 427              		.section	.text.build_record,"ax",%progbits
 428              		.align	1
 429              		.syntax unified
 430              		.thumb
 431              		.thumb_func
 433              	build_record:
 434              	.LVL54:
 435              	.LFB5:
  81:../common/security_version_journal.c **** 
  82:../common/security_version_journal.c **** static void build_record(
  83:../common/security_version_journal.c ****     hbox_security_version_record_v1_t *record,
  84:../common/security_version_journal.c ****     uint32_t ordinal,
  85:../common/security_version_journal.c ****     uint32_t minimum_version,
  86:../common/security_version_journal.c ****     uint32_t previous_crc)
  87:../common/security_version_journal.c **** {
ARM GAS  C:\Users\nicx5\AppData\Local\Temp\ccgGsakt.s 			page 11


 436              		.loc 1 87 1 is_stmt 1 view -0
 437              		.cfi_startproc
 438              		@ args = 0, pretend = 0, frame = 0
 439              		@ frame_needed = 0, uses_anonymous_args = 0
 440              		.loc 1 87 1 is_stmt 0 view .LVU123
 441 0000 F8B5     		push	{r3, r4, r5, r6, r7, lr}
 442              	.LCFI2:
 443              		.cfi_def_cfa_offset 24
 444              		.cfi_offset 3, -24
 445              		.cfi_offset 4, -20
 446              		.cfi_offset 5, -16
 447              		.cfi_offset 6, -12
 448              		.cfi_offset 7, -8
 449              		.cfi_offset 14, -4
 450 0002 0446     		mov	r4, r0
 451 0004 0F46     		mov	r7, r1
 452 0006 1546     		mov	r5, r2
 453 0008 1E46     		mov	r6, r3
  88:../common/security_version_journal.c ****     memset(record, 0, sizeof(*record));
 454              		.loc 1 88 5 is_stmt 1 view .LVU124
 455 000a 2022     		movs	r2, #32
 456              	.LVL55:
 457              		.loc 1 88 5 is_stmt 0 view .LVU125
 458 000c 0021     		movs	r1, #0
 459              	.LVL56:
 460              		.loc 1 88 5 view .LVU126
 461 000e FFF7FEFF 		bl	memset
 462              	.LVL57:
  89:../common/security_version_journal.c ****     record->magic_le = HBOX_SECURITY_VERSION_RECORD_MAGIC;
 463              		.loc 1 89 5 is_stmt 1 view .LVU127
 464              		.loc 1 89 22 is_stmt 0 view .LVU128
 465 0012 0023     		movs	r3, #0
 466 0014 5322     		movs	r2, #83
 467 0016 2270     		strb	r2, [r4]
 468 0018 4A22     		movs	r2, #74
 469 001a 6270     		strb	r2, [r4, #1]
 470 001c 5622     		movs	r2, #86
 471 001e A270     		strb	r2, [r4, #2]
 472 0020 3122     		movs	r2, #49
 473 0022 E270     		strb	r2, [r4, #3]
  90:../common/security_version_journal.c ****     record->format_le = HBOX_SECURITY_VERSION_JOURNAL_FORMAT;
 474              		.loc 1 90 5 is_stmt 1 view .LVU129
 475              		.loc 1 90 23 is_stmt 0 view .LVU130
 476 0024 0122     		movs	r2, #1
 477 0026 2271     		strb	r2, [r4, #4]
 478 0028 6371     		strb	r3, [r4, #5]
  91:../common/security_version_journal.c ****     record->record_bytes_le = HBOX_SECURITY_VERSION_RECORD_BYTES;
 479              		.loc 1 91 5 is_stmt 1 view .LVU131
 480              		.loc 1 91 29 is_stmt 0 view .LVU132
 481 002a 2022     		movs	r2, #32
 482 002c A271     		strb	r2, [r4, #6]
 483 002e E371     		strb	r3, [r4, #7]
  92:../common/security_version_journal.c ****     record->ordinal_le = ordinal;
 484              		.loc 1 92 5 is_stmt 1 view .LVU133
 485              		.loc 1 92 24 is_stmt 0 view .LVU134
 486 0030 A760     		str	r7, [r4, #8]	@ unaligned
  93:../common/security_version_journal.c ****     record->minimum_version_le = minimum_version;
ARM GAS  C:\Users\nicx5\AppData\Local\Temp\ccgGsakt.s 			page 12


 487              		.loc 1 93 5 is_stmt 1 view .LVU135
 488              		.loc 1 93 32 is_stmt 0 view .LVU136
 489 0032 E560     		str	r5, [r4, #12]	@ unaligned
  94:../common/security_version_journal.c ****     record->minimum_version_inverse_le = ~minimum_version;
 490              		.loc 1 94 5 is_stmt 1 view .LVU137
 491              		.loc 1 94 42 is_stmt 0 view .LVU138
 492 0034 ED43     		mvns	r5, r5
 493              	.LVL58:
 494              		.loc 1 94 40 view .LVU139
 495 0036 2561     		str	r5, [r4, #16]	@ unaligned
  95:../common/security_version_journal.c ****     record->previous_record_crc32_le = previous_crc;
 496              		.loc 1 95 5 is_stmt 1 view .LVU140
 497              		.loc 1 95 38 is_stmt 0 view .LVU141
 498 0038 6661     		str	r6, [r4, #20]	@ unaligned
  96:../common/security_version_journal.c ****     record->committed_le = HBOX_SECURITY_VERSION_RECORD_COMMITTED;
 499              		.loc 1 96 5 is_stmt 1 view .LVU142
 500              		.loc 1 96 26 is_stmt 0 view .LVU143
 501 003a 5423     		movs	r3, #84
 502 003c 2377     		strb	r3, [r4, #28]
 503 003e 4923     		movs	r3, #73
 504 0040 6377     		strb	r3, [r4, #29]
 505 0042 4D23     		movs	r3, #77
 506 0044 A377     		strb	r3, [r4, #30]
 507 0046 4323     		movs	r3, #67
 508 0048 E377     		strb	r3, [r4, #31]
  97:../common/security_version_journal.c ****     record->record_crc32_le = record_crc32(record);
 509              		.loc 1 97 5 is_stmt 1 view .LVU144
 510              		.loc 1 97 31 is_stmt 0 view .LVU145
 511 004a 2046     		mov	r0, r4
 512 004c FFF7FEFF 		bl	record_crc32
 513              	.LVL59:
 514              		.loc 1 97 29 discriminator 1 view .LVU146
 515 0050 A061     		str	r0, [r4, #24]	@ unaligned
  98:../common/security_version_journal.c **** }
 516              		.loc 1 98 1 view .LVU147
 517 0052 F8BD     		pop	{r3, r4, r5, r6, r7, pc}
 518              		.loc 1 98 1 view .LVU148
 519              		.cfi_endproc
 520              	.LFE5:
 522              		.section	.text.HBoxSecurityVersionJournal_Load,"ax",%progbits
 523              		.align	1
 524              		.global	HBoxSecurityVersionJournal_Load
 525              		.syntax unified
 526              		.thumb
 527              		.thumb_func
 529              	HBoxSecurityVersionJournal_Load:
 530              	.LVL60:
 531              	.LFB7:
  99:../common/security_version_journal.c **** 
 100:../common/security_version_journal.c **** static hbox_security_version_status_t verify_programmed_state(
 101:../common/security_version_journal.c ****     const hbox_security_version_journal_backend_t *backend,
 102:../common/security_version_journal.c ****     uint32_t expected_minimum)
 103:../common/security_version_journal.c **** {
 104:../common/security_version_journal.c ****     uint32_t actual_minimum = 0u;
 105:../common/security_version_journal.c ****     hbox_security_version_status_t status =
 106:../common/security_version_journal.c ****         HBoxSecurityVersionJournal_Load(
 107:../common/security_version_journal.c ****             backend, &actual_minimum, NULL);
ARM GAS  C:\Users\nicx5\AppData\Local\Temp\ccgGsakt.s 			page 13


 108:../common/security_version_journal.c **** 
 109:../common/security_version_journal.c ****     if (status != HBOX_SECURITY_VERSION_OK) {
 110:../common/security_version_journal.c ****         return status;
 111:../common/security_version_journal.c ****     }
 112:../common/security_version_journal.c ****     return actual_minimum == expected_minimum
 113:../common/security_version_journal.c ****                ? HBOX_SECURITY_VERSION_OK
 114:../common/security_version_journal.c ****                : HBOX_SECURITY_VERSION_CORRUPT;
 115:../common/security_version_journal.c **** }
 116:../common/security_version_journal.c **** 
 117:../common/security_version_journal.c **** hbox_security_version_status_t HBoxSecurityVersionJournal_Load(
 118:../common/security_version_journal.c ****     const hbox_security_version_journal_backend_t *backend,
 119:../common/security_version_journal.c ****     uint32_t *minimum_version,
 120:../common/security_version_journal.c ****     uint32_t *used_records)
 121:../common/security_version_journal.c **** {
 532              		.loc 1 121 1 is_stmt 1 view -0
 533              		.cfi_startproc
 534              		@ args = 0, pretend = 0, frame = 32
 535              		@ frame_needed = 0, uses_anonymous_args = 0
 122:../common/security_version_journal.c ****     hbox_security_version_record_v1_t record;
 536              		.loc 1 122 5 view .LVU150
 123:../common/security_version_journal.c ****     uint32_t previous_minimum = 0u;
 537              		.loc 1 123 5 view .LVU151
 124:../common/security_version_journal.c ****     uint32_t previous_crc = 0u;
 538              		.loc 1 124 5 view .LVU152
 125:../common/security_version_journal.c ****     uint32_t used = 0u;
 539              		.loc 1 125 5 view .LVU153
 126:../common/security_version_journal.c ****     uint32_t index;
 540              		.loc 1 126 5 view .LVU154
 127:../common/security_version_journal.c ****     int saw_erased = 0;
 541              		.loc 1 127 5 view .LVU155
 128:../common/security_version_journal.c **** 
 129:../common/security_version_journal.c ****     if (minimum_version == NULL) {
 542              		.loc 1 129 5 view .LVU156
 543              		.loc 1 129 8 is_stmt 0 view .LVU157
 544 0000 0029     		cmp	r1, #0
 545 0002 53D0     		beq	.L60
 121:../common/security_version_journal.c ****     hbox_security_version_record_v1_t record;
 546              		.loc 1 121 1 view .LVU158
 547 0004 2DE9F04F 		push	{r4, r5, r6, r7, r8, r9, r10, fp, lr}
 548              	.LCFI3:
 549              		.cfi_def_cfa_offset 36
 550              		.cfi_offset 4, -36
 551              		.cfi_offset 5, -32
 552              		.cfi_offset 6, -28
 553              		.cfi_offset 7, -24
 554              		.cfi_offset 8, -20
 555              		.cfi_offset 9, -16
 556              		.cfi_offset 10, -12
 557              		.cfi_offset 11, -8
 558              		.cfi_offset 14, -4
 559 0008 89B0     		sub	sp, sp, #36
 560              	.LCFI4:
 561              		.cfi_def_cfa_offset 72
 562 000a 0546     		mov	r5, r0
 563 000c 9246     		mov	r10, r2
 564 000e 8B46     		mov	fp, r1
 130:../common/security_version_journal.c ****         return HBOX_SECURITY_VERSION_UNAVAILABLE;
ARM GAS  C:\Users\nicx5\AppData\Local\Temp\ccgGsakt.s 			page 14


 131:../common/security_version_journal.c ****     }
 132:../common/security_version_journal.c ****     *minimum_version = 0u;
 565              		.loc 1 132 5 is_stmt 1 view .LVU159
 566              		.loc 1 132 22 is_stmt 0 view .LVU160
 567 0010 0023     		movs	r3, #0
 568 0012 0B60     		str	r3, [r1]
 133:../common/security_version_journal.c ****     if (used_records != NULL) {
 569              		.loc 1 133 5 is_stmt 1 view .LVU161
 570              		.loc 1 133 8 is_stmt 0 view .LVU162
 571 0014 02B1     		cbz	r2, .L53
 134:../common/security_version_journal.c ****         *used_records = 0u;
 572              		.loc 1 134 9 is_stmt 1 view .LVU163
 573              		.loc 1 134 23 is_stmt 0 view .LVU164
 574 0016 1360     		str	r3, [r2]
 575              	.L53:
 135:../common/security_version_journal.c ****     }
 136:../common/security_version_journal.c ****     if (!backend_is_valid(backend, 0)) {
 576              		.loc 1 136 5 is_stmt 1 view .LVU165
 577              		.loc 1 136 10 is_stmt 0 view .LVU166
 578 0018 0021     		movs	r1, #0
 579              	.LVL61:
 580              		.loc 1 136 10 view .LVU167
 581 001a 2846     		mov	r0, r5
 582              	.LVL62:
 583              		.loc 1 136 10 view .LVU168
 584 001c FFF7FEFF 		bl	backend_is_valid
 585              	.LVL63:
 586              		.loc 1 136 8 discriminator 1 view .LVU169
 587 0020 0028     		cmp	r0, #0
 588 0022 45D0     		beq	.L61
 127:../common/security_version_journal.c **** 
 589              		.loc 1 127 9 view .LVU170
 590 0024 0027     		movs	r7, #0
 137:../common/security_version_journal.c ****         return HBOX_SECURITY_VERSION_UNAVAILABLE;
 138:../common/security_version_journal.c ****     }
 139:../common/security_version_journal.c **** 
 140:../common/security_version_journal.c ****     for (index = 0u; index < backend->record_count; ++index) {
 591              		.loc 1 140 16 view .LVU171
 592 0026 3C46     		mov	r4, r7
 125:../common/security_version_journal.c ****     uint32_t index;
 593              		.loc 1 125 14 view .LVU172
 594 0028 3E46     		mov	r6, r7
 124:../common/security_version_journal.c ****     uint32_t used = 0u;
 595              		.loc 1 124 14 view .LVU173
 596 002a B946     		mov	r9, r7
 123:../common/security_version_journal.c ****     uint32_t previous_crc = 0u;
 597              		.loc 1 123 14 view .LVU174
 598 002c B846     		mov	r8, r7
 599 002e 0FE0     		b	.L54
 600              	.LVL64:
 601              	.L70:
 141:../common/security_version_journal.c ****         if (!backend->read_record(
 142:../common/security_version_journal.c ****                 backend->context, index, &record)) {
 143:../common/security_version_journal.c ****             memset(&record, 0, sizeof(record));
 602              		.loc 1 143 13 is_stmt 1 view .LVU175
 603 0030 2022     		movs	r2, #32
 604 0032 0021     		movs	r1, #0
ARM GAS  C:\Users\nicx5\AppData\Local\Temp\ccgGsakt.s 			page 15


 605 0034 6846     		mov	r0, sp
 606 0036 FFF7FEFF 		bl	memset
 607              	.LVL65:
 144:../common/security_version_journal.c ****             return HBOX_SECURITY_VERSION_IO_ERROR;
 608              		.loc 1 144 13 view .LVU176
 609              		.loc 1 144 20 is_stmt 0 view .LVU177
 610 003a 0420     		movs	r0, #4
 611 003c 39E0     		b	.L52
 612              	.LVL66:
 613              	.L57:
 145:../common/security_version_journal.c ****         }
 146:../common/security_version_journal.c ****         if (record_is_erased(&record)) {
 147:../common/security_version_journal.c ****             saw_erased = 1;
 148:../common/security_version_journal.c ****             continue;
 149:../common/security_version_journal.c ****         }
 150:../common/security_version_journal.c ****         if (saw_erased ||
 151:../common/security_version_journal.c ****             !record_is_valid(
 152:../common/security_version_journal.c ****                 &record, used + 1u, previous_minimum, previous_crc)) {
 153:../common/security_version_journal.c ****             memset(&record, 0, sizeof(record));
 614              		.loc 1 153 13 is_stmt 1 view .LVU178
 615 003e 2022     		movs	r2, #32
 616 0040 0021     		movs	r1, #0
 617 0042 6846     		mov	r0, sp
 618 0044 FFF7FEFF 		bl	memset
 619              	.LVL67:
 154:../common/security_version_journal.c ****             return HBOX_SECURITY_VERSION_CORRUPT;
 620              		.loc 1 154 13 view .LVU179
 621              		.loc 1 154 20 is_stmt 0 view .LVU180
 622 0048 0320     		movs	r0, #3
 623 004a 32E0     		b	.L52
 624              	.LVL68:
 625              	.L62:
 147:../common/security_version_journal.c ****             continue;
 626              		.loc 1 147 24 view .LVU181
 627 004c 0127     		movs	r7, #1
 628              	.LVL69:
 629              	.L56:
 140:../common/security_version_journal.c ****         if (!backend->read_record(
 630              		.loc 1 140 53 is_stmt 1 discriminator 2 view .LVU182
 631 004e 0134     		adds	r4, r4, #1
 632              	.LVL70:
 633              	.L54:
 140:../common/security_version_journal.c ****         if (!backend->read_record(
 634              		.loc 1 140 28 discriminator 1 view .LVU183
 140:../common/security_version_journal.c ****         if (!backend->read_record(
 635              		.loc 1 140 37 is_stmt 0 discriminator 1 view .LVU184
 636 0050 6B68     		ldr	r3, [r5, #4]
 140:../common/security_version_journal.c ****         if (!backend->read_record(
 637              		.loc 1 140 28 discriminator 1 view .LVU185
 638 0052 A342     		cmp	r3, r4
 639 0054 1BD9     		bls	.L69
 141:../common/security_version_journal.c ****                 backend->context, index, &record)) {
 640              		.loc 1 141 9 is_stmt 1 view .LVU186
 141:../common/security_version_journal.c ****                 backend->context, index, &record)) {
 641              		.loc 1 141 21 is_stmt 0 view .LVU187
 642 0056 AB68     		ldr	r3, [r5, #8]
 141:../common/security_version_journal.c ****                 backend->context, index, &record)) {
ARM GAS  C:\Users\nicx5\AppData\Local\Temp\ccgGsakt.s 			page 16


 643              		.loc 1 141 14 view .LVU188
 644 0058 6A46     		mov	r2, sp
 645 005a 2146     		mov	r1, r4
 646 005c 2868     		ldr	r0, [r5]
 647 005e 9847     		blx	r3
 648              	.LVL71:
 141:../common/security_version_journal.c ****                 backend->context, index, &record)) {
 649              		.loc 1 141 12 discriminator 1 view .LVU189
 650 0060 0028     		cmp	r0, #0
 651 0062 E5D0     		beq	.L70
 146:../common/security_version_journal.c ****             saw_erased = 1;
 652              		.loc 1 146 9 is_stmt 1 view .LVU190
 146:../common/security_version_journal.c ****             saw_erased = 1;
 653              		.loc 1 146 13 is_stmt 0 view .LVU191
 654 0064 6846     		mov	r0, sp
 655 0066 FFF7FEFF 		bl	record_is_erased
 656              	.LVL72:
 146:../common/security_version_journal.c ****             saw_erased = 1;
 657              		.loc 1 146 12 discriminator 1 view .LVU192
 658 006a 0028     		cmp	r0, #0
 659 006c EED1     		bne	.L62
 150:../common/security_version_journal.c ****             !record_is_valid(
 660              		.loc 1 150 9 is_stmt 1 view .LVU193
 150:../common/security_version_journal.c ****             !record_is_valid(
 661              		.loc 1 150 12 is_stmt 0 view .LVU194
 662 006e 002F     		cmp	r7, #0
 663 0070 E5D1     		bne	.L57
 151:../common/security_version_journal.c ****                 &record, used + 1u, previous_minimum, previous_crc)) {
 664              		.loc 1 151 14 view .LVU195
 665 0072 0136     		adds	r6, r6, #1
 666              	.LVL73:
 151:../common/security_version_journal.c ****                 &record, used + 1u, previous_minimum, previous_crc)) {
 667              		.loc 1 151 14 view .LVU196
 668 0074 4B46     		mov	r3, r9
 669 0076 4246     		mov	r2, r8
 670 0078 3146     		mov	r1, r6
 671 007a 6846     		mov	r0, sp
 672 007c FFF7FEFF 		bl	record_is_valid
 673              	.LVL74:
 150:../common/security_version_journal.c ****             !record_is_valid(
 674              		.loc 1 150 24 discriminator 1 view .LVU197
 675 0080 0028     		cmp	r0, #0
 676 0082 DCD0     		beq	.L57
 155:../common/security_version_journal.c ****         }
 156:../common/security_version_journal.c ****         previous_minimum = record.minimum_version_le;
 677              		.loc 1 156 9 is_stmt 1 view .LVU198
 678              		.loc 1 156 26 is_stmt 0 view .LVU199
 679 0084 DDF80C80 		ldr	r8, [sp, #12]
 680              	.LVL75:
 157:../common/security_version_journal.c ****         previous_crc = record.record_crc32_le;
 681              		.loc 1 157 9 is_stmt 1 view .LVU200
 682              		.loc 1 157 22 is_stmt 0 view .LVU201
 683 0088 DDF81890 		ldr	r9, [sp, #24]
 684              	.LVL76:
 158:../common/security_version_journal.c ****         ++used;
 685              		.loc 1 158 9 is_stmt 1 view .LVU202
 686              		.loc 1 158 9 is_stmt 0 view .LVU203
ARM GAS  C:\Users\nicx5\AppData\Local\Temp\ccgGsakt.s 			page 17


 687 008c DFE7     		b	.L56
 688              	.L69:
 159:../common/security_version_journal.c ****     }
 160:../common/security_version_journal.c **** 
 161:../common/security_version_journal.c ****     memset(&record, 0, sizeof(record));
 689              		.loc 1 161 5 is_stmt 1 view .LVU204
 690 008e 2022     		movs	r2, #32
 691 0090 0021     		movs	r1, #0
 692 0092 6846     		mov	r0, sp
 693 0094 FFF7FEFF 		bl	memset
 694              	.LVL77:
 162:../common/security_version_journal.c ****     if (used == 0u) {
 695              		.loc 1 162 5 view .LVU205
 696              		.loc 1 162 8 is_stmt 0 view .LVU206
 697 0098 76B1     		cbz	r6, .L63
 163:../common/security_version_journal.c ****         return HBOX_SECURITY_VERSION_UNPROVISIONED;
 164:../common/security_version_journal.c ****     }
 165:../common/security_version_journal.c ****     *minimum_version = previous_minimum;
 698              		.loc 1 165 5 is_stmt 1 view .LVU207
 699              		.loc 1 165 22 is_stmt 0 view .LVU208
 700 009a CBF80080 		str	r8, [fp]
 166:../common/security_version_journal.c ****     if (used_records != NULL) {
 701              		.loc 1 166 5 is_stmt 1 view .LVU209
 702              		.loc 1 166 8 is_stmt 0 view .LVU210
 703 009e BAF1000F 		cmp	r10, #0
 704 00a2 0BD0     		beq	.L64
 167:../common/security_version_journal.c ****         *used_records = used;
 705              		.loc 1 167 9 is_stmt 1 view .LVU211
 706              		.loc 1 167 23 is_stmt 0 view .LVU212
 707 00a4 CAF80060 		str	r6, [r10]
 168:../common/security_version_journal.c ****     }
 169:../common/security_version_journal.c ****     return HBOX_SECURITY_VERSION_OK;
 708              		.loc 1 169 12 view .LVU213
 709 00a8 0020     		movs	r0, #0
 710 00aa 02E0     		b	.L52
 711              	.LVL78:
 712              	.L60:
 713              	.LCFI5:
 714              		.cfi_def_cfa_offset 0
 715              		.cfi_restore 4
 716              		.cfi_restore 5
 717              		.cfi_restore 6
 718              		.cfi_restore 7
 719              		.cfi_restore 8
 720              		.cfi_restore 9
 721              		.cfi_restore 10
 722              		.cfi_restore 11
 723              		.cfi_restore 14
 130:../common/security_version_journal.c ****     }
 724              		.loc 1 130 16 view .LVU214
 725 00ac 0120     		movs	r0, #1
 726              	.LVL79:
 170:../common/security_version_journal.c **** }
 727              		.loc 1 170 1 view .LVU215
 728 00ae 7047     		bx	lr
 729              	.LVL80:
 730              	.L61:
ARM GAS  C:\Users\nicx5\AppData\Local\Temp\ccgGsakt.s 			page 18


 731              	.LCFI6:
 732              		.cfi_def_cfa_offset 72
 733              		.cfi_offset 4, -36
 734              		.cfi_offset 5, -32
 735              		.cfi_offset 6, -28
 736              		.cfi_offset 7, -24
 737              		.cfi_offset 8, -20
 738              		.cfi_offset 9, -16
 739              		.cfi_offset 10, -12
 740              		.cfi_offset 11, -8
 741              		.cfi_offset 14, -4
 137:../common/security_version_journal.c ****     }
 742              		.loc 1 137 16 view .LVU216
 743 00b0 0120     		movs	r0, #1
 744              	.LVL81:
 745              	.L52:
 746              		.loc 1 170 1 view .LVU217
 747 00b2 09B0     		add	sp, sp, #36
 748              	.LCFI7:
 749              		.cfi_remember_state
 750              		.cfi_def_cfa_offset 36
 751              		@ sp needed
 752 00b4 BDE8F08F 		pop	{r4, r5, r6, r7, r8, r9, r10, fp, pc}
 753              	.LVL82:
 754              	.L63:
 755              	.LCFI8:
 756              		.cfi_restore_state
 163:../common/security_version_journal.c ****     }
 757              		.loc 1 163 16 view .LVU218
 758 00b8 0220     		movs	r0, #2
 759 00ba FAE7     		b	.L52
 760              	.L64:
 169:../common/security_version_journal.c **** }
 761              		.loc 1 169 12 view .LVU219
 762 00bc 0020     		movs	r0, #0
 763 00be F8E7     		b	.L52
 764              		.cfi_endproc
 765              	.LFE7:
 767              		.section	.text.verify_programmed_state,"ax",%progbits
 768              		.align	1
 769              		.syntax unified
 770              		.thumb
 771              		.thumb_func
 773              	verify_programmed_state:
 774              	.LVL83:
 775              	.LFB6:
 103:../common/security_version_journal.c ****     uint32_t actual_minimum = 0u;
 776              		.loc 1 103 1 is_stmt 1 view -0
 777              		.cfi_startproc
 778              		@ args = 0, pretend = 0, frame = 8
 779              		@ frame_needed = 0, uses_anonymous_args = 0
 103:../common/security_version_journal.c ****     uint32_t actual_minimum = 0u;
 780              		.loc 1 103 1 is_stmt 0 view .LVU221
 781 0000 10B5     		push	{r4, lr}
 782              	.LCFI9:
 783              		.cfi_def_cfa_offset 8
 784              		.cfi_offset 4, -8
ARM GAS  C:\Users\nicx5\AppData\Local\Temp\ccgGsakt.s 			page 19


 785              		.cfi_offset 14, -4
 786 0002 82B0     		sub	sp, sp, #8
 787              	.LCFI10:
 788              		.cfi_def_cfa_offset 16
 789 0004 0C46     		mov	r4, r1
 104:../common/security_version_journal.c ****     hbox_security_version_status_t status =
 790              		.loc 1 104 5 is_stmt 1 view .LVU222
 104:../common/security_version_journal.c ****     hbox_security_version_status_t status =
 791              		.loc 1 104 14 is_stmt 0 view .LVU223
 792 0006 0022     		movs	r2, #0
 793 0008 0192     		str	r2, [sp, #4]
 105:../common/security_version_journal.c ****         HBoxSecurityVersionJournal_Load(
 794              		.loc 1 105 5 is_stmt 1 view .LVU224
 106:../common/security_version_journal.c ****             backend, &actual_minimum, NULL);
 795              		.loc 1 106 9 is_stmt 0 view .LVU225
 796 000a 01A9     		add	r1, sp, #4
 797              	.LVL84:
 106:../common/security_version_journal.c ****             backend, &actual_minimum, NULL);
 798              		.loc 1 106 9 view .LVU226
 799 000c FFF7FEFF 		bl	HBoxSecurityVersionJournal_Load
 800              	.LVL85:
 109:../common/security_version_journal.c ****         return status;
 801              		.loc 1 109 5 is_stmt 1 view .LVU227
 109:../common/security_version_journal.c ****         return status;
 802              		.loc 1 109 8 is_stmt 0 view .LVU228
 803 0010 18B9     		cbnz	r0, .L72
 112:../common/security_version_journal.c ****                ? HBOX_SECURITY_VERSION_OK
 804              		.loc 1 112 5 is_stmt 1 view .LVU229
 112:../common/security_version_journal.c ****                ? HBOX_SECURITY_VERSION_OK
 805              		.loc 1 112 27 is_stmt 0 view .LVU230
 806 0012 019B     		ldr	r3, [sp, #4]
 114:../common/security_version_journal.c **** }
 807              		.loc 1 114 16 view .LVU231
 808 0014 A342     		cmp	r3, r4
 809 0016 00D0     		beq	.L72
 114:../common/security_version_journal.c **** }
 810              		.loc 1 114 16 discriminator 2 view .LVU232
 811 0018 0320     		movs	r0, #3
 812              	.L72:
 115:../common/security_version_journal.c **** 
 813              		.loc 1 115 1 view .LVU233
 814 001a 02B0     		add	sp, sp, #8
 815              	.LCFI11:
 816              		.cfi_def_cfa_offset 8
 817              		@ sp needed
 818 001c 10BD     		pop	{r4, pc}
 115:../common/security_version_journal.c **** 
 819              		.loc 1 115 1 view .LVU234
 820              		.cfi_endproc
 821              	.LFE6:
 823              		.section	.text.HBoxSecurityVersionJournal_Provision,"ax",%progbits
 824              		.align	1
 825              		.global	HBoxSecurityVersionJournal_Provision
 826              		.syntax unified
 827              		.thumb
 828              		.thumb_func
 830              	HBoxSecurityVersionJournal_Provision:
ARM GAS  C:\Users\nicx5\AppData\Local\Temp\ccgGsakt.s 			page 20


 831              	.LVL86:
 832              	.LFB8:
 171:../common/security_version_journal.c **** 
 172:../common/security_version_journal.c **** hbox_security_version_status_t HBoxSecurityVersionJournal_Provision(
 173:../common/security_version_journal.c ****     const hbox_security_version_journal_backend_t *backend,
 174:../common/security_version_journal.c ****     uint32_t initial_minimum_version)
 175:../common/security_version_journal.c **** {
 833              		.loc 1 175 1 is_stmt 1 view -0
 834              		.cfi_startproc
 835              		@ args = 0, pretend = 0, frame = 40
 836              		@ frame_needed = 0, uses_anonymous_args = 0
 837              		.loc 1 175 1 is_stmt 0 view .LVU236
 838 0000 30B5     		push	{r4, r5, lr}
 839              	.LCFI12:
 840              		.cfi_def_cfa_offset 12
 841              		.cfi_offset 4, -12
 842              		.cfi_offset 5, -8
 843              		.cfi_offset 14, -4
 844 0002 8BB0     		sub	sp, sp, #44
 845              	.LCFI13:
 846              		.cfi_def_cfa_offset 56
 176:../common/security_version_journal.c ****     hbox_security_version_record_v1_t record;
 847              		.loc 1 176 5 is_stmt 1 view .LVU237
 177:../common/security_version_journal.c ****     uint32_t ignored = 0u;
 848              		.loc 1 177 5 view .LVU238
 849              		.loc 1 177 14 is_stmt 0 view .LVU239
 850 0004 0023     		movs	r3, #0
 851 0006 0193     		str	r3, [sp, #4]
 178:../common/security_version_journal.c ****     hbox_security_version_status_t status;
 852              		.loc 1 178 5 is_stmt 1 view .LVU240
 179:../common/security_version_journal.c **** 
 180:../common/security_version_journal.c ****     if (initial_minimum_version == 0u ||
 853              		.loc 1 180 5 view .LVU241
 854              		.loc 1 180 8 is_stmt 0 view .LVU242
 855 0008 71B3     		cbz	r1, .L80
 856 000a 0446     		mov	r4, r0
 857 000c 0D46     		mov	r5, r1
 181:../common/security_version_journal.c ****         !backend_is_valid(backend, 1)) {
 858              		.loc 1 181 10 view .LVU243
 859 000e 0121     		movs	r1, #1
 860              	.LVL87:
 861              		.loc 1 181 10 view .LVU244
 862 0010 FFF7FEFF 		bl	backend_is_valid
 863              	.LVL88:
 180:../common/security_version_journal.c ****         !backend_is_valid(backend, 1)) {
 864              		.loc 1 180 39 discriminator 1 view .LVU245
 865 0014 08B9     		cbnz	r0, .L84
 182:../common/security_version_journal.c ****         return HBOX_SECURITY_VERSION_UNAVAILABLE;
 866              		.loc 1 182 16 view .LVU246
 867 0016 0120     		movs	r0, #1
 868 0018 27E0     		b	.L76
 869              	.L84:
 183:../common/security_version_journal.c ****     }
 184:../common/security_version_journal.c **** 
 185:../common/security_version_journal.c ****     status = HBoxSecurityVersionJournal_Load(
 870              		.loc 1 185 5 is_stmt 1 view .LVU247
 871              		.loc 1 185 14 is_stmt 0 view .LVU248
ARM GAS  C:\Users\nicx5\AppData\Local\Temp\ccgGsakt.s 			page 21


 872 001a 0022     		movs	r2, #0
 873 001c 01A9     		add	r1, sp, #4
 874 001e 2046     		mov	r0, r4
 875 0020 FFF7FEFF 		bl	HBoxSecurityVersionJournal_Load
 876              	.LVL89:
 186:../common/security_version_journal.c ****         backend, &ignored, NULL);
 187:../common/security_version_journal.c ****     if (status != HBOX_SECURITY_VERSION_UNPROVISIONED) {
 877              		.loc 1 187 5 is_stmt 1 view .LVU249
 878              		.loc 1 187 8 is_stmt 0 view .LVU250
 879 0024 0228     		cmp	r0, #2
 880 0026 02D0     		beq	.L77
 188:../common/security_version_journal.c ****         return status == HBOX_SECURITY_VERSION_OK
 881              		.loc 1 188 9 is_stmt 1 view .LVU251
 189:../common/security_version_journal.c ****                    ? HBOX_SECURITY_VERSION_ROLLBACK
 190:../common/security_version_journal.c ****                    : status;
 882              		.loc 1 190 20 is_stmt 0 view .LVU252
 883 0028 F8B9     		cbnz	r0, .L76
 884              		.loc 1 190 20 discriminator 2 view .LVU253
 885 002a 0620     		movs	r0, #6
 886              	.LVL90:
 887              		.loc 1 190 20 view .LVU254
 888 002c 1DE0     		b	.L76
 889              	.LVL91:
 890              	.L77:
 191:../common/security_version_journal.c ****     }
 192:../common/security_version_journal.c **** 
 193:../common/security_version_journal.c ****     build_record(&record, 1u, initial_minimum_version, 0u);
 891              		.loc 1 193 5 is_stmt 1 view .LVU255
 892 002e 0023     		movs	r3, #0
 893 0030 2A46     		mov	r2, r5
 894 0032 0121     		movs	r1, #1
 895 0034 02A8     		add	r0, sp, #8
 896              	.LVL92:
 897              		.loc 1 193 5 is_stmt 0 view .LVU256
 898 0036 FFF7FEFF 		bl	build_record
 899              	.LVL93:
 194:../common/security_version_journal.c ****     if (!backend->program_record_atomic(
 900              		.loc 1 194 5 is_stmt 1 view .LVU257
 901              		.loc 1 194 17 is_stmt 0 view .LVU258
 902 003a E368     		ldr	r3, [r4, #12]
 903              		.loc 1 194 10 view .LVU259
 904 003c 02AA     		add	r2, sp, #8
 905 003e 0021     		movs	r1, #0
 906 0040 2068     		ldr	r0, [r4]
 907 0042 9847     		blx	r3
 908              	.LVL94:
 909              		.loc 1 194 8 discriminator 1 view .LVU260
 910 0044 48B1     		cbz	r0, .L85
 195:../common/security_version_journal.c ****             backend->context, 0u, &record)) {
 196:../common/security_version_journal.c ****         memset(&record, 0, sizeof(record));
 197:../common/security_version_journal.c ****         return HBOX_SECURITY_VERSION_IO_ERROR;
 198:../common/security_version_journal.c ****     }
 199:../common/security_version_journal.c ****     memset(&record, 0, sizeof(record));
 911              		.loc 1 199 5 is_stmt 1 view .LVU261
 912 0046 2022     		movs	r2, #32
 913 0048 0021     		movs	r1, #0
 914 004a 02A8     		add	r0, sp, #8
ARM GAS  C:\Users\nicx5\AppData\Local\Temp\ccgGsakt.s 			page 22


 915 004c FFF7FEFF 		bl	memset
 916              	.LVL95:
 200:../common/security_version_journal.c ****     return verify_programmed_state(backend, initial_minimum_version);
 917              		.loc 1 200 5 view .LVU262
 918              		.loc 1 200 12 is_stmt 0 view .LVU263
 919 0050 2946     		mov	r1, r5
 920 0052 2046     		mov	r0, r4
 921 0054 FFF7FEFF 		bl	verify_programmed_state
 922              	.LVL96:
 923 0058 07E0     		b	.L76
 924              	.L85:
 196:../common/security_version_journal.c ****         return HBOX_SECURITY_VERSION_IO_ERROR;
 925              		.loc 1 196 9 is_stmt 1 view .LVU264
 926 005a 2022     		movs	r2, #32
 927 005c 0021     		movs	r1, #0
 928 005e 02A8     		add	r0, sp, #8
 929 0060 FFF7FEFF 		bl	memset
 930              	.LVL97:
 197:../common/security_version_journal.c ****     }
 931              		.loc 1 197 9 view .LVU265
 197:../common/security_version_journal.c ****     }
 932              		.loc 1 197 16 is_stmt 0 view .LVU266
 933 0064 0420     		movs	r0, #4
 934 0066 00E0     		b	.L76
 935              	.LVL98:
 936              	.L80:
 182:../common/security_version_journal.c ****     }
 937              		.loc 1 182 16 view .LVU267
 938 0068 0120     		movs	r0, #1
 939              	.LVL99:
 940              	.L76:
 201:../common/security_version_journal.c **** }
 941              		.loc 1 201 1 view .LVU268
 942 006a 0BB0     		add	sp, sp, #44
 943              	.LCFI14:
 944              		.cfi_def_cfa_offset 12
 945              		@ sp needed
 946 006c 30BD     		pop	{r4, r5, pc}
 947              		.cfi_endproc
 948              	.LFE8:
 950              		.section	.text.HBoxSecurityVersionJournal_Advance,"ax",%progbits
 951              		.align	1
 952              		.global	HBoxSecurityVersionJournal_Advance
 953              		.syntax unified
 954              		.thumb
 955              		.thumb_func
 957              	HBoxSecurityVersionJournal_Advance:
 958              	.LVL100:
 959              	.LFB9:
 202:../common/security_version_journal.c **** 
 203:../common/security_version_journal.c **** hbox_security_version_status_t HBoxSecurityVersionJournal_Advance(
 204:../common/security_version_journal.c ****     const hbox_security_version_journal_backend_t *backend,
 205:../common/security_version_journal.c ****     uint32_t requested_minimum_version)
 206:../common/security_version_journal.c **** {
 960              		.loc 1 206 1 is_stmt 1 view -0
 961              		.cfi_startproc
 962              		@ args = 0, pretend = 0, frame = 72
ARM GAS  C:\Users\nicx5\AppData\Local\Temp\ccgGsakt.s 			page 23


 963              		@ frame_needed = 0, uses_anonymous_args = 0
 964              		.loc 1 206 1 is_stmt 0 view .LVU270
 965 0000 30B5     		push	{r4, r5, lr}
 966              	.LCFI15:
 967              		.cfi_def_cfa_offset 12
 968              		.cfi_offset 4, -12
 969              		.cfi_offset 5, -8
 970              		.cfi_offset 14, -4
 971 0002 93B0     		sub	sp, sp, #76
 972              	.LCFI16:
 973              		.cfi_def_cfa_offset 88
 207:../common/security_version_journal.c ****     hbox_security_version_record_v1_t previous;
 974              		.loc 1 207 5 is_stmt 1 view .LVU271
 208:../common/security_version_journal.c ****     hbox_security_version_record_v1_t record;
 975              		.loc 1 208 5 view .LVU272
 209:../common/security_version_journal.c ****     uint32_t current_minimum = 0u;
 976              		.loc 1 209 5 view .LVU273
 977              		.loc 1 209 14 is_stmt 0 view .LVU274
 978 0004 0023     		movs	r3, #0
 979 0006 0193     		str	r3, [sp, #4]
 210:../common/security_version_journal.c ****     uint32_t used = 0u;
 980              		.loc 1 210 5 is_stmt 1 view .LVU275
 981              		.loc 1 210 14 is_stmt 0 view .LVU276
 982 0008 0093     		str	r3, [sp]
 211:../common/security_version_journal.c ****     hbox_security_version_status_t status;
 983              		.loc 1 211 5 is_stmt 1 view .LVU277
 212:../common/security_version_journal.c **** 
 213:../common/security_version_journal.c ****     if (requested_minimum_version == 0u ||
 984              		.loc 1 213 5 view .LVU278
 985              		.loc 1 213 8 is_stmt 0 view .LVU279
 986 000a 0029     		cmp	r1, #0
 987 000c 3FD0     		beq	.L89
 988 000e 0446     		mov	r4, r0
 989 0010 0D46     		mov	r5, r1
 214:../common/security_version_journal.c ****         !backend_is_valid(backend, 1)) {
 990              		.loc 1 214 10 view .LVU280
 991 0012 0121     		movs	r1, #1
 992              	.LVL101:
 993              		.loc 1 214 10 view .LVU281
 994 0014 FFF7FEFF 		bl	backend_is_valid
 995              	.LVL102:
 213:../common/security_version_journal.c ****         !backend_is_valid(backend, 1)) {
 996              		.loc 1 213 41 discriminator 1 view .LVU282
 997 0018 08B9     		cbnz	r0, .L95
 215:../common/security_version_journal.c ****         return HBOX_SECURITY_VERSION_UNAVAILABLE;
 998              		.loc 1 215 16 view .LVU283
 999 001a 0120     		movs	r0, #1
 1000 001c 38E0     		b	.L87
 1001              	.L95:
 216:../common/security_version_journal.c ****     }
 217:../common/security_version_journal.c **** 
 218:../common/security_version_journal.c ****     status = HBoxSecurityVersionJournal_Load(
 1002              		.loc 1 218 5 is_stmt 1 view .LVU284
 1003              		.loc 1 218 14 is_stmt 0 view .LVU285
 1004 001e 6A46     		mov	r2, sp
 1005 0020 01A9     		add	r1, sp, #4
 1006 0022 2046     		mov	r0, r4
ARM GAS  C:\Users\nicx5\AppData\Local\Temp\ccgGsakt.s 			page 24


 1007 0024 FFF7FEFF 		bl	HBoxSecurityVersionJournal_Load
 1008              	.LVL103:
 219:../common/security_version_journal.c ****         backend, &current_minimum, &used);
 220:../common/security_version_journal.c ****     if (status != HBOX_SECURITY_VERSION_OK) {
 1009              		.loc 1 220 5 is_stmt 1 view .LVU286
 1010              		.loc 1 220 8 is_stmt 0 view .LVU287
 1011 0028 0028     		cmp	r0, #0
 1012 002a 31D1     		bne	.L87
 221:../common/security_version_journal.c ****         return status;
 222:../common/security_version_journal.c ****     }
 223:../common/security_version_journal.c ****     if (requested_minimum_version < current_minimum) {
 1013              		.loc 1 223 5 is_stmt 1 view .LVU288
 1014              		.loc 1 223 35 is_stmt 0 view .LVU289
 1015 002c 019B     		ldr	r3, [sp, #4]
 1016              		.loc 1 223 8 view .LVU290
 1017 002e AB42     		cmp	r3, r5
 1018 0030 30D8     		bhi	.L91
 224:../common/security_version_journal.c ****         return HBOX_SECURITY_VERSION_ROLLBACK;
 225:../common/security_version_journal.c ****     }
 226:../common/security_version_journal.c ****     if (requested_minimum_version == current_minimum) {
 1019              		.loc 1 226 5 is_stmt 1 view .LVU291
 1020              		.loc 1 226 8 is_stmt 0 view .LVU292
 1021 0032 2DD0     		beq	.L87
 227:../common/security_version_journal.c ****         return HBOX_SECURITY_VERSION_OK;
 228:../common/security_version_journal.c ****     }
 229:../common/security_version_journal.c ****     if (used >= backend->record_count) {
 1022              		.loc 1 229 5 is_stmt 1 view .LVU293
 1023              		.loc 1 229 24 is_stmt 0 view .LVU294
 1024 0034 6368     		ldr	r3, [r4, #4]
 1025              		.loc 1 229 14 view .LVU295
 1026 0036 0099     		ldr	r1, [sp]
 1027              		.loc 1 229 8 view .LVU296
 1028 0038 8B42     		cmp	r3, r1
 1029 003a 2DD9     		bls	.L92
 230:../common/security_version_journal.c ****         return HBOX_SECURITY_VERSION_FULL;
 231:../common/security_version_journal.c ****     }
 232:../common/security_version_journal.c ****     if (!backend->read_record(
 1030              		.loc 1 232 5 is_stmt 1 view .LVU297
 1031              		.loc 1 232 17 is_stmt 0 view .LVU298
 1032 003c A368     		ldr	r3, [r4, #8]
 1033              		.loc 1 232 10 view .LVU299
 1034 003e 0AAA     		add	r2, sp, #40
 1035 0040 0139     		subs	r1, r1, #1
 1036 0042 2068     		ldr	r0, [r4]
 1037              	.LVL104:
 1038              		.loc 1 232 10 view .LVU300
 1039 0044 9847     		blx	r3
 1040              	.LVL105:
 1041              		.loc 1 232 8 discriminator 1 view .LVU301
 1042 0046 48B3     		cbz	r0, .L93
 233:../common/security_version_journal.c ****             backend->context, used - 1u, &previous)) {
 234:../common/security_version_journal.c ****         return HBOX_SECURITY_VERSION_IO_ERROR;
 235:../common/security_version_journal.c ****     }
 236:../common/security_version_journal.c **** 
 237:../common/security_version_journal.c ****     build_record(
 1043              		.loc 1 237 5 is_stmt 1 view .LVU302
 1044 0048 109B     		ldr	r3, [sp, #64]
ARM GAS  C:\Users\nicx5\AppData\Local\Temp\ccgGsakt.s 			page 25


 1045 004a 2A46     		mov	r2, r5
 1046 004c 0099     		ldr	r1, [sp]
 1047 004e 0131     		adds	r1, r1, #1
 1048 0050 02A8     		add	r0, sp, #8
 1049 0052 FFF7FEFF 		bl	build_record
 1050              	.LVL106:
 238:../common/security_version_journal.c ****         &record,
 239:../common/security_version_journal.c ****         used + 1u,
 240:../common/security_version_journal.c ****         requested_minimum_version,
 241:../common/security_version_journal.c ****         previous.record_crc32_le);
 242:../common/security_version_journal.c ****     memset(&previous, 0, sizeof(previous));
 1051              		.loc 1 242 5 view .LVU303
 1052 0056 2022     		movs	r2, #32
 1053 0058 0021     		movs	r1, #0
 1054 005a 0AA8     		add	r0, sp, #40
 1055 005c FFF7FEFF 		bl	memset
 1056              	.LVL107:
 243:../common/security_version_journal.c ****     if (!backend->program_record_atomic(
 1057              		.loc 1 243 5 view .LVU304
 1058              		.loc 1 243 17 is_stmt 0 view .LVU305
 1059 0060 E368     		ldr	r3, [r4, #12]
 1060              		.loc 1 243 10 view .LVU306
 1061 0062 02AA     		add	r2, sp, #8
 1062 0064 0099     		ldr	r1, [sp]
 1063 0066 2068     		ldr	r0, [r4]
 1064 0068 9847     		blx	r3
 1065              	.LVL108:
 1066              		.loc 1 243 8 discriminator 1 view .LVU307
 1067 006a 48B1     		cbz	r0, .L96
 244:../common/security_version_journal.c ****             backend->context, used, &record)) {
 245:../common/security_version_journal.c ****         memset(&record, 0, sizeof(record));
 246:../common/security_version_journal.c ****         return HBOX_SECURITY_VERSION_IO_ERROR;
 247:../common/security_version_journal.c ****     }
 248:../common/security_version_journal.c ****     memset(&record, 0, sizeof(record));
 1068              		.loc 1 248 5 is_stmt 1 view .LVU308
 1069 006c 2022     		movs	r2, #32
 1070 006e 0021     		movs	r1, #0
 1071 0070 02A8     		add	r0, sp, #8
 1072 0072 FFF7FEFF 		bl	memset
 1073              	.LVL109:
 249:../common/security_version_journal.c ****     return verify_programmed_state(backend, requested_minimum_version);
 1074              		.loc 1 249 5 view .LVU309
 1075              		.loc 1 249 12 is_stmt 0 view .LVU310
 1076 0076 2946     		mov	r1, r5
 1077 0078 2046     		mov	r0, r4
 1078 007a FFF7FEFF 		bl	verify_programmed_state
 1079              	.LVL110:
 1080 007e 07E0     		b	.L87
 1081              	.L96:
 245:../common/security_version_journal.c ****         return HBOX_SECURITY_VERSION_IO_ERROR;
 1082              		.loc 1 245 9 is_stmt 1 view .LVU311
 1083 0080 2022     		movs	r2, #32
 1084 0082 0021     		movs	r1, #0
 1085 0084 02A8     		add	r0, sp, #8
 1086 0086 FFF7FEFF 		bl	memset
 1087              	.LVL111:
 246:../common/security_version_journal.c ****     }
ARM GAS  C:\Users\nicx5\AppData\Local\Temp\ccgGsakt.s 			page 26


 1088              		.loc 1 246 9 view .LVU312
 246:../common/security_version_journal.c ****     }
 1089              		.loc 1 246 16 is_stmt 0 view .LVU313
 1090 008a 0420     		movs	r0, #4
 1091 008c 00E0     		b	.L87
 1092              	.LVL112:
 1093              	.L89:
 215:../common/security_version_journal.c ****     }
 1094              		.loc 1 215 16 view .LVU314
 1095 008e 0120     		movs	r0, #1
 1096              	.LVL113:
 1097              	.L87:
 250:../common/security_version_journal.c **** }
 1098              		.loc 1 250 1 view .LVU315
 1099 0090 13B0     		add	sp, sp, #76
 1100              	.LCFI17:
 1101              		.cfi_remember_state
 1102              		.cfi_def_cfa_offset 12
 1103              		@ sp needed
 1104 0092 30BD     		pop	{r4, r5, pc}
 1105              	.LVL114:
 1106              	.L91:
 1107              	.LCFI18:
 1108              		.cfi_restore_state
 224:../common/security_version_journal.c ****     }
 1109              		.loc 1 224 16 view .LVU316
 1110 0094 0620     		movs	r0, #6
 1111              	.LVL115:
 224:../common/security_version_journal.c ****     }
 1112              		.loc 1 224 16 view .LVU317
 1113 0096 FBE7     		b	.L87
 1114              	.LVL116:
 1115              	.L92:
 230:../common/security_version_journal.c ****     }
 1116              		.loc 1 230 16 view .LVU318
 1117 0098 0520     		movs	r0, #5
 1118              	.LVL117:
 230:../common/security_version_journal.c ****     }
 1119              		.loc 1 230 16 view .LVU319
 1120 009a F9E7     		b	.L87
 1121              	.L93:
 234:../common/security_version_journal.c ****     }
 1122              		.loc 1 234 16 view .LVU320
 1123 009c 0420     		movs	r0, #4
 1124 009e F7E7     		b	.L87
 1125              		.cfi_endproc
 1126              	.LFE9:
 1128              		.section	.rodata.HBoxSecurityVersion_StatusString.str1.4,"aMS",%progbits,1
 1129              		.align	2
 1130              	.LC0:
 1131 0000 6F6B00   		.ascii	"ok\000"
 1132 0003 00       		.align	2
 1133              	.LC1:
 1134 0004 70726F76 		.ascii	"provider-unavailable\000"
 1134      69646572 
 1134      2D756E61 
 1134      7661696C 
ARM GAS  C:\Users\nicx5\AppData\Local\Temp\ccgGsakt.s 			page 27


 1134      61626C65 
 1135 0019 000000   		.align	2
 1136              	.LC2:
 1137 001c 756E7072 		.ascii	"unprovisioned\000"
 1137      6F766973 
 1137      696F6E65 
 1137      6400
 1138 002a 0000     		.align	2
 1139              	.LC3:
 1140 002c 636F7272 		.ascii	"corrupt\000"
 1140      75707400 
 1141              		.align	2
 1142              	.LC4:
 1143 0034 696F2D65 		.ascii	"io-error\000"
 1143      72726F72 
 1143      00
 1144 003d 000000   		.align	2
 1145              	.LC5:
 1146 0040 6A6F7572 		.ascii	"journal-full\000"
 1146      6E616C2D 
 1146      66756C6C 
 1146      00
 1147 004d 000000   		.align	2
 1148              	.LC6:
 1149 0050 726F6C6C 		.ascii	"rollback\000"
 1149      6261636B 
 1149      00
 1150 0059 000000   		.align	2
 1151              	.LC7:
 1152 005c 756E6B6E 		.ascii	"unknown\000"
 1152      6F776E00 
 1153              		.section	.text.HBoxSecurityVersion_StatusString,"ax",%progbits
 1154              		.align	1
 1155              		.global	HBoxSecurityVersion_StatusString
 1156              		.syntax unified
 1157              		.thumb
 1158              		.thumb_func
 1160              	HBoxSecurityVersion_StatusString:
 1161              	.LVL118:
 1162              	.LFB10:
 251:../common/security_version_journal.c **** 
 252:../common/security_version_journal.c **** const char *HBoxSecurityVersion_StatusString(
 253:../common/security_version_journal.c ****     hbox_security_version_status_t status)
 254:../common/security_version_journal.c **** {
 1163              		.loc 1 254 1 is_stmt 1 view -0
 1164              		.cfi_startproc
 1165              		@ args = 0, pretend = 0, frame = 0
 1166              		@ frame_needed = 0, uses_anonymous_args = 0
 1167              		@ link register save eliminated.
 255:../common/security_version_journal.c ****     switch (status) {
 1168              		.loc 1 255 5 view .LVU322
 1169 0000 0628     		cmp	r0, #6
 1170 0002 11D8     		bhi	.L98
 1171 0004 DFE800F0 		tbb	[pc, r0]
 1172              	.L100:
 1173 0008 04       		.byte	(.L106-.L100)/2
 1174 0009 12       		.byte	(.L107-.L100)/2
ARM GAS  C:\Users\nicx5\AppData\Local\Temp\ccgGsakt.s 			page 28


 1175 000a 06       		.byte	(.L104-.L100)/2
 1176 000b 08       		.byte	(.L103-.L100)/2
 1177 000c 0A       		.byte	(.L102-.L100)/2
 1178 000d 0C       		.byte	(.L101-.L100)/2
 1179 000e 0E       		.byte	(.L99-.L100)/2
 1180 000f 00       		.p2align 1
 1181              	.L106:
 1182 0010 0748     		ldr	r0, .L108
 1183              	.LVL119:
 1184              		.loc 1 255 5 is_stmt 0 view .LVU323
 1185 0012 7047     		bx	lr
 1186              	.LVL120:
 1187              	.L104:
 256:../common/security_version_journal.c ****     case HBOX_SECURITY_VERSION_OK:
 257:../common/security_version_journal.c ****         return "ok";
 258:../common/security_version_journal.c ****     case HBOX_SECURITY_VERSION_UNAVAILABLE:
 259:../common/security_version_journal.c ****         return "provider-unavailable";
 260:../common/security_version_journal.c ****     case HBOX_SECURITY_VERSION_UNPROVISIONED:
 261:../common/security_version_journal.c ****         return "unprovisioned";
 1188              		.loc 1 261 9 is_stmt 1 view .LVU324
 1189              		.loc 1 261 16 is_stmt 0 view .LVU325
 1190 0014 0748     		ldr	r0, .L108+4
 1191              	.LVL121:
 1192              		.loc 1 261 16 view .LVU326
 1193 0016 7047     		bx	lr
 1194              	.LVL122:
 1195              	.L103:
 262:../common/security_version_journal.c ****     case HBOX_SECURITY_VERSION_CORRUPT:
 263:../common/security_version_journal.c ****         return "corrupt";
 1196              		.loc 1 263 9 is_stmt 1 view .LVU327
 1197              		.loc 1 263 16 is_stmt 0 view .LVU328
 1198 0018 0748     		ldr	r0, .L108+8
 1199              	.LVL123:
 1200              		.loc 1 263 16 view .LVU329
 1201 001a 7047     		bx	lr
 1202              	.LVL124:
 1203              	.L102:
 264:../common/security_version_journal.c ****     case HBOX_SECURITY_VERSION_IO_ERROR:
 265:../common/security_version_journal.c ****         return "io-error";
 1204              		.loc 1 265 9 is_stmt 1 view .LVU330
 1205              		.loc 1 265 16 is_stmt 0 view .LVU331
 1206 001c 0748     		ldr	r0, .L108+12
 1207              	.LVL125:
 1208              		.loc 1 265 16 view .LVU332
 1209 001e 7047     		bx	lr
 1210              	.LVL126:
 1211              	.L101:
 266:../common/security_version_journal.c ****     case HBOX_SECURITY_VERSION_FULL:
 267:../common/security_version_journal.c ****         return "journal-full";
 1212              		.loc 1 267 9 is_stmt 1 view .LVU333
 1213              		.loc 1 267 16 is_stmt 0 view .LVU334
 1214 0020 0748     		ldr	r0, .L108+16
 1215              	.LVL127:
 1216              		.loc 1 267 16 view .LVU335
 1217 0022 7047     		bx	lr
 1218              	.LVL128:
 1219              	.L99:
ARM GAS  C:\Users\nicx5\AppData\Local\Temp\ccgGsakt.s 			page 29


 268:../common/security_version_journal.c ****     case HBOX_SECURITY_VERSION_ROLLBACK:
 269:../common/security_version_journal.c ****         return "rollback";
 1220              		.loc 1 269 9 is_stmt 1 view .LVU336
 1221              		.loc 1 269 16 is_stmt 0 view .LVU337
 1222 0024 0748     		ldr	r0, .L108+20
 1223              	.LVL129:
 1224              		.loc 1 269 16 view .LVU338
 1225 0026 7047     		bx	lr
 1226              	.LVL130:
 1227              	.L98:
 270:../common/security_version_journal.c ****     default:
 271:../common/security_version_journal.c ****         return "unknown";
 1228              		.loc 1 271 9 is_stmt 1 view .LVU339
 1229              		.loc 1 271 16 is_stmt 0 view .LVU340
 1230 0028 0748     		ldr	r0, .L108+24
 1231              	.LVL131:
 1232              		.loc 1 271 16 view .LVU341
 1233 002a 7047     		bx	lr
 1234              	.LVL132:
 1235              	.L107:
 259:../common/security_version_journal.c ****     case HBOX_SECURITY_VERSION_UNPROVISIONED:
 1236              		.loc 1 259 16 view .LVU342
 1237 002c 0748     		ldr	r0, .L108+28
 1238              	.LVL133:
 272:../common/security_version_journal.c ****     }
 273:../common/security_version_journal.c **** }
 1239              		.loc 1 273 1 view .LVU343
 1240 002e 7047     		bx	lr
 1241              	.L109:
 1242              		.align	2
 1243              	.L108:
 1244 0030 00000000 		.word	.LC0
 1245 0034 1C000000 		.word	.LC2
 1246 0038 2C000000 		.word	.LC3
 1247 003c 34000000 		.word	.LC4
 1248 0040 40000000 		.word	.LC5
 1249 0044 50000000 		.word	.LC6
 1250 0048 5C000000 		.word	.LC7
 1251 004c 04000000 		.word	.LC1
 1252              		.cfi_endproc
 1253              	.LFE10:
 1255              		.text
 1256              	.Letext0:
 1257              		.file 2 "D:/Program Files/msys64/mingw64/lib/gcc/arm-none-eabi/13.3.0/include/stddef.h"
 1258              		.file 3 "D:/Program Files/msys64/mingw64/arm-none-eabi/include/machine/_default_types.h"
 1259              		.file 4 "D:/Program Files/msys64/mingw64/arm-none-eabi/include/sys/_stdint.h"
 1260              		.file 5 "../common/security_version_journal.h"
 1261              		.file 6 "D:/Program Files/msys64/mingw64/arm-none-eabi/include/string.h"
 1262              		.file 7 "<built-in>"
ARM GAS  C:\Users\nicx5\AppData\Local\Temp\ccgGsakt.s 			page 30


DEFINED SYMBOLS
                            *ABS*:00000000 security_version_journal.c
C:\Users\nicx5\AppData\Local\Temp\ccgGsakt.s:20     .text.crc32_update:00000000 $t
C:\Users\nicx5\AppData\Local\Temp\ccgGsakt.s:25     .text.crc32_update:00000000 crc32_update
C:\Users\nicx5\AppData\Local\Temp\ccgGsakt.s:72     .text.crc32_update:0000001c $d
C:\Users\nicx5\AppData\Local\Temp\ccgGsakt.s:77     .text.record_crc32:00000000 $t
C:\Users\nicx5\AppData\Local\Temp\ccgGsakt.s:82     .text.record_crc32:00000000 record_crc32
C:\Users\nicx5\AppData\Local\Temp\ccgGsakt.s:145    .text.record_is_erased:00000000 $t
C:\Users\nicx5\AppData\Local\Temp\ccgGsakt.s:150    .text.record_is_erased:00000000 record_is_erased
C:\Users\nicx5\AppData\Local\Temp\ccgGsakt.s:196    .text.backend_is_valid:00000000 $t
C:\Users\nicx5\AppData\Local\Temp\ccgGsakt.s:201    .text.backend_is_valid:00000000 backend_is_valid
C:\Users\nicx5\AppData\Local\Temp\ccgGsakt.s:270    .text.record_is_valid:00000000 $t
C:\Users\nicx5\AppData\Local\Temp\ccgGsakt.s:275    .text.record_is_valid:00000000 record_is_valid
C:\Users\nicx5\AppData\Local\Temp\ccgGsakt.s:422    .text.record_is_valid:00000074 $d
C:\Users\nicx5\AppData\Local\Temp\ccgGsakt.s:428    .text.build_record:00000000 $t
C:\Users\nicx5\AppData\Local\Temp\ccgGsakt.s:433    .text.build_record:00000000 build_record
C:\Users\nicx5\AppData\Local\Temp\ccgGsakt.s:523    .text.HBoxSecurityVersionJournal_Load:00000000 $t
C:\Users\nicx5\AppData\Local\Temp\ccgGsakt.s:529    .text.HBoxSecurityVersionJournal_Load:00000000 HBoxSecurityVersionJournal_Load
C:\Users\nicx5\AppData\Local\Temp\ccgGsakt.s:768    .text.verify_programmed_state:00000000 $t
C:\Users\nicx5\AppData\Local\Temp\ccgGsakt.s:773    .text.verify_programmed_state:00000000 verify_programmed_state
C:\Users\nicx5\AppData\Local\Temp\ccgGsakt.s:824    .text.HBoxSecurityVersionJournal_Provision:00000000 $t
C:\Users\nicx5\AppData\Local\Temp\ccgGsakt.s:830    .text.HBoxSecurityVersionJournal_Provision:00000000 HBoxSecurityVersionJournal_Provision
C:\Users\nicx5\AppData\Local\Temp\ccgGsakt.s:951    .text.HBoxSecurityVersionJournal_Advance:00000000 $t
C:\Users\nicx5\AppData\Local\Temp\ccgGsakt.s:957    .text.HBoxSecurityVersionJournal_Advance:00000000 HBoxSecurityVersionJournal_Advance
C:\Users\nicx5\AppData\Local\Temp\ccgGsakt.s:1129   .rodata.HBoxSecurityVersion_StatusString.str1.4:00000000 $d
C:\Users\nicx5\AppData\Local\Temp\ccgGsakt.s:1154   .text.HBoxSecurityVersion_StatusString:00000000 $t
C:\Users\nicx5\AppData\Local\Temp\ccgGsakt.s:1160   .text.HBoxSecurityVersion_StatusString:00000000 HBoxSecurityVersion_StatusString
C:\Users\nicx5\AppData\Local\Temp\ccgGsakt.s:1173   .text.HBoxSecurityVersion_StatusString:00000008 $d
C:\Users\nicx5\AppData\Local\Temp\ccgGsakt.s:1244   .text.HBoxSecurityVersion_StatusString:00000030 $d
C:\Users\nicx5\AppData\Local\Temp\ccgGsakt.s:1180   .text.HBoxSecurityVersion_StatusString:0000000f $d
C:\Users\nicx5\AppData\Local\Temp\ccgGsakt.s:1180   .text.HBoxSecurityVersion_StatusString:00000010 $t

UNDEFINED SYMBOLS
memset
