ARM GAS  C:\Users\nicx5\AppData\Local\Temp\cckeIIz7.s 			page 1


   1              		.cpu cortex-m7
   2              		.arch armv7e-m
   3              		.fpu fpv5-d16
   4              		.eabi_attribute 28, 1
   5              		.eabi_attribute 20, 1
   6              		.eabi_attribute 21, 1
   7              		.eabi_attribute 23, 3
   8              		.eabi_attribute 24, 1
   9              		.eabi_attribute 25, 1
  10              		.eabi_attribute 26, 1
  11              		.eabi_attribute 30, 1
  12              		.eabi_attribute 34, 1
  13              		.eabi_attribute 18, 4
  14              		.file	"spi_screen_main_list.cpp"
  15              		.text
  16              	.Ltext0:
  17              		.cfi_sections	.debug_frame
  18              		.file 1 "Src/display/screen_control/spi_screen_main_list.cpp"
  19              		.section	.text._Z23ScreenMain_FindMenuMetah,"ax",%progbits
  20              		.align	1
  21              		.global	_Z23ScreenMain_FindMenuMetah
  22              		.syntax unified
  23              		.thumb
  24              		.thumb_func
  26              	_Z23ScreenMain_FindMenuMetah:
  27              	.LVL0:
  28              	.LFB2165:
   1:Src/display/screen_control/spi_screen_main_list.cpp **** #include "screen_control/spi_screen_main_list.hpp"
   2:Src/display/screen_control/spi_screen_main_list.cpp **** #include "board_mode.hpp"
   3:Src/display/screen_control/spi_screen_main_list.cpp **** 
   4:Src/display/screen_control/spi_screen_main_list.cpp **** #include "screen_control/spi_screen_ui_common.hpp"
   5:Src/display/screen_control/spi_screen_main_list.cpp **** #include "screen_control/spi_screen_detail_render_helpers.hpp"
   6:Src/display/screen_control/spi_screen_main_list.cpp **** 
   7:Src/display/screen_control/spi_screen_main_list.cpp **** static const ScreenMenuMeta kMenuMeta[] = {
   8:Src/display/screen_control/spi_screen_main_list.cpp ****     {0, SCREEN_FEATURE_INPUT_MODE_SWITCH, "Platform"},
   9:Src/display/screen_control/spi_screen_main_list.cpp ****     {1, SCREEN_FEATURE_PROFILES_SWITCH, "Profiles"},
  10:Src/display/screen_control/spi_screen_main_list.cpp ****     {2, SCREEN_FEATURE_SOCD_MODE_SWITCH, "SOCD"},
  11:Src/display/screen_control/spi_screen_main_list.cpp ****     {3, SCREEN_FEATURE_TOURNAMENT_MODE_SWITCH, "Report Rate"},
  12:Src/display/screen_control/spi_screen_main_list.cpp ****     {11, SCREEN_FEATURE_BUTTONS_PERFORMANCE_QUICK_SET, "Performance"},
  13:Src/display/screen_control/spi_screen_main_list.cpp ****     {4, SCREEN_FEATURE_LED_BRIGHTNESS_ADJUST, "Light Brightness"},
  14:Src/display/screen_control/spi_screen_main_list.cpp ****     {5, SCREEN_FEATURE_LED_EFFECT_SWITCH, "Light Effect"},
  15:Src/display/screen_control/spi_screen_main_list.cpp ****     {6, SCREEN_FEATURE_AMBIENT_BRIGHTNESS_ADJUST, "Ambient Brightness"},
  16:Src/display/screen_control/spi_screen_main_list.cpp ****     {7, SCREEN_FEATURE_AMBIENT_EFFECT_SWITCH, "Ambient Effect"},
  17:Src/display/screen_control/spi_screen_main_list.cpp ****     {8, SCREEN_FEATURE_SCREEN_BRIGHTNESS_ADJUST, "Screen Brightness"},
  18:Src/display/screen_control/spi_screen_main_list.cpp ****     {9, SCREEN_FEATURE_WEB_CONFIG_ENTRY, "Web Config"},
  19:Src/display/screen_control/spi_screen_main_list.cpp ****     {10, SCREEN_FEATURE_CALIBRATION_MODE_SWITCH, "Calibration Mode"},
  20:Src/display/screen_control/spi_screen_main_list.cpp **** };
  21:Src/display/screen_control/spi_screen_main_list.cpp **** 
  22:Src/display/screen_control/spi_screen_main_list.cpp **** static const ScreenMenuMeta kTxIspMenu = {SCREEN_MENU_TX_ISP, 0u, "TX ISP"};
  23:Src/display/screen_control/spi_screen_main_list.cpp **** 
  24:Src/display/screen_control/spi_screen_main_list.cpp **** const ScreenMenuMeta* ScreenMain_FindMenuMeta(uint8_t id) {
  29              		.loc 1 24 59 view -0
  30              		.cfi_startproc
  31              		@ args = 0, pretend = 0, frame = 0
  32              		@ frame_needed = 0, uses_anonymous_args = 0
  33              		@ link register save eliminated.
  25:Src/display/screen_control/spi_screen_main_list.cpp ****     if (id == SCREEN_MENU_TX_ISP) return &kTxIspMenu;
ARM GAS  C:\Users\nicx5\AppData\Local\Temp\cckeIIz7.s 			page 2


  34              		.loc 1 25 5 view .LVU1
  35 0000 0C28     		cmp	r0, #12
  36 0002 12D0     		beq	.L6
  37              	.LBB11:
  26:Src/display/screen_control/spi_screen_main_list.cpp ****     for (size_t i = 0; i < sizeof(kMenuMeta) / sizeof(kMenuMeta[0]); i++) {
  38              		.loc 1 26 17 is_stmt 0 view .LVU2
  39 0004 0023     		movs	r3, #0
  40 0006 00E0     		b	.L3
  41              	.LVL1:
  42              	.L4:
  43              		.loc 1 26 5 is_stmt 1 discriminator 2 view .LVU3
  44 0008 0133     		adds	r3, r3, #1
  45              	.LVL2:
  46              	.L3:
  47              		.loc 1 26 26 discriminator 1 view .LVU4
  48 000a 0B2B     		cmp	r3, #11
  49 000c 0BD8     		bhi	.L7
  27:Src/display/screen_control/spi_screen_main_list.cpp ****         if (kMenuMeta[i].id == id) return &kMenuMeta[i];
  50              		.loc 1 27 9 view .LVU5
  51              		.loc 1 27 26 is_stmt 0 view .LVU6
  52 000e 03EB4302 		add	r2, r3, r3, lsl #1
  53 0012 0749     		ldr	r1, .L8
  54 0014 11F82220 		ldrb	r2, [r1, r2, lsl #2]	@ zero_extendqisi2
  55              		.loc 1 27 9 view .LVU7
  56 0018 8242     		cmp	r2, r0
  57 001a F5D1     		bne	.L4
  58              		.loc 1 27 36 is_stmt 1 discriminator 1 view .LVU8
  59              		.loc 1 27 55 is_stmt 0 discriminator 1 view .LVU9
  60 001c 03EB4303 		add	r3, r3, r3, lsl #1
  61              	.LVL3:
  62              		.loc 1 27 55 discriminator 1 view .LVU10
  63 0020 01EB8300 		add	r0, r1, r3, lsl #2
  64              	.LVL4:
  65              		.loc 1 27 55 view .LVU11
  66 0024 7047     		bx	lr
  67              	.LVL5:
  68              	.L7:
  69              		.loc 1 27 55 view .LVU12
  70              	.LBE11:
  28:Src/display/screen_control/spi_screen_main_list.cpp ****     }
  29:Src/display/screen_control/spi_screen_main_list.cpp ****     return nullptr;
  71              		.loc 1 29 12 view .LVU13
  72 0026 0020     		movs	r0, #0
  73              	.LVL6:
  74              	.LBB12:
  75              		.loc 1 29 12 view .LVU14
  76 0028 7047     		bx	lr
  77              	.LVL7:
  78              	.L6:
  79              		.loc 1 29 12 view .LVU15
  80              	.LBE12:
  25:Src/display/screen_control/spi_screen_main_list.cpp ****     for (size_t i = 0; i < sizeof(kMenuMeta) / sizeof(kMenuMeta[0]); i++) {
  81              		.loc 1 25 43 discriminator 1 view .LVU16
  82 002a 0248     		ldr	r0, .L8+4
  83              	.LVL8:
  30:Src/display/screen_control/spi_screen_main_list.cpp **** }
  84              		.loc 1 30 1 view .LVU17
ARM GAS  C:\Users\nicx5\AppData\Local\Temp\cckeIIz7.s 			page 3


  85 002c 7047     		bx	lr
  86              	.L9:
  87 002e 00BF     		.align	2
  88              	.L8:
  89 0030 00000000 		.word	_ZL9kMenuMeta
  90 0034 00000000 		.word	_ZL10kTxIspMenu
  91              		.cfi_endproc
  92              	.LFE2165:
  94              		.section	.rodata._Z26ScreenMain_InputModeAbbrev9InputMode.str1.4,"aMS",%progbits,1
  95              		.align	2
  96              	.LC0:
  97 0000 505300   		.ascii	"PS\000"
  98 0003 00       		.align	2
  99              	.LC1:
 100 0004 58626F78 		.ascii	"Xbox\000"
 100      00
 101 0009 000000   		.align	2
 102              	.LC2:
 103 000c 4E5300   		.ascii	"NS\000"
 104 000f 00       		.align	2
 105              	.LC3:
 106 0010 504300   		.ascii	"PC\000"
 107              		.section	.text._Z26ScreenMain_InputModeAbbrev9InputMode,"ax",%progbits
 108              		.align	1
 109              		.global	_Z26ScreenMain_InputModeAbbrev9InputMode
 110              		.syntax unified
 111              		.thumb
 112              		.thumb_func
 114              	_Z26ScreenMain_InputModeAbbrev9InputMode:
 115              	.LVL9:
 116              	.LFB2166:
  31:Src/display/screen_control/spi_screen_main_list.cpp **** 
  32:Src/display/screen_control/spi_screen_main_list.cpp **** const char* ScreenMain_InputModeAbbrev(InputMode mode) {
 117              		.loc 1 32 56 is_stmt 1 view -0
 118              		.cfi_startproc
 119              		@ args = 0, pretend = 0, frame = 0
 120              		@ frame_needed = 0, uses_anonymous_args = 0
 121              		@ link register save eliminated.
  33:Src/display/screen_control/spi_screen_main_list.cpp ****     switch (mode) {
 122              		.loc 1 33 5 view .LVU19
 123 0000 0328     		cmp	r0, #3
 124 0002 0CD0     		beq	.L13
 125 0004 07D8     		bhi	.L12
 126 0006 0138     		subs	r0, r0, #1
 127              	.LVL10:
 128              		.loc 1 33 5 is_stmt 0 view .LVU20
 129 0008 C0B2     		uxtb	r0, r0
 130              	.LVL11:
 131              		.loc 1 33 5 view .LVU21
 132 000a 0128     		cmp	r0, #1
 133 000c 01D8     		bhi	.L16
 134 000e 0648     		ldr	r0, .L17
 135 0010 7047     		bx	lr
 136              	.L16:
  34:Src/display/screen_control/spi_screen_main_list.cpp ****         case InputMode::INPUT_MODE_PS4:
  35:Src/display/screen_control/spi_screen_main_list.cpp ****         case InputMode::INPUT_MODE_PS5:
  36:Src/display/screen_control/spi_screen_main_list.cpp ****             return "PS";
ARM GAS  C:\Users\nicx5\AppData\Local\Temp\cckeIIz7.s 			page 4


  37:Src/display/screen_control/spi_screen_main_list.cpp ****         case InputMode::INPUT_MODE_XBOX:
  38:Src/display/screen_control/spi_screen_main_list.cpp ****             return "Xbox";
  39:Src/display/screen_control/spi_screen_main_list.cpp ****         case InputMode::INPUT_MODE_SWITCH:
  40:Src/display/screen_control/spi_screen_main_list.cpp ****             return "NS";
  41:Src/display/screen_control/spi_screen_main_list.cpp ****         case InputMode::INPUT_MODE_XINPUT:
  42:Src/display/screen_control/spi_screen_main_list.cpp ****         default:
  43:Src/display/screen_control/spi_screen_main_list.cpp ****             return "PC";
 137              		.loc 1 43 20 view .LVU22
 138 0012 0648     		ldr	r0, .L17+4
 139 0014 7047     		bx	lr
 140              	.LVL12:
 141              	.L12:
  33:Src/display/screen_control/spi_screen_main_list.cpp ****     switch (mode) {
 142              		.loc 1 33 5 view .LVU23
 143 0016 0428     		cmp	r0, #4
 144 0018 03D1     		bne	.L15
  38:Src/display/screen_control/spi_screen_main_list.cpp ****         case InputMode::INPUT_MODE_SWITCH:
 145              		.loc 1 38 20 view .LVU24
 146 001a 0548     		ldr	r0, .L17+8
 147              	.LVL13:
  38:Src/display/screen_control/spi_screen_main_list.cpp ****         case InputMode::INPUT_MODE_SWITCH:
 148              		.loc 1 38 20 view .LVU25
 149 001c 7047     		bx	lr
 150              	.LVL14:
 151              	.L13:
  40:Src/display/screen_control/spi_screen_main_list.cpp ****         case InputMode::INPUT_MODE_XINPUT:
 152              		.loc 1 40 20 view .LVU26
 153 001e 0548     		ldr	r0, .L17+12
 154              	.LVL15:
  40:Src/display/screen_control/spi_screen_main_list.cpp ****         case InputMode::INPUT_MODE_XINPUT:
 155              		.loc 1 40 20 view .LVU27
 156 0020 7047     		bx	lr
 157              	.LVL16:
 158              	.L15:
 159              		.loc 1 43 20 view .LVU28
 160 0022 0248     		ldr	r0, .L17+4
 161              	.LVL17:
  44:Src/display/screen_control/spi_screen_main_list.cpp ****     }
  45:Src/display/screen_control/spi_screen_main_list.cpp **** }
 162              		.loc 1 45 1 view .LVU29
 163 0024 7047     		bx	lr
 164              	.L18:
 165 0026 00BF     		.align	2
 166              	.L17:
 167 0028 00000000 		.word	.LC0
 168 002c 10000000 		.word	.LC3
 169 0030 04000000 		.word	.LC1
 170 0034 0C000000 		.word	.LC2
 171              		.cfi_endproc
 172              	.LFE2166:
 174              		.section	.text._Z25ScreenMain_RebuildMenuIdsRK19ScreenControlConfigPhh,"ax",%progbits
 175              		.align	1
 176              		.global	_Z25ScreenMain_RebuildMenuIdsRK19ScreenControlConfigPhh
 177              		.syntax unified
 178              		.thumb
 179              		.thumb_func
 181              	_Z25ScreenMain_RebuildMenuIdsRK19ScreenControlConfigPhh:
ARM GAS  C:\Users\nicx5\AppData\Local\Temp\cckeIIz7.s 			page 5


 182              	.LVL18:
 183              	.LFB2167:
  46:Src/display/screen_control/spi_screen_main_list.cpp **** 
  47:Src/display/screen_control/spi_screen_main_list.cpp **** uint8_t ScreenMain_RebuildMenuIds(const ScreenControlConfig& sc, uint8_t* outIds, uint8_t outCap) {
 184              		.loc 1 47 99 is_stmt 1 view -0
 185              		.cfi_startproc
 186              		@ args = 0, pretend = 0, frame = 32
 187              		@ frame_needed = 0, uses_anonymous_args = 0
 188              		.loc 1 47 99 is_stmt 0 view .LVU31
 189 0000 2DE9F04F 		push	{r4, r5, r6, r7, r8, r9, r10, fp, lr}
 190              	.LCFI0:
 191              		.cfi_def_cfa_offset 36
 192              		.cfi_offset 4, -36
 193              		.cfi_offset 5, -32
 194              		.cfi_offset 6, -28
 195              		.cfi_offset 7, -24
 196              		.cfi_offset 8, -20
 197              		.cfi_offset 9, -16
 198              		.cfi_offset 10, -12
 199              		.cfi_offset 11, -8
 200              		.cfi_offset 14, -4
 201 0004 89B0     		sub	sp, sp, #36
 202              	.LCFI1:
 203              		.cfi_def_cfa_offset 72
  48:Src/display/screen_control/spi_screen_main_list.cpp ****     if (!outIds || outCap == 0) return 0;
 204              		.loc 1 48 5 is_stmt 1 view .LVU32
 205 0006 002A     		cmp	r2, #0
 206 0008 18BF     		it	ne
 207 000a 0029     		cmpne	r1, #0
 208 000c 0CBF     		ite	eq
 209 000e 4FF00108 		moveq	r8, #1
 210 0012 4FF00008 		movne	r8, #0
 211 0016 6AD0     		beq	.L32
 212 0018 0746     		mov	r7, r0
 213 001a 8B46     		mov	fp, r1
 214 001c 9146     		mov	r9, r2
  49:Src/display/screen_control/spi_screen_main_list.cpp ****     uint8_t count = 0;
 215              		.loc 1 49 5 view .LVU33
 216              	.LVL19:
  50:Src/display/screen_control/spi_screen_main_list.cpp ****     const uint32_t mask = sc.featuresMask;
 217              		.loc 1 50 5 view .LVU34
 218              		.loc 1 50 20 is_stmt 0 view .LVU35
 219 001e D0F830A0 		ldr	r10, [r0, #48]
 220              	.LVL20:
  51:Src/display/screen_control/spi_screen_main_list.cpp ****     const bool webConfigAllowed = BOARD_MODE.isWebConfigAllowed();
 221              		.loc 1 51 5 is_stmt 1 view .LVU36
 222              	.LBB13:
 223              	.LBI13:
 224              		.file 2 "Inc/system/board_mode.hpp"
   1:Inc/system/board_mode.hpp **** #ifndef BOARD_MODE_HPP
   2:Inc/system/board_mode.hpp **** #define BOARD_MODE_HPP
   3:Inc/system/board_mode.hpp **** 
   4:Inc/system/board_mode.hpp **** #include <stdint.h>
   5:Inc/system/board_mode.hpp **** 
   6:Inc/system/board_mode.hpp **** enum class BoardMode : uint8_t {
   7:Inc/system/board_mode.hpp ****     Usb = 0,
   8:Inc/system/board_mode.hpp ****     Rf = 1,
ARM GAS  C:\Users\nicx5\AppData\Local\Temp\cckeIIz7.s 			page 6


   9:Inc/system/board_mode.hpp ****     CenterOff = 2,
  10:Inc/system/board_mode.hpp ****     Fault = 3,
  11:Inc/system/board_mode.hpp **** };
  12:Inc/system/board_mode.hpp **** 
  13:Inc/system/board_mode.hpp **** class BoardModeManager {
  14:Inc/system/board_mode.hpp **** public:
  15:Inc/system/board_mode.hpp ****     BoardModeManager(const BoardModeManager&) = delete;
  16:Inc/system/board_mode.hpp ****     BoardModeManager& operator=(const BoardModeManager&) = delete;
  17:Inc/system/board_mode.hpp **** 
  18:Inc/system/board_mode.hpp ****     static BoardModeManager& getInstance()
  19:Inc/system/board_mode.hpp ****     {
  20:Inc/system/board_mode.hpp ****         static BoardModeManager instance;
  21:Inc/system/board_mode.hpp ****         return instance;
  22:Inc/system/board_mode.hpp ****     }
  23:Inc/system/board_mode.hpp **** 
  24:Inc/system/board_mode.hpp ****     void setup();
  25:Inc/system/board_mode.hpp ****     void update(uint32_t nowMs);
  26:Inc/system/board_mode.hpp ****     BoardMode current() const { return stableMode; }
  27:Inc/system/board_mode.hpp ****     bool isStable() const { return stable; }
  28:Inc/system/board_mode.hpp ****     bool isWebConfigAllowed() const { return stable && stableMode == BoardMode::Usb; }
 225              		.loc 2 28 10 view .LVU37
 226              	.LBB14:
 227              		.loc 2 28 39 view .LVU38
 228              		.loc 2 28 46 is_stmt 0 view .LVU39
 229 0022 354B     		ldr	r3, .L39
 230 0024 1B7A     		ldrb	r3, [r3, #8]	@ zero_extendqisi2
 231              		.loc 2 28 53 view .LVU40
 232 0026 1BB1     		cbz	r3, .L21
 233              		.loc 2 28 56 discriminator 1 view .LVU41
 234 0028 334A     		ldr	r2, .L39
 235              	.LVL21:
 236              		.loc 2 28 56 discriminator 1 view .LVU42
 237 002a 1278     		ldrb	r2, [r2]	@ zero_extendqisi2
 238              		.loc 2 28 53 discriminator 1 view .LVU43
 239 002c 02B9     		cbnz	r2, .L21
 240              		.loc 2 28 53 discriminator 3 view .LVU44
 241 002e 9846     		mov	r8, r3
 242              	.L21:
 243              	.LVL22:
 244              		.loc 2 28 53 discriminator 3 view .LVU45
 245              	.LBE14:
 246              	.LBE13:
  52:Src/display/screen_control/spi_screen_main_list.cpp ****     bool seen[32] = {false};
 247              		.loc 1 52 5 is_stmt 1 view .LVU46
 248              		.loc 1 52 10 is_stmt 0 view .LVU47
 249 0030 2022     		movs	r2, #32
 250 0032 0021     		movs	r1, #0
 251              	.LVL23:
 252              		.loc 1 52 10 view .LVU48
 253 0034 6846     		mov	r0, sp
 254              	.LVL24:
 255              		.loc 1 52 10 view .LVU49
 256 0036 FFF7FEFF 		bl	memset
 257              	.LVL25:
  53:Src/display/screen_control/spi_screen_main_list.cpp **** 
  54:Src/display/screen_control/spi_screen_main_list.cpp ****     for (uint32_t i = 0; i < SCREEN_FEATURE_COUNT; i++) {
 258              		.loc 1 54 5 is_stmt 1 view .LVU50
ARM GAS  C:\Users\nicx5\AppData\Local\Temp\cckeIIz7.s 			page 7


 259              	.LBB15:
 260              		.loc 1 54 19 is_stmt 0 view .LVU51
 261 003a 0024     		movs	r4, #0
 262              	.LBE15:
  49:Src/display/screen_control/spi_screen_main_list.cpp ****     const uint32_t mask = sc.featuresMask;
 263              		.loc 1 49 13 view .LVU52
 264 003c 2646     		mov	r6, r4
 265              	.LBB18:
 266              		.loc 1 54 5 view .LVU53
 267 003e 0AE0     		b	.L22
 268              	.LVL26:
 269              	.L37:
 270              	.LBB16:
  55:Src/display/screen_control/spi_screen_main_list.cpp ****         uint8_t id = sc.featuresOrder[i];
  56:Src/display/screen_control/spi_screen_main_list.cpp ****         const ScreenMenuMeta* meta = ScreenMain_FindMenuMeta(id);
  57:Src/display/screen_control/spi_screen_main_list.cpp ****         if (!meta) continue;
  58:Src/display/screen_control/spi_screen_main_list.cpp ****         if (meta->bit == SCREEN_FEATURE_WEB_CONFIG_ENTRY && !webConfigAllowed) continue;
 271              		.loc 1 58 58 discriminator 1 view .LVU54
 272 0040 B8F1000F 		cmp	r8, #0
 273 0044 15D1     		bne	.L24
 274 0046 05E0     		b	.L23
 275              	.L25:
  59:Src/display/screen_control/spi_screen_main_list.cpp ****         if ((mask & meta->bit) == 0) continue;
  60:Src/display/screen_control/spi_screen_main_list.cpp ****         if (id < (uint8_t)(sizeof(seen) / sizeof(seen[0])) && seen[id]) continue;
  61:Src/display/screen_control/spi_screen_main_list.cpp ****         if (id < (uint8_t)(sizeof(seen) / sizeof(seen[0]))) seen[id] = true;
  62:Src/display/screen_control/spi_screen_main_list.cpp ****         if (count < outCap) outIds[count++] = id;
 276              		.loc 1 62 9 is_stmt 1 view .LVU55
 277 0048 4E45     		cmp	r6, r9
 278 004a 03D2     		bcs	.L23
 279              		.loc 1 62 29 discriminator 1 view .LVU56
 280              		.loc 1 62 41 is_stmt 0 discriminator 1 view .LVU57
 281 004c 731C     		adds	r3, r6, #1
 282              	.LVL27:
 283              		.loc 1 62 45 discriminator 1 view .LVU58
 284 004e 0BF80650 		strb	r5, [fp, r6]
 285              		.loc 1 62 41 discriminator 1 view .LVU59
 286 0052 DEB2     		uxtb	r6, r3
 287              	.LVL28:
 288              	.L23:
 289              		.loc 1 62 41 discriminator 1 view .LVU60
 290              	.LBE16:
  54:Src/display/screen_control/spi_screen_main_list.cpp ****         uint8_t id = sc.featuresOrder[i];
 291              		.loc 1 54 5 is_stmt 1 discriminator 2 view .LVU61
 292 0054 0134     		adds	r4, r4, #1
 293              	.LVL29:
 294              	.L22:
  54:Src/display/screen_control/spi_screen_main_list.cpp ****         uint8_t id = sc.featuresOrder[i];
 295              		.loc 1 54 28 discriminator 1 view .LVU62
 296 0056 0B2C     		cmp	r4, #11
 297 0058 1ED8     		bhi	.L36
 298              	.LBB17:
  55:Src/display/screen_control/spi_screen_main_list.cpp ****         uint8_t id = sc.featuresOrder[i];
 299              		.loc 1 55 9 view .LVU63
  55:Src/display/screen_control/spi_screen_main_list.cpp ****         uint8_t id = sc.featuresOrder[i];
 300              		.loc 1 55 17 is_stmt 0 view .LVU64
 301 005a 3B19     		adds	r3, r7, r4
 302 005c 93F83450 		ldrb	r5, [r3, #52]	@ zero_extendqisi2
ARM GAS  C:\Users\nicx5\AppData\Local\Temp\cckeIIz7.s 			page 8


 303              	.LVL30:
  56:Src/display/screen_control/spi_screen_main_list.cpp ****         if (!meta) continue;
 304              		.loc 1 56 9 is_stmt 1 view .LVU65
  56:Src/display/screen_control/spi_screen_main_list.cpp ****         if (!meta) continue;
 305              		.loc 1 56 61 is_stmt 0 view .LVU66
 306 0060 2846     		mov	r0, r5
 307 0062 FFF7FEFF 		bl	_Z23ScreenMain_FindMenuMetah
 308              	.LVL31:
  57:Src/display/screen_control/spi_screen_main_list.cpp ****         if (meta->bit == SCREEN_FEATURE_WEB_CONFIG_ENTRY && !webConfigAllowed) continue;
 309              		.loc 1 57 9 is_stmt 1 view .LVU67
 310 0066 0028     		cmp	r0, #0
 311 0068 F4D0     		beq	.L23
  58:Src/display/screen_control/spi_screen_main_list.cpp ****         if ((mask & meta->bit) == 0) continue;
 312              		.loc 1 58 9 view .LVU68
  58:Src/display/screen_control/spi_screen_main_list.cpp ****         if ((mask & meta->bit) == 0) continue;
 313              		.loc 1 58 19 is_stmt 0 view .LVU69
 314 006a 4368     		ldr	r3, [r0, #4]
  58:Src/display/screen_control/spi_screen_main_list.cpp ****         if ((mask & meta->bit) == 0) continue;
 315              		.loc 1 58 9 view .LVU70
 316 006c B3F5007F 		cmp	r3, #512
 317 0070 E6D0     		beq	.L37
 318              	.L24:
  59:Src/display/screen_control/spi_screen_main_list.cpp ****         if (id < (uint8_t)(sizeof(seen) / sizeof(seen[0])) && seen[id]) continue;
 319              		.loc 1 59 9 is_stmt 1 view .LVU71
 320 0072 13EA0A0F 		tst	r3, r10
 321 0076 EDD0     		beq	.L23
  60:Src/display/screen_control/spi_screen_main_list.cpp ****         if (id < (uint8_t)(sizeof(seen) / sizeof(seen[0]))) seen[id] = true;
 322              		.loc 1 60 9 view .LVU72
 323 0078 1F2D     		cmp	r5, #31
 324 007a E5D8     		bhi	.L25
  60:Src/display/screen_control/spi_screen_main_list.cpp ****         if (id < (uint8_t)(sizeof(seen) / sizeof(seen[0]))) seen[id] = true;
 325              		.loc 1 60 70 is_stmt 0 discriminator 1 view .LVU73
 326 007c 05F12003 		add	r3, r5, #32
 327 0080 6B44     		add	r3, sp, r3
 328 0082 13F8203C 		ldrb	r3, [r3, #-32]	@ zero_extendqisi2
  60:Src/display/screen_control/spi_screen_main_list.cpp ****         if (id < (uint8_t)(sizeof(seen) / sizeof(seen[0]))) seen[id] = true;
 329              		.loc 1 60 60 discriminator 1 view .LVU74
 330 0086 002B     		cmp	r3, #0
 331 0088 E4D1     		bne	.L23
  61:Src/display/screen_control/spi_screen_main_list.cpp ****         if (count < outCap) outIds[count++] = id;
 332              		.loc 1 61 9 is_stmt 1 view .LVU75
  61:Src/display/screen_control/spi_screen_main_list.cpp ****         if (count < outCap) outIds[count++] = id;
 333              		.loc 1 61 61 discriminator 1 view .LVU76
  61:Src/display/screen_control/spi_screen_main_list.cpp ****         if (count < outCap) outIds[count++] = id;
 334              		.loc 1 61 70 is_stmt 0 discriminator 1 view .LVU77
 335 008a 0122     		movs	r2, #1
 336 008c 05F12003 		add	r3, r5, #32
 337 0090 6B44     		add	r3, sp, r3
 338 0092 03F8202C 		strb	r2, [r3, #-32]
 339 0096 D7E7     		b	.L25
 340              	.LVL32:
 341              	.L36:
  61:Src/display/screen_control/spi_screen_main_list.cpp ****         if (count < outCap) outIds[count++] = id;
 342              		.loc 1 61 70 discriminator 1 view .LVU78
 343              	.LBE17:
 344              	.LBE18:
  63:Src/display/screen_control/spi_screen_main_list.cpp ****     }
ARM GAS  C:\Users\nicx5\AppData\Local\Temp\cckeIIz7.s 			page 9


  64:Src/display/screen_control/spi_screen_main_list.cpp **** 
  65:Src/display/screen_control/spi_screen_main_list.cpp ****     if (count == 0) {
 345              		.loc 1 65 5 is_stmt 1 view .LVU79
 346              	.LBB19:
 347 0098 56BB     		cbnz	r6, .L20
 348              	.LBB20:
  66:Src/display/screen_control/spi_screen_main_list.cpp ****         for (size_t i = 0; i < sizeof(kMenuMeta) / sizeof(kMenuMeta[0]); i++) {
 349              		.loc 1 66 21 is_stmt 0 view .LVU80
 350 009a 0023     		movs	r3, #0
 351 009c 0AE0     		b	.L27
 352              	.LVL33:
 353              	.L38:
 354              	.LBB21:
  67:Src/display/screen_control/spi_screen_main_list.cpp ****             uint8_t id = kMenuMeta[i].id;
  68:Src/display/screen_control/spi_screen_main_list.cpp ****             if (kMenuMeta[i].bit == SCREEN_FEATURE_WEB_CONFIG_ENTRY && !webConfigAllowed) continue;
 355              		.loc 1 68 69 discriminator 1 view .LVU81
 356 009e B8F1000F 		cmp	r8, #0
 357 00a2 14D1     		bne	.L28
 358 00a4 05E0     		b	.L29
 359              	.L30:
  69:Src/display/screen_control/spi_screen_main_list.cpp ****             if (id < (uint8_t)(sizeof(seen) / sizeof(seen[0])) && seen[id]) continue;
  70:Src/display/screen_control/spi_screen_main_list.cpp ****             if (id < (uint8_t)(sizeof(seen) / sizeof(seen[0]))) seen[id] = true;
  71:Src/display/screen_control/spi_screen_main_list.cpp ****             if (count < outCap) outIds[count++] = kMenuMeta[i].id;
 360              		.loc 1 71 13 is_stmt 1 view .LVU82
 361 00a6 4E45     		cmp	r6, r9
 362 00a8 03D2     		bcs	.L29
 363              		.loc 1 71 33 discriminator 1 view .LVU83
 364              		.loc 1 71 45 is_stmt 0 discriminator 1 view .LVU84
 365 00aa 711C     		adds	r1, r6, #1
 366              	.LVL34:
 367              		.loc 1 71 49 discriminator 1 view .LVU85
 368 00ac 0BF80620 		strb	r2, [fp, r6]
 369              		.loc 1 71 45 discriminator 1 view .LVU86
 370 00b0 CEB2     		uxtb	r6, r1
 371              	.LVL35:
 372              	.L29:
 373              		.loc 1 71 45 discriminator 1 view .LVU87
 374              	.LBE21:
  66:Src/display/screen_control/spi_screen_main_list.cpp ****             uint8_t id = kMenuMeta[i].id;
 375              		.loc 1 66 9 is_stmt 1 discriminator 2 view .LVU88
 376 00b2 0133     		adds	r3, r3, #1
 377              	.LVL36:
 378              	.L27:
  66:Src/display/screen_control/spi_screen_main_list.cpp ****             uint8_t id = kMenuMeta[i].id;
 379              		.loc 1 66 30 discriminator 1 view .LVU89
 380 00b4 0B2B     		cmp	r3, #11
 381 00b6 1BD8     		bhi	.L20
 382              	.LBB22:
  67:Src/display/screen_control/spi_screen_main_list.cpp ****             uint8_t id = kMenuMeta[i].id;
 383              		.loc 1 67 13 view .LVU90
  67:Src/display/screen_control/spi_screen_main_list.cpp ****             uint8_t id = kMenuMeta[i].id;
 384              		.loc 1 67 21 is_stmt 0 view .LVU91
 385 00b8 104A     		ldr	r2, .L39+4
 386 00ba 03EB4301 		add	r1, r3, r3, lsl #1
 387 00be 02EB8100 		add	r0, r2, r1, lsl #2
 388 00c2 12F82120 		ldrb	r2, [r2, r1, lsl #2]	@ zero_extendqisi2
 389              	.LVL37:
ARM GAS  C:\Users\nicx5\AppData\Local\Temp\cckeIIz7.s 			page 10


  68:Src/display/screen_control/spi_screen_main_list.cpp ****             if (id < (uint8_t)(sizeof(seen) / sizeof(seen[0])) && seen[id]) continue;
 390              		.loc 1 68 13 is_stmt 1 view .LVU92
  68:Src/display/screen_control/spi_screen_main_list.cpp ****             if (id < (uint8_t)(sizeof(seen) / sizeof(seen[0])) && seen[id]) continue;
 391              		.loc 1 68 30 is_stmt 0 view .LVU93
 392 00c6 4168     		ldr	r1, [r0, #4]
  68:Src/display/screen_control/spi_screen_main_list.cpp ****             if (id < (uint8_t)(sizeof(seen) / sizeof(seen[0])) && seen[id]) continue;
 393              		.loc 1 68 13 view .LVU94
 394 00c8 B1F5007F 		cmp	r1, #512
 395 00cc E7D0     		beq	.L38
 396              	.L28:
  69:Src/display/screen_control/spi_screen_main_list.cpp ****             if (id < (uint8_t)(sizeof(seen) / sizeof(seen[0])) && seen[id]) continue;
 397              		.loc 1 69 13 is_stmt 1 view .LVU95
 398 00ce 1F2A     		cmp	r2, #31
 399 00d0 E9D8     		bhi	.L30
  69:Src/display/screen_control/spi_screen_main_list.cpp ****             if (id < (uint8_t)(sizeof(seen) / sizeof(seen[0])) && seen[id]) continue;
 400              		.loc 1 69 74 is_stmt 0 discriminator 1 view .LVU96
 401 00d2 02F12001 		add	r1, r2, #32
 402 00d6 6944     		add	r1, sp, r1
 403 00d8 11F8201C 		ldrb	r1, [r1, #-32]	@ zero_extendqisi2
  69:Src/display/screen_control/spi_screen_main_list.cpp ****             if (id < (uint8_t)(sizeof(seen) / sizeof(seen[0])) && seen[id]) continue;
 404              		.loc 1 69 64 discriminator 1 view .LVU97
 405 00dc 0029     		cmp	r1, #0
 406 00de E8D1     		bne	.L29
  70:Src/display/screen_control/spi_screen_main_list.cpp ****             if (count < outCap) outIds[count++] = kMenuMeta[i].id;
 407              		.loc 1 70 13 is_stmt 1 view .LVU98
  70:Src/display/screen_control/spi_screen_main_list.cpp ****             if (count < outCap) outIds[count++] = kMenuMeta[i].id;
 408              		.loc 1 70 65 discriminator 1 view .LVU99
  70:Src/display/screen_control/spi_screen_main_list.cpp ****             if (count < outCap) outIds[count++] = kMenuMeta[i].id;
 409              		.loc 1 70 74 is_stmt 0 discriminator 1 view .LVU100
 410 00e0 0120     		movs	r0, #1
 411 00e2 02F12001 		add	r1, r2, #32
 412 00e6 6944     		add	r1, sp, r1
 413 00e8 01F8200C 		strb	r0, [r1, #-32]
 414 00ec DBE7     		b	.L30
 415              	.LVL38:
 416              	.L32:
  70:Src/display/screen_control/spi_screen_main_list.cpp ****             if (count < outCap) outIds[count++] = kMenuMeta[i].id;
 417              		.loc 1 70 74 discriminator 1 view .LVU101
 418              	.LBE22:
 419              	.LBE20:
 420              	.LBE19:
  48:Src/display/screen_control/spi_screen_main_list.cpp ****     uint8_t count = 0;
 421              		.loc 1 48 40 discriminator 1 view .LVU102
 422 00ee 0026     		movs	r6, #0
 423              	.LVL39:
 424              	.L20:
  72:Src/display/screen_control/spi_screen_main_list.cpp ****         }
  73:Src/display/screen_control/spi_screen_main_list.cpp ****     }
  74:Src/display/screen_control/spi_screen_main_list.cpp ****     return count;
  75:Src/display/screen_control/spi_screen_main_list.cpp **** }
 425              		.loc 1 75 1 view .LVU103
 426 00f0 3046     		mov	r0, r6
 427 00f2 09B0     		add	sp, sp, #36
 428              	.LCFI2:
 429              		.cfi_def_cfa_offset 36
 430              		@ sp needed
 431 00f4 BDE8F08F 		pop	{r4, r5, r6, r7, r8, r9, r10, fp, pc}
ARM GAS  C:\Users\nicx5\AppData\Local\Temp\cckeIIz7.s 			page 11


 432              	.L40:
 433              		.align	2
 434              	.L39:
 435 00f8 00000000 		.word	_ZZN16BoardModeManager11getInstanceEvE8instance
 436 00fc 00000000 		.word	_ZL9kMenuMeta
 437              		.cfi_endproc
 438              	.LFE2167:
 440              		.section	.rodata._Z21ScreenMain_RenderListP13ST7789_HandleRK13ScreenUiStylePKhhhbimm.str1.4,"aMS",
 441              		.align	2
 442              	.LC4:
 443 0000 00       		.ascii	"\000"
 444              		.section	.text._Z21ScreenMain_RenderListP13ST7789_HandleRK13ScreenUiStylePKhhhbimm,"ax",%progbits
 445              		.align	1
 446              		.global	_Z21ScreenMain_RenderListP13ST7789_HandleRK13ScreenUiStylePKhhhbimm
 447              		.syntax unified
 448              		.thumb
 449              		.thumb_func
 451              	_Z21ScreenMain_RenderListP13ST7789_HandleRK13ScreenUiStylePKhhhbimm:
 452              	.LVL40:
 453              	.LFB2168:
  76:Src/display/screen_control/spi_screen_main_list.cpp **** 
  77:Src/display/screen_control/spi_screen_main_list.cpp **** void ScreenMain_RenderList(ST7789_Handle* lcd,
  78:Src/display/screen_control/spi_screen_main_list.cpp ****                            const ScreenUiStyle& style,
  79:Src/display/screen_control/spi_screen_main_list.cpp ****                            const uint8_t* menuIds,
  80:Src/display/screen_control/spi_screen_main_list.cpp ****                            uint8_t menuCount,
  81:Src/display/screen_control/spi_screen_main_list.cpp ****                            uint8_t menuIndex,
  82:Src/display/screen_control/spi_screen_main_list.cpp ****                            bool animActive,
  83:Src/display/screen_control/spi_screen_main_list.cpp ****                            int animDir,
  84:Src/display/screen_control/spi_screen_main_list.cpp ****                            uint32_t animStartMs,
  85:Src/display/screen_control/spi_screen_main_list.cpp ****                            uint32_t nowMs) {
 454              		.loc 1 85 44 is_stmt 1 view -0
 455              		.cfi_startproc
 456              		@ args = 20, pretend = 0, frame = 128
 457              		@ frame_needed = 0, uses_anonymous_args = 0
 458              		.loc 1 85 44 is_stmt 0 view .LVU105
 459 0000 2DE9F043 		push	{r4, r5, r6, r7, r8, r9, lr}
 460              	.LCFI3:
 461              		.cfi_def_cfa_offset 28
 462              		.cfi_offset 4, -28
 463              		.cfi_offset 5, -24
 464              		.cfi_offset 6, -20
 465              		.cfi_offset 7, -16
 466              		.cfi_offset 8, -12
 467              		.cfi_offset 9, -8
 468              		.cfi_offset 14, -4
 469 0004 ABB0     		sub	sp, sp, #172
 470              	.LCFI4:
 471              		.cfi_def_cfa_offset 200
 472 0006 9DF8C880 		ldrb	r8, [sp, #200]	@ zero_extendqisi2
  86:Src/display/screen_control/spi_screen_main_list.cpp ****     if (!lcd || !menuIds || menuCount == 0) return;
 473              		.loc 1 86 5 is_stmt 1 view .LVU106
 474 000a 002A     		cmp	r2, #0
 475 000c 18BF     		it	ne
 476 000e 0028     		cmpne	r0, #0
 477 0010 3BD0     		beq	.L41
 478 0012 0F46     		mov	r7, r1
 479 0014 1D46     		mov	r5, r3
ARM GAS  C:\Users\nicx5\AppData\Local\Temp\cckeIIz7.s 			page 12


 480 0016 8146     		mov	r9, r0
 481 0018 1646     		mov	r6, r2
 482              		.loc 1 86 26 is_stmt 0 discriminator 2 view .LVU107
 483 001a 002B     		cmp	r3, #0
 484 001c 35D0     		beq	.L41
  87:Src/display/screen_control/spi_screen_main_list.cpp ****     const char* labels[32] = {0};
 485              		.loc 1 87 5 is_stmt 1 view .LVU108
 486              		.loc 1 87 17 is_stmt 0 view .LVU109
 487 001e 8022     		movs	r2, #128
 488              	.LVL41:
 489              		.loc 1 87 17 view .LVU110
 490 0020 0021     		movs	r1, #0
 491              	.LVL42:
 492              		.loc 1 87 17 view .LVU111
 493 0022 0AA8     		add	r0, sp, #40
 494              	.LVL43:
 495              		.loc 1 87 17 view .LVU112
 496 0024 FFF7FEFF 		bl	memset
 497              	.LVL44:
  88:Src/display/screen_control/spi_screen_main_list.cpp ****     uint8_t renderCount = menuCount;
 498              		.loc 1 88 5 is_stmt 1 view .LVU113
  89:Src/display/screen_control/spi_screen_main_list.cpp ****     if (renderCount > (uint8_t)(sizeof(labels) / sizeof(labels[0]))) renderCount = (uint8_t)(sizeof
 499              		.loc 1 89 5 view .LVU114
 500 0028 202D     		cmp	r5, #32
 501 002a 00D9     		bls	.L45
 502              		.loc 1 89 82 is_stmt 0 discriminator 1 view .LVU115
 503 002c 2025     		movs	r5, #32
 504              	.LVL45:
 505              	.L45:
  90:Src/display/screen_control/spi_screen_main_list.cpp ****     for (uint8_t i = 0; i < renderCount; i++) {
 506              		.loc 1 90 5 is_stmt 1 view .LVU116
 507              	.LBB23:
 508              		.loc 1 90 18 is_stmt 0 view .LVU117
 509 002e 0024     		movs	r4, #0
 510              		.loc 1 90 5 view .LVU118
 511 0030 07E0     		b	.L46
 512              	.LVL46:
 513              	.L50:
 514              	.LBB24:
  91:Src/display/screen_control/spi_screen_main_list.cpp ****         const ScreenMenuMeta* meta = ScreenMain_FindMenuMeta(menuIds[i]);
  92:Src/display/screen_control/spi_screen_main_list.cpp ****         labels[i] = (meta && meta->label) ? meta->label : "";
 515              		.loc 1 92 43 discriminator 4 view .LVU119
 516 0032 174A     		ldr	r2, .L53
 517              	.L47:
 518              		.loc 1 92 19 discriminator 6 view .LVU120
 519 0034 2AAB     		add	r3, sp, #168
 520 0036 03EB8403 		add	r3, r3, r4, lsl #2
 521 003a 43F8802C 		str	r2, [r3, #-128]
 522              	.LBE24:
  90:Src/display/screen_control/spi_screen_main_list.cpp ****     for (uint8_t i = 0; i < renderCount; i++) {
 523              		.loc 1 90 5 is_stmt 1 discriminator 2 view .LVU121
 524 003e 0134     		adds	r4, r4, #1
 525              	.LVL47:
  90:Src/display/screen_control/spi_screen_main_list.cpp ****     for (uint8_t i = 0; i < renderCount; i++) {
 526              		.loc 1 90 5 is_stmt 0 discriminator 2 view .LVU122
 527 0040 E4B2     		uxtb	r4, r4
 528              	.LVL48:
ARM GAS  C:\Users\nicx5\AppData\Local\Temp\cckeIIz7.s 			page 13


 529              	.L46:
  90:Src/display/screen_control/spi_screen_main_list.cpp ****     for (uint8_t i = 0; i < renderCount; i++) {
 530              		.loc 1 90 27 is_stmt 1 discriminator 1 view .LVU123
 531 0042 A542     		cmp	r5, r4
 532 0044 09D9     		bls	.L52
 533              	.LBB25:
  91:Src/display/screen_control/spi_screen_main_list.cpp ****         const ScreenMenuMeta* meta = ScreenMain_FindMenuMeta(menuIds[i]);
 534              		.loc 1 91 9 view .LVU124
  91:Src/display/screen_control/spi_screen_main_list.cpp ****         const ScreenMenuMeta* meta = ScreenMain_FindMenuMeta(menuIds[i]);
 535              		.loc 1 91 61 is_stmt 0 view .LVU125
 536 0046 305D     		ldrb	r0, [r6, r4]	@ zero_extendqisi2
 537 0048 FFF7FEFF 		bl	_Z23ScreenMain_FindMenuMetah
 538              	.LVL49:
 539              		.loc 1 92 9 is_stmt 1 view .LVU126
 540              		.loc 1 92 43 is_stmt 0 view .LVU127
 541 004c 0028     		cmp	r0, #0
 542 004e F0D0     		beq	.L50
 543              		.loc 1 92 36 discriminator 1 view .LVU128
 544 0050 8268     		ldr	r2, [r0, #8]
 545              		.loc 1 92 27 discriminator 1 view .LVU129
 546 0052 002A     		cmp	r2, #0
 547 0054 EED1     		bne	.L47
 548              		.loc 1 92 43 discriminator 4 view .LVU130
 549 0056 0E4A     		ldr	r2, .L53
 550 0058 ECE7     		b	.L47
 551              	.LVL50:
 552              	.L52:
 553              		.loc 1 92 43 discriminator 4 view .LVU131
 554              	.LBE25:
 555              	.LBE23:
  93:Src/display/screen_control/spi_screen_main_list.cpp ****     }
  94:Src/display/screen_control/spi_screen_main_list.cpp ****     ScreenDetailRender_List(lcd, "", labels, renderCount, menuIndex, menuIndex, style, SPI_SCREEN_M
 556              		.loc 1 94 5 is_stmt 1 view .LVU132
 557              		.loc 1 94 28 is_stmt 0 view .LVU133
 558 005a 0023     		movs	r3, #0
 559 005c 0893     		str	r3, [sp, #32]
 560 005e 369B     		ldr	r3, [sp, #216]
 561 0060 0793     		str	r3, [sp, #28]
 562 0062 359B     		ldr	r3, [sp, #212]
 563 0064 0693     		str	r3, [sp, #24]
 564 0066 349B     		ldr	r3, [sp, #208]
 565 0068 0593     		str	r3, [sp, #20]
 566 006a 9DF8CC30 		ldrb	r3, [sp, #204]	@ zero_extendqisi2
 567 006e 0493     		str	r3, [sp, #16]
 568 0070 2223     		movs	r3, #34
 569 0072 0393     		str	r3, [sp, #12]
 570 0074 0297     		str	r7, [sp, #8]
 571 0076 CDF80480 		str	r8, [sp, #4]
 572 007a CDF80080 		str	r8, [sp]
 573 007e 2B46     		mov	r3, r5
 574 0080 0AAA     		add	r2, sp, #40
 575 0082 0349     		ldr	r1, .L53
 576 0084 4846     		mov	r0, r9
 577 0086 FFF7FEFF 		bl	_Z23ScreenDetailRender_ListP13ST7789_HandlePKcPKS2_hhhRK13ScreenUiStyletbimmPKb
 578              	.LVL51:
 579              	.L41:
  95:Src/display/screen_control/spi_screen_main_list.cpp **** }
ARM GAS  C:\Users\nicx5\AppData\Local\Temp\cckeIIz7.s 			page 14


 580              		.loc 1 95 1 view .LVU134
 581 008a 2BB0     		add	sp, sp, #172
 582              	.LCFI5:
 583              		.cfi_def_cfa_offset 28
 584              		@ sp needed
 585 008c BDE8F083 		pop	{r4, r5, r6, r7, r8, r9, pc}
 586              	.LVL52:
 587              	.L54:
 588              		.loc 1 95 1 view .LVU135
 589              		.align	2
 590              	.L53:
 591 0090 00000000 		.word	.LC4
 592              		.cfi_endproc
 593              	.LFE2168:
 595              		.section	.rodata.str1.4,"aMS",%progbits,1
 596              		.align	2
 597              	.LC5:
 598 0000 54582049 		.ascii	"TX ISP\000"
 598      535000
 599              		.section	.rodata._ZL10kTxIspMenu,"a"
 600              		.align	2
 603              	_ZL10kTxIspMenu:
 604 0000 0C       		.byte	12
 605 0001 000000   		.space	3
 606 0004 00000000 		.word	0
 607 0008 00000000 		.word	.LC5
 608              		.section	.rodata.str1.4
 609 0007 00       		.align	2
 610              	.LC6:
 611 0008 506C6174 		.ascii	"Platform\000"
 611      666F726D 
 611      00
 612 0011 000000   		.align	2
 613              	.LC7:
 614 0014 50726F66 		.ascii	"Profiles\000"
 614      696C6573 
 614      00
 615 001d 000000   		.align	2
 616              	.LC8:
 617 0020 534F4344 		.ascii	"SOCD\000"
 617      00
 618 0025 000000   		.align	2
 619              	.LC9:
 620 0028 5265706F 		.ascii	"Report Rate\000"
 620      72742052 
 620      61746500 
 621              		.align	2
 622              	.LC10:
 623 0034 50657266 		.ascii	"Performance\000"
 623      6F726D61 
 623      6E636500 
 624              		.align	2
 625              	.LC11:
 626 0040 4C696768 		.ascii	"Light Brightness\000"
 626      74204272 
 626      69676874 
 626      6E657373 
ARM GAS  C:\Users\nicx5\AppData\Local\Temp\cckeIIz7.s 			page 15


 626      00
 627 0051 000000   		.align	2
 628              	.LC12:
 629 0054 4C696768 		.ascii	"Light Effect\000"
 629      74204566 
 629      66656374 
 629      00
 630 0061 000000   		.align	2
 631              	.LC13:
 632 0064 416D6269 		.ascii	"Ambient Brightness\000"
 632      656E7420 
 632      42726967 
 632      68746E65 
 632      737300
 633 0077 00       		.align	2
 634              	.LC14:
 635 0078 416D6269 		.ascii	"Ambient Effect\000"
 635      656E7420 
 635      45666665 
 635      637400
 636 0087 00       		.align	2
 637              	.LC15:
 638 0088 53637265 		.ascii	"Screen Brightness\000"
 638      656E2042 
 638      72696768 
 638      746E6573 
 638      7300
 639 009a 0000     		.align	2
 640              	.LC16:
 641 009c 57656220 		.ascii	"Web Config\000"
 641      436F6E66 
 641      696700
 642 00a7 00       		.align	2
 643              	.LC17:
 644 00a8 43616C69 		.ascii	"Calibration Mode\000"
 644      62726174 
 644      696F6E20 
 644      4D6F6465 
 644      00
 645              		.section	.rodata._ZL9kMenuMeta,"a"
 646              		.align	2
 649              	_ZL9kMenuMeta:
 650 0000 00       		.byte	0
 651 0001 000000   		.space	3
 652 0004 01000000 		.word	1
 653 0008 08000000 		.word	.LC6
 654 000c 01       		.byte	1
 655 000d 000000   		.space	3
 656 0010 02000000 		.word	2
 657 0014 14000000 		.word	.LC7
 658 0018 02       		.byte	2
 659 0019 000000   		.space	3
 660 001c 04000000 		.word	4
 661 0020 20000000 		.word	.LC8
 662 0024 03       		.byte	3
 663 0025 000000   		.space	3
 664 0028 08000000 		.word	8
ARM GAS  C:\Users\nicx5\AppData\Local\Temp\cckeIIz7.s 			page 16


 665 002c 28000000 		.word	.LC9
 666 0030 0B       		.byte	11
 667 0031 000000   		.space	3
 668 0034 00080000 		.word	2048
 669 0038 34000000 		.word	.LC10
 670 003c 04       		.byte	4
 671 003d 000000   		.space	3
 672 0040 10000000 		.word	16
 673 0044 40000000 		.word	.LC11
 674 0048 05       		.byte	5
 675 0049 000000   		.space	3
 676 004c 20000000 		.word	32
 677 0050 54000000 		.word	.LC12
 678 0054 06       		.byte	6
 679 0055 000000   		.space	3
 680 0058 40000000 		.word	64
 681 005c 64000000 		.word	.LC13
 682 0060 07       		.byte	7
 683 0061 000000   		.space	3
 684 0064 80000000 		.word	128
 685 0068 78000000 		.word	.LC14
 686 006c 08       		.byte	8
 687 006d 000000   		.space	3
 688 0070 00010000 		.word	256
 689 0074 88000000 		.word	.LC15
 690 0078 09       		.byte	9
 691 0079 000000   		.space	3
 692 007c 00020000 		.word	512
 693 0080 9C000000 		.word	.LC16
 694 0084 0A       		.byte	10
 695 0085 000000   		.space	3
 696 0088 00040000 		.word	1024
 697 008c A8000000 		.word	.LC17
 698              		.weak	_ZZN16BoardModeManager11getInstanceEvE8instance
 699              		.section	.data._ZZN16BoardModeManager11getInstanceEvE8instance,"awG",%progbits,_ZZN16BoardModeMana
 700              		.align	2
 703              	_ZZN16BoardModeManager11getInstanceEvE8instance:
 704 0000 02       		.byte	2
 705 0001 02       		.byte	2
 706 0002 0000     		.space	2
 707 0004 00000000 		.word	0
 708 0008 00       		.byte	0
 709 0009 00       		.byte	0
 710 000a 0000     		.space	2
 711              		.text
 712              	.Letext0:
 713              		.file 3 "D:/Program Files/msys64/mingw64/arm-none-eabi/include/machine/_default_types.h"
 714              		.file 4 "D:/Program Files/msys64/mingw64/arm-none-eabi/include/sys/_stdint.h"
 715              		.file 5 "D:/Program Files/msys64/mingw64/lib/gcc/arm-none-eabi/13.3.0/include/stddef.h"
 716              		.file 6 "D:/Program Files/msys64/mingw64/arm-none-eabi/include/c++/13.3.0/type_traits"
 717              		.file 7 "D:/Program Files/msys64/mingw64/arm-none-eabi/include/c++/13.3.0/debug/debug.h"
 718              		.file 8 "D:/Program Files/msys64/mingw64/arm-none-eabi/include/c++/13.3.0/cstddef"
 719              		.file 9 "D:/Program Files/msys64/mingw64/arm-none-eabi/include/c++/13.3.0/cmath"
 720              		.file 10 "D:/Program Files/msys64/mingw64/arm-none-eabi/include/c++/13.3.0/bits/std_abs.h"
 721              		.file 11 "D:/Program Files/msys64/mingw64/arm-none-eabi/include/c++/13.3.0/arm-none-eabi/thumb/v7e
 722              		.file 12 "D:/Program Files/msys64/mingw64/arm-none-eabi/include/c++/13.3.0/bits/predefined_ops.h"
 723              		.file 13 "Inc/support/enums.hpp"
ARM GAS  C:\Users\nicx5\AppData\Local\Temp\cckeIIz7.s 			page 17


 724              		.file 14 "Drivers/CMSIS/Device/ST/STM32H7xx/Include/stm32h750xx.h"
 725              		.file 15 "D:/Program Files/msys64/mingw64/arm-none-eabi/include/math.h"
 726              		.file 16 "D:/Program Files/msys64/mingw64/arm-none-eabi/include/c++/13.3.0/math.h"
 727              		.file 17 "Drivers/STM32H7xx_HAL_Driver/Inc/stm32h7xx_hal_def.h"
 728              		.file 18 "Drivers/STM32H7xx_HAL_Driver/Inc/stm32h7xx_hal_dma.h"
 729              		.file 19 "Drivers/STM32H7xx_HAL_Driver/Inc/stm32h7xx_hal_tim.h"
 730              		.file 20 "Inc/system/board_cfg.h"
 731              		.file 21 "Inc/config/config.hpp"
 732              		.file 22 "Inc/display/screen_control/spi_screen_layout.hpp"
 733              		.file 23 "Inc/display/drivers/st7789/st7789.h"
 734              		.file 24 "Inc/display/screen_control/spi_screen_main_list.hpp"
 735              		.file 25 "D:/Program Files/msys64/mingw64/arm-none-eabi/include/c++/13.3.0/bits/memory_resource.h"
 736              		.file 26 "Inc/display/screen_control/spi_screen_detail_render_helpers.hpp"
ARM GAS  C:\Users\nicx5\AppData\Local\Temp\cckeIIz7.s 			page 18


DEFINED SYMBOLS
                            *ABS*:00000000 spi_screen_main_list.cpp
C:\Users\nicx5\AppData\Local\Temp\cckeIIz7.s:20     .text._Z23ScreenMain_FindMenuMetah:00000000 $t
C:\Users\nicx5\AppData\Local\Temp\cckeIIz7.s:26     .text._Z23ScreenMain_FindMenuMetah:00000000 _Z23ScreenMain_FindMenuMetah
C:\Users\nicx5\AppData\Local\Temp\cckeIIz7.s:89     .text._Z23ScreenMain_FindMenuMetah:00000030 $d
C:\Users\nicx5\AppData\Local\Temp\cckeIIz7.s:649    .rodata._ZL9kMenuMeta:00000000 _ZL9kMenuMeta
C:\Users\nicx5\AppData\Local\Temp\cckeIIz7.s:603    .rodata._ZL10kTxIspMenu:00000000 _ZL10kTxIspMenu
C:\Users\nicx5\AppData\Local\Temp\cckeIIz7.s:95     .rodata._Z26ScreenMain_InputModeAbbrev9InputMode.str1.4:00000000 $d
C:\Users\nicx5\AppData\Local\Temp\cckeIIz7.s:108    .text._Z26ScreenMain_InputModeAbbrev9InputMode:00000000 $t
C:\Users\nicx5\AppData\Local\Temp\cckeIIz7.s:114    .text._Z26ScreenMain_InputModeAbbrev9InputMode:00000000 _Z26ScreenMain_InputModeAbbrev9InputMode
C:\Users\nicx5\AppData\Local\Temp\cckeIIz7.s:167    .text._Z26ScreenMain_InputModeAbbrev9InputMode:00000028 $d
C:\Users\nicx5\AppData\Local\Temp\cckeIIz7.s:175    .text._Z25ScreenMain_RebuildMenuIdsRK19ScreenControlConfigPhh:00000000 $t
C:\Users\nicx5\AppData\Local\Temp\cckeIIz7.s:181    .text._Z25ScreenMain_RebuildMenuIdsRK19ScreenControlConfigPhh:00000000 _Z25ScreenMain_RebuildMenuIdsRK19ScreenControlConfigPhh
C:\Users\nicx5\AppData\Local\Temp\cckeIIz7.s:435    .text._Z25ScreenMain_RebuildMenuIdsRK19ScreenControlConfigPhh:000000f8 $d
C:\Users\nicx5\AppData\Local\Temp\cckeIIz7.s:703    .data._ZZN16BoardModeManager11getInstanceEvE8instance:00000000 _ZZN16BoardModeManager11getInstanceEvE8instance
C:\Users\nicx5\AppData\Local\Temp\cckeIIz7.s:441    .rodata._Z21ScreenMain_RenderListP13ST7789_HandleRK13ScreenUiStylePKhhhbimm.str1.4:00000000 $d
C:\Users\nicx5\AppData\Local\Temp\cckeIIz7.s:445    .text._Z21ScreenMain_RenderListP13ST7789_HandleRK13ScreenUiStylePKhhhbimm:00000000 $t
C:\Users\nicx5\AppData\Local\Temp\cckeIIz7.s:451    .text._Z21ScreenMain_RenderListP13ST7789_HandleRK13ScreenUiStylePKhhhbimm:00000000 _Z21ScreenMain_RenderListP13ST7789_HandleRK13ScreenUiStylePKhhhbimm
C:\Users\nicx5\AppData\Local\Temp\cckeIIz7.s:591    .text._Z21ScreenMain_RenderListP13ST7789_HandleRK13ScreenUiStylePKhhhbimm:00000090 $d
C:\Users\nicx5\AppData\Local\Temp\cckeIIz7.s:596    .rodata.str1.4:00000000 $d
C:\Users\nicx5\AppData\Local\Temp\cckeIIz7.s:600    .rodata._ZL10kTxIspMenu:00000000 $d
C:\Users\nicx5\AppData\Local\Temp\cckeIIz7.s:646    .rodata._ZL9kMenuMeta:00000000 $d
C:\Users\nicx5\AppData\Local\Temp\cckeIIz7.s:700    .data._ZZN16BoardModeManager11getInstanceEvE8instance:00000000 $d

UNDEFINED SYMBOLS
memset
_Z23ScreenDetailRender_ListP13ST7789_HandlePKcPKS2_hhhRK13ScreenUiStyletbimmPKb
