ARM GAS  C:\Users\nicx5\AppData\Local\Temp\cc09yncr.s 			page 1


   1              		.cpu cortex-m7
   2              		.arch armv7e-m
   3              		.fpu fpv5-d16
   4              		.eabi_attribute 28, 1
   5              		.eabi_attribute 20, 1
   6              		.eabi_attribute 21, 1
   7              		.eabi_attribute 23, 3
   8              		.eabi_attribute 24, 1
   9              		.eabi_attribute 25, 1
  10              		.eabi_attribute 26, 1
  11              		.eabi_attribute 30, 1
  12              		.eabi_attribute 34, 1
  13              		.eabi_attribute 18, 4
  14              		.file	"spi_screen_detail_tournament_mode.cpp"
  15              		.text
  16              	.Ltext0:
  17              		.cfi_sections	.debug_frame
  18              		.file 1 "Src/display/screen_control/spi_screen_detail_tournament_mode.cpp"
  19              		.section	.text._ZL15reportRateCountv,"ax",%progbits
  20              		.align	1
  21              		.syntax unified
  22              		.thumb
  23              		.thumb_func
  25              	_ZL15reportRateCountv:
  26              	.LFB2396:
   1:Src/display/screen_control/spi_screen_detail_tournament_mode.cpp **** #include "screen_control/spi_screen_detail_entries.hpp"
   2:Src/display/screen_control/spi_screen_detail_tournament_mode.cpp **** 
   3:Src/display/screen_control/spi_screen_detail_tournament_mode.cpp **** #include "board_mode.hpp"
   4:Src/display/screen_control/spi_screen_detail_tournament_mode.cpp **** #include "board_cfg.h"
   5:Src/display/screen_control/spi_screen_detail_tournament_mode.cpp **** #include "storagemanager.hpp"
   6:Src/display/screen_control/spi_screen_detail_tournament_mode.cpp **** #include "connection_manager.hpp"
   7:Src/display/screen_control/spi_screen_detail_tournament_mode.cpp **** #include "system_logger.h"
   8:Src/display/screen_control/spi_screen_detail_tournament_mode.cpp **** #include "screen_control/spi_screen_detail_render_helpers.hpp"
   9:Src/display/screen_control/spi_screen_detail_tournament_mode.cpp **** #include "screen_control/spi_screen_ui_common.hpp"
  10:Src/display/screen_control/spi_screen_detail_tournament_mode.cpp **** 
  11:Src/display/screen_control/spi_screen_detail_tournament_mode.cpp **** struct ReportRateItem {
  12:Src/display/screen_control/spi_screen_detail_tournament_mode.cpp ****     WirelessReportRate rate;
  13:Src/display/screen_control/spi_screen_detail_tournament_mode.cpp ****     const char* label;
  14:Src/display/screen_control/spi_screen_detail_tournament_mode.cpp **** };
  15:Src/display/screen_control/spi_screen_detail_tournament_mode.cpp **** 
  16:Src/display/screen_control/spi_screen_detail_tournament_mode.cpp **** static const ReportRateItem kReportRates[] = {
  17:Src/display/screen_control/spi_screen_detail_tournament_mode.cpp ****     {RFM_RATE_1K, "1K"},
  18:Src/display/screen_control/spi_screen_detail_tournament_mode.cpp ****     {RFM_RATE_2K, "2K"},
  19:Src/display/screen_control/spi_screen_detail_tournament_mode.cpp ****     {RFM_RATE_4K, "4K"},
  20:Src/display/screen_control/spi_screen_detail_tournament_mode.cpp ****     {RFM_RATE_8K, "8K"},
  21:Src/display/screen_control/spi_screen_detail_tournament_mode.cpp **** };
  22:Src/display/screen_control/spi_screen_detail_tournament_mode.cpp **** 
  23:Src/display/screen_control/spi_screen_detail_tournament_mode.cpp **** static uint8_t reportRateCount(void) {
  27              		.loc 1 23 38 view -0
  28              		.cfi_startproc
  29              		@ args = 0, pretend = 0, frame = 0
  30              		@ frame_needed = 0, uses_anonymous_args = 0
  31              		@ link register save eliminated.
  24:Src/display/screen_control/spi_screen_detail_tournament_mode.cpp ****     return (uint8_t)(sizeof(kReportRates) / sizeof(kReportRates[0]));
  32              		.loc 1 24 5 view .LVU1
  25:Src/display/screen_control/spi_screen_detail_tournament_mode.cpp **** }
  33              		.loc 1 25 1 is_stmt 0 view .LVU2
ARM GAS  C:\Users\nicx5\AppData\Local\Temp\cc09yncr.s 			page 2


  34 0000 0420     		movs	r0, #4
  35 0002 7047     		bx	lr
  36              		.cfi_endproc
  37              	.LFE2396:
  39              		.section	.text._ZN7Storage11getInstanceEv,"axG",%progbits,_ZN7Storage11getInstanceEv,comdat
  40              		.align	1
  41              		.weak	_ZN7Storage11getInstanceEv
  42              		.syntax unified
  43              		.thumb
  44              		.thumb_func
  46              	_ZN7Storage11getInstanceEv:
  47              	.LFB2165:
  48              		.file 2 "Inc/config/storagemanager.hpp"
   1:Inc/config/storagemanager.hpp **** #ifndef _STORAGE_MANAGER_H_
   2:Inc/config/storagemanager.hpp **** #define _STORAGE_MANAGER_H_
   3:Inc/config/storagemanager.hpp **** 
   4:Inc/config/storagemanager.hpp **** #include "config.hpp"
   5:Inc/config/storagemanager.hpp **** 
   6:Inc/config/storagemanager.hpp **** // Forward declarations
   7:Inc/config/storagemanager.hpp **** class ADCValuesCalibrator;
   8:Inc/config/storagemanager.hpp **** class ADCValuesMarker;
   9:Inc/config/storagemanager.hpp **** 
  10:Inc/config/storagemanager.hpp **** class Storage {
  11:Inc/config/storagemanager.hpp **** public:
  12:Inc/config/storagemanager.hpp **** 	using DefaultProfileChangedCallback = void (*)(void);
  13:Inc/config/storagemanager.hpp **** 
  14:Inc/config/storagemanager.hpp **** 	Storage(Storage const&) = delete;
  15:Inc/config/storagemanager.hpp **** 	void operator=(Storage const&) = delete;
  16:Inc/config/storagemanager.hpp **** 	
  17:Inc/config/storagemanager.hpp **** 	static Storage& getInstance() {
  49              		.loc 2 17 18 is_stmt 1 view -0
  50              		.cfi_startproc
  51              		@ args = 0, pretend = 0, frame = 0
  52              		@ frame_needed = 0, uses_anonymous_args = 0
  53 0000 08B5     		push	{r3, lr}
  54              	.LCFI0:
  55              		.cfi_def_cfa_offset 8
  56              		.cfi_offset 3, -8
  57              		.cfi_offset 14, -4
  18:Inc/config/storagemanager.hpp **** 		static Storage instance;
  58              		.loc 2 18 3 view .LVU4
  59              		.loc 2 18 18 is_stmt 0 view .LVU5
  60 0002 094B     		ldr	r3, .L6
  61 0004 1B68     		ldr	r3, [r3]
  62 0006 BFF35B8F 		dmb	ish
  63              		.loc 2 18 18 discriminator 1 view .LVU6
  64 000a 13F0010F 		tst	r3, #1
  65 000e 01D0     		beq	.L5
  66              	.L3:
  19:Inc/config/storagemanager.hpp **** 		return instance;
  67              		.loc 2 19 3 is_stmt 1 view .LVU7
  20:Inc/config/storagemanager.hpp **** 	}
  68              		.loc 2 20 2 is_stmt 0 view .LVU8
  69 0010 0648     		ldr	r0, .L6+4
  70 0012 08BD     		pop	{r3, pc}
  71              	.L5:
  18:Inc/config/storagemanager.hpp **** 		static Storage instance;
ARM GAS  C:\Users\nicx5\AppData\Local\Temp\cc09yncr.s 			page 3


  72              		.loc 2 18 18 discriminator 1 view .LVU9
  73 0014 0448     		ldr	r0, .L6
  74 0016 FFF7FEFF 		bl	__cxa_guard_acquire
  75              	.LVL0:
  76 001a 0028     		cmp	r0, #0
  77 001c F8D0     		beq	.L3
  78              	.LVL1:
  79              	.LBB25:
  80              	.LBI25:
  21:Inc/config/storagemanager.hpp **** 
  22:Inc/config/storagemanager.hpp **** 	Config config;
  23:Inc/config/storagemanager.hpp **** 	
  24:Inc/config/storagemanager.hpp **** 	void initConfig();
  25:Inc/config/storagemanager.hpp **** 	bool saveConfig();
  26:Inc/config/storagemanager.hpp **** 	bool resetConfig();
  27:Inc/config/storagemanager.hpp **** 	void setInputMode(InputMode inputMode);
  28:Inc/config/storagemanager.hpp **** 	const InputMode getInputMode() {
  29:Inc/config/storagemanager.hpp **** 		return config.inputMode;
  30:Inc/config/storagemanager.hpp **** 	}
  31:Inc/config/storagemanager.hpp **** 	void setConnectionMode(ConnectionMode mode);
  32:Inc/config/storagemanager.hpp **** 	ConnectionMode getConnectionMode() const {
  33:Inc/config/storagemanager.hpp **** 		return config.connectionMode;
  34:Inc/config/storagemanager.hpp **** 	}
  35:Inc/config/storagemanager.hpp **** 	void setWirelessReportRate(WirelessReportRate rate);
  36:Inc/config/storagemanager.hpp **** 	WirelessReportRate getWirelessReportRate() const {
  37:Inc/config/storagemanager.hpp **** 		return config.wirelessReportRate;
  38:Inc/config/storagemanager.hpp **** 	}
  39:Inc/config/storagemanager.hpp **** 	uint32_t getWakeHoldMs() const {
  40:Inc/config/storagemanager.hpp **** 		return config.power.wakeHoldMs;
  41:Inc/config/storagemanager.hpp **** 	}
  42:Inc/config/storagemanager.hpp **** 	bool getAutoSleepEnabled() const { return config.power.autoSleepEnabled == 1u; }
  43:Inc/config/storagemanager.hpp **** 	uint32_t getAutoStandbyMs() const {
  44:Inc/config/storagemanager.hpp **** 		return config.power.autoStandbyMs;
  45:Inc/config/storagemanager.hpp **** 	}
  46:Inc/config/storagemanager.hpp **** 	void setRfPowerStateHint(uint8_t hint);
  47:Inc/config/storagemanager.hpp **** 	uint8_t getRfPowerStateHint() const {
  48:Inc/config/storagemanager.hpp **** 		return config.reservedConnection0;
  49:Inc/config/storagemanager.hpp **** 	}
  50:Inc/config/storagemanager.hpp **** 	GamepadProfile* getGamepadProfile(char* id);
  51:Inc/config/storagemanager.hpp **** 	GamepadProfile* getDefaultGamepadProfile() {
  52:Inc/config/storagemanager.hpp **** 		return getGamepadProfile(config.defaultProfileId);
  53:Inc/config/storagemanager.hpp **** 	}
  54:Inc/config/storagemanager.hpp **** 	bool setDefaultProfileId(const char* id);
  55:Inc/config/storagemanager.hpp **** 	void registerDefaultProfileChangedCallback(DefaultProfileChangedCallback cb);
  56:Inc/config/storagemanager.hpp **** 	GamepadHotkeyEntry* getGamepadHotkeyEntry() {
  57:Inc/config/storagemanager.hpp **** 		return config.hotkeys;
  58:Inc/config/storagemanager.hpp **** 	}
  59:Inc/config/storagemanager.hpp **** 
  60:Inc/config/storagemanager.hpp **** 	void setBootMode(BootMode bootMode);
  61:Inc/config/storagemanager.hpp **** 	BootMode getBootMode() {
  62:Inc/config/storagemanager.hpp **** 		return config.bootMode;
  63:Inc/config/storagemanager.hpp **** 	}
  64:Inc/config/storagemanager.hpp **** 
  65:Inc/config/storagemanager.hpp **** private:
  66:Inc/config/storagemanager.hpp **** 	Storage() {}  // 私有构造函数
  81              		.loc 2 66 2 is_stmt 1 view .LVU10
  82              		.loc 2 66 2 is_stmt 0 view .LVU11
ARM GAS  C:\Users\nicx5\AppData\Local\Temp\cc09yncr.s 			page 4


  83              	.LBE25:
  18:Inc/config/storagemanager.hpp **** 		return instance;
  84              		.loc 2 18 18 discriminator 1 view .LVU12
  85 001e 0248     		ldr	r0, .L6
  86 0020 FFF7FEFF 		bl	__cxa_guard_release
  87              	.LVL2:
  88 0024 F4E7     		b	.L3
  89              	.L7:
  90 0026 00BF     		.align	2
  91              	.L6:
  92 0028 00000000 		.word	_ZGVZN7Storage11getInstanceEvE8instance
  93 002c 00000000 		.word	_ZZN7Storage11getInstanceEvE8instance
  94              		.cfi_endproc
  95              	.LFE2165:
  97              		.section	.text._ZL23selectedReportRateIndexv,"ax",%progbits
  98              		.align	1
  99              		.syntax unified
 100              		.thumb
 101              		.thumb_func
 103              	_ZL23selectedReportRateIndexv:
 104              	.LFB2397:
  26:Src/display/screen_control/spi_screen_detail_tournament_mode.cpp **** 
  27:Src/display/screen_control/spi_screen_detail_tournament_mode.cpp **** static uint8_t selectedReportRateIndex(void) {
 105              		.loc 1 27 46 is_stmt 1 view -0
 106              		.cfi_startproc
 107              		@ args = 0, pretend = 0, frame = 0
 108              		@ frame_needed = 0, uses_anonymous_args = 0
 109 0000 38B5     		push	{r3, r4, r5, lr}
 110              	.LCFI1:
 111              		.cfi_def_cfa_offset 16
 112              		.cfi_offset 3, -16
 113              		.cfi_offset 4, -12
 114              		.cfi_offset 5, -8
 115              		.cfi_offset 14, -4
  28:Src/display/screen_control/spi_screen_detail_tournament_mode.cpp ****     const WirelessReportRate rate = STORAGE_MANAGER.getWirelessReportRate();
 116              		.loc 1 28 5 view .LVU14
 117              		.loc 1 28 37 is_stmt 0 view .LVU15
 118 0002 FFF7FEFF 		bl	_ZN7Storage11getInstanceEv
 119              	.LVL3:
 120              	.LBB26:
 121              	.LBI26:
  36:Inc/config/storagemanager.hpp **** 		return config.wirelessReportRate;
 122              		.loc 2 36 21 is_stmt 1 view .LVU16
 123              	.LBB27:
  37:Inc/config/storagemanager.hpp **** 	}
 124              		.loc 2 37 3 view .LVU17
  37:Inc/config/storagemanager.hpp **** 	}
 125              		.loc 2 37 17 is_stmt 0 view .LVU18
 126 0006 0589     		ldrh	r5, [r0, #8]
 127              	.LVL4:
  37:Inc/config/storagemanager.hpp **** 	}
 128              		.loc 2 37 17 view .LVU19
 129              	.LBE27:
 130              	.LBE26:
  29:Src/display/screen_control/spi_screen_detail_tournament_mode.cpp ****     for (uint8_t i = 0; i < reportRateCount(); i++) {
 131              		.loc 1 29 5 is_stmt 1 view .LVU20
 132              	.LBB28:
ARM GAS  C:\Users\nicx5\AppData\Local\Temp\cc09yncr.s 			page 5


 133              		.loc 1 29 18 is_stmt 0 view .LVU21
 134 0008 0024     		movs	r4, #0
 135              		.loc 1 29 5 view .LVU22
 136 000a 01E0     		b	.L9
 137              	.LVL5:
 138              	.L14:
 139              		.loc 1 29 5 is_stmt 1 discriminator 2 view .LVU23
 140 000c 0134     		adds	r4, r4, #1
 141              	.LVL6:
 142              		.loc 1 29 5 is_stmt 0 discriminator 2 view .LVU24
 143 000e E4B2     		uxtb	r4, r4
 144              	.LVL7:
 145              	.L9:
 146              		.loc 1 29 27 is_stmt 1 discriminator 1 view .LVU25
 147              		.loc 1 29 44 is_stmt 0 discriminator 1 view .LVU26
 148 0010 FFF7FEFF 		bl	_ZL15reportRateCountv
 149              	.LVL8:
 150              		.loc 1 29 27 discriminator 1 view .LVU27
 151 0014 A042     		cmp	r0, r4
 152 0016 05D9     		bls	.L13
  30:Src/display/screen_control/spi_screen_detail_tournament_mode.cpp ****         if (kReportRates[i].rate == rate) {
 153              		.loc 1 30 9 is_stmt 1 view .LVU28
 154              		.loc 1 30 29 is_stmt 0 view .LVU29
 155 0018 044B     		ldr	r3, .L15
 156 001a 33F83430 		ldrh	r3, [r3, r4, lsl #3]
 157              		.loc 1 30 9 view .LVU30
 158 001e AB42     		cmp	r3, r5
 159 0020 F4D1     		bne	.L14
 160 0022 00E0     		b	.L10
 161              	.L13:
 162              	.LBE28:
  31:Src/display/screen_control/spi_screen_detail_tournament_mode.cpp ****             return i;
  32:Src/display/screen_control/spi_screen_detail_tournament_mode.cpp ****         }
  33:Src/display/screen_control/spi_screen_detail_tournament_mode.cpp ****     }
  34:Src/display/screen_control/spi_screen_detail_tournament_mode.cpp ****     return 0;
 163              		.loc 1 34 12 view .LVU31
 164 0024 0024     		movs	r4, #0
 165              	.LVL9:
 166              	.L10:
  35:Src/display/screen_control/spi_screen_detail_tournament_mode.cpp **** }
 167              		.loc 1 35 1 view .LVU32
 168 0026 2046     		mov	r0, r4
 169 0028 38BD     		pop	{r3, r4, r5, pc}
 170              	.LVL10:
 171              	.L16:
 172              		.loc 1 35 1 view .LVU33
 173 002a 00BF     		.align	2
 174              	.L15:
 175 002c 00000000 		.word	_ZL12kReportRates
 176              		.cfi_endproc
 177              	.LFE2397:
 179              		.section	.text._Z32ScreenDetailTournament_InitIndexv,"ax",%progbits
 180              		.align	1
 181              		.global	_Z32ScreenDetailTournament_InitIndexv
 182              		.syntax unified
 183              		.thumb
 184              		.thumb_func
ARM GAS  C:\Users\nicx5\AppData\Local\Temp\cc09yncr.s 			page 6


 186              	_Z32ScreenDetailTournament_InitIndexv:
 187              	.LFB2398:
  36:Src/display/screen_control/spi_screen_detail_tournament_mode.cpp **** 
  37:Src/display/screen_control/spi_screen_detail_tournament_mode.cpp **** uint8_t ScreenDetailTournament_InitIndex(void) {
 188              		.loc 1 37 48 is_stmt 1 view -0
 189              		.cfi_startproc
 190              		@ args = 0, pretend = 0, frame = 0
 191              		@ frame_needed = 0, uses_anonymous_args = 0
 192 0000 08B5     		push	{r3, lr}
 193              	.LCFI2:
 194              		.cfi_def_cfa_offset 8
 195              		.cfi_offset 3, -8
 196              		.cfi_offset 14, -4
  38:Src/display/screen_control/spi_screen_detail_tournament_mode.cpp ****     return selectedReportRateIndex();
 197              		.loc 1 38 5 view .LVU35
 198              		.loc 1 38 35 is_stmt 0 view .LVU36
 199 0002 FFF7FEFF 		bl	_ZL23selectedReportRateIndexv
 200              	.LVL11:
  39:Src/display/screen_control/spi_screen_detail_tournament_mode.cpp **** }
 201              		.loc 1 39 1 view .LVU37
 202 0006 08BD     		pop	{r3, pc}
 203              		.cfi_endproc
 204              	.LFE2398:
 206              		.section	.text._Z29ScreenDetailTournament_RotatePha,"ax",%progbits
 207              		.align	1
 208              		.global	_Z29ScreenDetailTournament_RotatePha
 209              		.syntax unified
 210              		.thumb
 211              		.thumb_func
 213              	_Z29ScreenDetailTournament_RotatePha:
 214              	.LVL12:
 215              	.LFB2399:
  40:Src/display/screen_control/spi_screen_detail_tournament_mode.cpp **** 
  41:Src/display/screen_control/spi_screen_detail_tournament_mode.cpp **** void ScreenDetailTournament_Rotate(uint8_t* ioIndex, int8_t det) {
 216              		.loc 1 41 66 is_stmt 1 view -0
 217              		.cfi_startproc
 218              		@ args = 0, pretend = 0, frame = 0
 219              		@ frame_needed = 0, uses_anonymous_args = 0
  42:Src/display/screen_control/spi_screen_detail_tournament_mode.cpp ****     if (!ioIndex) return;
 220              		.loc 1 42 5 view .LVU39
 221 0000 68B1     		cbz	r0, .L25
  41:Src/display/screen_control/spi_screen_detail_tournament_mode.cpp ****     if (!ioIndex) return;
 222              		.loc 1 41 66 is_stmt 0 view .LVU40
 223 0002 38B5     		push	{r3, r4, r5, lr}
 224              	.LCFI3:
 225              		.cfi_def_cfa_offset 16
 226              		.cfi_offset 3, -16
 227              		.cfi_offset 4, -12
 228              		.cfi_offset 5, -8
 229              		.cfi_offset 14, -4
 230 0004 0546     		mov	r5, r0
  43:Src/display/screen_control/spi_screen_detail_tournament_mode.cpp ****     int32_t idx = (int32_t)(*ioIndex) + det;
 231              		.loc 1 43 5 is_stmt 1 view .LVU41
 232              		.loc 1 43 29 is_stmt 0 view .LVU42
 233 0006 0478     		ldrb	r4, [r0]	@ zero_extendqisi2
 234              	.LVL13:
  44:Src/display/screen_control/spi_screen_detail_tournament_mode.cpp ****     if (idx < 0) idx = 0;
ARM GAS  C:\Users\nicx5\AppData\Local\Temp\cc09yncr.s 			page 7


 235              		.loc 1 44 5 is_stmt 1 view .LVU43
 236 0008 6418     		adds	r4, r4, r1
 237              	.LVL14:
 238              		.loc 1 44 5 is_stmt 0 view .LVU44
 239 000a 06D4     		bmi	.L28
 240              	.LVL15:
 241              	.L21:
  45:Src/display/screen_control/spi_screen_detail_tournament_mode.cpp ****     if (idx >= (int32_t)reportRateCount()) {
 242              		.loc 1 45 5 is_stmt 1 view .LVU45
 243              		.loc 1 45 40 is_stmt 0 view .LVU46
 244 000c FFF7FEFF 		bl	_ZL15reportRateCountv
 245              	.LVL16:
 246              		.loc 1 45 5 discriminator 1 view .LVU47
 247 0010 A042     		cmp	r0, r4
 248 0012 00DC     		bgt	.L22
  46:Src/display/screen_control/spi_screen_detail_tournament_mode.cpp ****         idx = (int32_t)reportRateCount() - 1;
 249              		.loc 1 46 9 is_stmt 1 view .LVU48
 250              		.loc 1 46 13 is_stmt 0 discriminator 1 view .LVU49
 251 0014 441E     		subs	r4, r0, #1
 252              	.LVL17:
 253              	.L22:
  47:Src/display/screen_control/spi_screen_detail_tournament_mode.cpp ****     }
  48:Src/display/screen_control/spi_screen_detail_tournament_mode.cpp ****     *ioIndex = (uint8_t)idx;
 254              		.loc 1 48 5 is_stmt 1 view .LVU50
 255              		.loc 1 48 14 is_stmt 0 view .LVU51
 256 0016 2C70     		strb	r4, [r5]
  49:Src/display/screen_control/spi_screen_detail_tournament_mode.cpp **** }
 257              		.loc 1 49 1 view .LVU52
 258 0018 38BD     		pop	{r3, r4, r5, pc}
 259              	.LVL18:
 260              	.L28:
  44:Src/display/screen_control/spi_screen_detail_tournament_mode.cpp ****     if (idx >= (int32_t)reportRateCount()) {
 261              		.loc 1 44 22 discriminator 1 view .LVU53
 262 001a 0024     		movs	r4, #0
 263              	.LVL19:
  44:Src/display/screen_control/spi_screen_detail_tournament_mode.cpp ****     if (idx >= (int32_t)reportRateCount()) {
 264              		.loc 1 44 22 discriminator 1 view .LVU54
 265 001c F6E7     		b	.L21
 266              	.LVL20:
 267              	.L25:
 268              	.LCFI4:
 269              		.cfi_def_cfa_offset 0
 270              		.cfi_restore 3
 271              		.cfi_restore 4
 272              		.cfi_restore 5
 273              		.cfi_restore 14
  44:Src/display/screen_control/spi_screen_detail_tournament_mode.cpp ****     if (idx >= (int32_t)reportRateCount()) {
 274              		.loc 1 44 22 discriminator 1 view .LVU55
 275 001e 7047     		bx	lr
 276              		.cfi_endproc
 277              	.LFE2399:
 279              		.section	.rodata._Z29ScreenDetailTournament_RenderP13ST7789_HandlehRK13ScreenUiStyle.str1.4,"aMS",
 280              		.align	2
 281              	.LC0:
 282 0000 5265706F 		.ascii	"Report Rate\000"
 282      72742052 
 282      61746500 
ARM GAS  C:\Users\nicx5\AppData\Local\Temp\cc09yncr.s 			page 8


 283              		.section	.text._Z29ScreenDetailTournament_RenderP13ST7789_HandlehRK13ScreenUiStyle,"ax",%progbits
 284              		.align	1
 285              		.global	_Z29ScreenDetailTournament_RenderP13ST7789_HandlehRK13ScreenUiStyle
 286              		.syntax unified
 287              		.thumb
 288              		.thumb_func
 290              	_Z29ScreenDetailTournament_RenderP13ST7789_HandlehRK13ScreenUiStyle:
 291              	.LVL21:
 292              	.LFB2400:
  50:Src/display/screen_control/spi_screen_detail_tournament_mode.cpp **** 
  51:Src/display/screen_control/spi_screen_detail_tournament_mode.cpp **** void ScreenDetailTournament_Render(ST7789_Handle* lcd, uint8_t index, const ScreenUiStyle& style) {
 293              		.loc 1 51 99 is_stmt 1 view -0
 294              		.cfi_startproc
 295              		@ args = 0, pretend = 0, frame = 0
 296              		@ frame_needed = 0, uses_anonymous_args = 0
 297              		.loc 1 51 99 is_stmt 0 view .LVU57
 298 0000 F0B5     		push	{r4, r5, r6, r7, lr}
 299              	.LCFI5:
 300              		.cfi_def_cfa_offset 20
 301              		.cfi_offset 4, -20
 302              		.cfi_offset 5, -16
 303              		.cfi_offset 6, -12
 304              		.cfi_offset 7, -8
 305              		.cfi_offset 14, -4
 306 0002 83B0     		sub	sp, sp, #12
 307              	.LCFI6:
 308              		.cfi_def_cfa_offset 32
 309 0004 0646     		mov	r6, r0
 310 0006 0D46     		mov	r5, r1
 311 0008 1746     		mov	r7, r2
  52:Src/display/screen_control/spi_screen_detail_tournament_mode.cpp ****     if (index >= reportRateCount()) index = reportRateCount() - 1u;
 312              		.loc 1 52 5 is_stmt 1 view .LVU58
 313              		.loc 1 52 33 is_stmt 0 view .LVU59
 314 000a FFF7FEFF 		bl	_ZL15reportRateCountv
 315              	.LVL22:
 316              		.loc 1 52 5 discriminator 1 view .LVU60
 317 000e A842     		cmp	r0, r5
 318 0010 01D8     		bhi	.L30
 319              		.loc 1 52 37 is_stmt 1 discriminator 1 view .LVU61
 320              		.loc 1 52 43 is_stmt 0 discriminator 1 view .LVU62
 321 0012 451E     		subs	r5, r0, #1
 322              	.LVL23:
 323              		.loc 1 52 43 discriminator 1 view .LVU63
 324 0014 EDB2     		uxtb	r5, r5
 325              	.LVL24:
 326              	.L30:
  53:Src/display/screen_control/spi_screen_detail_tournament_mode.cpp ****     ScreenDetailRender_Slider(lcd, "Report Rate", index, style,
 327              		.loc 1 53 5 is_stmt 1 view .LVU64
  54:Src/display/screen_control/spi_screen_detail_tournament_mode.cpp ****                               reportRateCount() - 1u, kReportRates[index].label);
 328              		.loc 1 54 75 is_stmt 0 view .LVU65
 329 0016 084B     		ldr	r3, .L32
 330 0018 03EBC503 		add	r3, r3, r5, lsl #3
 331 001c 5B68     		ldr	r3, [r3, #4]
  53:Src/display/screen_control/spi_screen_detail_tournament_mode.cpp ****     ScreenDetailRender_Slider(lcd, "Report Rate", index, style,
 332              		.loc 1 53 30 view .LVU66
 333 001e 0193     		str	r3, [sp, #4]
 334 0020 441E     		subs	r4, r0, #1
ARM GAS  C:\Users\nicx5\AppData\Local\Temp\cc09yncr.s 			page 9


 335 0022 E4B2     		uxtb	r4, r4
 336 0024 0094     		str	r4, [sp]
 337 0026 3B46     		mov	r3, r7
 338 0028 2A46     		mov	r2, r5
 339 002a 0449     		ldr	r1, .L32+4
 340 002c 3046     		mov	r0, r6
 341 002e FFF7FEFF 		bl	_Z25ScreenDetailRender_SliderP13ST7789_HandlePKchRK13ScreenUiStylehS2_
 342              	.LVL25:
  55:Src/display/screen_control/spi_screen_detail_tournament_mode.cpp **** }
 343              		.loc 1 55 1 view .LVU67
 344 0032 03B0     		add	sp, sp, #12
 345              	.LCFI7:
 346              		.cfi_def_cfa_offset 20
 347              		@ sp needed
 348 0034 F0BD     		pop	{r4, r5, r6, r7, pc}
 349              	.LVL26:
 350              	.L33:
 351              		.loc 1 55 1 view .LVU68
 352 0036 00BF     		.align	2
 353              	.L32:
 354 0038 00000000 		.word	_ZL12kReportRates
 355 003c 00000000 		.word	.LC0
 356              		.cfi_endproc
 357              	.LFE2400:
 359              		.section	.text._Z32ScreenDetailTournament_OnConfirmh,"ax",%progbits
 360              		.align	1
 361              		.global	_Z32ScreenDetailTournament_OnConfirmh
 362              		.syntax unified
 363              		.thumb
 364              		.thumb_func
 366              	_Z32ScreenDetailTournament_OnConfirmh:
 367              	.LVL27:
 368              	.LFB2401:
  56:Src/display/screen_control/spi_screen_detail_tournament_mode.cpp **** 
  57:Src/display/screen_control/spi_screen_detail_tournament_mode.cpp **** bool ScreenDetailTournament_OnConfirm(uint8_t index) {
 369              		.loc 1 57 54 is_stmt 1 view -0
 370              		.cfi_startproc
 371              		@ args = 0, pretend = 0, frame = 0
 372              		@ frame_needed = 0, uses_anonymous_args = 0
 373              		.loc 1 57 54 is_stmt 0 view .LVU70
 374 0000 70B5     		push	{r4, r5, r6, lr}
 375              	.LCFI8:
 376              		.cfi_def_cfa_offset 16
 377              		.cfi_offset 4, -16
 378              		.cfi_offset 5, -12
 379              		.cfi_offset 6, -8
 380              		.cfi_offset 14, -4
 381 0002 0446     		mov	r4, r0
  58:Src/display/screen_control/spi_screen_detail_tournament_mode.cpp ****     APP_DBG("[SCREEN][RATE] confirm index:%u", (unsigned int)index);
 382              		.loc 1 58 5 is_stmt 1 view .LVU71
  59:Src/display/screen_control/spi_screen_detail_tournament_mode.cpp ****     if (index >= reportRateCount()) return false;
 383              		.loc 1 59 5 view .LVU72
 384              		.loc 1 59 33 is_stmt 0 view .LVU73
 385 0004 FFF7FEFF 		bl	_ZL15reportRateCountv
 386              	.LVL28:
 387              		.loc 1 59 5 discriminator 1 view .LVU74
 388 0008 A042     		cmp	r0, r4
ARM GAS  C:\Users\nicx5\AppData\Local\Temp\cc09yncr.s 			page 10


 389 000a 27D9     		bls	.L38
  60:Src/display/screen_control/spi_screen_detail_tournament_mode.cpp ****     const ReportRateItem& item = kReportRates[index];
 390              		.loc 1 60 5 is_stmt 1 view .LVU75
 391              	.LVL29:
  61:Src/display/screen_control/spi_screen_detail_tournament_mode.cpp ****     if (!BOARD_MODE.isStable()) {
 392              		.loc 1 61 5 view .LVU76
 393              	.LBB29:
 394              	.LBI29:
 395              		.file 3 "Inc/system/board_mode.hpp"
   1:Inc/system/board_mode.hpp **** #ifndef BOARD_MODE_HPP
   2:Inc/system/board_mode.hpp **** #define BOARD_MODE_HPP
   3:Inc/system/board_mode.hpp **** 
   4:Inc/system/board_mode.hpp **** #include <stdint.h>
   5:Inc/system/board_mode.hpp **** 
   6:Inc/system/board_mode.hpp **** enum class BoardMode : uint8_t {
   7:Inc/system/board_mode.hpp ****     Usb = 0,
   8:Inc/system/board_mode.hpp ****     Rf = 1,
   9:Inc/system/board_mode.hpp ****     CenterOff = 2,
  10:Inc/system/board_mode.hpp ****     Fault = 3,
  11:Inc/system/board_mode.hpp **** };
  12:Inc/system/board_mode.hpp **** 
  13:Inc/system/board_mode.hpp **** class BoardModeManager {
  14:Inc/system/board_mode.hpp **** public:
  15:Inc/system/board_mode.hpp ****     BoardModeManager(const BoardModeManager&) = delete;
  16:Inc/system/board_mode.hpp ****     BoardModeManager& operator=(const BoardModeManager&) = delete;
  17:Inc/system/board_mode.hpp **** 
  18:Inc/system/board_mode.hpp ****     static BoardModeManager& getInstance()
  19:Inc/system/board_mode.hpp ****     {
  20:Inc/system/board_mode.hpp ****         static BoardModeManager instance;
  21:Inc/system/board_mode.hpp ****         return instance;
  22:Inc/system/board_mode.hpp ****     }
  23:Inc/system/board_mode.hpp **** 
  24:Inc/system/board_mode.hpp ****     void setup();
  25:Inc/system/board_mode.hpp ****     void update(uint32_t nowMs);
  26:Inc/system/board_mode.hpp ****     BoardMode current() const { return stableMode; }
  27:Inc/system/board_mode.hpp ****     bool isStable() const { return stable; }
 396              		.loc 3 27 10 view .LVU77
 397              	.LBB30:
 398              		.loc 3 27 29 view .LVU78
 399              		.loc 3 27 36 is_stmt 0 view .LVU79
 400 000c 164B     		ldr	r3, .L42
 401 000e 1D7A     		ldrb	r5, [r3, #8]	@ zero_extendqisi2
 402              	.LVL30:
 403              		.loc 3 27 36 view .LVU80
 404              	.LBE30:
 405              	.LBE29:
 406              		.loc 1 61 5 discriminator 2 view .LVU81
 407 0010 2DB3     		cbz	r5, .L35
  62:Src/display/screen_control/spi_screen_detail_tournament_mode.cpp ****         return false;
  63:Src/display/screen_control/spi_screen_detail_tournament_mode.cpp ****     }
  64:Src/display/screen_control/spi_screen_detail_tournament_mode.cpp **** 
  65:Src/display/screen_control/spi_screen_detail_tournament_mode.cpp ****     const bool physicalRf = BOARD_MODE.current() == BoardMode::Rf;
 408              		.loc 1 65 5 is_stmt 1 view .LVU82
 409              	.LVL31:
 410              	.LBB31:
 411              	.LBI31:
  26:Inc/system/board_mode.hpp ****     bool isStable() const { return stable; }
ARM GAS  C:\Users\nicx5\AppData\Local\Temp\cc09yncr.s 			page 11


 412              		.loc 3 26 15 view .LVU83
 413              	.LBB32:
  26:Inc/system/board_mode.hpp ****     bool isStable() const { return stable; }
 414              		.loc 3 26 33 view .LVU84
  26:Inc/system/board_mode.hpp ****     bool isStable() const { return stable; }
 415              		.loc 3 26 40 is_stmt 0 view .LVU85
 416 0012 1B78     		ldrb	r3, [r3]	@ zero_extendqisi2
 417              	.LVL32:
  26:Inc/system/board_mode.hpp ****     bool isStable() const { return stable; }
 418              		.loc 3 26 40 view .LVU86
 419              	.LBE32:
 420              	.LBE31:
  66:Src/display/screen_control/spi_screen_detail_tournament_mode.cpp ****     const bool physicalUsb = BOARD_MODE.current() == BoardMode::Usb;
 421              		.loc 1 66 5 is_stmt 1 view .LVU87
  67:Src/display/screen_control/spi_screen_detail_tournament_mode.cpp ****     if (!physicalRf && !physicalUsb) return false;
 422              		.loc 1 67 5 view .LVU88
 423 0014 012B     		cmp	r3, #1
 424 0016 18BF     		it	ne
 425 0018 002B     		cmpne	r3, #0
 426 001a 14BF     		ite	ne
 427 001c 0126     		movne	r6, #1
 428 001e 0026     		moveq	r6, #0
 429 0020 1FD1     		bne	.L39
  68:Src/display/screen_control/spi_screen_detail_tournament_mode.cpp **** 
  69:Src/display/screen_control/spi_screen_detail_tournament_mode.cpp ****     /*
  70:Src/display/screen_control/spi_screen_detail_tournament_mode.cpp ****      * Runtime role changes are never initiated from UI. In RF position this
  71:Src/display/screen_control/spi_screen_detail_tournament_mode.cpp ****      * page applies the existing rate transaction before saving; in USB
  72:Src/display/screen_control/spi_screen_detail_tournament_mode.cpp ****      * position InputState picks up the requested rate under its existing policy.
  73:Src/display/screen_control/spi_screen_detail_tournament_mode.cpp ****      */
  74:Src/display/screen_control/spi_screen_detail_tournament_mode.cpp ****     if (physicalRf) {
 430              		.loc 1 74 5 view .LVU89
 431 0022 012B     		cmp	r3, #1
 432 0024 0ED1     		bne	.L36
  75:Src/display/screen_control/spi_screen_detail_tournament_mode.cpp ****         if (CONNECTION_MANAGER.getMode() != CONNECTION_MODE_RF24G ||
 433              		.loc 1 75 9 view .LVU90
 434              	.LVL33:
 435              	.LBB33:
 436              	.LBI33:
 437              		.file 4 "Inc/transport/connection_manager.hpp"
   1:Inc/transport/connection_manager.hpp **** #ifndef CONNECTION_MANAGER_HPP
   2:Inc/transport/connection_manager.hpp **** #define CONNECTION_MANAGER_HPP
   3:Inc/transport/connection_manager.hpp **** 
   4:Inc/transport/connection_manager.hpp **** #include <stdint.h>
   5:Inc/transport/connection_manager.hpp **** 
   6:Inc/transport/connection_manager.hpp **** #include "enums.hpp"
   7:Inc/transport/connection_manager.hpp **** #include "gamepad/GamepadState.hpp"
   8:Inc/transport/connection_manager.hpp **** #include "rf_link_state_policy.hpp"
   9:Inc/transport/connection_manager.hpp **** #include "rf_transport.hpp"
  10:Inc/transport/connection_manager.hpp **** 
  11:Inc/transport/connection_manager.hpp **** enum class RfPairingState : uint8_t {
  12:Inc/transport/connection_manager.hpp ****     Idle = 0,
  13:Inc/transport/connection_manager.hpp ****     Starting = 1,
  14:Inc/transport/connection_manager.hpp ****     PairModeOn = 2,
  15:Inc/transport/connection_manager.hpp ****     TxError = 3,
  16:Inc/transport/connection_manager.hpp ****     PairOk = 4,
  17:Inc/transport/connection_manager.hpp ****     Timeout = 5,
  18:Inc/transport/connection_manager.hpp **** };
ARM GAS  C:\Users\nicx5\AppData\Local\Temp\cc09yncr.s 			page 12


  19:Inc/transport/connection_manager.hpp **** 
  20:Inc/transport/connection_manager.hpp **** enum class RfPowerReason : uint8_t {
  21:Inc/transport/connection_manager.hpp ****     Boot = 0,
  22:Inc/transport/connection_manager.hpp ****     UsbMode = 1,
  23:Inc/transport/connection_manager.hpp ****     RfMode = 2,
  24:Inc/transport/connection_manager.hpp ****     SystemSleep = 3,
  25:Inc/transport/connection_manager.hpp ****     SystemWake = 4,
  26:Inc/transport/connection_manager.hpp ****     Manual = 5,
  27:Inc/transport/connection_manager.hpp **** };
  28:Inc/transport/connection_manager.hpp **** 
  29:Inc/transport/connection_manager.hpp **** enum class RfPowerState : uint8_t {
  30:Inc/transport/connection_manager.hpp ****     Unknown = 0,
  31:Inc/transport/connection_manager.hpp ****     Awake = 1,
  32:Inc/transport/connection_manager.hpp ****     SleepPending = 2,
  33:Inc/transport/connection_manager.hpp ****     Sleeping = 3,
  34:Inc/transport/connection_manager.hpp ****     WakePending = 4,
  35:Inc/transport/connection_manager.hpp ****     Error = 5,
  36:Inc/transport/connection_manager.hpp **** };
  37:Inc/transport/connection_manager.hpp **** 
  38:Inc/transport/connection_manager.hpp **** class ConnectionManager {
  39:Inc/transport/connection_manager.hpp **** public:
  40:Inc/transport/connection_manager.hpp ****     ConnectionManager(ConnectionManager const&) = delete;
  41:Inc/transport/connection_manager.hpp ****     void operator=(ConnectionManager const&) = delete;
  42:Inc/transport/connection_manager.hpp ****     static ConnectionManager& getInstance() {
  43:Inc/transport/connection_manager.hpp ****         static ConnectionManager instance;
  44:Inc/transport/connection_manager.hpp ****         return instance;
  45:Inc/transport/connection_manager.hpp ****     }
  46:Inc/transport/connection_manager.hpp **** 
  47:Inc/transport/connection_manager.hpp ****     void setup(ConnectionMode mode,
  48:Inc/transport/connection_manager.hpp ****                WirelessReportRate wirelessRate,
  49:Inc/transport/connection_manager.hpp ****                InputMode inputMode, bool coldSleepResume = false);
  50:Inc/transport/connection_manager.hpp ****     void loop();
  51:Inc/transport/connection_manager.hpp ****     bool onReportReady(const GamepadState& state, uint32_t seq);
  52:Inc/transport/connection_manager.hpp ****     bool applyWirelessReportRate(WirelessReportRate wirelessRate, bool persist);
  53:Inc/transport/connection_manager.hpp ****     bool startRfPairing();
  54:Inc/transport/connection_manager.hpp ****     bool stopRfPairing();
  55:Inc/transport/connection_manager.hpp ****     bool initializeRfPowerForMode(ConnectionMode mode, WirelessReportRate wirelessRate);
  56:Inc/transport/connection_manager.hpp ****     bool switchOutputToRf(WirelessReportRate wirelessRate);
  57:Inc/transport/connection_manager.hpp ****     bool switchOutputToUsb();
  58:Inc/transport/connection_manager.hpp ****     bool ensureRfSleeping(RfPowerReason reason);
  59:Inc/transport/connection_manager.hpp ****     bool wakeRfFromSleep(RfPowerReason reason);
  60:Inc/transport/connection_manager.hpp ****     bool restoreRfRuntime(WirelessReportRate wirelessRate);
  61:Inc/transport/connection_manager.hpp ****     bool sleepRfModule();
  62:Inc/transport/connection_manager.hpp ****     void onRfPowerRemovedForSleep();
  63:Inc/transport/connection_manager.hpp ****     void resetRfSleepSession();
  64:Inc/transport/connection_manager.hpp ****     void setRfSleepRecoveryError(bool error);
  65:Inc/transport/connection_manager.hpp ****     void completeRfSleepRecovery(const RFTransport& transport, uint16_t rate);
  66:Inc/transport/connection_manager.hpp ****     void cancelRfRuntimeRecovery();
  67:Inc/transport/connection_manager.hpp ****     bool isRfRuntimeRecovering() const { return rfRuntimeRecoveryActive; }
  68:Inc/transport/connection_manager.hpp ****     bool wakeRfModule();
  69:Inc/transport/connection_manager.hpp **** 
  70:Inc/transport/connection_manager.hpp ****     ConnectionMode getMode() const { return mode; }
 438              		.loc 4 70 20 view .LVU91
 439              	.LBB34:
 440              		.loc 4 70 38 view .LVU92
 441              		.loc 4 70 45 is_stmt 0 view .LVU93
 442 0026 114B     		ldr	r3, .L42+4
ARM GAS  C:\Users\nicx5\AppData\Local\Temp\cc09yncr.s 			page 13


 443              	.LVL34:
 444              		.loc 4 70 45 view .LVU94
 445 0028 1B78     		ldrb	r3, [r3]	@ zero_extendqisi2
 446              	.LVL35:
 447              		.loc 4 70 45 view .LVU95
 448              	.LBE34:
 449              	.LBE33:
 450              		.loc 1 75 67 discriminator 2 view .LVU96
 451 002a 012B     		cmp	r3, #1
 452 002c 01D0     		beq	.L41
 453              	.LVL36:
 454              	.L37:
  76:Src/display/screen_control/spi_screen_detail_tournament_mode.cpp ****             !CONNECTION_MANAGER.applyWirelessReportRate(item.rate, false)) {
  77:Src/display/screen_control/spi_screen_detail_tournament_mode.cpp ****             APP_ERR("[SCREEN][RATE] runtime rate apply failed:%u",
 455              		.loc 1 77 13 is_stmt 1 view .LVU97
  78:Src/display/screen_control/spi_screen_detail_tournament_mode.cpp ****                     (unsigned int)item.rate);
  79:Src/display/screen_control/spi_screen_detail_tournament_mode.cpp ****             return false;
 456              		.loc 1 79 13 view .LVU98
 457              		.loc 1 79 20 is_stmt 0 view .LVU99
 458 002e 3546     		mov	r5, r6
 459 0030 15E0     		b	.L35
 460              	.LVL37:
 461              	.L41:
 462              	.LBB35:
 463              	.LBI35:
  42:Inc/transport/connection_manager.hpp ****         static ConnectionManager instance;
 464              		.loc 4 42 31 is_stmt 1 view .LVU100
  43:Inc/transport/connection_manager.hpp ****         return instance;
 465              		.loc 4 43 9 view .LVU101
  44:Inc/transport/connection_manager.hpp ****     }
 466              		.loc 4 44 9 view .LVU102
 467              	.LBE35:
  76:Src/display/screen_control/spi_screen_detail_tournament_mode.cpp ****             APP_ERR("[SCREEN][RATE] runtime rate apply failed:%u",
 468              		.loc 1 76 56 is_stmt 0 discriminator 1 view .LVU103
 469 0032 0022     		movs	r2, #0
 470 0034 0E4B     		ldr	r3, .L42+8
 471 0036 33F83410 		ldrh	r1, [r3, r4, lsl #3]
 472 003a 0C48     		ldr	r0, .L42+4
 473 003c FFF7FEFF 		bl	_ZN17ConnectionManager23applyWirelessReportRateE18WirelessReportRateb
 474              	.LVL38:
  75:Src/display/screen_control/spi_screen_detail_tournament_mode.cpp ****             !CONNECTION_MANAGER.applyWirelessReportRate(item.rate, false)) {
 475              		.loc 1 75 67 discriminator 2 view .LVU104
 476 0040 0028     		cmp	r0, #0
 477 0042 F4D0     		beq	.L37
 478              	.L36:
  80:Src/display/screen_control/spi_screen_detail_tournament_mode.cpp ****         }
  81:Src/display/screen_control/spi_screen_detail_tournament_mode.cpp ****     }
  82:Src/display/screen_control/spi_screen_detail_tournament_mode.cpp ****     STORAGE_MANAGER.setWirelessReportRate(item.rate);
 479              		.loc 1 82 5 is_stmt 1 view .LVU105
 480 0044 FFF7FEFF 		bl	_ZN7Storage11getInstanceEv
 481              	.LVL39:
 482              		.loc 1 82 42 is_stmt 0 discriminator 1 view .LVU106
 483 0048 094B     		ldr	r3, .L42+8
 484 004a 33F83410 		ldrh	r1, [r3, r4, lsl #3]
 485 004e FFF7FEFF 		bl	_ZN7Storage21setWirelessReportRateE18WirelessReportRate
 486              	.LVL40:
  83:Src/display/screen_control/spi_screen_detail_tournament_mode.cpp ****     ScreenUI_RequestDeferredSave(500u);
ARM GAS  C:\Users\nicx5\AppData\Local\Temp\cc09yncr.s 			page 14


 487              		.loc 1 83 5 is_stmt 1 view .LVU107
 488              		.loc 1 83 33 is_stmt 0 view .LVU108
 489 0052 4FF4FA70 		mov	r0, #500
 490 0056 FFF7FEFF 		bl	_Z28ScreenUI_RequestDeferredSavem
 491              	.LVL41:
  84:Src/display/screen_control/spi_screen_detail_tournament_mode.cpp ****     return true;
 492              		.loc 1 84 5 is_stmt 1 view .LVU109
 493              		.loc 1 84 12 is_stmt 0 view .LVU110
 494 005a 00E0     		b	.L35
 495              	.LVL42:
 496              	.L38:
  59:Src/display/screen_control/spi_screen_detail_tournament_mode.cpp ****     const ReportRateItem& item = kReportRates[index];
 497              		.loc 1 59 44 discriminator 1 view .LVU111
 498 005c 0025     		movs	r5, #0
 499              	.L35:
  85:Src/display/screen_control/spi_screen_detail_tournament_mode.cpp **** }
 500              		.loc 1 85 1 view .LVU112
 501 005e 2846     		mov	r0, r5
 502 0060 70BD     		pop	{r4, r5, r6, pc}
 503              	.LVL43:
 504              	.L39:
  67:Src/display/screen_control/spi_screen_detail_tournament_mode.cpp **** 
 505              		.loc 1 67 45 discriminator 1 view .LVU113
 506 0062 0025     		movs	r5, #0
 507 0064 FBE7     		b	.L35
 508              	.L43:
 509 0066 00BF     		.align	2
 510              	.L42:
 511 0068 00000000 		.word	_ZZN16BoardModeManager11getInstanceEvE8instance
 512 006c 00000000 		.word	_ZZN17ConnectionManager11getInstanceEvE8instance
 513 0070 00000000 		.word	_ZL12kReportRates
 514              		.cfi_endproc
 515              	.LFE2401:
 517              		.section	.text._Z29ScreenDetailTournament_OnBackv,"ax",%progbits
 518              		.align	1
 519              		.global	_Z29ScreenDetailTournament_OnBackv
 520              		.syntax unified
 521              		.thumb
 522              		.thumb_func
 524              	_Z29ScreenDetailTournament_OnBackv:
 525              	.LFB2402:
  86:Src/display/screen_control/spi_screen_detail_tournament_mode.cpp **** 
  87:Src/display/screen_control/spi_screen_detail_tournament_mode.cpp **** bool ScreenDetailTournament_OnBack(void) {
 526              		.loc 1 87 42 is_stmt 1 view -0
 527              		.cfi_startproc
 528              		@ args = 0, pretend = 0, frame = 0
 529              		@ frame_needed = 0, uses_anonymous_args = 0
 530              		@ link register save eliminated.
  88:Src/display/screen_control/spi_screen_detail_tournament_mode.cpp ****     return true;
 531              		.loc 1 88 5 view .LVU115
  89:Src/display/screen_control/spi_screen_detail_tournament_mode.cpp **** }
 532              		.loc 1 89 1 is_stmt 0 view .LVU116
 533 0000 0120     		movs	r0, #1
 534 0002 7047     		bx	lr
 535              		.cfi_endproc
 536              	.LFE2402:
 538              		.section	.rodata.str1.4,"aMS",%progbits,1
ARM GAS  C:\Users\nicx5\AppData\Local\Temp\cc09yncr.s 			page 15


 539              		.align	2
 540              	.LC1:
 541 0000 314B00   		.ascii	"1K\000"
 542 0003 00       		.align	2
 543              	.LC2:
 544 0004 324B00   		.ascii	"2K\000"
 545 0007 00       		.align	2
 546              	.LC3:
 547 0008 344B00   		.ascii	"4K\000"
 548 000b 00       		.align	2
 549              	.LC4:
 550 000c 384B00   		.ascii	"8K\000"
 551              		.section	.rodata._ZL12kReportRates,"a"
 552              		.align	2
 555              	_ZL12kReportRates:
 556 0000 E803     		.short	1000
 557 0002 0000     		.space	2
 558 0004 00000000 		.word	.LC1
 559 0008 D007     		.short	2000
 560 000a 0000     		.space	2
 561 000c 04000000 		.word	.LC2
 562 0010 A00F     		.short	4000
 563 0012 0000     		.space	2
 564 0014 08000000 		.word	.LC3
 565 0018 401F     		.short	8000
 566 001a 0000     		.space	2
 567 001c 0C000000 		.word	.LC4
 568              		.weak	_ZZN17ConnectionManager11getInstanceEvE8instance
 569              		.section	.data._ZZN17ConnectionManager11getInstanceEvE8instance,"awG",%progbits,_ZZN17ConnectionMa
 570              		.align	2
 573              	_ZZN17ConnectionManager11getInstanceEvE8instance:
 574 0000 00       		.byte	0
 575 0001 00       		.byte	0
 576 0002 E803     		.short	1000
 577 0004 E803     		.short	1000
 578 0006 00       		.byte	0
 579 0007 01       		.byte	1
 580 0008 00       		.byte	0
 581 0009 00       		.byte	0
 582 000a 00       		.byte	0
 583 000b 00       		.space	1
 584 000c 00000000 		.word	0
 585 0010 00000000 		.word	0
 586 0014 00000000 		.word	0
 587 0018 00000000 		.word	0
 588 001c 00000000 		.word	0
 589 0020 00000000 		.word	0
 590 0024 00000000 		.word	0
 591 0028 00000000 		.word	0
 592 002c 00000000 		.word	0
 593 0030 00000000 		.word	0
 594 0034 00       		.byte	0
 595 0035 00       		.byte	0
 596 0036 00       		.byte	0
 597 0037 00       		.byte	0
 598 0038 00       		.byte	0
 599 0039 000000   		.space	3
ARM GAS  C:\Users\nicx5\AppData\Local\Temp\cc09yncr.s 			page 16


 600 003c 00000000 		.word	0
 601 0040 00       		.byte	0
 602 0041 00       		.byte	0
 603 0042 00       		.byte	0
 604 0043 00       		.space	1
 605 0044 00000000 		.word	0
 606 0048 00000000 		.word	0
 607 004c 00       		.byte	0
 608 004d 00       		.byte	0
 609 004e 00       		.byte	0
 610 004f 00       		.space	1
 611 0050 00       		.byte	0
 612 0051 000000   		.space	3
 613 0054 00       		.byte	0
 614 0055 00       		.byte	0
 615 0056 00       		.byte	0
 616 0057 00       		.space	1
 617 0058 E803     		.short	1000
 618 005a 00       		.byte	0
 619 005b 00       		.space	1
 620 005c 0000     		.short	0
 621 005e 0000     		.short	0
 622 0060 0000     		.short	0
 623 0062 0000     		.space	2
 624 0064 00000000 		.word	0
 625 0068 00       		.byte	0
 626 0069 00       		.byte	0
 627 006a 00       		.byte	0
 628 006b 00       		.byte	0
 629 006c 00       		.byte	0
 630 006d 00       		.byte	0
 631 006e 0000     		.space	2
 632 0070 00000000 		.word	0
 633 0074 00000000 		.word	0
 634 0078 00000000 		.word	0
 635 007c 0000     		.short	0
 636 007e 00       		.byte	0
 637 007f 00       		.space	1
 638              		.weak	_ZGVZN7Storage11getInstanceEvE8instance
 639              		.section	.bss._ZGVZN7Storage11getInstanceEvE8instance,"awG",%nobits,_ZGVZN7Storage11getInstanceEvE
 640              		.align	2
 643              	_ZGVZN7Storage11getInstanceEvE8instance:
 644 0000 00000000 		.space	4
 645              		.weak	_ZZN7Storage11getInstanceEvE8instance
 646              		.section	.bss._ZZN7Storage11getInstanceEvE8instance,"awG",%nobits,_ZZN7Storage11getInstanceEvE8ins
 647              		.align	2
 650              	_ZZN7Storage11getInstanceEvE8instance:
 651 0000 00000000 		.space	36484
 651      00000000 
 651      00000000 
 651      00000000 
 651      00000000 
 652              		.weak	_ZZN16BoardModeManager11getInstanceEvE8instance
 653              		.section	.data._ZZN16BoardModeManager11getInstanceEvE8instance,"awG",%progbits,_ZZN16BoardModeMana
 654              		.align	2
 657              	_ZZN16BoardModeManager11getInstanceEvE8instance:
 658 0000 02       		.byte	2
ARM GAS  C:\Users\nicx5\AppData\Local\Temp\cc09yncr.s 			page 17


 659 0001 02       		.byte	2
 660 0002 0000     		.space	2
 661 0004 00000000 		.word	0
 662 0008 00       		.byte	0
 663 0009 00       		.byte	0
 664 000a 0000     		.space	2
 665              		.text
 666              	.Letext0:
 667              		.file 5 "D:/Program Files/msys64/mingw64/arm-none-eabi/include/machine/_default_types.h"
 668              		.file 6 "D:/Program Files/msys64/mingw64/arm-none-eabi/include/sys/_stdint.h"
 669              		.file 7 "Inc/display/screen_control/spi_screen_layout.hpp"
 670              		.file 8 "Drivers/CMSIS/Device/ST/STM32H7xx/Include/stm32h750xx.h"
 671              		.file 9 "D:/Program Files/msys64/mingw64/lib/gcc/arm-none-eabi/13.3.0/include/stddef.h"
 672              		.file 10 "D:/Program Files/msys64/mingw64/arm-none-eabi/include/c++/13.3.0/cmath"
 673              		.file 11 "D:/Program Files/msys64/mingw64/arm-none-eabi/include/c++/13.3.0/type_traits"
 674              		.file 12 "D:/Program Files/msys64/mingw64/arm-none-eabi/include/c++/13.3.0/debug/debug.h"
 675              		.file 13 "D:/Program Files/msys64/mingw64/arm-none-eabi/include/c++/13.3.0/bits/std_abs.h"
 676              		.file 14 "D:/Program Files/msys64/mingw64/arm-none-eabi/include/c++/13.3.0/cstddef"
 677              		.file 15 "D:/Program Files/msys64/mingw64/arm-none-eabi/include/c++/13.3.0/arm-none-eabi/thumb/v7e
 678              		.file 16 "D:/Program Files/msys64/mingw64/arm-none-eabi/include/c++/13.3.0/bits/predefined_ops.h"
 679              		.file 17 "D:/Program Files/msys64/mingw64/arm-none-eabi/include/math.h"
 680              		.file 18 "D:/Program Files/msys64/mingw64/arm-none-eabi/include/c++/13.3.0/math.h"
 681              		.file 19 "Drivers/STM32H7xx_HAL_Driver/Inc/stm32h7xx_hal_def.h"
 682              		.file 20 "Drivers/STM32H7xx_HAL_Driver/Inc/stm32h7xx_hal_dma.h"
 683              		.file 21 "Drivers/STM32H7xx_HAL_Driver/Inc/stm32h7xx_hal_tim.h"
 684              		.file 22 "Inc/system/board_cfg.h"
 685              		.file 23 "Inc/support/enums.hpp"
 686              		.file 24 "Inc/display/drivers/st7789/st7789.h"
 687              		.file 25 "Inc/power/power_config.hpp"
 688              		.file 26 "Inc/config/config.hpp"
 689              		.file 27 "Inc/input/gamepad/GamepadState.hpp"
 690              		.file 28 "Inc/transport/rf/rf_transport.hpp"
 691              		.file 29 "Inc/transport/rf/rf_link_state_policy.hpp"
 692              		.file 30 "Inc/display/screen_control/spi_screen_detail_entries.hpp"
 693              		.file 31 "Inc/display/screen_control/spi_screen_detail_render_helpers.hpp"
 694              		.file 32 "D:/Program Files/msys64/mingw64/arm-none-eabi/include/c++/13.3.0/bits/memory_resource.h"
ARM GAS  C:\Users\nicx5\AppData\Local\Temp\cc09yncr.s 			page 18


DEFINED SYMBOLS
                            *ABS*:00000000 spi_screen_detail_tournament_mode.cpp
C:\Users\nicx5\AppData\Local\Temp\cc09yncr.s:20     .text._ZL15reportRateCountv:00000000 $t
C:\Users\nicx5\AppData\Local\Temp\cc09yncr.s:25     .text._ZL15reportRateCountv:00000000 _ZL15reportRateCountv
C:\Users\nicx5\AppData\Local\Temp\cc09yncr.s:40     .text._ZN7Storage11getInstanceEv:00000000 $t
C:\Users\nicx5\AppData\Local\Temp\cc09yncr.s:46     .text._ZN7Storage11getInstanceEv:00000000 _ZN7Storage11getInstanceEv
C:\Users\nicx5\AppData\Local\Temp\cc09yncr.s:92     .text._ZN7Storage11getInstanceEv:00000028 $d
C:\Users\nicx5\AppData\Local\Temp\cc09yncr.s:643    .bss._ZGVZN7Storage11getInstanceEvE8instance:00000000 _ZGVZN7Storage11getInstanceEvE8instance
C:\Users\nicx5\AppData\Local\Temp\cc09yncr.s:650    .bss._ZZN7Storage11getInstanceEvE8instance:00000000 _ZZN7Storage11getInstanceEvE8instance
C:\Users\nicx5\AppData\Local\Temp\cc09yncr.s:98     .text._ZL23selectedReportRateIndexv:00000000 $t
C:\Users\nicx5\AppData\Local\Temp\cc09yncr.s:103    .text._ZL23selectedReportRateIndexv:00000000 _ZL23selectedReportRateIndexv
C:\Users\nicx5\AppData\Local\Temp\cc09yncr.s:175    .text._ZL23selectedReportRateIndexv:0000002c $d
C:\Users\nicx5\AppData\Local\Temp\cc09yncr.s:555    .rodata._ZL12kReportRates:00000000 _ZL12kReportRates
C:\Users\nicx5\AppData\Local\Temp\cc09yncr.s:180    .text._Z32ScreenDetailTournament_InitIndexv:00000000 $t
C:\Users\nicx5\AppData\Local\Temp\cc09yncr.s:186    .text._Z32ScreenDetailTournament_InitIndexv:00000000 _Z32ScreenDetailTournament_InitIndexv
C:\Users\nicx5\AppData\Local\Temp\cc09yncr.s:207    .text._Z29ScreenDetailTournament_RotatePha:00000000 $t
C:\Users\nicx5\AppData\Local\Temp\cc09yncr.s:213    .text._Z29ScreenDetailTournament_RotatePha:00000000 _Z29ScreenDetailTournament_RotatePha
C:\Users\nicx5\AppData\Local\Temp\cc09yncr.s:280    .rodata._Z29ScreenDetailTournament_RenderP13ST7789_HandlehRK13ScreenUiStyle.str1.4:00000000 $d
C:\Users\nicx5\AppData\Local\Temp\cc09yncr.s:284    .text._Z29ScreenDetailTournament_RenderP13ST7789_HandlehRK13ScreenUiStyle:00000000 $t
C:\Users\nicx5\AppData\Local\Temp\cc09yncr.s:290    .text._Z29ScreenDetailTournament_RenderP13ST7789_HandlehRK13ScreenUiStyle:00000000 _Z29ScreenDetailTournament_RenderP13ST7789_HandlehRK13ScreenUiStyle
C:\Users\nicx5\AppData\Local\Temp\cc09yncr.s:354    .text._Z29ScreenDetailTournament_RenderP13ST7789_HandlehRK13ScreenUiStyle:00000038 $d
C:\Users\nicx5\AppData\Local\Temp\cc09yncr.s:360    .text._Z32ScreenDetailTournament_OnConfirmh:00000000 $t
C:\Users\nicx5\AppData\Local\Temp\cc09yncr.s:366    .text._Z32ScreenDetailTournament_OnConfirmh:00000000 _Z32ScreenDetailTournament_OnConfirmh
C:\Users\nicx5\AppData\Local\Temp\cc09yncr.s:511    .text._Z32ScreenDetailTournament_OnConfirmh:00000068 $d
C:\Users\nicx5\AppData\Local\Temp\cc09yncr.s:657    .data._ZZN16BoardModeManager11getInstanceEvE8instance:00000000 _ZZN16BoardModeManager11getInstanceEvE8instance
C:\Users\nicx5\AppData\Local\Temp\cc09yncr.s:573    .data._ZZN17ConnectionManager11getInstanceEvE8instance:00000000 _ZZN17ConnectionManager11getInstanceEvE8instance
C:\Users\nicx5\AppData\Local\Temp\cc09yncr.s:518    .text._Z29ScreenDetailTournament_OnBackv:00000000 $t
C:\Users\nicx5\AppData\Local\Temp\cc09yncr.s:524    .text._Z29ScreenDetailTournament_OnBackv:00000000 _Z29ScreenDetailTournament_OnBackv
C:\Users\nicx5\AppData\Local\Temp\cc09yncr.s:539    .rodata.str1.4:00000000 $d
C:\Users\nicx5\AppData\Local\Temp\cc09yncr.s:552    .rodata._ZL12kReportRates:00000000 $d
C:\Users\nicx5\AppData\Local\Temp\cc09yncr.s:570    .data._ZZN17ConnectionManager11getInstanceEvE8instance:00000000 $d
C:\Users\nicx5\AppData\Local\Temp\cc09yncr.s:640    .bss._ZGVZN7Storage11getInstanceEvE8instance:00000000 $d
C:\Users\nicx5\AppData\Local\Temp\cc09yncr.s:647    .bss._ZZN7Storage11getInstanceEvE8instance:00000000 $d
C:\Users\nicx5\AppData\Local\Temp\cc09yncr.s:654    .data._ZZN16BoardModeManager11getInstanceEvE8instance:00000000 $d

UNDEFINED SYMBOLS
__cxa_guard_acquire
__cxa_guard_release
_Z25ScreenDetailRender_SliderP13ST7789_HandlePKchRK13ScreenUiStylehS2_
_ZN17ConnectionManager23applyWirelessReportRateE18WirelessReportRateb
_ZN7Storage21setWirelessReportRateE18WirelessReportRate
_Z28ScreenUI_RequestDeferredSavem
