Archive member included to satisfy reference by file (symbol)

E:/Works/CH585EVT/EVT/EXAM/SRC/StdPeriphDriver/libISP585.a(ISP585.o)
                              build/src/rf_link_stub.o (FLASH_EEPROM_CMD)
d:/mounriverstudio2/mounriver_studio2/resources/app/resources/win32/components/wch/toolchain/risc-v embedded gcc/bin/../lib/gcc/riscv-none-embed/8.2.0/../../../../riscv-none-embed/lib/rv32imac/ilp32\libg.a(lib_a-memcpy.o)
                              build/src/report_pipeline.o (memcpy)
d:/mounriverstudio2/mounriver_studio2/resources/app/resources/win32/components/wch/toolchain/risc-v embedded gcc/bin/../lib/gcc/riscv-none-embed/8.2.0/../../../../riscv-none-embed/lib/rv32imac/ilp32\libg.a(lib_a-memset.o)
                              build/src/report_pipeline.o (memset)

Discarded input sections

 .group         0x0000000000000000        0xc build/src/main.o
 .group         0x0000000000000000        0xc build/src/main.o
 .group         0x0000000000000000        0xc build/src/main.o
 .group         0x0000000000000000        0xc build/src/main.o
 .group         0x0000000000000000        0xc build/src/main.o
 .group         0x0000000000000000        0xc build/src/main.o
 .group         0x0000000000000000        0xc build/src/main.o
 .group         0x0000000000000000        0xc build/src/main.o
 .group         0x0000000000000000        0xc build/src/main.o
 .group         0x0000000000000000        0xc build/src/main.o
 .text          0x0000000000000000        0x0 build/src/main.o
 .data          0x0000000000000000        0x0 build/src/main.o
 .bss           0x0000000000000000        0x0 build/src/main.o
 .group         0x0000000000000000        0xc build/src/dongle_fsm.o
 .group         0x0000000000000000        0xc build/src/dongle_fsm.o
 .group         0x0000000000000000        0xc build/src/dongle_fsm.o
 .group         0x0000000000000000        0xc build/src/dongle_fsm.o
 .group         0x0000000000000000        0xc build/src/dongle_fsm.o
 .group         0x0000000000000000        0xc build/src/dongle_fsm.o
 .group         0x0000000000000000        0xc build/src/dongle_fsm.o
 .group         0x0000000000000000        0xc build/src/dongle_fsm.o
 .group         0x0000000000000000        0xc build/src/dongle_fsm.o
 .group         0x0000000000000000        0xc build/src/dongle_fsm.o
 .text          0x0000000000000000        0x0 build/src/dongle_fsm.o
 .data          0x0000000000000000        0x0 build/src/dongle_fsm.o
 .bss           0x0000000000000000        0x0 build/src/dongle_fsm.o
 .text.dongle_fsm_request_pairing
                0x0000000000000000        0xc build/src/dongle_fsm.o
 .text.dongle_fsm_request_unpair
                0x0000000000000000        0xc build/src/dongle_fsm.o
 .text.dongle_fsm_get_state
                0x0000000000000000        0xa build/src/dongle_fsm.o
 .debug_macro   0x0000000000000000      0x766 build/src/dongle_fsm.o
 .debug_macro   0x0000000000000000       0x22 build/src/dongle_fsm.o
 .debug_macro   0x0000000000000000       0x22 build/src/dongle_fsm.o
 .debug_macro   0x0000000000000000       0x8e build/src/dongle_fsm.o
 .debug_macro   0x0000000000000000       0x51 build/src/dongle_fsm.o
 .debug_macro   0x0000000000000000       0xef build/src/dongle_fsm.o
 .debug_macro   0x0000000000000000       0x6a build/src/dongle_fsm.o
 .debug_macro   0x0000000000000000      0x1df build/src/dongle_fsm.o
 .debug_macro   0x0000000000000000      0x11e build/src/dongle_fsm.o
 .debug_macro   0x0000000000000000      0x174 build/src/dongle_fsm.o
 .group         0x0000000000000000        0xc build/src/rf_protocol.o
 .group         0x0000000000000000        0xc build/src/rf_protocol.o
 .group         0x0000000000000000        0xc build/src/rf_protocol.o
 .group         0x0000000000000000        0xc build/src/rf_protocol.o
 .group         0x0000000000000000        0xc build/src/rf_protocol.o
 .group         0x0000000000000000        0xc build/src/rf_protocol.o
 .group         0x0000000000000000        0xc build/src/rf_protocol.o
 .group         0x0000000000000000        0xc build/src/rf_protocol.o
 .group         0x0000000000000000        0xc build/src/rf_protocol.o
 .group         0x0000000000000000        0xc build/src/rf_protocol.o
 .text          0x0000000000000000        0x0 build/src/rf_protocol.o
 .data          0x0000000000000000        0x0 build/src/rf_protocol.o
 .bss           0x0000000000000000        0x0 build/src/rf_protocol.o
 .debug_macro   0x0000000000000000      0x766 build/src/rf_protocol.o
 .debug_macro   0x0000000000000000       0x22 build/src/rf_protocol.o
 .debug_macro   0x0000000000000000      0x174 build/src/rf_protocol.o
 .debug_macro   0x0000000000000000       0x22 build/src/rf_protocol.o
 .debug_macro   0x0000000000000000       0x8e build/src/rf_protocol.o
 .debug_macro   0x0000000000000000       0x51 build/src/rf_protocol.o
 .debug_macro   0x0000000000000000       0xef build/src/rf_protocol.o
 .debug_macro   0x0000000000000000       0x6a build/src/rf_protocol.o
 .debug_macro   0x0000000000000000      0x1df build/src/rf_protocol.o
 .group         0x0000000000000000        0xc build/src/report_pipeline.o
 .group         0x0000000000000000        0xc build/src/report_pipeline.o
 .group         0x0000000000000000        0xc build/src/report_pipeline.o
 .group         0x0000000000000000        0xc build/src/report_pipeline.o
 .group         0x0000000000000000        0xc build/src/report_pipeline.o
 .group         0x0000000000000000        0xc build/src/report_pipeline.o
 .group         0x0000000000000000        0xc build/src/report_pipeline.o
 .group         0x0000000000000000        0xc build/src/report_pipeline.o
 .group         0x0000000000000000        0xc build/src/report_pipeline.o
 .group         0x0000000000000000        0xc build/src/report_pipeline.o
 .group         0x0000000000000000        0xc build/src/report_pipeline.o
 .group         0x0000000000000000        0xc build/src/report_pipeline.o
 .group         0x0000000000000000        0xc build/src/report_pipeline.o
 .group         0x0000000000000000        0xc build/src/report_pipeline.o
 .group         0x0000000000000000        0xc build/src/report_pipeline.o
 .group         0x0000000000000000        0xc build/src/report_pipeline.o
 .group         0x0000000000000000        0xc build/src/report_pipeline.o
 .group         0x0000000000000000        0xc build/src/report_pipeline.o
 .group         0x0000000000000000        0xc build/src/report_pipeline.o
 .group         0x0000000000000000        0xc build/src/report_pipeline.o
 .group         0x0000000000000000        0xc build/src/report_pipeline.o
 .group         0x0000000000000000        0xc build/src/report_pipeline.o
 .text          0x0000000000000000        0x0 build/src/report_pipeline.o
 .data          0x0000000000000000        0x0 build/src/report_pipeline.o
 .bss           0x0000000000000000        0x0 build/src/report_pipeline.o
 .text.report_pipeline_invalid_count
                0x0000000000000000        0xa build/src/report_pipeline.o
 .debug_macro   0x0000000000000000      0x766 build/src/report_pipeline.o
 .debug_macro   0x0000000000000000       0x22 build/src/report_pipeline.o
 .debug_macro   0x0000000000000000      0x174 build/src/report_pipeline.o
 .debug_macro   0x0000000000000000       0x22 build/src/report_pipeline.o
 .debug_macro   0x0000000000000000       0x8e build/src/report_pipeline.o
 .debug_macro   0x0000000000000000       0x51 build/src/report_pipeline.o
 .debug_macro   0x0000000000000000       0xef build/src/report_pipeline.o
 .debug_macro   0x0000000000000000       0x6a build/src/report_pipeline.o
 .debug_macro   0x0000000000000000      0x1df build/src/report_pipeline.o
 .debug_macro   0x0000000000000000      0x11e build/src/report_pipeline.o
 .group         0x0000000000000000        0xc build/src/rf_link_stub.o
 .group         0x0000000000000000        0xc build/src/rf_link_stub.o
 .group         0x0000000000000000        0xc build/src/rf_link_stub.o
 .group         0x0000000000000000        0xc build/src/rf_link_stub.o
 .group         0x0000000000000000        0xc build/src/rf_link_stub.o
 .group         0x0000000000000000        0xc build/src/rf_link_stub.o
 .group         0x0000000000000000        0xc build/src/rf_link_stub.o
 .group         0x0000000000000000        0xc build/src/rf_link_stub.o
 .group         0x0000000000000000        0xc build/src/rf_link_stub.o
 .group         0x0000000000000000        0xc build/src/rf_link_stub.o
 .group         0x0000000000000000        0xc build/src/rf_link_stub.o
 .group         0x0000000000000000        0xc build/src/rf_link_stub.o
 .group         0x0000000000000000        0xc build/src/rf_link_stub.o
 .group         0x0000000000000000        0xc build/src/rf_link_stub.o
 .group         0x0000000000000000        0xc build/src/rf_link_stub.o
 .group         0x0000000000000000        0xc build/src/rf_link_stub.o
 .group         0x0000000000000000        0xc build/src/rf_link_stub.o
 .group         0x0000000000000000        0xc build/src/rf_link_stub.o
 .group         0x0000000000000000        0xc build/src/rf_link_stub.o
 .group         0x0000000000000000        0xc build/src/rf_link_stub.o
 .group         0x0000000000000000        0xc build/src/rf_link_stub.o
 .group         0x0000000000000000        0xc build/src/rf_link_stub.o
 .group         0x0000000000000000        0xc build/src/rf_link_stub.o
 .group         0x0000000000000000        0xc build/src/rf_link_stub.o
 .group         0x0000000000000000        0xc build/src/rf_link_stub.o
 .group         0x0000000000000000        0xc build/src/rf_link_stub.o
 .group         0x0000000000000000        0xc build/src/rf_link_stub.o
 .group         0x0000000000000000        0xc build/src/rf_link_stub.o
 .group         0x0000000000000000        0xc build/src/rf_link_stub.o
 .group         0x0000000000000000        0xc build/src/rf_link_stub.o
 .group         0x0000000000000000        0xc build/src/rf_link_stub.o
 .group         0x0000000000000000        0xc build/src/rf_link_stub.o
 .group         0x0000000000000000        0xc build/src/rf_link_stub.o
 .group         0x0000000000000000        0xc build/src/rf_link_stub.o
 .group         0x0000000000000000        0xc build/src/rf_link_stub.o
 .group         0x0000000000000000        0xc build/src/rf_link_stub.o
 .group         0x0000000000000000        0xc build/src/rf_link_stub.o
 .group         0x0000000000000000        0xc build/src/rf_link_stub.o
 .group         0x0000000000000000        0xc build/src/rf_link_stub.o
 .text          0x0000000000000000        0x0 build/src/rf_link_stub.o
 .data          0x0000000000000000        0x0 build/src/rf_link_stub.o
 .bss           0x0000000000000000        0x0 build/src/rf_link_stub.o
 .debug_macro   0x0000000000000000      0x766 build/src/rf_link_stub.o
 .debug_macro   0x0000000000000000       0x22 build/src/rf_link_stub.o
 .debug_macro   0x0000000000000000      0x174 build/src/rf_link_stub.o
 .debug_macro   0x0000000000000000       0x22 build/src/rf_link_stub.o
 .debug_macro   0x0000000000000000       0x8e build/src/rf_link_stub.o
 .debug_macro   0x0000000000000000       0x51 build/src/rf_link_stub.o
 .debug_macro   0x0000000000000000       0xef build/src/rf_link_stub.o
 .debug_macro   0x0000000000000000       0x6a build/src/rf_link_stub.o
 .debug_macro   0x0000000000000000      0x1df build/src/rf_link_stub.o
 .debug_macro   0x0000000000000000       0x58 build/src/rf_link_stub.o
 .debug_macro   0x0000000000000000       0x19 build/src/rf_link_stub.o
 .debug_macro   0x0000000000000000       0x34 build/src/rf_link_stub.o
 .debug_macro   0x0000000000000000       0x34 build/src/rf_link_stub.o
 .debug_macro   0x0000000000000000       0x58 build/src/rf_link_stub.o
 .debug_macro   0x0000000000000000       0x1f build/src/rf_link_stub.o
 .debug_macro   0x0000000000000000       0x43 build/src/rf_link_stub.o
 .debug_macro   0x0000000000000000       0x20 build/src/rf_link_stub.o
 .debug_macro   0x0000000000000000      0x18e build/src/rf_link_stub.o
 .debug_macro   0x0000000000000000      0x330 build/src/rf_link_stub.o
 .debug_macro   0x0000000000000000       0x10 build/src/rf_link_stub.o
 .debug_macro   0x0000000000000000       0x35 build/src/rf_link_stub.o
 .debug_macro   0x0000000000000000       0x22 build/src/rf_link_stub.o
 .group         0x0000000000000000        0xc build/src/usb_hid_stub.o
 .group         0x0000000000000000        0xc build/src/usb_hid_stub.o
 .group         0x0000000000000000        0xc build/src/usb_hid_stub.o
 .group         0x0000000000000000        0xc build/src/usb_hid_stub.o
 .group         0x0000000000000000        0xc build/src/usb_hid_stub.o
 .group         0x0000000000000000        0xc build/src/usb_hid_stub.o
 .group         0x0000000000000000        0xc build/src/usb_hid_stub.o
 .group         0x0000000000000000        0xc build/src/usb_hid_stub.o
 .group         0x0000000000000000        0xc build/src/usb_hid_stub.o
 .group         0x0000000000000000        0xc build/src/usb_hid_stub.o
 .group         0x0000000000000000        0xc build/src/usb_hid_stub.o
 .group         0x0000000000000000        0xc build/src/usb_hid_stub.o
 .group         0x0000000000000000        0xc build/src/usb_hid_stub.o
 .group         0x0000000000000000        0xc build/src/usb_hid_stub.o
 .group         0x0000000000000000        0xc build/src/usb_hid_stub.o
 .group         0x0000000000000000        0xc build/src/usb_hid_stub.o
 .group         0x0000000000000000        0xc build/src/usb_hid_stub.o
 .group         0x0000000000000000        0xc build/src/usb_hid_stub.o
 .group         0x0000000000000000        0xc build/src/usb_hid_stub.o
 .group         0x0000000000000000        0xc build/src/usb_hid_stub.o
 .group         0x0000000000000000        0xc build/src/usb_hid_stub.o
 .group         0x0000000000000000        0xc build/src/usb_hid_stub.o
 .text          0x0000000000000000        0x0 build/src/usb_hid_stub.o
 .data          0x0000000000000000        0x0 build/src/usb_hid_stub.o
 .bss           0x0000000000000000        0x0 build/src/usb_hid_stub.o
 .debug_macro   0x0000000000000000      0x766 build/src/usb_hid_stub.o
 .debug_macro   0x0000000000000000       0x22 build/src/usb_hid_stub.o
 .debug_macro   0x0000000000000000       0x22 build/src/usb_hid_stub.o
 .debug_macro   0x0000000000000000       0x8e build/src/usb_hid_stub.o
 .debug_macro   0x0000000000000000       0x51 build/src/usb_hid_stub.o
 .debug_macro   0x0000000000000000       0xef build/src/usb_hid_stub.o
 .debug_macro   0x0000000000000000       0x6a build/src/usb_hid_stub.o
 .debug_macro   0x0000000000000000      0x1df build/src/usb_hid_stub.o
 .debug_macro   0x0000000000000000       0x58 build/src/usb_hid_stub.o
 .debug_macro   0x0000000000000000       0x19 build/src/usb_hid_stub.o
 .debug_macro   0x0000000000000000       0x34 build/src/usb_hid_stub.o
 .debug_macro   0x0000000000000000       0x34 build/src/usb_hid_stub.o
 .debug_macro   0x0000000000000000      0x174 build/src/usb_hid_stub.o
 .debug_macro   0x0000000000000000       0x58 build/src/usb_hid_stub.o
 .debug_macro   0x0000000000000000       0x1f build/src/usb_hid_stub.o
 .debug_macro   0x0000000000000000       0x43 build/src/usb_hid_stub.o
 .debug_macro   0x0000000000000000       0x20 build/src/usb_hid_stub.o
 .debug_macro   0x0000000000000000      0x18e build/src/usb_hid_stub.o
 .debug_macro   0x0000000000000000      0x330 build/src/usb_hid_stub.o
 .debug_macro   0x0000000000000000       0x10 build/src/usb_hid_stub.o
 .debug_macro   0x0000000000000000       0x35 build/src/usb_hid_stub.o
 .group         0x0000000000000000        0xc build/src/platform_ch585_stub.o
 .group         0x0000000000000000        0xc build/src/platform_ch585_stub.o
 .group         0x0000000000000000        0xc build/src/platform_ch585_stub.o
 .group         0x0000000000000000        0xc build/src/platform_ch585_stub.o
 .group         0x0000000000000000        0xc build/src/platform_ch585_stub.o
 .group         0x0000000000000000        0xc build/src/platform_ch585_stub.o
 .group         0x0000000000000000        0xc build/src/platform_ch585_stub.o
 .group         0x0000000000000000        0xc build/src/platform_ch585_stub.o
 .group         0x0000000000000000        0xc build/src/platform_ch585_stub.o
 .group         0x0000000000000000        0xc build/src/platform_ch585_stub.o
 .group         0x0000000000000000        0xc build/src/platform_ch585_stub.o
 .group         0x0000000000000000        0xc build/src/platform_ch585_stub.o
 .group         0x0000000000000000        0xc build/src/platform_ch585_stub.o
 .group         0x0000000000000000        0xc build/src/platform_ch585_stub.o
 .group         0x0000000000000000        0xc build/src/platform_ch585_stub.o
 .group         0x0000000000000000        0xc build/src/platform_ch585_stub.o
 .group         0x0000000000000000        0xc build/src/platform_ch585_stub.o
 .group         0x0000000000000000        0xc build/src/platform_ch585_stub.o
 .group         0x0000000000000000        0xc build/src/platform_ch585_stub.o
 .group         0x0000000000000000        0xc build/src/platform_ch585_stub.o
 .group         0x0000000000000000        0xc build/src/platform_ch585_stub.o
 .group         0x0000000000000000        0xc build/src/platform_ch585_stub.o
 .group         0x0000000000000000        0xc build/src/platform_ch585_stub.o
 .group         0x0000000000000000        0xc build/src/platform_ch585_stub.o
 .group         0x0000000000000000        0xc build/src/platform_ch585_stub.o
 .group         0x0000000000000000        0xc build/src/platform_ch585_stub.o
 .group         0x0000000000000000        0xc build/src/platform_ch585_stub.o
 .group         0x0000000000000000        0xc build/src/platform_ch585_stub.o
 .group         0x0000000000000000        0xc build/src/platform_ch585_stub.o
 .group         0x0000000000000000        0xc build/src/platform_ch585_stub.o
 .group         0x0000000000000000        0xc build/src/platform_ch585_stub.o
 .group         0x0000000000000000        0xc build/src/platform_ch585_stub.o
 .group         0x0000000000000000        0xc build/src/platform_ch585_stub.o
 .group         0x0000000000000000        0xc build/src/platform_ch585_stub.o
 .group         0x0000000000000000        0xc build/src/platform_ch585_stub.o
 .group         0x0000000000000000        0xc build/src/platform_ch585_stub.o
 .group         0x0000000000000000        0xc build/src/platform_ch585_stub.o
 .group         0x0000000000000000        0xc build/src/platform_ch585_stub.o
 .text          0x0000000000000000        0x0 build/src/platform_ch585_stub.o
 .data          0x0000000000000000        0x0 build/src/platform_ch585_stub.o
 .bss           0x0000000000000000        0x0 build/src/platform_ch585_stub.o
 .debug_macro   0x0000000000000000      0x766 build/src/platform_ch585_stub.o
 .debug_macro   0x0000000000000000       0x22 build/src/platform_ch585_stub.o
 .debug_macro   0x0000000000000000       0x22 build/src/platform_ch585_stub.o
 .debug_macro   0x0000000000000000       0x8e build/src/platform_ch585_stub.o
 .debug_macro   0x0000000000000000       0x51 build/src/platform_ch585_stub.o
 .debug_macro   0x0000000000000000       0xef build/src/platform_ch585_stub.o
 .debug_macro   0x0000000000000000       0x6a build/src/platform_ch585_stub.o
 .debug_macro   0x0000000000000000      0x1df build/src/platform_ch585_stub.o
 .debug_macro   0x0000000000000000       0x58 build/src/platform_ch585_stub.o
 .debug_macro   0x0000000000000000       0x19 build/src/platform_ch585_stub.o
 .debug_macro   0x0000000000000000       0x34 build/src/platform_ch585_stub.o
 .debug_macro   0x0000000000000000       0x34 build/src/platform_ch585_stub.o
 .debug_macro   0x0000000000000000      0x174 build/src/platform_ch585_stub.o
 .debug_macro   0x0000000000000000       0x58 build/src/platform_ch585_stub.o
 .debug_macro   0x0000000000000000       0x1f build/src/platform_ch585_stub.o
 .debug_macro   0x0000000000000000       0x43 build/src/platform_ch585_stub.o
 .debug_macro   0x0000000000000000       0x20 build/src/platform_ch585_stub.o
 .debug_macro   0x0000000000000000      0x18e build/src/platform_ch585_stub.o
 .debug_macro   0x0000000000000000      0x330 build/src/platform_ch585_stub.o
 .debug_macro   0x0000000000000000       0x10 build/src/platform_ch585_stub.o
 .debug_macro   0x0000000000000000       0x35 build/src/platform_ch585_stub.o
 .debug_macro   0x0000000000000000     0x2d68 build/src/platform_ch585_stub.o
 .debug_macro   0x0000000000000000       0xa4 build/src/platform_ch585_stub.o
 .debug_macro   0x0000000000000000       0x3b build/src/platform_ch585_stub.o
 .debug_macro   0x0000000000000000       0xd6 build/src/platform_ch585_stub.o
 .debug_macro   0x0000000000000000      0x10b build/src/platform_ch585_stub.o
 .debug_macro   0x0000000000000000      0x19a build/src/platform_ch585_stub.o
 .debug_macro   0x0000000000000000       0x82 build/src/platform_ch585_stub.o
 .debug_macro   0x0000000000000000       0x71 build/src/platform_ch585_stub.o
 .debug_macro   0x0000000000000000       0x83 build/src/platform_ch585_stub.o
 .debug_macro   0x0000000000000000       0x54 build/src/platform_ch585_stub.o
 .debug_macro   0x0000000000000000      0x1cc build/src/platform_ch585_stub.o
 .debug_macro   0x0000000000000000       0x51 build/src/platform_ch585_stub.o
 .debug_macro   0x0000000000000000       0x8c build/src/platform_ch585_stub.o
 .debug_macro   0x0000000000000000       0x88 build/src/platform_ch585_stub.o
 .debug_macro   0x0000000000000000       0xdb build/src/platform_ch585_stub.o
 .debug_macro   0x0000000000000000       0x2e build/src/platform_ch585_stub.o
 .group         0x0000000000000000        0xc build/src/ch585_startup_compat.o
 .group         0x0000000000000000        0xc build/src/ch585_startup_compat.o
 .group         0x0000000000000000        0xc build/src/ch585_startup_compat.o
 .group         0x0000000000000000        0xc build/src/ch585_startup_compat.o
 .group         0x0000000000000000        0xc build/src/ch585_startup_compat.o
 .group         0x0000000000000000        0xc build/src/ch585_startup_compat.o
 .group         0x0000000000000000        0xc build/src/ch585_startup_compat.o
 .text          0x0000000000000000        0x0 build/src/ch585_startup_compat.o
 .data          0x0000000000000000        0x0 build/src/ch585_startup_compat.o
 .bss           0x0000000000000000        0x0 build/src/ch585_startup_compat.o
 .debug_macro   0x0000000000000000      0x766 build/src/ch585_startup_compat.o
 .debug_macro   0x0000000000000000       0x22 build/src/ch585_startup_compat.o
 .debug_macro   0x0000000000000000       0x8e build/src/ch585_startup_compat.o
 .debug_macro   0x0000000000000000       0x51 build/src/ch585_startup_compat.o
 .debug_macro   0x0000000000000000       0xef build/src/ch585_startup_compat.o
 .debug_macro   0x0000000000000000       0x6a build/src/ch585_startup_compat.o
 .debug_macro   0x0000000000000000      0x1df build/src/ch585_startup_compat.o
 .group         0x0000000000000000        0xc build/sdk/CH58x_gpio.o
 .group         0x0000000000000000        0xc build/sdk/CH58x_gpio.o
 .group         0x0000000000000000        0xc build/sdk/CH58x_gpio.o
 .group         0x0000000000000000        0xc build/sdk/CH58x_gpio.o
 .group         0x0000000000000000        0xc build/sdk/CH58x_gpio.o
 .group         0x0000000000000000        0xc build/sdk/CH58x_gpio.o
 .group         0x0000000000000000        0xc build/sdk/CH58x_gpio.o
 .group         0x0000000000000000        0xc build/sdk/CH58x_gpio.o
 .group         0x0000000000000000        0xc build/sdk/CH58x_gpio.o
 .group         0x0000000000000000        0xc build/sdk/CH58x_gpio.o
 .group         0x0000000000000000        0xc build/sdk/CH58x_gpio.o
 .group         0x0000000000000000        0xc build/sdk/CH58x_gpio.o
 .group         0x0000000000000000        0xc build/sdk/CH58x_gpio.o
 .group         0x0000000000000000        0xc build/sdk/CH58x_gpio.o
 .group         0x0000000000000000        0xc build/sdk/CH58x_gpio.o
 .group         0x0000000000000000        0xc build/sdk/CH58x_gpio.o
 .group         0x0000000000000000        0xc build/sdk/CH58x_gpio.o
 .group         0x0000000000000000        0xc build/sdk/CH58x_gpio.o
 .group         0x0000000000000000        0xc build/sdk/CH58x_gpio.o
 .group         0x0000000000000000        0xc build/sdk/CH58x_gpio.o
 .group         0x0000000000000000        0xc build/sdk/CH58x_gpio.o
 .group         0x0000000000000000        0xc build/sdk/CH58x_gpio.o
 .group         0x0000000000000000        0xc build/sdk/CH58x_gpio.o
 .group         0x0000000000000000        0xc build/sdk/CH58x_gpio.o
 .group         0x0000000000000000        0xc build/sdk/CH58x_gpio.o
 .group         0x0000000000000000        0xc build/sdk/CH58x_gpio.o
 .group         0x0000000000000000        0xc build/sdk/CH58x_gpio.o
 .group         0x0000000000000000        0xc build/sdk/CH58x_gpio.o
 .group         0x0000000000000000        0xc build/sdk/CH58x_gpio.o
 .group         0x0000000000000000        0xc build/sdk/CH58x_gpio.o
 .group         0x0000000000000000        0xc build/sdk/CH58x_gpio.o
 .group         0x0000000000000000        0xc build/sdk/CH58x_gpio.o
 .group         0x0000000000000000        0xc build/sdk/CH58x_gpio.o
 .group         0x0000000000000000        0xc build/sdk/CH58x_gpio.o
 .group         0x0000000000000000        0xc build/sdk/CH58x_gpio.o
 .group         0x0000000000000000        0xc build/sdk/CH58x_gpio.o
 .group         0x0000000000000000        0xc build/sdk/CH58x_gpio.o
 .text          0x0000000000000000        0x0 build/sdk/CH58x_gpio.o
 .data          0x0000000000000000        0x0 build/sdk/CH58x_gpio.o
 .bss           0x0000000000000000        0x0 build/sdk/CH58x_gpio.o
 .text.GPIOB_ModeCfg
                0x0000000000000000       0xa4 build/sdk/CH58x_gpio.o
 .rodata.GPIOB_ModeCfg
                0x0000000000000000       0x14 build/sdk/CH58x_gpio.o
 .text.GPIOA_ITModeCfg
                0x0000000000000000       0x82 build/sdk/CH58x_gpio.o
 .text.GPIOB_ITModeCfg
                0x0000000000000000       0x8a build/sdk/CH58x_gpio.o
 .text.GPIOPinRemap
                0x0000000000000000       0x1a build/sdk/CH58x_gpio.o
 .text.GPIOAGPPCfg
                0x0000000000000000       0x1a build/sdk/CH58x_gpio.o
 .text.GPIOBDigitalCfg
                0x0000000000000000       0x50 build/sdk/CH58x_gpio.o
 .debug_macro   0x0000000000000000      0x766 build/sdk/CH58x_gpio.o
 .debug_macro   0x0000000000000000       0x3a build/sdk/CH58x_gpio.o
 .debug_macro   0x0000000000000000       0x22 build/sdk/CH58x_gpio.o
 .debug_macro   0x0000000000000000       0x19 build/sdk/CH58x_gpio.o
 .debug_macro   0x0000000000000000       0x34 build/sdk/CH58x_gpio.o
 .debug_macro   0x0000000000000000       0x34 build/sdk/CH58x_gpio.o
 .debug_macro   0x0000000000000000      0x174 build/sdk/CH58x_gpio.o
 .debug_macro   0x0000000000000000       0x58 build/sdk/CH58x_gpio.o
 .debug_macro   0x0000000000000000       0x1f build/sdk/CH58x_gpio.o
 .debug_macro   0x0000000000000000       0x43 build/sdk/CH58x_gpio.o
 .debug_macro   0x0000000000000000       0x20 build/sdk/CH58x_gpio.o
 .debug_macro   0x0000000000000000      0x18e build/sdk/CH58x_gpio.o
 .debug_macro   0x0000000000000000      0x330 build/sdk/CH58x_gpio.o
 .debug_macro   0x0000000000000000       0x10 build/sdk/CH58x_gpio.o
 .debug_macro   0x0000000000000000       0x35 build/sdk/CH58x_gpio.o
 .debug_macro   0x0000000000000000       0xef build/sdk/CH58x_gpio.o
 .debug_macro   0x0000000000000000       0x6a build/sdk/CH58x_gpio.o
 .debug_macro   0x0000000000000000      0x1df build/sdk/CH58x_gpio.o
 .debug_macro   0x0000000000000000     0x2d68 build/sdk/CH58x_gpio.o
 .debug_macro   0x0000000000000000       0xa4 build/sdk/CH58x_gpio.o
 .debug_macro   0x0000000000000000       0x3b build/sdk/CH58x_gpio.o
 .debug_macro   0x0000000000000000       0xd6 build/sdk/CH58x_gpio.o
 .debug_macro   0x0000000000000000      0x10b build/sdk/CH58x_gpio.o
 .debug_macro   0x0000000000000000      0x19a build/sdk/CH58x_gpio.o
 .debug_macro   0x0000000000000000       0x82 build/sdk/CH58x_gpio.o
 .debug_macro   0x0000000000000000       0x71 build/sdk/CH58x_gpio.o
 .debug_macro   0x0000000000000000       0x83 build/sdk/CH58x_gpio.o
 .debug_macro   0x0000000000000000       0x54 build/sdk/CH58x_gpio.o
 .debug_macro   0x0000000000000000      0x1cc build/sdk/CH58x_gpio.o
 .debug_macro   0x0000000000000000       0x51 build/sdk/CH58x_gpio.o
 .debug_macro   0x0000000000000000       0x8c build/sdk/CH58x_gpio.o
 .debug_macro   0x0000000000000000       0x88 build/sdk/CH58x_gpio.o
 .debug_macro   0x0000000000000000       0xdb build/sdk/CH58x_gpio.o
 .debug_macro   0x0000000000000000       0x2e build/sdk/CH58x_gpio.o
 .group         0x0000000000000000        0xc build/sdk/CH58x_timer0.o
 .group         0x0000000000000000        0xc build/sdk/CH58x_timer0.o
 .group         0x0000000000000000        0xc build/sdk/CH58x_timer0.o
 .group         0x0000000000000000        0xc build/sdk/CH58x_timer0.o
 .group         0x0000000000000000        0xc build/sdk/CH58x_timer0.o
 .group         0x0000000000000000        0xc build/sdk/CH58x_timer0.o
 .group         0x0000000000000000        0xc build/sdk/CH58x_timer0.o
 .group         0x0000000000000000        0xc build/sdk/CH58x_timer0.o
 .group         0x0000000000000000        0xc build/sdk/CH58x_timer0.o
 .group         0x0000000000000000        0xc build/sdk/CH58x_timer0.o
 .group         0x0000000000000000        0xc build/sdk/CH58x_timer0.o
 .group         0x0000000000000000        0xc build/sdk/CH58x_timer0.o
 .group         0x0000000000000000        0xc build/sdk/CH58x_timer0.o
 .group         0x0000000000000000        0xc build/sdk/CH58x_timer0.o
 .group         0x0000000000000000        0xc build/sdk/CH58x_timer0.o
 .group         0x0000000000000000        0xc build/sdk/CH58x_timer0.o
 .group         0x0000000000000000        0xc build/sdk/CH58x_timer0.o
 .group         0x0000000000000000        0xc build/sdk/CH58x_timer0.o
 .group         0x0000000000000000        0xc build/sdk/CH58x_timer0.o
 .group         0x0000000000000000        0xc build/sdk/CH58x_timer0.o
 .group         0x0000000000000000        0xc build/sdk/CH58x_timer0.o
 .group         0x0000000000000000        0xc build/sdk/CH58x_timer0.o
 .group         0x0000000000000000        0xc build/sdk/CH58x_timer0.o
 .group         0x0000000000000000        0xc build/sdk/CH58x_timer0.o
 .group         0x0000000000000000        0xc build/sdk/CH58x_timer0.o
 .group         0x0000000000000000        0xc build/sdk/CH58x_timer0.o
 .group         0x0000000000000000        0xc build/sdk/CH58x_timer0.o
 .group         0x0000000000000000        0xc build/sdk/CH58x_timer0.o
 .group         0x0000000000000000        0xc build/sdk/CH58x_timer0.o
 .group         0x0000000000000000        0xc build/sdk/CH58x_timer0.o
 .group         0x0000000000000000        0xc build/sdk/CH58x_timer0.o
 .group         0x0000000000000000        0xc build/sdk/CH58x_timer0.o
 .group         0x0000000000000000        0xc build/sdk/CH58x_timer0.o
 .group         0x0000000000000000        0xc build/sdk/CH58x_timer0.o
 .group         0x0000000000000000        0xc build/sdk/CH58x_timer0.o
 .group         0x0000000000000000        0xc build/sdk/CH58x_timer0.o
 .group         0x0000000000000000        0xc build/sdk/CH58x_timer0.o
 .text          0x0000000000000000        0x0 build/sdk/CH58x_timer0.o
 .data          0x0000000000000000        0x0 build/sdk/CH58x_timer0.o
 .bss           0x0000000000000000        0x0 build/sdk/CH58x_timer0.o
 .text.TMR0_EXTSingleCounterInit
                0x0000000000000000       0x1a build/sdk/CH58x_timer0.o
 .text.TMR0_PWMInit
                0x0000000000000000       0x1a build/sdk/CH58x_timer0.o
 .text.TMR0_CapInit
                0x0000000000000000       0x1a build/sdk/CH58x_timer0.o
 .text.TMR0_DMACfg
                0x0000000000000000       0x2a build/sdk/CH58x_timer0.o
 .debug_macro   0x0000000000000000      0x766 build/sdk/CH58x_timer0.o
 .debug_macro   0x0000000000000000       0x3a build/sdk/CH58x_timer0.o
 .debug_macro   0x0000000000000000       0x22 build/sdk/CH58x_timer0.o
 .debug_macro   0x0000000000000000       0x52 build/sdk/CH58x_timer0.o
 .debug_macro   0x0000000000000000       0x19 build/sdk/CH58x_timer0.o
 .debug_macro   0x0000000000000000       0x94 build/sdk/CH58x_timer0.o
 .debug_macro   0x0000000000000000       0x34 build/sdk/CH58x_timer0.o
 .debug_macro   0x0000000000000000       0x34 build/sdk/CH58x_timer0.o
 .debug_macro   0x0000000000000000      0x174 build/sdk/CH58x_timer0.o
 .debug_macro   0x0000000000000000       0x57 build/sdk/CH58x_timer0.o
 .debug_macro   0x0000000000000000       0x58 build/sdk/CH58x_timer0.o
 .debug_macro   0x0000000000000000       0x1f build/sdk/CH58x_timer0.o
 .debug_macro   0x0000000000000000       0x43 build/sdk/CH58x_timer0.o
 .debug_macro   0x0000000000000000       0x20 build/sdk/CH58x_timer0.o
 .debug_macro   0x0000000000000000      0x18e build/sdk/CH58x_timer0.o
 .debug_macro   0x0000000000000000      0x330 build/sdk/CH58x_timer0.o
 .debug_macro   0x0000000000000000       0x10 build/sdk/CH58x_timer0.o
 .debug_macro   0x0000000000000000       0x35 build/sdk/CH58x_timer0.o
 .debug_macro   0x0000000000000000       0xef build/sdk/CH58x_timer0.o
 .debug_macro   0x0000000000000000       0x6a build/sdk/CH58x_timer0.o
 .debug_macro   0x0000000000000000      0x1df build/sdk/CH58x_timer0.o
 .debug_macro   0x0000000000000000     0x2d68 build/sdk/CH58x_timer0.o
 .debug_macro   0x0000000000000000       0xa4 build/sdk/CH58x_timer0.o
 .debug_macro   0x0000000000000000       0x3b build/sdk/CH58x_timer0.o
 .debug_macro   0x0000000000000000       0xd6 build/sdk/CH58x_timer0.o
 .debug_macro   0x0000000000000000      0x10b build/sdk/CH58x_timer0.o
 .debug_macro   0x0000000000000000      0x19a build/sdk/CH58x_timer0.o
 .debug_macro   0x0000000000000000       0x82 build/sdk/CH58x_timer0.o
 .debug_macro   0x0000000000000000       0x71 build/sdk/CH58x_timer0.o
 .debug_macro   0x0000000000000000       0x83 build/sdk/CH58x_timer0.o
 .debug_macro   0x0000000000000000       0x54 build/sdk/CH58x_timer0.o
 .debug_macro   0x0000000000000000      0x1cc build/sdk/CH58x_timer0.o
 .debug_macro   0x0000000000000000       0x51 build/sdk/CH58x_timer0.o
 .debug_macro   0x0000000000000000       0x8c build/sdk/CH58x_timer0.o
 .debug_macro   0x0000000000000000       0x88 build/sdk/CH58x_timer0.o
 .debug_macro   0x0000000000000000       0xdb build/sdk/CH58x_timer0.o
 .debug_macro   0x0000000000000000       0x2e build/sdk/CH58x_timer0.o
 .group         0x0000000000000000        0xc build/sdk/CH58x_flash.o
 .group         0x0000000000000000        0xc build/sdk/CH58x_flash.o
 .group         0x0000000000000000        0xc build/sdk/CH58x_flash.o
 .group         0x0000000000000000        0xc build/sdk/CH58x_flash.o
 .group         0x0000000000000000        0xc build/sdk/CH58x_flash.o
 .group         0x0000000000000000        0xc build/sdk/CH58x_flash.o
 .group         0x0000000000000000        0xc build/sdk/CH58x_flash.o
 .group         0x0000000000000000        0xc build/sdk/CH58x_flash.o
 .group         0x0000000000000000        0xc build/sdk/CH58x_flash.o
 .group         0x0000000000000000        0xc build/sdk/CH58x_flash.o
 .group         0x0000000000000000        0xc build/sdk/CH58x_flash.o
 .group         0x0000000000000000        0xc build/sdk/CH58x_flash.o
 .group         0x0000000000000000        0xc build/sdk/CH58x_flash.o
 .group         0x0000000000000000        0xc build/sdk/CH58x_flash.o
 .group         0x0000000000000000        0xc build/sdk/CH58x_flash.o
 .group         0x0000000000000000        0xc build/sdk/CH58x_flash.o
 .group         0x0000000000000000        0xc build/sdk/CH58x_flash.o
 .group         0x0000000000000000        0xc build/sdk/CH58x_flash.o
 .group         0x0000000000000000        0xc build/sdk/CH58x_flash.o
 .group         0x0000000000000000        0xc build/sdk/CH58x_flash.o
 .group         0x0000000000000000        0xc build/sdk/CH58x_flash.o
 .group         0x0000000000000000        0xc build/sdk/CH58x_flash.o
 .group         0x0000000000000000        0xc build/sdk/CH58x_flash.o
 .group         0x0000000000000000        0xc build/sdk/CH58x_flash.o
 .group         0x0000000000000000        0xc build/sdk/CH58x_flash.o
 .group         0x0000000000000000        0xc build/sdk/CH58x_flash.o
 .group         0x0000000000000000        0xc build/sdk/CH58x_flash.o
 .group         0x0000000000000000        0xc build/sdk/CH58x_flash.o
 .group         0x0000000000000000        0xc build/sdk/CH58x_flash.o
 .group         0x0000000000000000        0xc build/sdk/CH58x_flash.o
 .group         0x0000000000000000        0xc build/sdk/CH58x_flash.o
 .group         0x0000000000000000        0xc build/sdk/CH58x_flash.o
 .group         0x0000000000000000        0xc build/sdk/CH58x_flash.o
 .group         0x0000000000000000        0xc build/sdk/CH58x_flash.o
 .group         0x0000000000000000        0xc build/sdk/CH58x_flash.o
 .group         0x0000000000000000        0xc build/sdk/CH58x_flash.o
 .group         0x0000000000000000        0xc build/sdk/CH58x_flash.o
 .text          0x0000000000000000        0x0 build/sdk/CH58x_flash.o
 .data          0x0000000000000000        0x0 build/sdk/CH58x_flash.o
 .bss           0x0000000000000000        0x0 build/sdk/CH58x_flash.o
 .text.FLASH_ROM_READ
                0x0000000000000000       0x1c build/sdk/CH58x_flash.o
 .text.UserOptionByteConfig
                0x0000000000000000       0xdc build/sdk/CH58x_flash.o
 .text.UserOptionByteClose_SWD
                0x0000000000000000       0x7e build/sdk/CH58x_flash.o
 .text.UserOptionByte_Active
                0x0000000000000000       0x88 build/sdk/CH58x_flash.o
 .text.GET_UNIQUE_ID
                0x0000000000000000       0x5a build/sdk/CH58x_flash.o
 .debug_info    0x0000000000000000     0x1064 build/sdk/CH58x_flash.o
 .debug_abbrev  0x0000000000000000      0x34c build/sdk/CH58x_flash.o
 .debug_loc     0x0000000000000000      0x266 build/sdk/CH58x_flash.o
 .debug_aranges
                0x0000000000000000       0x40 build/sdk/CH58x_flash.o
 .debug_ranges  0x0000000000000000       0x30 build/sdk/CH58x_flash.o
 .debug_macro   0x0000000000000000      0x1e3 build/sdk/CH58x_flash.o
 .debug_macro   0x0000000000000000      0x766 build/sdk/CH58x_flash.o
 .debug_macro   0x0000000000000000       0x3a build/sdk/CH58x_flash.o
 .debug_macro   0x0000000000000000       0x22 build/sdk/CH58x_flash.o
 .debug_macro   0x0000000000000000       0x52 build/sdk/CH58x_flash.o
 .debug_macro   0x0000000000000000       0x19 build/sdk/CH58x_flash.o
 .debug_macro   0x0000000000000000       0x94 build/sdk/CH58x_flash.o
 .debug_macro   0x0000000000000000       0x34 build/sdk/CH58x_flash.o
 .debug_macro   0x0000000000000000       0x34 build/sdk/CH58x_flash.o
 .debug_macro   0x0000000000000000      0x174 build/sdk/CH58x_flash.o
 .debug_macro   0x0000000000000000       0x57 build/sdk/CH58x_flash.o
 .debug_macro   0x0000000000000000       0x58 build/sdk/CH58x_flash.o
 .debug_macro   0x0000000000000000       0x1f build/sdk/CH58x_flash.o
 .debug_macro   0x0000000000000000       0x43 build/sdk/CH58x_flash.o
 .debug_macro   0x0000000000000000       0x20 build/sdk/CH58x_flash.o
 .debug_macro   0x0000000000000000      0x18e build/sdk/CH58x_flash.o
 .debug_macro   0x0000000000000000      0x330 build/sdk/CH58x_flash.o
 .debug_macro   0x0000000000000000       0x10 build/sdk/CH58x_flash.o
 .debug_macro   0x0000000000000000       0x35 build/sdk/CH58x_flash.o
 .debug_macro   0x0000000000000000       0xef build/sdk/CH58x_flash.o
 .debug_macro   0x0000000000000000       0x6a build/sdk/CH58x_flash.o
 .debug_macro   0x0000000000000000      0x1df build/sdk/CH58x_flash.o
 .debug_macro   0x0000000000000000     0x2d68 build/sdk/CH58x_flash.o
 .debug_macro   0x0000000000000000       0xa4 build/sdk/CH58x_flash.o
 .debug_macro   0x0000000000000000       0x3b build/sdk/CH58x_flash.o
 .debug_macro   0x0000000000000000       0xd6 build/sdk/CH58x_flash.o
 .debug_macro   0x0000000000000000      0x10b build/sdk/CH58x_flash.o
 .debug_macro   0x0000000000000000      0x19a build/sdk/CH58x_flash.o
 .debug_macro   0x0000000000000000       0x82 build/sdk/CH58x_flash.o
 .debug_macro   0x0000000000000000       0x71 build/sdk/CH58x_flash.o
 .debug_macro   0x0000000000000000       0x83 build/sdk/CH58x_flash.o
 .debug_macro   0x0000000000000000       0x54 build/sdk/CH58x_flash.o
 .debug_macro   0x0000000000000000      0x1cc build/sdk/CH58x_flash.o
 .debug_macro   0x0000000000000000       0x51 build/sdk/CH58x_flash.o
 .debug_macro   0x0000000000000000       0x8c build/sdk/CH58x_flash.o
 .debug_macro   0x0000000000000000       0x88 build/sdk/CH58x_flash.o
 .debug_macro   0x0000000000000000       0xdb build/sdk/CH58x_flash.o
 .debug_macro   0x0000000000000000       0x2e build/sdk/CH58x_flash.o
 .debug_line    0x0000000000000000      0xaa2 build/sdk/CH58x_flash.o
 .debug_str     0x0000000000000000    0x157d4 build/sdk/CH58x_flash.o
 .comment       0x0000000000000000       0x34 build/sdk/CH58x_flash.o
 .debug_frame   0x0000000000000000       0xa4 build/sdk/CH58x_flash.o
 .text          0x0000000000000000        0x0 build/sdk/startup_CH585.o
 .data          0x0000000000000000        0x0 build/sdk/startup_CH585.o
 .bss           0x0000000000000000        0x0 build/sdk/startup_CH585.o
 .text          0x0000000000000000        0x0 E:/Works/CH585EVT/EVT/EXAM/SRC/StdPeriphDriver/libISP585.a(ISP585.o)
 .data          0x0000000000000000        0x0 E:/Works/CH585EVT/EVT/EXAM/SRC/StdPeriphDriver/libISP585.a(ISP585.o)
 .bss           0x0000000000000000        0x0 E:/Works/CH585EVT/EVT/EXAM/SRC/StdPeriphDriver/libISP585.a(ISP585.o)
 .text          0x0000000000000000        0x0 d:/mounriverstudio2/mounriver_studio2/resources/app/resources/win32/components/wch/toolchain/risc-v embedded gcc/bin/../lib/gcc/riscv-none-embed/8.2.0/../../../../riscv-none-embed/lib/rv32imac/ilp32\libg.a(lib_a-memcpy.o)
 .data          0x0000000000000000        0x0 d:/mounriverstudio2/mounriver_studio2/resources/app/resources/win32/components/wch/toolchain/risc-v embedded gcc/bin/../lib/gcc/riscv-none-embed/8.2.0/../../../../riscv-none-embed/lib/rv32imac/ilp32\libg.a(lib_a-memcpy.o)
 .bss           0x0000000000000000        0x0 d:/mounriverstudio2/mounriver_studio2/resources/app/resources/win32/components/wch/toolchain/risc-v embedded gcc/bin/../lib/gcc/riscv-none-embed/8.2.0/../../../../riscv-none-embed/lib/rv32imac/ilp32\libg.a(lib_a-memcpy.o)
 .data          0x0000000000000000        0x0 d:/mounriverstudio2/mounriver_studio2/resources/app/resources/win32/components/wch/toolchain/risc-v embedded gcc/bin/../lib/gcc/riscv-none-embed/8.2.0/../../../../riscv-none-embed/lib/rv32imac/ilp32\libg.a(lib_a-memset.o)
 .bss           0x0000000000000000        0x0 d:/mounriverstudio2/mounriver_studio2/resources/app/resources/win32/components/wch/toolchain/risc-v embedded gcc/bin/../lib/gcc/riscv-none-embed/8.2.0/../../../../riscv-none-embed/lib/rv32imac/ilp32\libg.a(lib_a-memset.o)

Memory Configuration

Name             Origin             Length             Attributes
FLASH            0x0000000000000000 0x0000000000070000 xr
RAM              0x0000000020000000 0x0000000000020000 xrw
*default*        0x0000000000000000 0xffffffffffffffff

Linker script and memory map

LOAD build/src/main.o
LOAD build/src/dongle_fsm.o
LOAD build/src/rf_protocol.o
LOAD build/src/report_pipeline.o
LOAD build/src/rf_link_stub.o
LOAD build/src/usb_hid_stub.o
LOAD build/src/platform_ch585_stub.o
LOAD build/src/ch585_startup_compat.o
LOAD build/sdk/CH58x_gpio.o
LOAD build/sdk/CH58x_timer0.o
LOAD build/sdk/CH58x_flash.o
LOAD build/sdk/startup_CH585.o
LOAD E:/Works/CH585EVT/EVT/EXAM/SRC/StdPeriphDriver/libISP585.a
LOAD d:/mounriverstudio2/mounriver_studio2/resources/app/resources/win32/components/wch/toolchain/risc-v embedded gcc/bin/../lib/gcc/riscv-none-embed/8.2.0/rv32imac/ilp32\libgcc.a
START GROUP
LOAD d:/mounriverstudio2/mounriver_studio2/resources/app/resources/win32/components/wch/toolchain/risc-v embedded gcc/bin/../lib/gcc/riscv-none-embed/8.2.0/rv32imac/ilp32\libgcc.a
LOAD d:/mounriverstudio2/mounriver_studio2/resources/app/resources/win32/components/wch/toolchain/risc-v embedded gcc/bin/../lib/gcc/riscv-none-embed/8.2.0/../../../../riscv-none-embed/lib/rv32imac/ilp32\libg.a
LOAD d:/mounriverstudio2/mounriver_studio2/resources/app/resources/win32/components/wch/toolchain/risc-v embedded gcc/bin/../lib/gcc/riscv-none-embed/8.2.0/../../../../riscv-none-embed/lib/rv32imac/ilp32\libc.a
END GROUP
LOAD d:/mounriverstudio2/mounriver_studio2/resources/app/resources/win32/components/wch/toolchain/risc-v embedded gcc/bin/../lib/gcc/riscv-none-embed/8.2.0/rv32imac/ilp32\libgcc.a

.init           0x0000000000000000        0x4
                0x0000000000000000                _sinit = .
                0x0000000000000000                . = ALIGN (0x4)
 *(SORT_NONE(.init))
 .init          0x0000000000000000        0x4 build/sdk/startup_CH585.o
                0x0000000000000000                _start
                0x0000000000000004                . = ALIGN (0x4)
                0x0000000000000004                _einit = .

.highcode_initlalign
                0x0000000000000004        0x0
                0x0000000000000004                . = ALIGN (0x4)
                0x0000000000000004                PROVIDE (_highcode_init_lma = .)

.highcode_init  0x0000000020000000      0x154 load address 0x0000000000000004
                0x0000000020000000                PROVIDE (_highcode_init_vma_start = .)
                0x0000000020000000                . = ALIGN (0x400)
 *(.vector)
 .vector        0x0000000020000000       0xa0 build/sdk/startup_CH585.o
                0x0000000020000000                _vector_base
 *(SORT_NONE(.vector_handler))
 .vector_handler
                0x00000000200000a0        0x2 build/sdk/startup_CH585.o
                0x00000000200000a0                NFC_IRQHandler
                0x00000000200000a0                HardFault_Handler
                0x00000000200000a0                GPIOB_IRQHandler
                0x00000000200000a0                GPIOA_IRQHandler
                0x00000000200000a0                SysTick_Handler
                0x00000000200000a0                NMI_Handler
                0x00000000200000a0                UART1_IRQHandler
                0x00000000200000a0                UART0_IRQHandler
                0x00000000200000a0                BB_IRQHandler
                0x00000000200000a0                Break_Point_Handler
                0x00000000200000a0                Ecall_M_Mode_Handler
                0x00000000200000a0                RTC_IRQHandler
                0x00000000200000a0                LED_IRQHandler
                0x00000000200000a0                UART2_IRQHandler
                0x00000000200000a0                ADC_IRQHandler
                0x00000000200000a0                TMR2_IRQHandler
                0x00000000200000a0                USB_IRQHandler
                0x00000000200000a0                I2C_IRQHandler
                0x00000000200000a0                LLE_IRQHandler
                0x00000000200000a0                WDOG_BAT_IRQHandler
                0x00000000200000a0                Ecall_U_Mode_Handler
                0x00000000200000a0                TMR3_IRQHandler
                0x00000000200000a0                SW_Handler
                0x00000000200000a0                SPI0_IRQHandler
                0x00000000200000a0                USB2_HOST_IRQHandler
                0x00000000200000a0                PWMX_SPI1_IRQHandler
                0x00000000200000a0                UART3_IRQHandler
                0x00000000200000a0                USB2_DEVICE_IRQHandler
                0x00000000200000a0                TMR1_IRQHandler
 *(.highcode_init)
 .highcode_init
                0x00000000200000a2        0x2 build/src/ch585_startup_compat.o
                0x00000000200000a2                highcode_init
 .highcode_init
                0x00000000200000a4       0xae build/sdk/startup_CH585.o
 *(.highcode_init.*)
                0x0000000020000154                . = ALIGN (0x4)
 *fill*         0x0000000020000152        0x2 
                0x0000000020000154                PROVIDE (_highcode_init_vma_end = .)

.highcodelalign
                0x0000000000000158        0x0
                0x0000000000000158                . = ALIGN (0x4)
                0x0000000000000158                PROVIDE (_highcode_lma = .)

.highcode       0x0000000020000154      0x3f4 load address 0x0000000000000158
                0x0000000020000154                . = ALIGN (0x4)
                0x0000000020000154                PROVIDE (_highcode_vma_start = .)
 *(.highcode)
 .highcode      0x0000000020000154       0x20 build/src/platform_ch585_stub.o
                0x0000000020000154                TMR0_IRQHandler
 *(.highcode.*)
 .highcode.FLASH_ROM_BEG
                0x0000000020000174       0x12 E:/Works/CH585EVT/EVT/EXAM/SRC/StdPeriphDriver/libISP585.a(ISP585.o)
                0x0000000020000174                FLASH_ROM_BEG
 .highcode.FLASH_ROM_END
                0x0000000020000186        0xe E:/Works/CH585EVT/EVT/EXAM/SRC/StdPeriphDriver/libISP585.a(ISP585.o)
                0x0000000020000186                FLASH_ROM_END
 .highcode.FLASH_ROM_IN
                0x0000000020000194        0xe E:/Works/CH585EVT/EVT/EXAM/SRC/StdPeriphDriver/libISP585.a(ISP585.o)
                0x0000000020000194                FLASH_ROM_IN
 .highcode.FLASH_ROM_OUT
                0x00000000200001a2        0xe E:/Works/CH585EVT/EVT/EXAM/SRC/StdPeriphDriver/libISP585.a(ISP585.o)
                0x00000000200001a2                FLASH_ROM_OUT
 .highcode.FLASH_ROM_ADDR
                0x00000000200001b0       0x48 E:/Works/CH585EVT/EVT/EXAM/SRC/StdPeriphDriver/libISP585.a(ISP585.o)
                0x00000000200001b0                FLASH_ROM_ADDR
 .highcode.FLASH_ROM_WAIT
                0x00000000200001f8       0x38 E:/Works/CH585EVT/EVT/EXAM/SRC/StdPeriphDriver/libISP585.a(ISP585.o)
                0x00000000200001f8                FLASH_ROM_WAIT
 .highcode.FLASH_EEPROM_CMD
                0x0000000020000230      0x318 E:/Works/CH585EVT/EVT/EXAM/SRC/StdPeriphDriver/libISP585.a(ISP585.o)
                0x0000000020000230                FLASH_EEPROM_CMD
 *(.highcode_lp)
 *(.highcode_lp.*)
                0x0000000020000548                . = ALIGN (0x4)
                0x0000000020000548                PROVIDE (_highcode_vma_end = .)

.text           0x000000000000054c     0x142c
                0x000000000000054c                . = ALIGN (0x4)
 *(SORT_NONE(.handle_reset))
 .handle_reset  0x000000000000054c       0x42 build/sdk/startup_CH585.o
                0x000000000000054c                handle_reset
 *(.text)
 .text          0x000000000000058e       0xa8 d:/mounriverstudio2/mounriver_studio2/resources/app/resources/win32/components/wch/toolchain/risc-v embedded gcc/bin/../lib/gcc/riscv-none-embed/8.2.0/../../../../riscv-none-embed/lib/rv32imac/ilp32\libg.a(lib_a-memset.o)
                0x000000000000058e                memset
 *(.text.*)
 .text.startup.main
                0x0000000000000636       0x92 build/src/main.o
                0x0000000000000636                main
 .text.led_apply
                0x00000000000006c8        0x8 build/src/dongle_fsm.o
 .text.enter_state
                0x00000000000006d0       0xc2 build/src/dongle_fsm.o
 .text.dongle_fsm_init
                0x0000000000000792        0xe build/src/dongle_fsm.o
                0x0000000000000792                dongle_fsm_init
 .text.dongle_fsm_tick
                0x00000000000007a0      0x152 build/src/dongle_fsm.o
                0x00000000000007a0                dongle_fsm_tick
 .text.dongle_fsm_allow_report
                0x00000000000008f2        0xc build/src/dongle_fsm.o
                0x00000000000008f2                dongle_fsm_allow_report
 .text.rf_protocol_encode
                0x00000000000008fe       0xb0 build/src/rf_protocol.o
                0x00000000000008fe                rf_protocol_encode
 .text.rf_protocol_decode
                0x00000000000009ae       0xb0 build/src/rf_protocol.o
                0x00000000000009ae                rf_protocol_decode
 .text.report_pipeline_init
                0x0000000000000a5e        0xc build/src/report_pipeline.o
                0x0000000000000a5e                report_pipeline_init
 .text.report_pipeline_on_radio_packet
                0x0000000000000a6a      0x1ce build/src/report_pipeline.o
                0x0000000000000a6a                report_pipeline_on_radio_packet
 .text.report_pipeline_get_latest
                0x0000000000000c38       0x26 build/src/report_pipeline.o
                0x0000000000000c38                report_pipeline_get_latest
 .text.report_pipeline_build_neutral
                0x0000000000000c5e       0x26 build/src/report_pipeline.o
                0x0000000000000c5e                report_pipeline_build_neutral
 .text.report_pipeline_last_rx_us
                0x0000000000000c84        0x6 build/src/report_pipeline.o
                0x0000000000000c84                report_pipeline_last_rx_us
 .text.derive_hop_idx
                0x0000000000000c8a       0x22 build/src/rf_link_stub.o
 .text.set_event
                0x0000000000000cac        0xc build/src/rf_link_stub.o
 .text.read_u32_le
                0x0000000000000cb8       0x1e build/src/rf_link_stub.o
 .text.is_packet_from_bonded_peer.part.0
                0x0000000000000cd6       0x4a build/src/rf_link_stub.o
 .text.rf_hw_set_channel
                0x0000000000000d20        0x2 build/src/rf_link_stub.o
                0x0000000000000d20                rf_hw_set_channel
 .text.apply_channel
                0x0000000000000d22       0x10 build/src/rf_link_stub.o
 .text.scan_next_hop_idx
                0x0000000000000d32       0x32 build/src/rf_link_stub.o
 .text.rf_hw_set_tx_power
                0x0000000000000d64        0x2 build/src/rf_link_stub.o
                0x0000000000000d64                rf_hw_set_tx_power
 .text.rf_hw_enable_link_guard
                0x0000000000000d66        0x2 build/src/rf_link_stub.o
                0x0000000000000d66                rf_hw_enable_link_guard
 .text.rf_hw_read_frame
                0x0000000000000d68        0x4 build/src/rf_link_stub.o
                0x0000000000000d68                rf_hw_read_frame
 .text.rf_hw_send_frame
                0x0000000000000d6c        0x4 build/src/rf_link_stub.o
                0x0000000000000d6c                rf_hw_send_frame
 .text.send_packet.part.2
                0x0000000000000d70       0xac build/src/rf_link_stub.o
 .text.rf_hw_bond_load
                0x0000000000000e1c       0x2a build/src/rf_link_stub.o
                0x0000000000000e1c                rf_hw_bond_load
 .text.rf_hw_bond_store
                0x0000000000000e46       0x82 build/src/rf_link_stub.o
                0x0000000000000e46                rf_hw_bond_store
 .text.rf_hw_bond_clear
                0x0000000000000ec8       0x30 build/src/rf_link_stub.o
                0x0000000000000ec8                rf_hw_bond_clear
 .text.rf_link_init
                0x0000000000000ef8      0x14a build/src/rf_link_stub.o
                0x0000000000000ef8                rf_link_init
 .text.rf_link_is_connected
                0x0000000000001042        0x6 build/src/rf_link_stub.o
                0x0000000000001042                rf_link_is_connected
 .text.rf_link_has_bond
                0x0000000000001048        0x6 build/src/rf_link_stub.o
                0x0000000000001048                rf_link_has_bond
 .text.rf_link_clear_bond
                0x000000000000104e       0x2e build/src/rf_link_stub.o
                0x000000000000104e                rf_link_clear_bond
 .text.rf_link_poll
                0x000000000000107c      0x50e build/src/rf_link_stub.o
                0x000000000000107c                rf_link_poll
 .text.rf_link_start_pairing
                0x000000000000158a       0x28 build/src/rf_link_stub.o
                0x000000000000158a                rf_link_start_pairing
 .text.rf_link_stop_pairing
                0x00000000000015b2        0x2 build/src/rf_link_stub.o
                0x00000000000015b2                rf_link_stop_pairing
 .text.rf_link_start_connect
                0x00000000000015b4       0x3e build/src/rf_link_stub.o
                0x00000000000015b4                rf_link_start_connect
 .text.rf_link_stop_connect
                0x00000000000015f2        0x2 build/src/rf_link_stub.o
                0x00000000000015f2                rf_link_stop_connect
 .text.rf_link_take_event
                0x00000000000015f4        0xc build/src/rf_link_stub.o
                0x00000000000015f4                rf_link_take_event
 .text.usb_hid_init
                0x0000000000001600       0x26 build/src/usb_hid_stub.o
                0x0000000000001600                usb_hid_init
 .text.usb_hid_ready
                0x0000000000001626        0x6 build/src/usb_hid_stub.o
                0x0000000000001626                usb_hid_ready
 .text.usb_hid_can_send
                0x000000000000162c        0x4 build/src/usb_hid_stub.o
                0x000000000000162c                usb_hid_can_send
 .text.usb_hid_try_send_report
                0x0000000000001630       0x1c build/src/usb_hid_stub.o
                0x0000000000001630                usb_hid_try_send_report
 .text.platform_clock_init
                0x000000000000164c       0xac build/src/platform_ch585_stub.o
                0x000000000000164c                platform_clock_init
 .text.platform_gpio_init
                0x00000000000016f8       0x26 build/src/platform_ch585_stub.o
                0x00000000000016f8                platform_gpio_init
 .text.platform_timer_init
                0x000000000000171e       0x34 build/src/platform_ch585_stub.o
                0x000000000000171e                platform_timer_init
 .text.platform_now_us
                0x0000000000001752        0x6 build/src/platform_ch585_stub.o
                0x0000000000001752                platform_now_us
 .text.platform_led_set
                0x0000000000001758       0x16 build/src/platform_ch585_stub.o
                0x0000000000001758                platform_led_set
 .text.platform_idle
                0x000000000000176e        0x2 build/src/platform_ch585_stub.o
                0x000000000000176e                platform_idle
 .text.GPIOA_ModeCfg
                0x0000000000001770       0xa2 build/sdk/CH58x_gpio.o
                0x0000000000001770                GPIOA_ModeCfg
 .text.GPIOADigitalCfg
                0x0000000000001812       0x16 build/sdk/CH58x_gpio.o
                0x0000000000001812                GPIOADigitalCfg
 .text.TMR0_TimerInit
                0x0000000000001828       0x14 build/sdk/CH58x_timer0.o
                0x0000000000001828                TMR0_TimerInit
 .text.memcpy   0x000000000000183c       0xe2 d:/mounriverstudio2/mounriver_studio2/resources/app/resources/win32/components/wch/toolchain/risc-v embedded gcc/bin/../lib/gcc/riscv-none-embed/8.2.0/../../../../riscv-none-embed/lib/rv32imac/ilp32\libg.a(lib_a-memcpy.o)
                0x000000000000183c                memcpy
 *(.rodata)
 *(.rodata*)
 *fill*         0x000000000000191e        0x2 
 .rodata.dongle_fsm_tick
                0x0000000000001920       0x14 build/src/dongle_fsm.o
 .rodata.report_pipeline_on_radio_packet
                0x0000000000001934       0x20 build/src/report_pipeline.o
 .rodata.s_channel_plan
                0x0000000000001954       0x10 build/src/rf_link_stub.o
 .rodata.GPIOA_ModeCfg
                0x0000000000001964       0x14 build/sdk/CH58x_gpio.o
 *(.sdata2.*)
 *(.glue_7)
 *(.glue_7t)
 *(.gnu.linkonce.t.*)
                0x0000000000001978                . = ALIGN (0x4)

.rela.dyn       0x0000000000001978        0x0
 .rela.text.apply_channel
                0x0000000000001978        0x0 build/src/main.o
 .rela.text.send_packet.part.2
                0x0000000000001978        0x0 build/src/main.o
 .rela.text.rf_link_init
                0x0000000000001978        0x0 build/src/main.o
 .rela.text.rf_link_clear_bond
                0x0000000000001978        0x0 build/src/main.o
 .rela.text.rf_link_poll
                0x0000000000001978        0x0 build/src/main.o
 .rela.init     0x0000000000001978        0x0 build/src/main.o
 .rela.vector   0x0000000000001978        0x0 build/src/main.o
 .rela.handle_reset
                0x0000000000001978        0x0 build/src/main.o
 .rela.highcode_init
                0x0000000000001978        0x0 build/src/main.o

.fini           0x0000000000001978        0x0
 *(SORT_NONE(.fini))
                0x0000000000001978                . = ALIGN (0x4)
                [!provide]                        PROVIDE (_etext = .)
                [!provide]                        PROVIDE (_eitcm = .)

.preinit_array  0x0000000000001978        0x0
                [!provide]                        PROVIDE (__preinit_array_start = .)
 *(.preinit_array)
                [!provide]                        PROVIDE (__preinit_array_end = .)

.init_array     0x0000000000001978        0x0
                [!provide]                        PROVIDE (__init_array_start = .)
 *(SORT_BY_INIT_PRIORITY(.init_array.*) SORT_BY_INIT_PRIORITY(.ctors.*))
 *(.init_array EXCLUDE_FILE(*crtend?.o *crtend.o *crtbegin?.o *crtbegin.o) .ctors)
                [!provide]                        PROVIDE (__init_array_end = .)

.fini_array     0x0000000000001978        0x0
                [!provide]                        PROVIDE (__fini_array_start = .)
 *(SORT_BY_INIT_PRIORITY(.fini_array.*) SORT_BY_INIT_PRIORITY(.dtors.*))
 *(.fini_array EXCLUDE_FILE(*crtend?.o *crtend.o *crtbegin?.o *crtbegin.o) .dtors)
                [!provide]                        PROVIDE (__fini_array_end = .)

.ctors
 *crtbegin.o(.ctors)
 *crtbegin?.o(.ctors)
 *(EXCLUDE_FILE(*crtend?.o *crtend.o) .ctors)
 *(SORT_BY_NAME(.ctors.*))
 *(.ctors)

.dtors
 *crtbegin.o(.dtors)
 *crtbegin?.o(.dtors)
 *(EXCLUDE_FILE(*crtend?.o *crtend.o) .dtors)
 *(SORT_BY_NAME(.dtors.*))
 *(.dtors)

.dlalign        0x0000000000001978        0x0
                0x0000000000001978                . = ALIGN (0x4)
                0x0000000000001978                PROVIDE (_data_lma = .)

.data           0x0000000020000548        0x0 load address 0x0000000000001978
                0x0000000020000548                . = ALIGN (0x4)
                0x0000000020000548                PROVIDE (_data_vma = .)
 *(.gnu.linkonce.r.*)
 *(.data .data.*)
 *(.gnu.linkonce.d.*)
                0x0000000020000548                . = ALIGN (0x8)
                0x0000000020000d48                PROVIDE (__global_pointer$ = (. + 0x800))
 *(.sdata .sdata.*)
 *(.gnu.linkonce.s.*)
                0x0000000020000548                . = ALIGN (0x8)
 *(.srodata.cst16)
 *(.srodata.cst8)
 *(.srodata.cst4)
 *(.srodata.cst2)
 *(.srodata .srodata.*)
                0x0000000020000548                . = ALIGN (0x4)
                0x0000000020000548                PROVIDE (_edata = .)

.bss            0x0000000020000548       0xa4 load address 0x0000000000001978
                0x0000000020000548                . = ALIGN (0x4)
                0x0000000020000548                PROVIDE (_sbss = .)
 *(.sbss*)
 .sbss.s_blink_phase
                0x0000000020000548        0x4 build/src/dongle_fsm.o
 .sbss.s_led_deadline_us
                0x000000002000054c        0x4 build/src/dongle_fsm.o
 .sbss.s_led_on
                0x0000000020000550        0x1 build/src/dongle_fsm.o
 .sbss.s_pairing_req
                0x0000000020000551        0x1 build/src/dongle_fsm.o
 *fill*         0x0000000020000552        0x2 
 .sbss.s_state  0x0000000020000554        0x4 build/src/dongle_fsm.o
 .sbss.s_state_deadline_us
                0x0000000020000558        0x4 build/src/dongle_fsm.o
 .sbss.s_unpair_req
                0x000000002000055c        0x1 build/src/dongle_fsm.o
 .sbss.s_connected
                0x000000002000055d        0x1 build/src/rf_link_stub.o
 *fill*         0x000000002000055e        0x2 
 .sbss.s_event  0x0000000020000560        0x4 build/src/rf_link_stub.o
 .sbss.s_has_bond
                0x0000000020000564        0x1 build/src/rf_link_stub.o
 .sbss.s_has_last_data_seq
                0x0000000020000565        0x1 build/src/rf_link_stub.o
 .sbss.s_last_data_seq
                0x0000000020000566        0x1 build/src/rf_link_stub.o
 .sbss.s_last_rx_seq
                0x0000000020000567        0x1 build/src/rf_link_stub.o
 .sbss.s_last_rx_us
                0x0000000020000568        0x4 build/src/rf_link_stub.o
 .sbss.s_lq_eval_deadline_us
                0x000000002000056c        0x4 build/src/rf_link_stub.o
 .sbss.s_lq_rx_fail
                0x0000000020000570        0x2 build/src/rf_link_stub.o
 .sbss.s_lq_rx_ok
                0x0000000020000572        0x2 build/src/rf_link_stub.o
 .sbss.s_lq_tx_fail
                0x0000000020000574        0x2 build/src/rf_link_stub.o
 *fill*         0x0000000020000576        0x2 
 .sbss.s_mode   0x0000000020000578        0x4 build/src/rf_link_stub.o
 .sbss.s_mode_deadline_us
                0x000000002000057c        0x4 build/src/rf_link_stub.o
 .sbss.s_next_conn_req_us
                0x0000000020000580        0x4 build/src/rf_link_stub.o
 .sbss.s_packet_cb
                0x0000000020000584        0x4 build/src/rf_link_stub.o
 .sbss.s_reject_count
                0x0000000020000588        0x4 build/src/rf_link_stub.o
 .sbss.s_scan_cursor
                0x000000002000058c        0x1 build/src/rf_link_stub.o
 .sbss.s_tx_power_level
                0x000000002000058d        0x1 build/src/rf_link_stub.o
 .sbss.s_tx_seq
                0x000000002000058e        0x1 build/src/rf_link_stub.o
 .sbss.s_usb_configured
                0x000000002000058f        0x1 build/src/usb_hid_stub.o
 .sbss.s_now_us
                0x0000000020000590        0x4 build/src/platform_ch585_stub.o
 *(.gnu.linkonce.sb.*)
 *(.bss*)
 .bss.s_state   0x0000000020000594       0x30 build/src/report_pipeline.o
 .bss.s_bond    0x00000000200005c4       0x14 build/src/rf_link_stub.o
 .bss.s_last_report
                0x00000000200005d8       0x14 build/src/usb_hid_stub.o
 *(.gnu.linkonce.b.*)
 *(COMMON*)
                0x00000000200005ec                . = ALIGN (0x4)
                0x00000000200005ec                PROVIDE (_ebss = .)
                [!provide]                        PROVIDE (_end = _ebss)
                [!provide]                        PROVIDE (end = .)

.stack          0x0000000020020000        0x0
                0x0000000020020000                . = ALIGN (0x4)
                0x0000000020020000                PROVIDE (_eusrstack = .)
OUTPUT(build/dongle.elf elf32-littleriscv)

.debug_info     0x0000000000000000     0x791f
 .debug_info    0x0000000000000000      0x402 build/src/main.o
 .debug_info    0x0000000000000402      0x442 build/src/dongle_fsm.o
 .debug_info    0x0000000000000844      0x33d build/src/rf_protocol.o
 .debug_info    0x0000000000000b81      0xe91 build/src/report_pipeline.o
 .debug_info    0x0000000000001a12     0x245f build/src/rf_link_stub.o
 .debug_info    0x0000000000003e71      0xb08 build/src/usb_hid_stub.o
 .debug_info    0x0000000000004979     0x1271 build/src/platform_ch585_stub.o
 .debug_info    0x0000000000005bea       0x82 build/src/ch585_startup_compat.o
 .debug_info    0x0000000000005c6c      0xeaf build/sdk/CH58x_gpio.o
 .debug_info    0x0000000000006b1b      0xe04 build/sdk/CH58x_timer0.o

.debug_abbrev   0x0000000000000000     0x19d9
 .debug_abbrev  0x0000000000000000      0x16d build/src/main.o
 .debug_abbrev  0x000000000000016d      0x1a7 build/src/dongle_fsm.o
 .debug_abbrev  0x0000000000000314      0x16e build/src/rf_protocol.o
 .debug_abbrev  0x0000000000000482      0x353 build/src/report_pipeline.o
 .debug_abbrev  0x00000000000007d5      0x6cf build/src/rf_link_stub.o
 .debug_abbrev  0x0000000000000ea4      0x278 build/src/usb_hid_stub.o
 .debug_abbrev  0x000000000000111c      0x373 build/src/platform_ch585_stub.o
 .debug_abbrev  0x000000000000148f       0x47 build/src/ch585_startup_compat.o
 .debug_abbrev  0x00000000000014d6      0x2ba build/sdk/CH58x_gpio.o
 .debug_abbrev  0x0000000000001790      0x249 build/sdk/CH58x_timer0.o

.debug_loc      0x0000000000000000     0x195d
 .debug_loc     0x0000000000000000       0x8e build/src/main.o
 .debug_loc     0x000000000000008e      0x21b build/src/dongle_fsm.o
 .debug_loc     0x00000000000002a9      0x27b build/src/rf_protocol.o
 .debug_loc     0x0000000000000524      0x1ee build/src/report_pipeline.o
 .debug_loc     0x0000000000000712      0xca2 build/src/rf_link_stub.o
 .debug_loc     0x00000000000013b4       0x45 build/src/usb_hid_stub.o
 .debug_loc     0x00000000000013f9       0x3a build/src/platform_ch585_stub.o
 .debug_loc     0x0000000000001433      0x464 build/sdk/CH58x_gpio.o
 .debug_loc     0x0000000000001897       0xc6 build/sdk/CH58x_timer0.o

.debug_aranges  0x0000000000000000      0x2f8
 .debug_aranges
                0x0000000000000000       0x20 build/src/main.o
 .debug_aranges
                0x0000000000000020       0x58 build/src/dongle_fsm.o
 .debug_aranges
                0x0000000000000078       0x28 build/src/rf_protocol.o
 .debug_aranges
                0x00000000000000a0       0x48 build/src/report_pipeline.o
 .debug_aranges
                0x00000000000000e8       0xd0 build/src/rf_link_stub.o
 .debug_aranges
                0x00000000000001b8       0x38 build/src/usb_hid_stub.o
 .debug_aranges
                0x00000000000001f0       0x50 build/src/platform_ch585_stub.o
 .debug_aranges
                0x0000000000000240       0x20 build/src/ch585_startup_compat.o
 .debug_aranges
                0x0000000000000260       0x58 build/sdk/CH58x_gpio.o
 .debug_aranges
                0x00000000000002b8       0x40 build/sdk/CH58x_timer0.o

.debug_ranges   0x0000000000000000      0x6f0
 .debug_ranges  0x0000000000000000       0x58 build/src/main.o
 .debug_ranges  0x0000000000000058       0x70 build/src/dongle_fsm.o
 .debug_ranges  0x00000000000000c8       0x18 build/src/rf_protocol.o
 .debug_ranges  0x00000000000000e0      0x168 build/src/report_pipeline.o
 .debug_ranges  0x0000000000000248      0x3a0 build/src/rf_link_stub.o
 .debug_ranges  0x00000000000005e8       0x28 build/src/usb_hid_stub.o
 .debug_ranges  0x0000000000000610       0x58 build/src/platform_ch585_stub.o
 .debug_ranges  0x0000000000000668       0x10 build/src/ch585_startup_compat.o
 .debug_ranges  0x0000000000000678       0x48 build/sdk/CH58x_gpio.o
 .debug_ranges  0x00000000000006c0       0x30 build/sdk/CH58x_timer0.o

.debug_macro    0x0000000000000000     0x5c06
 .debug_macro   0x0000000000000000       0xae build/src/main.o
 .debug_macro   0x00000000000000ae      0x766 build/src/main.o
 .debug_macro   0x0000000000000814       0x22 build/src/main.o
 .debug_macro   0x0000000000000836       0x22 build/src/main.o
 .debug_macro   0x0000000000000858       0x8e build/src/main.o
 .debug_macro   0x00000000000008e6       0x51 build/src/main.o
 .debug_macro   0x0000000000000937       0xef build/src/main.o
 .debug_macro   0x0000000000000a26       0x6a build/src/main.o
 .debug_macro   0x0000000000000a90      0x1df build/src/main.o
 .debug_macro   0x0000000000000c6f      0x11e build/src/main.o
 .debug_macro   0x0000000000000d8d      0x174 build/src/main.o
 .debug_macro   0x0000000000000f01       0xb0 build/src/dongle_fsm.o
 .debug_macro   0x0000000000000fb1       0x7a build/src/rf_protocol.o
 .debug_macro   0x000000000000102b       0x22 build/src/rf_protocol.o
 .debug_macro   0x000000000000104d      0x14a build/src/report_pipeline.o
 .debug_macro   0x0000000000001197       0x58 build/src/report_pipeline.o
 .debug_macro   0x00000000000011ef       0x19 build/src/report_pipeline.o
 .debug_macro   0x0000000000001208       0x34 build/src/report_pipeline.o
 .debug_macro   0x000000000000123c       0x34 build/src/report_pipeline.o
 .debug_macro   0x0000000000001270       0x58 build/src/report_pipeline.o
 .debug_macro   0x00000000000012c8       0x1f build/src/report_pipeline.o
 .debug_macro   0x00000000000012e7       0x43 build/src/report_pipeline.o
 .debug_macro   0x000000000000132a       0x20 build/src/report_pipeline.o
 .debug_macro   0x000000000000134a      0x18e build/src/report_pipeline.o
 .debug_macro   0x00000000000014d8      0x330 build/src/report_pipeline.o
 .debug_macro   0x0000000000001808       0x10 build/src/report_pipeline.o
 .debug_macro   0x0000000000001818       0x35 build/src/report_pipeline.o
 .debug_macro   0x000000000000184d      0x23f build/src/rf_link_stub.o
 .debug_macro   0x0000000000001a8c       0x34 build/src/rf_link_stub.o
 .debug_macro   0x0000000000001ac0     0x2d68 build/src/rf_link_stub.o
 .debug_macro   0x0000000000004828       0xa4 build/src/rf_link_stub.o
 .debug_macro   0x00000000000048cc       0x3b build/src/rf_link_stub.o
 .debug_macro   0x0000000000004907       0xd6 build/src/rf_link_stub.o
 .debug_macro   0x00000000000049dd      0x10b build/src/rf_link_stub.o
 .debug_macro   0x0000000000004ae8      0x19a build/src/rf_link_stub.o
 .debug_macro   0x0000000000004c82       0x82 build/src/rf_link_stub.o
 .debug_macro   0x0000000000004d04       0x71 build/src/rf_link_stub.o
 .debug_macro   0x0000000000004d75       0x83 build/src/rf_link_stub.o
 .debug_macro   0x0000000000004df8       0x54 build/src/rf_link_stub.o
 .debug_macro   0x0000000000004e4c      0x1cc build/src/rf_link_stub.o
 .debug_macro   0x0000000000005018       0x51 build/src/rf_link_stub.o
 .debug_macro   0x0000000000005069       0x8c build/src/rf_link_stub.o
 .debug_macro   0x00000000000050f5       0x88 build/src/rf_link_stub.o
 .debug_macro   0x000000000000517d       0xdb build/src/rf_link_stub.o
 .debug_macro   0x0000000000005258       0x2e build/src/rf_link_stub.o
 .debug_macro   0x0000000000005286      0x142 build/src/usb_hid_stub.o
 .debug_macro   0x00000000000053c8      0x118 build/src/usb_hid_stub.o
 .debug_macro   0x00000000000054e0      0x1e4 build/src/platform_ch585_stub.o
 .debug_macro   0x00000000000056c4       0x3a build/src/platform_ch585_stub.o
 .debug_macro   0x00000000000056fe       0x59 build/src/ch585_startup_compat.o
 .debug_macro   0x0000000000005757      0x1b9 build/sdk/CH58x_gpio.o
 .debug_macro   0x0000000000005910       0x52 build/sdk/CH58x_gpio.o
 .debug_macro   0x0000000000005962       0x94 build/sdk/CH58x_gpio.o
 .debug_macro   0x00000000000059f6       0x57 build/sdk/CH58x_gpio.o
 .debug_macro   0x0000000000005a4d      0x1b9 build/sdk/CH58x_timer0.o

.debug_line     0x0000000000000000     0x63db
 .debug_line    0x0000000000000000      0x508 build/src/main.o
 .debug_line    0x0000000000000508      0x946 build/src/dongle_fsm.o
 .debug_line    0x0000000000000e4e      0x7c3 build/src/rf_protocol.o
 .debug_line    0x0000000000001611      0xb02 build/src/report_pipeline.o
 .debug_line    0x0000000000002113     0x20be build/src/rf_link_stub.o
 .debug_line    0x00000000000041d1      0x4e9 build/src/usb_hid_stub.o
 .debug_line    0x00000000000046ba      0x842 build/src/platform_ch585_stub.o
 .debug_line    0x0000000000004efc      0x265 build/src/ch585_startup_compat.o
 .debug_line    0x0000000000005161      0xb5e build/sdk/CH58x_gpio.o
 .debug_line    0x0000000000005cbf      0x71c build/sdk/CH58x_timer0.o

.debug_str      0x0000000000000000    0x16fa0
 .debug_str     0x0000000000000000     0x3b96 build/src/main.o
                                       0x3db1 (size before relaxing)
 .debug_str     0x0000000000003b96      0x3ab build/src/dongle_fsm.o
                                       0x3f71 (size before relaxing)
 .debug_str     0x0000000000003f41      0x1a5 build/src/rf_protocol.o
                                       0x38b6 (size before relaxing)
 .debug_str     0x00000000000040e6     0x2c3a build/src/report_pipeline.o
                                       0x693a (size before relaxing)
 .debug_str     0x0000000000006d20     0xf99a build/src/rf_link_stub.o
                                      0x16001 (size before relaxing)
 .debug_str     0x00000000000166ba       0x47 build/src/usb_hid_stub.o
                                       0x67e9 (size before relaxing)
 .debug_str     0x0000000000016701      0x5d5 build/src/platform_ch585_stub.o
                                      0x15c70 (size before relaxing)
 .debug_str     0x0000000000016cd6       0x29 build/src/ch585_startup_compat.o
                                       0x339b (size before relaxing)
 .debug_str     0x0000000000016cff      0x131 build/sdk/CH58x_gpio.o
                                      0x1577e (size before relaxing)
 .debug_str     0x0000000000016e30      0x170 build/sdk/CH58x_timer0.o
                                      0x1574c (size before relaxing)

.comment        0x0000000000000000       0x33
 .comment       0x0000000000000000       0x33 build/src/main.o
                                         0x34 (size before relaxing)
 .comment       0x0000000000000033       0x34 build/src/dongle_fsm.o
 .comment       0x0000000000000033       0x34 build/src/rf_protocol.o
 .comment       0x0000000000000033       0x34 build/src/report_pipeline.o
 .comment       0x0000000000000033       0x34 build/src/rf_link_stub.o
 .comment       0x0000000000000033       0x34 build/src/usb_hid_stub.o
 .comment       0x0000000000000033       0x34 build/src/platform_ch585_stub.o
 .comment       0x0000000000000033       0x34 build/src/ch585_startup_compat.o
 .comment       0x0000000000000033       0x34 build/sdk/CH58x_gpio.o
 .comment       0x0000000000000033       0x34 build/sdk/CH58x_timer0.o
 .comment       0x0000000000000033       0x34 E:/Works/CH585EVT/EVT/EXAM/SRC/StdPeriphDriver/libISP585.a(ISP585.o)

.debug_frame    0x0000000000000000      0x690
 .debug_frame   0x0000000000000000       0x30 build/src/main.o
 .debug_frame   0x0000000000000030       0xe0 build/src/dongle_fsm.o
 .debug_frame   0x0000000000000110       0x30 build/src/rf_protocol.o
 .debug_frame   0x0000000000000140       0xa4 build/src/report_pipeline.o
 .debug_frame   0x00000000000001e4      0x280 build/src/rf_link_stub.o
 .debug_frame   0x0000000000000464       0x5c build/src/usb_hid_stub.o
 .debug_frame   0x00000000000004c0       0xa0 build/src/platform_ch585_stub.o
 .debug_frame   0x0000000000000560       0x20 build/src/ch585_startup_compat.o
 .debug_frame   0x0000000000000580       0x90 build/sdk/CH58x_gpio.o
 .debug_frame   0x0000000000000610       0x60 build/sdk/CH58x_timer0.o
 .debug_frame   0x0000000000000670       0x20 d:/mounriverstudio2/mounriver_studio2/resources/app/resources/win32/components/wch/toolchain/risc-v embedded gcc/bin/../lib/gcc/riscv-none-embed/8.2.0/../../../../riscv-none-embed/lib/rv32imac/ilp32\libg.a(lib_a-memcpy.o)
