Archive member included to satisfy reference by file (symbol)

E:/Works/CH585EVT/EVT/EXAM/SRC/StdPeriphDriver/libISP585.a(ISP585.o)
                              build/sdk/CH58x_sys.o (FLASH_EEPROM_CMD)
D:/MounRiverStudio2/MounRiver_Studio2/resources/app/resources/win32/components/WCH/Toolchain/RISC-V Embedded GCC15/bin/../lib/gcc/riscv32-wch-elf/15.2.0/rv32imac_zaamo_zalrsc/ilp32\libgcc.a(_divdi3.o)
                              build/sdk/CH58x_clk.o (__divdi3)
D:/MounRiverStudio2/MounRiver_Studio2/resources/app/resources/win32/components/WCH/Toolchain/RISC-V Embedded GCC15/bin/../lib/gcc/riscv32-wch-elf/15.2.0/rv32imac_zaamo_zalrsc/ilp32\libgcc.a(_clz.o)
                              D:/MounRiverStudio2/MounRiver_Studio2/resources/app/resources/win32/components/WCH/Toolchain/RISC-V Embedded GCC15/bin/../lib/gcc/riscv32-wch-elf/15.2.0/rv32imac_zaamo_zalrsc/ilp32\libgcc.a(_divdi3.o) (__clz_tab)
D:/MounRiverStudio2/MounRiver_Studio2/resources/app/resources/win32/components/WCH/Toolchain/RISC-V Embedded GCC15/bin/../lib/gcc/riscv32-wch-elf/15.2.0/../../../../riscv32-wch-elf/lib/rv32imac_zaamo_zalrsc/ilp32\libc.a(libc_a-printf.o)
                              build/user/UART.o (printf)
D:/MounRiverStudio2/MounRiver_Studio2/resources/app/resources/win32/components/WCH/Toolchain/RISC-V Embedded GCC15/bin/../lib/gcc/riscv32-wch-elf/15.2.0/../../../../riscv32-wch-elf/lib/rv32imac_zaamo_zalrsc/ilp32\libc.a(libc_a-vsnprintf.o)
                              build/user/log_utils.o (vsnprintf)
D:/MounRiverStudio2/MounRiver_Studio2/resources/app/resources/win32/components/WCH/Toolchain/RISC-V Embedded GCC15/bin/../lib/gcc/riscv32-wch-elf/15.2.0/../../../../riscv32-wch-elf/lib/rv32imac_zaamo_zalrsc/ilp32\libc.a(libc_a-impure.o)
                              D:/MounRiverStudio2/MounRiver_Studio2/resources/app/resources/win32/components/WCH/Toolchain/RISC-V Embedded GCC15/bin/../lib/gcc/riscv32-wch-elf/15.2.0/../../../../riscv32-wch-elf/lib/rv32imac_zaamo_zalrsc/ilp32\libc.a(libc_a-printf.o) (_impure_ptr)
D:/MounRiverStudio2/MounRiver_Studio2/resources/app/resources/win32/components/WCH/Toolchain/RISC-V Embedded GCC15/bin/../lib/gcc/riscv32-wch-elf/15.2.0/../../../../riscv32-wch-elf/lib/rv32imac_zaamo_zalrsc/ilp32\libc.a(libc_a-memset.o)
                              build/usbhs/ch585_usbhs_device.o (memset)
D:/MounRiverStudio2/MounRiver_Studio2/resources/app/resources/win32/components/WCH/Toolchain/RISC-V Embedded GCC15/bin/../lib/gcc/riscv32-wch-elf/15.2.0/../../../../riscv32-wch-elf/lib/rv32imac_zaamo_zalrsc/ilp32\libc.a(libc_a-memcpy.o)
                              build/user/UART.o (memcpy)
D:/MounRiverStudio2/MounRiver_Studio2/resources/app/resources/win32/components/WCH/Toolchain/RISC-V Embedded GCC15/bin/../lib/gcc/riscv32-wch-elf/15.2.0/../../../../riscv32-wch-elf/lib/rv32imac_zaamo_zalrsc/ilp32\libc.a(libc_a-svfprintf.o)
                              D:/MounRiverStudio2/MounRiver_Studio2/resources/app/resources/win32/components/WCH/Toolchain/RISC-V Embedded GCC15/bin/../lib/gcc/riscv32-wch-elf/15.2.0/../../../../riscv32-wch-elf/lib/rv32imac_zaamo_zalrsc/ilp32\libc.a(libc_a-vsnprintf.o) (_svfprintf_r)
D:/MounRiverStudio2/MounRiver_Studio2/resources/app/resources/win32/components/WCH/Toolchain/RISC-V Embedded GCC15/bin/../lib/gcc/riscv32-wch-elf/15.2.0/../../../../riscv32-wch-elf/lib/rv32imac_zaamo_zalrsc/ilp32\libc.a(libc_a-vfprintf.o)
                              D:/MounRiverStudio2/MounRiver_Studio2/resources/app/resources/win32/components/WCH/Toolchain/RISC-V Embedded GCC15/bin/../lib/gcc/riscv32-wch-elf/15.2.0/../../../../riscv32-wch-elf/lib/rv32imac_zaamo_zalrsc/ilp32\libc.a(libc_a-printf.o) (_vfprintf_r)
D:/MounRiverStudio2/MounRiver_Studio2/resources/app/resources/win32/components/WCH/Toolchain/RISC-V Embedded GCC15/bin/../lib/gcc/riscv32-wch-elf/15.2.0/../../../../riscv32-wch-elf/lib/rv32imac_zaamo_zalrsc/ilp32\libc.a(libc_a-sprint_r.o)
                              D:/MounRiverStudio2/MounRiver_Studio2/resources/app/resources/win32/components/WCH/Toolchain/RISC-V Embedded GCC15/bin/../lib/gcc/riscv32-wch-elf/15.2.0/../../../../riscv32-wch-elf/lib/rv32imac_zaamo_zalrsc/ilp32\libc.a(libc_a-vfprintf.o) (__sprint_r)
D:/MounRiverStudio2/MounRiver_Studio2/resources/app/resources/win32/components/WCH/Toolchain/RISC-V Embedded GCC15/bin/../lib/gcc/riscv32-wch-elf/15.2.0/../../../../riscv32-wch-elf/lib/rv32imac_zaamo_zalrsc/ilp32\libc.a(libc_a-ssprint_r.o)
                              D:/MounRiverStudio2/MounRiver_Studio2/resources/app/resources/win32/components/WCH/Toolchain/RISC-V Embedded GCC15/bin/../lib/gcc/riscv32-wch-elf/15.2.0/../../../../riscv32-wch-elf/lib/rv32imac_zaamo_zalrsc/ilp32\libc.a(libc_a-svfprintf.o) (__ssprint_r)
D:/MounRiverStudio2/MounRiver_Studio2/resources/app/resources/win32/components/WCH/Toolchain/RISC-V Embedded GCC15/bin/../lib/gcc/riscv32-wch-elf/15.2.0/../../../../riscv32-wch-elf/lib/rv32imac_zaamo_zalrsc/ilp32\libc.a(libc_a-fflush.o)
[...]
Memory Configuration

Name             Origin             Length             Attributes
FLASH            0x00000000         0x00070000         xr
RAM              0x20000000         0x00020000         xrw
*default*        0x00000000         0xffffffff

Linker script and memory map

LOAD build/sdk/CH58x_gpio.o
LOAD build/sdk/CH58x_timer2.o
LOAD build/sdk/CH58x_clk.o
LOAD build/sdk/CH58x_usbdev.o
LOAD build/sdk/CH58x_uart0.o
LOAD build/sdk/CH58x_uart2.o
LOAD build/sdk/CH58x_sys.o
LOAD build/sdk/startup_CH585.o
LOAD build/user/main.o
LOAD build/user/UART.o
LOAD build/user/log_utils.o
LOAD build/user/usbd_compatibility_hid_shim.o
LOAD build/usbhs/ch585_usbhs_device.o
LOAD build/usbhs/usb_desc.o
LOAD E:/Works/CH585EVT/EVT/EXAM/SRC/StdPeriphDriver/libISP585.a
LOAD D:/MounRiverStudio2/MounRiver_Studio2/resources/app/resources/win32/components/WCH/Toolchain/RISC-V Embedded GCC15/bin/../lib/gcc/riscv32-wch-elf/15.2.0/rv32imac_zaamo_zalrsc/ilp32\libgcc.a
START GROUP
LOAD D:/MounRiverStudio2/MounRiver_Studio2/resources/app/resources/win32/components/WCH/Toolchain/RISC-V Embedded GCC15/bin/../lib/gcc/riscv32-wch-elf/15.2.0/../../../../riscv32-wch-elf/lib/rv32imac_zaamo_zalrsc/ilp32\libc.a
LOAD D:/MounRiverStudio2/MounRiver_Studio2/resources/app/resources/win32/components/WCH/Toolchain/RISC-V Embedded GCC15/bin/../lib/gcc/riscv32-wch-elf/15.2.0/../../../../riscv32-wch-elf/lib/rv32imac_zaamo_zalrsc/ilp32\libgloss.a
END GROUP
LOAD D:/MounRiverStudio2/MounRiver_Studio2/resources/app/resources/win32/components/WCH/Toolchain/RISC-V Embedded GCC15/bin/../lib/gcc/riscv32-wch-elf/15.2.0/rv32imac_zaamo_zalrsc/ilp32\libgcc.a

.init           0x00000000        0x4
                0x00000000                        _sinit = .
                0x00000000                        . = ALIGN (0x4)
 *(SORT_NONE(.init))
 .init          0x00000000        0x4 build/sdk/startup_CH585.o
                0x00000000                _start
                0x00000004                        . = ALIGN (0x4)
                0x00000004                        _einit = .

.highcode_initlalign
                0x00000004        0x0
                0x00000004                        . = ALIGN (0x4)
                0x00000004                        PROVIDE (_highcode_init_lma = .)

.highcode_init  0x20000000      0x234 load address 0x00000004
                0x20000000                        PROVIDE (_highcode_init_vma_start = .)
                0x20000000                        . = ALIGN (0x400)
 *(.vector)
 .vector        0x20000000       0xa0 build/sdk/startup_CH585.o
                0x20000000                _vector_base
 *(SORT_NONE(.vector_handler))
 .vector_handler
                0x200000a0        0x2 build/sdk/startup_CH585.o
                0x200000a0                NFC_IRQHandler
                0x200000a0                GPIOB_IRQHandler
                0x200000a0                GPIOA_IRQHandler
                0x200000a0                SysTick_Handler
                0x200000a0                NMI_Handler
                0x200000a0                UART1_IRQHandler
                0x200000a0                UART0_IRQHandler
                0x200000a0                BB_IRQHandler
                0x200000a0                Break_Point_Handler
                0x200000a0                TMR0_IRQHandler
                0x200000a0                Ecall_M_Mode_Handler
                0x200000a0                RTC_IRQHandler
                0x200000a0                LED_IRQHandler
                0x200000a0                ADC_IRQHandler
                0x200000a0                USB_IRQHandler
                0x200000a0                I2C_IRQHandler
                0x200000a0                LLE_IRQHandler
                0x200000a0                WDOG_BAT_IRQHandler
                0x200000a0                Ecall_U_Mode_Handler
                0x200000a0                TMR3_IRQHandler
                0x200000a0                SW_Handler
                0x200000a0                SPI0_IRQHandler
                0x200000a0                USB2_HOST_IRQHandler
                0x200000a0                PWMX_SPI1_IRQHandler
                0x200000a0                UART3_IRQHandler
                0x200000a0                TMR1_IRQHandler
 *(.highcode_init)
 .highcode_init
                0x200000a2       0xe2 build/sdk/CH58x_sys.o
                0x200000a2                highcode_init
 .highcode_init
                0x20000184       0xae build/sdk/startup_CH585.o
 *(.highcode_init.*)
                0x20000234                        . = ALIGN (0x4)
 *fill*         0x20000232        0x2 
                0x20000234                        PROVIDE (_highcode_init_vma_end = .)

.highcodelalign
                0x00000238        0x0
                0x00000238                        . = ALIGN (0x4)
                0x00000238                        PROVIDE (_highcode_lma = .)

.highcode       0x20000234     0x1424 load address 0x00000238
                0x20000234                        . = ALIGN (0x4)
                0x20000234                        PROVIDE (_highcode_vma_start = .)
 *(.highcode)
 .highcode      0x20000234      0x3d4 build/sdk/CH58x_sys.o
                0x20000234                MachineMode_Call_IRQ
                0x20000250                SetSysClock
                0x2000044c                MachineMode_Call
                0x200004ac                SYS_ResetExecute
                0x2000050e                SYS_DisableAllIrq
                0x2000052a                SYS_RecoverIrq
                0x2000053e                HardFault_Handler
                0x200005ca                mDelayuS
                0x200005e0                mDelaymS
                0x200005fe                __wrap_memcpy
 .highcode      0x20000608      0x126 build/user/UART.o
                0x20000608                TMR2_IRQHandler
                0x20000630                UART2_IRQHandler
 .highcode      0x2000072e      0xb56 build/usbhs/ch585_usbhs_device.o
                0x2000072e                USB2_DEVICE_IRQHandler
 *(.highcode.*)
 .highcode.FLASH_ROM_BEG
                0x20001284       0x12 E:/Works/CH585EVT/EVT/EXAM/SRC/StdPeriphDriver/libISP585.a(ISP585.o)
                0x20001284                FLASH_ROM_BEG
 .highcode.FLASH_ROM_END
                0x20001296        0xe E:/Works/CH585EVT/EVT/EXAM/SRC/StdPeriphDriver/libISP585.a(ISP585.o)
                0x20001296                FLASH_ROM_END
 .highcode.FLASH_ROM_IN
                0x200012a4        0xe E:/Works/CH585EVT/EVT/EXAM/SRC/StdPeriphDriver/libISP585.a(ISP585.o)
                0x200012a4                FLASH_ROM_IN
 .highcode.FLASH_ROM_OUT
                0x200012b2        0xe E:/Works/CH585EVT/EVT/EXAM/SRC/StdPeriphDriver/libISP585.a(ISP585.o)
                0x200012b2                FLASH_ROM_OUT
 .highcode.FLASH_ROM_ADDR
                0x200012c0       0x48 E:/Works/CH585EVT/EVT/EXAM/SRC/StdPeriphDriver/libISP585.a(ISP585.o)
                0x200012c0                FLASH_ROM_ADDR
 .highcode.FLASH_ROM_WAIT
                0x20001308       0x38 E:/Works/CH585EVT/EVT/EXAM/SRC/StdPeriphDriver/libISP585.a(ISP585.o)
                0x20001308                FLASH_ROM_WAIT
 .highcode.FLASH_EEPROM_CMD
                0x20001340      0x318 E:/Works/CH585EVT/EVT/EXAM/SRC/StdPeriphDriver/libISP585.a(ISP585.o)
                0x20001340                FLASH_EEPROM_CMD
 *(.highcode_lp)
 *(.highcode_lp.*)
                0x20001658                        . = ALIGN (0x4)
 *fill*         0x20001658        0x0 
                0x20001658                        PROVIDE (_highcode_vma_end = .)

.text           0x00001660     0xdd1c
                0x00001660                        . = ALIGN (0x4)
 *(SORT_NONE(.handle_reset))
 .handle_reset  0x00001660       0x42 build/sdk/startup_CH585.o
                0x00001660                handle_reset
 *(.text)
 .text          0x000016a2       0xa8 D:/MounRiverStudio2/MounRiver_Studio2/resources/app/resources/win32/components/WCH/Toolchain/RISC-V Embedded GCC15/bin/../lib/gcc/riscv32-wch-elf/15.2.0/../../../../riscv32-wch-elf/lib/rv32imac_zaamo_zalrsc/ilp32\libc.a(libc_a-memset.o)
                0x000016a2                memset
 *(.text.*)
 .text.GPIOA_ModeCfg
                0x0000174a       0xa0 build/sdk/CH58x_gpio.o
                0x0000174a                GPIOA_ModeCfg
 .text.GPIOPinRemap
                0x000017ea       0x1c build/sdk/CH58x_gpio.o
                0x000017ea                GPIOPinRemap
 .text.UART0_BaudRateCfg
                0x00001806       0x2c build/sdk/CH58x_uart0.o
                0x00001806                UART0_BaudRateCfg
 .text.UART0_DefInit
                0x00001832       0x32 build/sdk/CH58x_uart0.o
                0x00001832                UART0_DefInit
 .text.UART2_RecvString
                0x00001864       0x30 build/sdk/CH58x_uart2.o
                0x00001864                UART2_RecvString
 .text.GetSysClock
                0x00001894       0x7e build/sdk/CH58x_sys.o
                0x00001894                GetSysClock
 .text._sbrk    0x00001912       0x2c build/sdk/CH58x_sys.o
                0x00001912                _sbrk
 .text.DebugInit
                0x0000193e       0x2a build/user/main.o
                0x0000193e                DebugInit
 .text.startup.main
                0x00001968       0x3a build/user/main.o
                0x00001968                main
 .text.cdc_log_printf
                0x000019a2       0x5a build/user/log_utils.o
                0x000019a2                cdc_log_printf
 .text.cdc_log_alive_tick
                0x000019fc        0xa build/user/log_utils.o
                0x000019fc                cdc_log_alive_tick
 .text.USB_TestMode_Deal
                0x00001a06       0xd0 build/usbhs/ch585_usbhs_device.o
                0x00001a06                USB_TestMode_Deal
 .text.USBHS_Device_Endp_Init
                0x00001ad6       0x8a build/usbhs/ch585_usbhs_device.o
                0x00001ad6                USBHS_Device_Endp_Init
 .text.USBHS_Device_Init
                0x00001b60       0x9a build/usbhs/ch585_usbhs_device.o
                0x00001b60                USBHS_Device_Init
 .text.USBHS_Endp_DataUp
                0x00001bfa       0xbe build/usbhs/ch585_usbhs_device.o
                0x00001bfa                USBHS_Endp_DataUp
 .text.printf   0x00001cb8       0x2c D:/MounRiverStudio2/MounRiver_Studio2/resources/app/resources/win32/components/WCH/Toolchain/RISC-V Embedded GCC15/bin/../lib/gcc/riscv32-wch-elf/15.2.0/../../../../riscv32-wch-elf/lib/rv32imac_zaamo_zalrsc/ilp32\libc.a(libc_a-printf.o)
                0x00001cb8                printf
 .text.vsnprintf
                0x00001ce4       0x6a D:/MounRiverStudio2/MounRiver_Studio2/resources/app/resources/win32/components/WCH/Toolchain/RISC-V Embedded GCC15/bin/../lib/gcc/riscv32-wch-elf/15.2.0/../../../../riscv32-wch-elf/lib/rv32imac_zaamo_zalrsc/ilp32\libc.a(libc_a-vsnprintf.o)
                0x00001ce4                vsnprintf
 .text.memcpy   0x00001d4e       0xe8 D:/MounRiverStudio2/MounRiver_Studio2/resources/app/resources/win32/components/WCH/Toolchain/RISC-V Embedded GCC15/bin/../lib/gcc/riscv32-wch-elf/15.2.0/../../../../riscv32-wch-elf/lib/rv32imac_zaamo_zalrsc/ilp32\libc.a(libc_a-memcpy.o)
                0x00001d4e                memcpy
 .text._svfprintf_r
                0x00001e36     0x20fe D:/MounRiverStudio2/MounRiver_Studio2/resources/app/resources/win32/components/WCH/Toolchain/RISC-V Embedded GCC15/bin/../lib/gcc/riscv32-wch-elf/15.2.0/../../../../riscv32-wch-elf/lib/rv32imac_zaamo_zalrsc/ilp32\libc.a(libc_a-svfprintf.o)
                0x00001e36                _svfprintf_r
 .text._vfprintf_r
                0x00003f34     0x2118 D:/MounRiverStudio2/MounRiver_Studio2/resources/app/resources/win32/components/WCH/Toolchain/RISC-V Embedded GCC15/bin/../lib/gcc/riscv32-wch-elf/15.2.0/../../../../riscv32-wch-elf/lib/rv32imac_zaamo_zalrsc/ilp32\libc.a(libc_a-vfprintf.o)
                0x00003f34                _vfprintf_r
 .text.__sbprintf
                0x0000604c       0x90 D:/MounRiverStudio2/MounRiver_Studio2/resources/app/resources/win32/components/WCH/Toolchain/RISC-V Embedded GCC15/bin/../lib/gcc/riscv32-wch-elf/15.2.0/../../../../riscv32-wch-elf/lib/rv32imac_zaamo_zalrsc/ilp32\libc.a(libc_a-vfprintf.o)
 .text.__sprint_r
                0x000060dc       0x24 D:/MounRiverStudio2/MounRiver_Studio2/resources/app/resources/win32/components/WCH/Toolchain/RISC-V Embedded GCC15/bin/../lib/gcc/riscv32-wch-elf/15.2.0/../../../../riscv32-wch-elf/lib/rv32imac_zaamo_zalrsc/ilp32\libc.a(libc_a-sprint_r.o)
                0x000060dc                __sprint_r
 .text.__ssprint_r
                0x00006100       0x8e D:/MounRiverStudio2/MounRiver_Studio2/resources/app/resources/win32/components/WCH/Toolchain/RISC-V Embedded GCC15/bin/../lib/gcc/riscv32-wch-elf/15.2.0/../../../../riscv32-wch-elf/lib/rv32imac_zaamo_zalrsc/ilp32\libc.a(libc_a-ssprint_r.o)
                0x00006100                __ssprint_r
 .text.__sflush_r
                0x0000618e      0x19a D:/MounRiverStudio2/MounRiver_Studio2/resources/app/resources/win32/components/WCH/Toolchain/RISC-V Embedded GCC15/bin/../lib/gcc/riscv32-wch-elf/15.2.0/../../../../riscv32-wch-elf/lib/rv32imac_zaamo_zalrsc/ilp32\libc.a(libc_a-fflush.o)
                0x0000618e                __sflush_r
 .text._fflush_r
                0x00006328       0x3a D:/MounRiverStudio2/MounRiver_Studio2/resources/app/resources/win32/components/WCH/Toolchain/RISC-V Embedded GCC15/bin/../lib/gcc/riscv32-wch-elf/15.2.0/../../../../riscv32-wch-elf/lib/rv32imac_zaamo_zalrsc/ilp32\libc.a(libc_a-fflush.o)
                0x00006328                _fflush_r
 .text.stdio_exit_handler
                0x00006362       0x18 D:/MounRiverStudio2/MounRiver_Studio2/resources/app/resources/win32/components/WCH/Toolchain/RISC-V Embedded GCC15/bin/../lib/gcc/riscv32-wch-elf/15.2.0/../../../../riscv32-wch-elf/lib/rv32imac_zaamo_zalrsc/ilp32\libc.a(libc_a-findfp.o)
 .text.cleanup_stdio
                0x0000637a       0x50 D:/MounRiverStudio2/MounRiver_Studio2/resources/app/resources/win32/components/WCH/Toolchain/RISC-V Embedded GCC15/bin/../lib/gcc/riscv32-wch-elf/15.2.0/../../../../riscv32-wch-elf/lib/rv32imac_zaamo_zalrsc/ilp32\libc.a(libc_a-findfp.o)
 .text.global_stdio_init.part.0
                0x000063ca      0x128 D:/MounRiverStudio2/MounRiver_Studio2/resources/app/resources/win32/components/WCH/Toolchain/RISC-V Embedded GCC15/bin/../lib/gcc/riscv32-wch-elf/15.2.0/../../../../riscv32-wch-elf/lib/rv32imac_zaamo_zalrsc/ilp32\libc.a(libc_a-findfp.o)
 .text.__sinit  0x000064f2       0x16 D:/MounRiverStudio2/MounRiver_Studio2/resources/app/resources/win32/components/WCH/Toolchain/RISC-V Embedded GCC15/bin/../lib/gcc/riscv32-wch-elf/15.2.0/../../../../riscv32-wch-elf/lib/rv32imac_zaamo_zalrsc/ilp32\libc.a(libc_a-findfp.o)
                0x000064f2                __sinit
 .text.__sfp_lock_acquire
                0x00006508        0x2 D:/MounRiverStudio2/MounRiver_Studio2/resources/app/resources/win32/components/WCH/Toolchain/RISC-V Embedded GCC15/bin/../lib/gcc/riscv32-wch-elf/15.2.0/../../../../riscv32-wch-elf/lib/rv32imac_zaamo_zalrsc/ilp32\libc.a(libc_a-findfp.o)
                0x00006508                __sfp_lock_acquire
 .text.__sfp_lock_release
                0x0000650a        0x2 D:/MounRiverStudio2/MounRiver_Studio2/resources/app/resources/win32/components/WCH/Toolchain/RISC-V Embedded GCC15/bin/../lib/gcc/riscv32-wch-elf/15.2.0/../../../../riscv32-wch-elf/lib/rv32imac_zaamo_zalrsc/ilp32\libc.a(libc_a-findfp.o)
                0x0000650a                __sfp_lock_release
 .text.__sfvwrite_r
                0x0000650c      0x330 D:/MounRiverStudio2/MounRiver_Studio2/resources/app/resources/win32/components/WCH/Toolchain/RISC-V Embedded GCC15/bin/../lib/gcc/riscv32-wch-elf/15.2.0/../../../../riscv32-wch-elf/lib/rv32imac_zaamo_zalrsc/ilp32\libc.a(libc_a-fvwrite.o)
                0x0000650c                __sfvwrite_r
 .text._fwalk_sglue
                0x0000683c       0x72 D:/MounRiverStudio2/MounRiver_Studio2/resources/app/resources/win32/components/WCH/Toolchain/RISC-V Embedded GCC15/bin/../lib/gcc/riscv32-wch-elf/15.2.0/../../../../riscv32-wch-elf/lib/rv32imac_zaamo_zalrsc/ilp32\libc.a(libc_a-fwalk.o)
                0x0000683c                _fwalk_sglue
 .text.__sread  0x000068ae       0x36 D:/MounRiverStudio2/MounRiver_Studio2/resources/app/resources/win32/components/WCH/Toolchain/RISC-V Embedded GCC15/bin/../lib/gcc/riscv32-wch-elf/15.2.0/../../../../riscv32-wch-elf/lib/rv32imac_zaamo_zalrsc/ilp32\libc.a(libc_a-stdio.o)
                0x000068ae                __sread
 .text.__swrite
                0x000068e4       0x50 D:/MounRiverStudio2/MounRiver_Studio2/resources/app/resources/win32/components/WCH/Toolchain/RISC-V Embedded GCC15/bin/../lib/gcc/riscv32-wch-elf/15.2.0/../../../../riscv32-wch-elf/lib/rv32imac_zaamo_zalrsc/ilp32\libc.a(libc_a-stdio.o)
                0x000068e4                __swrite
 .text.__sseek  0x00006934       0x40 D:/MounRiverStudio2/MounRiver_Studio2/resources/app/resources/win32/components/WCH/Toolchain/RISC-V Embedded GCC15/bin/../lib/gcc/riscv32-wch-elf/15.2.0/../../../../riscv32-wch-elf/lib/rv32imac_zaamo_zalrsc/ilp32\libc.a(libc_a-stdio.o)
                0x00006934                __sseek
 .text.__sclose
                0x00006974        0x6 D:/MounRiverStudio2/MounRiver_Studio2/resources/app/resources/win32/components/WCH/Toolchain/RISC-V Embedded GCC15/bin/../lib/gcc/riscv32-wch-elf/15.2.0/../../../../riscv32-wch-elf/lib/rv32imac_zaamo_zalrsc/ilp32\libc.a(libc_a-stdio.o)
                0x00006974                __sclose
 .text.__swsetup_r
                0x0000697a       0xee D:/MounRiverStudio2/MounRiver_Studio2/resources/app/resources/win32/components/WCH/Toolchain/RISC-V Embedded GCC15/bin/../lib/gcc/riscv32-wch-elf/15.2.0/../../../../riscv32-wch-elf/lib/rv32imac_zaamo_zalrsc/ilp32\libc.a(libc_a-wsetup.o)
                0x0000697a                __swsetup_r
 .text.memchr   0x00006a68       0x7a D:/MounRiverStudio2/MounRiver_Studio2/resources/app/resources/win32/components/WCH/Toolchain/RISC-V Embedded GCC15/bin/../lib/gcc/riscv32-wch-elf/15.2.0/../../../../riscv32-wch-elf/lib/rv32imac_zaamo_zalrsc/ilp32\libc.a(libc_a-memchr.o)
                0x00006a68                memchr
 .text.strncpy  0x00006ae2       0x78 D:/MounRiverStudio2/MounRiver_Studio2/resources/app/resources/win32/components/WCH/Toolchain/RISC-V Embedded GCC15/bin/../lib/gcc/riscv32-wch-elf/15.2.0/../../../../riscv32-wch-elf/lib/rv32imac_zaamo_zalrsc/ilp32\libc.a(libc_a-strncpy.o)
                0x00006ae2                strncpy
 .text._localeconv_r
                0x00006b5a        0xa D:/MounRiverStudio2/MounRiver_Studio2/resources/app/resources/win32/components/WCH/Toolchain/RISC-V Embedded GCC15/bin/../lib/gcc/riscv32-wch-elf/15.2.0/../../../../riscv32-wch-elf/lib/rv32imac_zaamo_zalrsc/ilp32\libc.a(libc_a-localeconv.o)
                0x00006b5a                _localeconv_r
 .text._close_r
                0x00006b64       0x36 D:/MounRiverStudio2/MounRiver_Studio2/resources/app/resources/win32/components/WCH/Toolchain/RISC-V Embedded GCC15/bin/../lib/gcc/riscv32-wch-elf/15.2.0/../../../../riscv32-wch-elf/lib/rv32imac_zaamo_zalrsc/ilp32\libc.a(libc_a-closer.o)
                0x00006b64                _close_r
 .text._lseek_r
                0x00006b9a       0x3c D:/MounRiverStudio2/MounRiver_Studio2/resources/app/resources/win32/components/WCH/Toolchain/RISC-V Embedded GCC15/bin/../lib/gcc/riscv32-wch-elf/15.2.0/../../../../riscv32-wch-elf/lib/rv32imac_zaamo_zalrsc/ilp32\libc.a(libc_a-lseekr.o)
                0x00006b9a                _lseek_r
 .text._read_r  0x00006bd6       0x3c D:/MounRiverStudio2/MounRiver_Studio2/resources/app/resources/win32/components/WCH/Toolchain/RISC-V Embedded GCC15/bin/../lib/gcc/riscv32-wch-elf/15.2.0/../../../../riscv32-wch-elf/lib/rv32imac_zaamo_zalrsc/ilp32\libc.a(libc_a-readr.o)
                0x00006bd6                _read_r
 .text._write_r
                0x00006c12       0x3c D:/MounRiverStudio2/MounRiver_Studio2/resources/app/resources/win32/components/WCH/Toolchain/RISC-V Embedded GCC15/bin/../lib/gcc/riscv32-wch-elf/15.2.0/../../../../riscv32-wch-elf/lib/rv32imac_zaamo_zalrsc/ilp32\libc.a(libc_a-writer.o)
                0x00006c12                _write_r
 .text.memmove  0x00006c4e       0xda D:/MounRiverStudio2/MounRiver_Studio2/resources/app/resources/win32/components/WCH/Toolchain/RISC-V Embedded GCC15/bin/../lib/gcc/riscv32-wch-elf/15.2.0/../../../../riscv32-wch-elf/lib/rv32imac_zaamo_zalrsc/ilp32\libc.a(libc_a-memmove-stub.o)
                0x00006c4e                memmove
 .text.strlen   0x00006d28       0x64 D:/MounRiverStudio2/MounRiver_Studio2/resources/app/resources/win32/components/WCH/Toolchain/RISC-V Embedded GCC15/bin/../lib/gcc/riscv32-wch-elf/15.2.0/../../../../riscv32-wch-elf/lib/rv32imac_zaamo_zalrsc/ilp32\libc.a(libc_a-strlen.o)
                0x00006d28                strlen
 .text.frexpl   0x00006d8c       0xde D:/MounRiverStudio2/MounRiver_Studio2/resources/app/resources/win32/components/WCH/Toolchain/RISC-V Embedded GCC15/bin/../lib/gcc/riscv32-wch-elf/15.2.0/../../../../riscv32-wch-elf/lib/rv32imac_zaamo_zalrsc/ilp32\libc.a(libm_a-frexpl.o)
                0x00006d8c                frexpl
 .text._malloc_trim_r
                0x00006e6a       0xd0 D:/MounRiverStudio2/MounRiver_Studio2/resources/app/resources/win32/components/WCH/Toolchain/RISC-V Embedded GCC15/bin/../lib/gcc/riscv32-wch-elf/15.2.0/../../../../riscv32-wch-elf/lib/rv32imac_zaamo_zalrsc/ilp32\libc.a(libc_a-freer.o)
                0x00006e6a                _malloc_trim_r
 .text._free_r  0x00006f3a      0x226 D:/MounRiverStudio2/MounRiver_Studio2/resources/app/resources/win32/components/WCH/Toolchain/RISC-V Embedded GCC15/bin/../lib/gcc/riscv32-wch-elf/15.2.0/../../../../riscv32-wch-elf/lib/rv32imac_zaamo_zalrsc/ilp32\libc.a(libc_a-freer.o)
                0x00006f3a                _free_r
 .text._ldtoa_r
                0x00007160      0x190 D:/MounRiverStudio2/MounRiver_Studio2/resources/app/resources/win32/components/WCH/Toolchain/RISC-V Embedded GCC15/bin/../lib/gcc/riscv32-wch-elf/15.2.0/../../../../riscv32-wch-elf/lib/rv32imac_zaamo_zalrsc/ilp32\libc.a(libc_a-gdtoa-ldtoa.o)
                0x00007160                _ldtoa_r
 .text._ldcheck
                0x000072f0       0x90 D:/MounRiverStudio2/MounRiver_Studio2/resources/app/resources/win32/components/WCH/Toolchain/RISC-V Embedded GCC15/bin/../lib/gcc/riscv32-wch-elf/15.2.0/../../../../riscv32-wch-elf/lib/rv32imac_zaamo_zalrsc/ilp32\libc.a(libc_a-gdtoa-ldtoa.o)
                0x000072f0                _ldcheck
 .text.__gdtoa  0x00007380     0x1268 D:/MounRiverStudio2/MounRiver_Studio2/resources/app/resources/win32/components/WCH/Toolchain/RISC-V Embedded GCC15/bin/../lib/gcc/riscv32-wch-elf/15.2.0/../../../../riscv32-wch-elf/lib/rv32imac_zaamo_zalrsc/ilp32\libc.a(libc_a-gdtoa-gdtoa.o)
                0x00007380                __gdtoa
 .text.__rv_alloc_D2A.part.0
                0x000085e8       0x1a D:/MounRiverStudio2/MounRiver_Studio2/resources/app/resources/win32/components/WCH/Toolchain/RISC-V Embedded GCC15/bin/../lib/gcc/riscv32-wch-elf/15.2.0/../../../../riscv32-wch-elf/lib/rv32imac_zaamo_zalrsc/ilp32\libc.a(libc_a-gdtoa-dmisc.o)
 .text.__rv_alloc_D2A
                0x00008602       0x40 D:/MounRiverStudio2/MounRiver_Studio2/resources/app/resources/win32/components/WCH/Toolchain/RISC-V Embedded GCC15/bin/../lib/gcc/riscv32-wch-elf/15.2.0/../../../../riscv32-wch-elf/lib/rv32imac_zaamo_zalrsc/ilp32\libc.a(libc_a-gdtoa-dmisc.o)
                0x00008602                __rv_alloc_D2A
 .text.__nrv_alloc_D2A
                0x00008642       0x70 D:/MounRiverStudio2/MounRiver_Studio2/resources/app/resources/win32/components/WCH/Toolchain/RISC-V Embedded GCC15/bin/../lib/gcc/riscv32-wch-elf/15.2.0/../../../../riscv32-wch-elf/lib/rv32imac_zaamo_zalrsc/ilp32\libc.a(libc_a-gdtoa-dmisc.o)
                0x00008642                __nrv_alloc_D2A
 .text.__freedtoa
                0x000086b2       0x10 D:/MounRiverStudio2/MounRiver_Studio2/resources/app/resources/win32/components/WCH/Toolchain/RISC-V Embedded GCC15/bin/../lib/gcc/riscv32-wch-elf/15.2.0/../../../../riscv32-wch-elf/lib/rv32imac_zaamo_zalrsc/ilp32\libc.a(libc_a-gdtoa-dmisc.o)
                0x000086b2                __freedtoa
 .text.__quorem_D2A
                0x000086c2      0x16a D:/MounRiverStudio2/MounRiver_Studio2/resources/app/resources/win32/components/WCH/Toolchain/RISC-V Embedded GCC15/bin/../lib/gcc/riscv32-wch-elf/15.2.0/../../../../riscv32-wch-elf/lib/rv32imac_zaamo_zalrsc/ilp32\libc.a(libc_a-gdtoa-dmisc.o)
                0x000086c2                __quorem_D2A
 .text.__rshift_D2A
                0x0000882c       0xa4 D:/MounRiverStudio2/MounRiver_Studio2/resources/app/resources/win32/components/WCH/Toolchain/RISC-V Embedded GCC15/bin/../lib/gcc/riscv32-wch-elf/15.2.0/../../../../riscv32-wch-elf/lib/rv32imac_zaamo_zalrsc/ilp32\libc.a(libc_a-gdtoa-gmisc.o)
                0x0000882c                __rshift_D2A
 .text.__trailz_D2A
                0x000088d0       0x40 D:/MounRiverStudio2/MounRiver_Studio2/resources/app/resources/win32/components/WCH/Toolchain/RISC-V Embedded GCC15/bin/../lib/gcc/riscv32-wch-elf/15.2.0/../../../../riscv32-wch-elf/lib/rv32imac_zaamo_zalrsc/ilp32\libc.a(libc_a-gdtoa-gmisc.o)
                0x000088d0                __trailz_D2A
 .text._malloc_r
                0x00008910      0x618 D:/MounRiverStudio2/MounRiver_Studio2/resources/app/resources/win32/components/WCH/Toolchain/RISC-V Embedded GCC15/bin/../lib/gcc/riscv32-wch-elf/15.2.0/../../../../riscv32-wch-elf/lib/rv32imac_zaamo_zalrsc/ilp32\libc.a(libc_a-mallocr.o)
                0x00008910                _malloc_r
 .text.__malloc_lock
                0x00008f28        0x2 D:/MounRiverStudio2/MounRiver_Studio2/resources/app/resources/win32/components/WCH/Toolchain/RISC-V Embedded GCC15/bin/../lib/gcc/riscv32-wch-elf/15.2.0/../../../../riscv32-wch-elf/lib/rv32imac_zaamo_zalrsc/ilp32\libc.a(libc_a-mlock.o)
                0x00008f28                __malloc_lock
 .text.__malloc_unlock
                0x00008f2a        0x2 D:/MounRiverStudio2/MounRiver_Studio2/resources/app/resources/win32/components/WCH/Toolchain/RISC-V Embedded GCC15/bin/../lib/gcc/riscv32-wch-elf/15.2.0/../../../../riscv32-wch-elf/lib/rv32imac_zaamo_zalrsc/ilp32\libc.a(libc_a-mlock.o)
                0x00008f2a                __malloc_unlock
 .text._Balloc  0x00008f2c       0x66 D:/MounRiverStudio2/MounRiver_Studio2/resources/app/resources/win32/components/WCH/Toolchain/RISC-V Embedded GCC15/bin/../lib/gcc/riscv32-wch-elf/15.2.0/../../../../riscv32-wch-elf/lib/rv32imac_zaamo_zalrsc/ilp32\libc.a(libc_a-mprec.o)
                0x00008f2c                _Balloc
 .text._Bfree   0x00008f92       0x12 D:/MounRiverStudio2/MounRiver_Studio2/resources/app/resources/win32/components/WCH/Toolchain/RISC-V Embedded GCC15/bin/../lib/gcc/riscv32-wch-elf/15.2.0/../../../../riscv32-wch-elf/lib/rv32imac_zaamo_zalrsc/ilp32\libc.a(libc_a-mprec.o)
                0x00008f92                _Bfree
 .text.__multadd
                0x00008fa4       0xf2 D:/MounRiverStudio2/MounRiver_Studio2/resources/app/resources/win32/components/WCH/Toolchain/RISC-V Embedded GCC15/bin/../lib/gcc/riscv32-wch-elf/15.2.0/../../../../riscv32-wch-elf/lib/rv32imac_zaamo_zalrsc/ilp32\libc.a(libc_a-mprec.o)
                0x00008fa4                __multadd
 .text.__hi0bits
                0x00009096       0x68 D:/MounRiverStudio2/MounRiver_Studio2/resources/app/resources/win32/components/WCH/Toolchain/RISC-V Embedded GCC15/bin/../lib/gcc/riscv32-wch-elf/15.2.0/../../../../riscv32-wch-elf/lib/rv32imac_zaamo_zalrsc/ilp32\libc.a(libc_a-mprec.o)
                0x00009096                __hi0bits
 .text.__lo0bits
                0x000090fe       0xa8 D:/MounRiverStudio2/MounRiver_Studio2/resources/app/resources/win32/components/WCH/Toolchain/RISC-V Embedded GCC15/bin/../lib/gcc/riscv32-wch-elf/15.2.0/../../../../riscv32-wch-elf/lib/rv32imac_zaamo_zalrsc/ilp32\libc.a(libc_a-mprec.o)
                0x000090fe                __lo0bits
 .text.__i2b    0x000091a6       0x7a D:/MounRiverStudio2/MounRiver_Studio2/resources/app/resources/win32/components/WCH/Toolchain/RISC-V Embedded GCC15/bin/../lib/gcc/riscv32-wch-elf/15.2.0/../../../../riscv32-wch-elf/lib/rv32imac_zaamo_zalrsc/ilp32\libc.a(libc_a-mprec.o)
                0x000091a6                __i2b
 .text.__multiply
                0x00009220      0x1b2 D:/MounRiverStudio2/MounRiver_Studio2/resources/app/resources/win32/components/WCH/Toolchain/RISC-V Embedded GCC15/bin/../lib/gcc/riscv32-wch-elf/15.2.0/../../../../riscv32-wch-elf/lib/rv32imac_zaamo_zalrsc/ilp32\libc.a(libc_a-mprec.o)
                0x00009220                __multiply
 .text.__pow5mult
                0x000093d2       0xe2 D:/MounRiverStudio2/MounRiver_Studio2/resources/app/resources/win32/components/WCH/Toolchain/RISC-V Embedded GCC15/bin/../lib/gcc/riscv32-wch-elf/15.2.0/../../../../riscv32-wch-elf/lib/rv32imac_zaamo_zalrsc/ilp32\libc.a(libc_a-mprec.o)
                0x000093d2                __pow5mult
 .text.__lshift
                0x000094b4      0x106 D:/MounRiverStudio2/MounRiver_Studio2/resources/app/resources/win32/components/WCH/Toolchain/RISC-V Embedded GCC15/bin/../lib/gcc/riscv32-wch-elf/15.2.0/../../../../riscv32-wch-elf/lib/rv32imac_zaamo_zalrsc/ilp32\libc.a(libc_a-mprec.o)
                0x000094b4                __lshift
 .text.__mcmp   0x000095ba       0x3a D:/MounRiverStudio2/MounRiver_Studio2/resources/app/resources/win32/components/WCH/Toolchain/RISC-V Embedded GCC15/bin/../lib/gcc/riscv32-wch-elf/15.2.0/../../../../riscv32-wch-elf/lib/rv32imac_zaamo_zalrsc/ilp32\libc.a(libc_a-mprec.o)
                0x000095ba                __mcmp
 .text.__mdiff  0x000095f4      0x18e D:/MounRiverStudio2/MounRiver_Studio2/resources/app/resources/win32/components/WCH/Toolchain/RISC-V Embedded GCC15/bin/../lib/gcc/riscv32-wch-elf/15.2.0/../../../../riscv32-wch-elf/lib/rv32imac_zaamo_zalrsc/ilp32\libc.a(libc_a-mprec.o)
                0x000095f4                __mdiff
 .text.__b2d    0x00009782       0xd0 D:/MounRiverStudio2/MounRiver_Studio2/resources/app/resources/win32/components/WCH/Toolchain/RISC-V Embedded GCC15/bin/../lib/gcc/riscv32-wch-elf/15.2.0/../../../../riscv32-wch-elf/lib/rv32imac_zaamo_zalrsc/ilp32\libc.a(libc_a-mprec.o)
                0x00009782                __b2d
 .text._realloc_r
                0x00009852      0x454 D:/MounRiverStudio2/MounRiver_Studio2/resources/app/resources/win32/components/WCH/Toolchain/RISC-V Embedded GCC15/bin/../lib/gcc/riscv32-wch-elf/15.2.0/../../../../riscv32-wch-elf/lib/rv32imac_zaamo_zalrsc/ilp32\libc.a(libc_a-reallocr.o)
                0x00009852                _realloc_r
 .text.__ssputs_r
                0x00009ca6      0x100 D:/MounRiverStudio2/MounRiver_Studio2/resources/app/resources/win32/components/WCH/Toolchain/RISC-V Embedded GCC15/bin/../lib/gcc/riscv32-wch-elf/15.2.0/../../../../riscv32-wch-elf/lib/rv32imac_zaamo_zalrsc/ilp32\libc.a(libc_a-ssputs_r.o)
                0x00009ca6                __ssputs_r
 .text._fclose_r
                0x00009da6       0xa8 D:/MounRiverStudio2/MounRiver_Studio2/resources/app/resources/win32/components/WCH/Toolchain/RISC-V Embedded GCC15/bin/../lib/gcc/riscv32-wch-elf/15.2.0/../../../../riscv32-wch-elf/lib/rv32imac_zaamo_zalrsc/ilp32\libc.a(libc_a-fclose.o)
                0x00009da6                _fclose_r
 .text.__smakebuf_r
                0x00009e4e       0xfe D:/MounRiverStudio2/MounRiver_Studio2/resources/app/resources/win32/components/WCH/Toolchain/RISC-V Embedded GCC15/bin/../lib/gcc/riscv32-wch-elf/15.2.0/../../../../riscv32-wch-elf/lib/rv32imac_zaamo_zalrsc/ilp32\libc.a(libc_a-makebuf.o)
                0x00009e4e                __smakebuf_r
 .text._fstat_r
                0x00009f4c       0x3a D:/MounRiverStudio2/MounRiver_Studio2/resources/app/resources/win32/components/WCH/Toolchain/RISC-V Embedded GCC15/bin/../lib/gcc/riscv32-wch-elf/15.2.0/../../../../riscv32-wch-elf/lib/rv32imac_zaamo_zalrsc/ilp32\libc.a(libc_a-fstatr.o)
                0x00009f4c                _fstat_r
 .text._isatty_r
                0x00009f86       0x36 D:/MounRiverStudio2/MounRiver_Studio2/resources/app/resources/win32/components/WCH/Toolchain/RISC-V Embedded GCC15/bin/../lib/gcc/riscv32-wch-elf/15.2.0/../../../../riscv32-wch-elf/lib/rv32imac_zaamo_zalrsc/ilp32\libc.a(libc_a-isattyr.o)
                0x00009f86                _isatty_r
 .text._sbrk_r  0x00009fbc       0x36 D:/MounRiverStudio2/MounRiver_Studio2/resources/app/resources/win32/components/WCH/Toolchain/RISC-V Embedded GCC15/bin/../lib/gcc/riscv32-wch-elf/15.2.0/../../../../riscv32-wch-elf/lib/rv32imac_zaamo_zalrsc/ilp32\libc.a(libc_a-sbrkr.o)
                0x00009fbc                _sbrk_r
 .text.__assert_func
                0x00009ff2       0x34 D:/MounRiverStudio2/MounRiver_Studio2/resources/app/resources/win32/components/WCH/Toolchain/RISC-V Embedded GCC15/bin/../lib/gcc/riscv32-wch-elf/15.2.0/../../../../riscv32-wch-elf/lib/rv32imac_zaamo_zalrsc/ilp32\libc.a(libc_a-assert.o)
                0x00009ff2                __assert_func
 .text._calloc_r
                0x0000a026       0xa4 D:/MounRiverStudio2/MounRiver_Studio2/resources/app/resources/win32/components/WCH/Toolchain/RISC-V Embedded GCC15/bin/../lib/gcc/riscv32-wch-elf/15.2.0/../../../../riscv32-wch-elf/lib/rv32imac_zaamo_zalrsc/ilp32\libc.a(libc_a-callocr.o)
                0x0000a026                _calloc_r
 .text.__ascii_mbtowc
                0x0000a0ca       0x40 D:/MounRiverStudio2/MounRiver_Studio2/resources/app/resources/win32/components/WCH/Toolchain/RISC-V Embedded GCC15/bin/../lib/gcc/riscv32-wch-elf/15.2.0/../../../../riscv32-wch-elf/lib/rv32imac_zaamo_zalrsc/ilp32\libc.a(libc_a-mbtowc_r.o)
                0x0000a0ca                __ascii_mbtowc
 .text.__ascii_wctomb
                0x0000a10a       0x20 D:/MounRiverStudio2/MounRiver_Studio2/resources/app/resources/win32/components/WCH/Toolchain/RISC-V Embedded GCC15/bin/../lib/gcc/riscv32-wch-elf/15.2.0/../../../../riscv32-wch-elf/lib/rv32imac_zaamo_zalrsc/ilp32\libc.a(libc_a-wctomb_r.o)
                0x0000a10a                __ascii_wctomb
 .text.fiprintf
                0x0000a12a       0x2c D:/MounRiverStudio2/MounRiver_Studio2/resources/app/resources/win32/components/WCH/Toolchain/RISC-V Embedded GCC15/bin/../lib/gcc/riscv32-wch-elf/15.2.0/../../../../riscv32-wch-elf/lib/rv32imac_zaamo_zalrsc/ilp32\libc.a(libc_a-fiprintf.o)
                0x0000a12a                fiprintf
 .text._vfiprintf_r
                0x0000a156      0xe56 D:/MounRiverStudio2/MounRiver_Studio2/resources/app/resources/win32/components/WCH/Toolchain/RISC-V Embedded GCC15/bin/../lib/gcc/riscv32-wch-elf/15.2.0/../../../../riscv32-wch-elf/lib/rv32imac_zaamo_zalrsc/ilp32\libc.a(libc_a-vfiprintf.o)
                0x0000a156                _vfiprintf_r
 .text.__sbprintf
                0x0000afac       0x92 D:/MounRiverStudio2/MounRiver_Studio2/resources/app/resources/win32/components/WCH/Toolchain/RISC-V Embedded GCC15/bin/../lib/gcc/riscv32-wch-elf/15.2.0/../../../../riscv32-wch-elf/lib/rv32imac_zaamo_zalrsc/ilp32\libc.a(libc_a-vfiprintf.o)
 .text.__errno  0x0000b03e        0x6 D:/MounRiverStudio2/MounRiver_Studio2/resources/app/resources/win32/components/WCH/Toolchain/RISC-V Embedded GCC15/bin/../lib/gcc/riscv32-wch-elf/15.2.0/../../../../riscv32-wch-elf/lib/rv32imac_zaamo_zalrsc/ilp32\libc.a(libc_a-errno.o)
                0x0000b03e                __errno
 .text.abort    0x0000b044        0xc D:/MounRiverStudio2/MounRiver_Studio2/resources/app/resources/win32/components/WCH/Toolchain/RISC-V Embedded GCC15/bin/../lib/gcc/riscv32-wch-elf/15.2.0/../../../../riscv32-wch-elf/lib/rv32imac_zaamo_zalrsc/ilp32\libc.a(libc_a-abort.o)
                0x0000b044                abort
 .text.raise    0x0000b050       0x66 D:/MounRiverStudio2/MounRiver_Studio2/resources/app/resources/win32/components/WCH/Toolchain/RISC-V Embedded GCC15/bin/../lib/gcc/riscv32-wch-elf/15.2.0/../../../../riscv32-wch-elf/lib/rv32imac_zaamo_zalrsc/ilp32\libc.a(libc_a-signal.o)
                0x0000b050                raise
 .text._kill_r  0x0000b0b6       0x38 D:/MounRiverStudio2/MounRiver_Studio2/resources/app/resources/win32/components/WCH/Toolchain/RISC-V Embedded GCC15/bin/../lib/gcc/riscv32-wch-elf/15.2.0/../../../../riscv32-wch-elf/lib/rv32imac_zaamo_zalrsc/ilp32\libc.a(libc_a-signalr.o)
                0x0000b0b6                _kill_r
 .text._getpid_r
                0x0000b0ee        0x2 D:/MounRiverStudio2/MounRiver_Studio2/resources/app/resources/win32/components/WCH/Toolchain/RISC-V Embedded GCC15/bin/../lib/gcc/riscv32-wch-elf/15.2.0/../../../../riscv32-wch-elf/lib/rv32imac_zaamo_zalrsc/ilp32\libc.a(libc_a-signalr.o)
                0x0000b0ee                _getpid_r
 .text._close   0x0000b0f0       0x2a D:/MounRiverStudio2/MounRiver_Studio2/resources/app/resources/win32/components/WCH/Toolchain/RISC-V Embedded GCC15/bin/../lib/gcc/riscv32-wch-elf/15.2.0/../../../../riscv32-wch-elf/lib/rv32imac_zaamo_zalrsc/ilp32\libgloss.a(riscv_libgloss_a-sys_close.o)
                0x0000b0f0                _close
 .text._exit    0x0000b11a       0x22 D:/MounRiverStudio2/MounRiver_Studio2/resources/app/resources/win32/components/WCH/Toolchain/RISC-V Embedded GCC15/bin/../lib/gcc/riscv32-wch-elf/15.2.0/../../../../riscv32-wch-elf/lib/rv32imac_zaamo_zalrsc/ilp32\libgloss.a(riscv_libgloss_a-sys_exit.o)
                0x0000b11a                _exit
 .text._fstat   0x0000b13c       0x3a D:/MounRiverStudio2/MounRiver_Studio2/resources/app/resources/win32/components/WCH/Toolchain/RISC-V Embedded GCC15/bin/../lib/gcc/riscv32-wch-elf/15.2.0/../../../../riscv32-wch-elf/lib/rv32imac_zaamo_zalrsc/ilp32\libgloss.a(riscv_libgloss_a-sys_fstat.o)
                0x0000b13c                _fstat
 .text._getpid  0x0000b176        0x4 D:/MounRiverStudio2/MounRiver_Studio2/resources/app/resources/win32/components/WCH/Toolchain/RISC-V Embedded GCC15/bin/../lib/gcc/riscv32-wch-elf/15.2.0/../../../../riscv32-wch-elf/lib/rv32imac_zaamo_zalrsc/ilp32\libgloss.a(riscv_libgloss_a-sys_getpid.o)
                0x0000b176                _getpid
 .text._isatty  0x0000b17a       0x24 D:/MounRiverStudio2/MounRiver_Studio2/resources/app/resources/win32/components/WCH/Toolchain/RISC-V Embedded GCC15/bin/../lib/gcc/riscv32-wch-elf/15.2.0/../../../../riscv32-wch-elf/lib/rv32imac_zaamo_zalrsc/ilp32\libgloss.a(riscv_libgloss_a-sys_isatty.o)
                0x0000b17a                _isatty
 .text._kill    0x0000b19e       0x14 D:/MounRiverStudio2/MounRiver_Studio2/resources/app/resources/win32/components/WCH/Toolchain/RISC-V Embedded GCC15/bin/../lib/gcc/riscv32-wch-elf/15.2.0/../../../../riscv32-wch-elf/lib/rv32imac_zaamo_zalrsc/ilp32\libgloss.a(riscv_libgloss_a-sys_kill.o)
                0x0000b19e                _kill
 .text._lseek   0x0000b1b2       0x2a D:/MounRiverStudio2/MounRiver_Studio2/resources/app/resources/win32/components/WCH/Toolchain/RISC-V Embedded GCC15/bin/../lib/gcc/riscv32-wch-elf/15.2.0/../../../../riscv32-wch-elf/lib/rv32imac_zaamo_zalrsc/ilp32\libgloss.a(riscv_libgloss_a-sys_lseek.o)
                0x0000b1b2                _lseek
 .text._read    0x0000b1dc       0x2a D:/MounRiverStudio2/MounRiver_Studio2/resources/app/resources/win32/components/WCH/Toolchain/RISC-V Embedded GCC15/bin/../lib/gcc/riscv32-wch-elf/15.2.0/../../../../riscv32-wch-elf/lib/rv32imac_zaamo_zalrsc/ilp32\libgloss.a(riscv_libgloss_a-sys_read.o)
                0x0000b1dc                _read
 .text._write   0x0000b206       0x2a D:/MounRiverStudio2/MounRiver_Studio2/resources/app/resources/win32/components/WCH/Toolchain/RISC-V Embedded GCC15/bin/../lib/gcc/riscv32-wch-elf/15.2.0/../../../../riscv32-wch-elf/lib/rv32imac_zaamo_zalrsc/ilp32\libgloss.a(riscv_libgloss_a-sys_write.o)
                0x0000b206                _write
 .text._conv_stat
                0x0000b230       0x6a D:/MounRiverStudio2/MounRiver_Studio2/resources/app/resources/win32/components/WCH/Toolchain/RISC-V Embedded GCC15/bin/../lib/gcc/riscv32-wch-elf/15.2.0/../../../../riscv32-wch-elf/lib/rv32imac_zaamo_zalrsc/ilp32\libgloss.a(riscv_libgloss_a-sys_conv_stat.o)
                0x0000b230                _conv_stat
 .text.__adddf3
                0x0000b29a      0x58e D:/MounRiverStudio2/MounRiver_Studio2/resources/app/resources/win32/components/WCH/Toolchain/RISC-V Embedded GCC15/bin/../lib/gcc/riscv32-wch-elf/15.2.0/rv32imac_zaamo_zalrsc/ilp32\libgcc.a(adddf3.o)
                0x0000b29a                __adddf3
 .text.__divdf3
                0x0000b828      0x514 D:/MounRiverStudio2/MounRiver_Studio2/resources/app/resources/win32/components/WCH/Toolchain/RISC-V Embedded GCC15/bin/../lib/gcc/riscv32-wch-elf/15.2.0/rv32imac_zaamo_zalrsc/ilp32\libgcc.a(divdf3.o)
                0x0000b828                __divdf3
 .text.__eqdf2  0x0000bd3c       0x66 D:/MounRiverStudio2/MounRiver_Studio2/resources/app/resources/win32/components/WCH/Toolchain/RISC-V Embedded GCC15/bin/../lib/gcc/riscv32-wch-elf/15.2.0/rv32imac_zaamo_zalrsc/ilp32\libgcc.a(eqdf2.o)
                0x0000bd3c                __nedf2
                0x0000bd3c                __eqdf2
 .text.__gedf2  0x0000bda2       0xb6 D:/MounRiverStudio2/MounRiver_Studio2/resources/app/resources/win32/components/WCH/Toolchain/RISC-V Embedded GCC15/bin/../lib/gcc/riscv32-wch-elf/15.2.0/rv32imac_zaamo_zalrsc/ilp32\libgcc.a(gedf2.o)
                0x0000bda2                __gedf2
                0x0000bda2                __gtdf2
 .text.__ledf2  0x0000be58       0xb6 D:/MounRiverStudio2/MounRiver_Studio2/resources/app/resources/win32/components/WCH/Toolchain/RISC-V Embedded GCC15/bin/../lib/gcc/riscv32-wch-elf/15.2.0/rv32imac_zaamo_zalrsc/ilp32\libgcc.a(ledf2.o)
                0x0000be58                __ledf2
                0x0000be58                __ltdf2
 .text.__muldf3
                0x0000bf0e      0x44a D:/MounRiverStudio2/MounRiver_Studio2/resources/app/resources/win32/components/WCH/Toolchain/RISC-V Embedded GCC15/bin/../lib/gcc/riscv32-wch-elf/15.2.0/rv32imac_zaamo_zalrsc/ilp32\libgcc.a(muldf3.o)
                0x0000bf0e                __muldf3
 .text.__subdf3
                0x0000c358      0x5ba D:/MounRiverStudio2/MounRiver_Studio2/resources/app/resources/win32/components/WCH/Toolchain/RISC-V Embedded GCC15/bin/../lib/gcc/riscv32-wch-elf/15.2.0/rv32imac_zaamo_zalrsc/ilp32\libgcc.a(subdf3.o)
                0x0000c358                __subdf3
 .text.__fixdfsi
                0x0000c912       0x62 D:/MounRiverStudio2/MounRiver_Studio2/resources/app/resources/win32/components/WCH/Toolchain/RISC-V Embedded GCC15/bin/../lib/gcc/riscv32-wch-elf/15.2.0/rv32imac_zaamo_zalrsc/ilp32\libgcc.a(fixdfsi.o)
                0x0000c912                __fixdfsi
 .text.__floatsidf
                0x0000c974       0x64 D:/MounRiverStudio2/MounRiver_Studio2/resources/app/resources/win32/components/WCH/Toolchain/RISC-V Embedded GCC15/bin/../lib/gcc/riscv32-wch-elf/15.2.0/rv32imac_zaamo_zalrsc/ilp32\libgcc.a(floatsidf.o)
                0x0000c974                __floatsidf
 .text.__eqtf2  0x0000c9d8       0xc2 D:/MounRiverStudio2/MounRiver_Studio2/resources/app/resources/win32/components/WCH/Toolchain/RISC-V Embedded GCC15/bin/../lib/gcc/riscv32-wch-elf/15.2.0/rv32imac_zaamo_zalrsc/ilp32\libgcc.a(eqtf2.o)
                0x0000c9d8                __netf2
                0x0000c9d8                __eqtf2
 .text.__getf2  0x0000ca9a       0xf2 D:/MounRiverStudio2/MounRiver_Studio2/resources/app/resources/win32/components/WCH/Toolchain/RISC-V Embedded GCC15/bin/../lib/gcc/riscv32-wch-elf/15.2.0/rv32imac_zaamo_zalrsc/ilp32\libgcc.a(getf2.o)
                0x0000ca9a                __gttf2
                0x0000ca9a                __getf2
 .text.__letf2  0x0000cb8c       0xf2 D:/MounRiverStudio2/MounRiver_Studio2/resources/app/resources/win32/components/WCH/Toolchain/RISC-V Embedded GCC15/bin/../lib/gcc/riscv32-wch-elf/15.2.0/rv32imac_zaamo_zalrsc/ilp32\libgcc.a(letf2.o)
                0x0000cb8c                __lttf2
                0x0000cb8c                __letf2
 .text.__multf3
                0x0000cc7e      0xa68 D:/MounRiverStudio2/MounRiver_Studio2/resources/app/resources/win32/components/WCH/Toolchain/RISC-V Embedded GCC15/bin/../lib/gcc/riscv32-wch-elf/15.2.0/rv32imac_zaamo_zalrsc/ilp32\libgcc.a(multf3.o)
                0x0000cc7e                __multf3
 .text.__subtf3
                0x0000d6e6      0xd56 D:/MounRiverStudio2/MounRiver_Studio2/resources/app/resources/win32/components/WCH/Toolchain/RISC-V Embedded GCC15/bin/../lib/gcc/riscv32-wch-elf/15.2.0/rv32imac_zaamo_zalrsc/ilp32\libgcc.a(subtf3.o)
                0x0000d6e6                __subtf3
 .text.__unordtf2
                0x0000e43c       0x62 D:/MounRiverStudio2/MounRiver_Studio2/resources/app/resources/win32/components/WCH/Toolchain/RISC-V Embedded GCC15/bin/../lib/gcc/riscv32-wch-elf/15.2.0/rv32imac_zaamo_zalrsc/ilp32\libgcc.a(unordtf2.o)
                0x0000e43c                __unordtf2
 .text.__fixtfsi
                0x0000e49e       0x98 D:/MounRiverStudio2/MounRiver_Studio2/resources/app/resources/win32/components/WCH/Toolchain/RISC-V Embedded GCC15/bin/../lib/gcc/riscv32-wch-elf/15.2.0/rv32imac_zaamo_zalrsc/ilp32\libgcc.a(fixtfsi.o)
                0x0000e49e                __fixtfsi
 .text.__floatsitf
                0x0000e536       0xc8 D:/MounRiverStudio2/MounRiver_Studio2/resources/app/resources/win32/components/WCH/Toolchain/RISC-V Embedded GCC15/bin/../lib/gcc/riscv32-wch-elf/15.2.0/rv32imac_zaamo_zalrsc/ilp32\libgcc.a(floatsitf.o)
                0x0000e536                __floatsitf
 .text.__extenddftf2
                0x0000e5fe      0x154 D:/MounRiverStudio2/MounRiver_Studio2/resources/app/resources/win32/components/WCH/Toolchain/RISC-V Embedded GCC15/bin/../lib/gcc/riscv32-wch-elf/15.2.0/rv32imac_zaamo_zalrsc/ilp32\libgcc.a(extenddftf2.o)
                0x0000e5fe                __extenddftf2
 .text.__clzsi2
                0x0000e752       0x3a D:/MounRiverStudio2/MounRiver_Studio2/resources/app/resources/win32/components/WCH/Toolchain/RISC-V Embedded GCC15/bin/../lib/gcc/riscv32-wch-elf/15.2.0/rv32imac_zaamo_zalrsc/ilp32\libgcc.a(_clzsi2.o)
                0x0000e752                __clzsi2
 *(.rodata)
 .rodata        0x0000e78c       0x88 build/usbhs/ch585_usbhs_device.o
 .rodata        0x0000e814       0x14 D:/MounRiverStudio2/MounRiver_Studio2/resources/app/resources/win32/components/WCH/Toolchain/RISC-V Embedded GCC15/bin/../lib/gcc/riscv32-wch-elf/15.2.0/../../../../riscv32-wch-elf/lib/rv32imac_zaamo_zalrsc/ilp32\libc.a(libc_a-gdtoa-ldtoa.o)
 *(.rodata*)
 .rodata.GPIOA_ModeCfg
                0x0000e828       0x14 build/sdk/CH58x_gpio.o
 .rodata.str1.4
                0x0000e83c      0x163 build/user/UART.o
                                  0xa (size before relaxing)
 .rodata.cdc_log_alive_tick.str1.4
                0x0000e99f        0x0 build/user/log_utils.o
                                 0x15 (size before relaxing)
 *fill*         0x0000e99f        0x1 
 .rodata.s_ms_ext_prop_desc
                0x0000e9a0        0xa build/usbhs/ch585_usbhs_device.o
 *fill*         0x0000e9aa        0x2 
 .rodata.s_ms_compat_id_desc
                0x0000e9ac       0x28 build/usbhs/ch585_usbhs_device.o
 .rodata.s_ms_os_string_desc
                0x0000e9d4       0x12 build/usbhs/ch585_usbhs_device.o
 *fill*         0x0000e9e6        0x2 
 .rodata.MyQuaDesc
                0x0000e9e8        0xa build/usbhs/usb_desc.o
                0x0000e9e8                MyQuaDesc
 *fill*         0x0000e9f2        0x2 
 .rodata.MyXsm3Info
                0x0000e9f4       0x4a build/usbhs/usb_desc.o
                0x0000e9f4                MyXsm3Info
 *fill*         0x0000ea3e        0x2 
 .rodata.MySerNumInfo
                0x0000ea40       0x12 build/usbhs/usb_desc.o
                0x0000ea40                MySerNumInfo
 *fill*         0x0000ea52        0x2 
 .rodata.MyProdInfo
                0x0000ea54       0x32 build/usbhs/usb_desc.o
                0x0000ea54                MyProdInfo
 *fill*         0x0000ea86        0x2 
 .rodata.MyManuInfo
                0x0000ea88       0x10 build/usbhs/usb_desc.o
                0x0000ea88                MyManuInfo
 .rodata.MyHIDReportDesc_FS
                0x0000ea98       0x15 build/usbhs/usb_desc.o
                0x0000ea98                MyHIDReportDesc_FS
 *fill*         0x0000eaad        0x3 
 .rodata.MyHIDReportDesc_HS
                0x0000eab0       0x15 build/usbhs/usb_desc.o
                0x0000eab0                MyHIDReportDesc_HS
 *fill*         0x0000eac5        0x3 
 .rodata.MyCfgDescr_FS
                0x0000eac8       0x73 build/usbhs/usb_desc.o
                0x0000eac8                MyCfgDescr_FS
 *fill*         0x0000eb3b        0x1 
 .rodata.MyCfgDescr_HS
                0x0000eb3c       0x73 build/usbhs/usb_desc.o
                0x0000eb3c                MyCfgDescr_HS
 *fill*         0x0000ebaf        0x1 
 .rodata.MyDevDescr
                0x0000ebb0       0x12 build/usbhs/usb_desc.o
                0x0000ebb0                MyDevDescr
 *fill*         0x0000ebc2        0x2 
 .rodata.__clz_tab
                0x0000ebc4      0x100 D:/MounRiverStudio2/MounRiver_Studio2/resources/app/resources/win32/components/WCH/Toolchain/RISC-V Embedded GCC15/bin/../lib/gcc/riscv32-wch-elf/15.2.0/rv32imac_zaamo_zalrsc/ilp32\libgcc.a(_clz.o)
                0x0000ebc4                __clz_tab
 .rodata._svfprintf_r.str1.4
                0x0000ecc4        0x0 D:/MounRiverStudio2/MounRiver_Studio2/resources/app/resources/win32/components/WCH/Toolchain/RISC-V Embedded GCC15/bin/../lib/gcc/riscv32-wch-elf/15.2.0/../../../../riscv32-wch-elf/lib/rv32imac_zaamo_zalrsc/ilp32\libc.a(libc_a-svfprintf.o)
                                 0x42 (size before relaxing)
 .rodata._svfprintf_r
                0x0000ecc4      0x16c D:/MounRiverStudio2/MounRiver_Studio2/resources/app/resources/win32/components/WCH/Toolchain/RISC-V Embedded GCC15/bin/../lib/gcc/riscv32-wch-elf/15.2.0/../../../../riscv32-wch-elf/lib/rv32imac_zaamo_zalrsc/ilp32\libc.a(libc_a-svfprintf.o)
 .rodata.zeroes.0
                0x0000ee30       0x10 D:/MounRiverStudio2/MounRiver_Studio2/resources/app/resources/win32/components/WCH/Toolchain/RISC-V Embedded GCC15/bin/../lib/gcc/riscv32-wch-elf/15.2.0/../../../../riscv32-wch-elf/lib/rv32imac_zaamo_zalrsc/ilp32\libc.a(libc_a-svfprintf.o)
 .rodata.blanks.1
                0x0000ee40       0x10 D:/MounRiverStudio2/MounRiver_Studio2/resources/app/resources/win32/components/WCH/Toolchain/RISC-V Embedded GCC15/bin/../lib/gcc/riscv32-wch-elf/15.2.0/../../../../riscv32-wch-elf/lib/rv32imac_zaamo_zalrsc/ilp32\libc.a(libc_a-svfprintf.o)
 .rodata._vfprintf_r.str1.4
                0x0000ee50        0x0 D:/MounRiverStudio2/MounRiver_Studio2/resources/app/resources/win32/components/WCH/Toolchain/RISC-V Embedded GCC15/bin/../lib/gcc/riscv32-wch-elf/15.2.0/../../../../riscv32-wch-elf/lib/rv32imac_zaamo_zalrsc/ilp32\libc.a(libc_a-vfprintf.o)
                                 0x42 (size before relaxing)
 .rodata._vfprintf_r
                0x0000ee50      0x16c D:/MounRiverStudio2/MounRiver_Studio2/resources/app/resources/win32/components/WCH/Toolchain/RISC-V Embedded GCC15/bin/../lib/gcc/riscv32-wch-elf/15.2.0/../../../../riscv32-wch-elf/lib/rv32imac_zaamo_zalrsc/ilp32\libc.a(libc_a-vfprintf.o)
 .rodata.zeroes.0
                0x0000efbc       0x10 D:/MounRiverStudio2/MounRiver_Studio2/resources/app/resources/win32/components/WCH/Toolchain/RISC-V Embedded GCC15/bin/../lib/gcc/riscv32-wch-elf/15.2.0/../../../../riscv32-wch-elf/lib/rv32imac_zaamo_zalrsc/ilp32\libc.a(libc_a-vfprintf.o)
 .rodata.blanks.1
                0x0000efcc       0x10 D:/MounRiverStudio2/MounRiver_Studio2/resources/app/resources/win32/components/WCH/Toolchain/RISC-V Embedded GCC15/bin/../lib/gcc/riscv32-wch-elf/15.2.0/../../../../riscv32-wch-elf/lib/rv32imac_zaamo_zalrsc/ilp32\libc.a(libc_a-vfprintf.o)
 .rodata.__gdtoa.str1.4
                0x0000efdc        0x0 D:/MounRiverStudio2/MounRiver_Studio2/resources/app/resources/win32/components/WCH/Toolchain/RISC-V Embedded GCC15/bin/../lib/gcc/riscv32-wch-elf/15.2.0/../../../../riscv32-wch-elf/lib/rv32imac_zaamo_zalrsc/ilp32\libc.a(libc_a-gdtoa-gdtoa.o)
                                 0x12 (size before relaxing)
 .rodata.__rv_alloc_D2A.part.0.str1.4
                0x0000efdc        0x0 D:/MounRiverStudio2/MounRiver_Studio2/resources/app/resources/win32/components/WCH/Toolchain/RISC-V Embedded GCC15/bin/../lib/gcc/riscv32-wch-elf/15.2.0/../../../../riscv32-wch-elf/lib/rv32imac_zaamo_zalrsc/ilp32\libc.a(libc_a-gdtoa-dmisc.o)
                                 0x5a (size before relaxing)
 .rodata.__multadd.str1.4
                0x0000efdc        0x0 D:/MounRiverStudio2/MounRiver_Studio2/resources/app/resources/win32/components/WCH/Toolchain/RISC-V Embedded GCC15/bin/../lib/gcc/riscv32-wch-elf/15.2.0/../../../../riscv32-wch-elf/lib/rv32imac_zaamo_zalrsc/ilp32\libc.a(libc_a-mprec.o)
                                 0x54 (size before relaxing)
 .rodata.p05.0  0x0000efdc        0xc D:/MounRiverStudio2/MounRiver_Studio2/resources/app/resources/win32/components/WCH/Toolchain/RISC-V Embedded GCC15/bin/../lib/gcc/riscv32-wch-elf/15.2.0/../../../../riscv32-wch-elf/lib/rv32imac_zaamo_zalrsc/ilp32\libc.a(libc_a-mprec.o)
 .rodata.__mprec_tens
                0x0000efe8       0xc8 D:/MounRiverStudio2/MounRiver_Studio2/resources/app/resources/win32/components/WCH/Toolchain/RISC-V Embedded GCC15/bin/../lib/gcc/riscv32-wch-elf/15.2.0/../../../../riscv32-wch-elf/lib/rv32imac_zaamo_zalrsc/ilp32\libc.a(libc_a-mprec.o)
                0x0000efe8                __mprec_tens
 .rodata._setlocale_r.str1.4
                0x0000f0b0        0x0 D:/MounRiverStudio2/MounRiver_Studio2/resources/app/resources/win32/components/WCH/Toolchain/RISC-V Embedded GCC15/bin/../lib/gcc/riscv32-wch-elf/15.2.0/../../../../riscv32-wch-elf/lib/rv32imac_zaamo_zalrsc/ilp32\libc.a(libc_a-locale.o)
                                  0xd (size before relaxing)
 .rodata.str1.4
                0x0000f0b0        0x0 D:/MounRiverStudio2/MounRiver_Studio2/resources/app/resources/win32/components/WCH/Toolchain/RISC-V Embedded GCC15/bin/../lib/gcc/riscv32-wch-elf/15.2.0/../../../../riscv32-wch-elf/lib/rv32imac_zaamo_zalrsc/ilp32\libc.a(libc_a-locale.o)
                                  0x2 (size before relaxing)
 .rodata.__assert_func.str1.4
                0x0000f0b0        0x0 D:/MounRiverStudio2/MounRiver_Studio2/resources/app/resources/win32/components/WCH/Toolchain/RISC-V Embedded GCC15/bin/../lib/gcc/riscv32-wch-elf/15.2.0/../../../../riscv32-wch-elf/lib/rv32imac_zaamo_zalrsc/ilp32\libc.a(libc_a-assert.o)
                                 0x43 (size before relaxing)
 .rodata._ctype_
                0x0000f0b0      0x101 D:/MounRiverStudio2/MounRiver_Studio2/resources/app/resources/win32/components/WCH/Toolchain/RISC-V Embedded GCC15/bin/../lib/gcc/riscv32-wch-elf/15.2.0/../../../../riscv32-wch-elf/lib/rv32imac_zaamo_zalrsc/ilp32\libc.a(libc_a-ctype_.o)
                0x0000f0b0                _ctype_
 .rodata._vfiprintf_r.str1.4
                0x0000f1b1        0x0 D:/MounRiverStudio2/MounRiver_Studio2/resources/app/resources/win32/components/WCH/Toolchain/RISC-V Embedded GCC15/bin/../lib/gcc/riscv32-wch-elf/15.2.0/../../../../riscv32-wch-elf/lib/rv32imac_zaamo_zalrsc/ilp32\libc.a(libc_a-vfiprintf.o)
                                 0x2f (size before relaxing)
 *fill*         0x0000f1b1        0x3 
 .rodata._vfiprintf_r
                0x0000f1b4      0x16c D:/MounRiverStudio2/MounRiver_Studio2/resources/app/resources/win32/components/WCH/Toolchain/RISC-V Embedded GCC15/bin/../lib/gcc/riscv32-wch-elf/15.2.0/../../../../riscv32-wch-elf/lib/rv32imac_zaamo_zalrsc/ilp32\libc.a(libc_a-vfiprintf.o)
 .rodata.zeroes.0
                0x0000f320       0x10 D:/MounRiverStudio2/MounRiver_Studio2/resources/app/resources/win32/components/WCH/Toolchain/RISC-V Embedded GCC15/bin/../lib/gcc/riscv32-wch-elf/15.2.0/../../../../riscv32-wch-elf/lib/rv32imac_zaamo_zalrsc/ilp32\libc.a(libc_a-vfiprintf.o)
 .rodata.blanks.1
                0x0000f330       0x10 D:/MounRiverStudio2/MounRiver_Studio2/resources/app/resources/win32/components/WCH/Toolchain/RISC-V Embedded GCC15/bin/../lib/gcc/riscv32-wch-elf/15.2.0/../../../../riscv32-wch-elf/lib/rv32imac_zaamo_zalrsc/ilp32\libc.a(libc_a-vfiprintf.o)
 .rodata.__divdf3
                0x0000f340       0x3c D:/MounRiverStudio2/MounRiver_Studio2/resources/app/resources/win32/components/WCH/Toolchain/RISC-V Embedded GCC15/bin/../lib/gcc/riscv32-wch-elf/15.2.0/rv32imac_zaamo_zalrsc/ilp32\libgcc.a(divdf3.o)
 *(.sdata2.*)
 *(.glue_7)
 *(.glue_7t)
 *(.gnu.linkonce.t.*)
                0x0000f37c                        . = ALIGN (0x4)

.rela.dyn       0x0000f37c        0x0
 .rela.text._sbrk
                0x0000f37c        0x0 build/sdk/CH58x_gpio.o
 .rela.sdata.curbrk.0
                0x0000f37c        0x0 build/sdk/CH58x_gpio.o
 .rela.init     0x0000f37c        0x0 build/sdk/CH58x_gpio.o
 .rela.vector   0x0000f37c        0x0 build/sdk/CH58x_gpio.o
 .rela.handle_reset
                0x0000f37c        0x0 build/sdk/CH58x_gpio.o
 .rela.highcode_init
                0x0000f37c        0x0 build/sdk/CH58x_gpio.o

.fini           0x0000f37c        0x0
 *(SORT_NONE(.fini))
                0x0000f37c                        . = ALIGN (0x4)
                [!provide]                        PROVIDE (_etext = .)
                [!provide]                        PROVIDE (_eitcm = .)

.preinit_array  0x0000f37c        0x0
                [!provide]                        PROVIDE (__preinit_array_start = .)
 *(.preinit_array)
                [!provide]                        PROVIDE (__preinit_array_end = .)

.init_array     0x0000f37c        0x0
                [!provide]                        PROVIDE (__init_array_start = .)
 *(SORT_BY_INIT_PRIORITY(.init_array.*) SORT_BY_INIT_PRIORITY(.ctors.*))
 *(.init_array EXCLUDE_FILE(*crtend?.o *crtend.o *crtbegin?.o *crtbegin.o) .ctors)
                [!provide]                        PROVIDE (__init_array_end = .)

.fini_array     0x0000f37c        0x0
                [!provide]                        PROVIDE (__fini_array_start = .)
 *(SORT_BY_INIT_PRIORITY(.fini_array.*) SORT_BY_INIT_PRIORITY(.dtors.*))
 *(.fini_array EXCLUDE_FILE(*crtend?.o *crtend.o *crtbegin?.o *crtbegin.o) .dtors)
                [!provide]                        PROVIDE (__fini_array_end = .)

.ctors
 *crtbegin.o(.ctors)
 *crtbegin?.o(.ctors)
 *(EXCLUDE_FILE(*crtend?.o *crtend.o) .ctors)
 *(SORT_BY_NAME(.ctors.*))
 *(.ctors)

.dtors
 *crtbegin.o(.dtors)
 *crtbegin?.o(.dtors)
 *(EXCLUDE_FILE(*crtend?.o *crtend.o) .dtors)
 *(SORT_BY_NAME(.dtors.*))
 *(.dtors)

.dlalign        0x0000f37c        0x0
                0x0000f37c                        . = ALIGN (0x4)
                0x0000f37c                        PROVIDE (_data_lma = .)

.data           0x20001658      0x85c load address 0x0000f37c
                0x20001658                        . = ALIGN (0x4)
                0x20001658                        PROVIDE (_data_vma = .)
 *(.gnu.linkonce.r.*)
 *(.data .data.*)
 .data.IFTest_Buf
                0x20001658       0x35 build/usbhs/ch585_usbhs_device.o
                0x20001658                IFTest_Buf
 *fill*         0x2000168d        0x3 
 .data.TAB_USB_HS_OSC_DESC
                0x20001690       0x73 build/usbhs/usb_desc.o
                0x20001690                TAB_USB_HS_OSC_DESC
 *fill*         0x20001703        0x1 
 .data.TAB_USB_FS_OSC_DESC
                0x20001704       0x73 build/usbhs/usb_desc.o
                0x20001704                TAB_USB_FS_OSC_DESC
 *fill*         0x20001777        0x1 
 .data._impure_data
                0x20001778      0x140 D:/MounRiverStudio2/MounRiver_Studio2/resources/app/resources/win32/components/WCH/Toolchain/RISC-V Embedded GCC15/bin/../lib/gcc/riscv32-wch-elf/15.2.0/../../../../riscv32-wch-elf/lib/rv32imac_zaamo_zalrsc/ilp32\libc.a(libc_a-impure.o)
                0x20001778                _impure_data
 .data.__sglue  0x200018b8        0xc D:/MounRiverStudio2/MounRiver_Studio2/resources/app/resources/win32/components/WCH/Toolchain/RISC-V Embedded GCC15/bin/../lib/gcc/riscv32-wch-elf/15.2.0/../../../../riscv32-wch-elf/lib/rv32imac_zaamo_zalrsc/ilp32\libc.a(libc_a-findfp.o)
                0x200018b8                __sglue
 .data.__malloc_av_
                0x200018c4      0x408 D:/MounRiverStudio2/MounRiver_Studio2/resources/app/resources/win32/components/WCH/Toolchain/RISC-V Embedded GCC15/bin/../lib/gcc/riscv32-wch-elf/15.2.0/../../../../riscv32-wch-elf/lib/rv32imac_zaamo_zalrsc/ilp32\libc.a(libc_a-mallocr.o)
                0x200018c4                __malloc_av_
 .data.__global_locale
                0x20001ccc      0x16c D:/MounRiverStudio2/MounRiver_Studio2/resources/app/resources/win32/components/WCH/Toolchain/RISC-V Embedded GCC15/bin/../lib/gcc/riscv32-wch-elf/15.2.0/../../../../riscv32-wch-elf/lib/rv32imac_zaamo_zalrsc/ilp32\libc.a(libc_a-locale.o)
                0x20001ccc                __global_locale
 *(.gnu.linkonce.d.*)
                0x20001e38                        . = ALIGN (0x8)
                0x20002638                        PROVIDE (__global_pointer$ = (. + 0x800))
 *(.sdata .sdata.*)
 .sdata.curbrk.0
                0x20001e38        0x4 build/sdk/CH58x_sys.o
 .sdata.s_cdc_line_coding
                0x20001e3c        0x7 build/usbhs/ch585_usbhs_device.o
 *fill*         0x20001e43        0x1 
 .sdata._impure_ptr
                0x20001e44        0x4 D:/MounRiverStudio2/MounRiver_Studio2/resources/app/resources/win32/components/WCH/Toolchain/RISC-V Embedded GCC15/bin/../lib/gcc/riscv32-wch-elf/15.2.0/../../../../riscv32-wch-elf/lib/rv32imac_zaamo_zalrsc/ilp32\libc.a(libc_a-impure.o)
                0x20001e44                _impure_ptr
 .sdata.__malloc_sbrk_base
                0x20001e48        0x4 D:/MounRiverStudio2/MounRiver_Studio2/resources/app/resources/win32/components/WCH/Toolchain/RISC-V Embedded GCC15/bin/../lib/gcc/riscv32-wch-elf/15.2.0/../../../../riscv32-wch-elf/lib/rv32imac_zaamo_zalrsc/ilp32\libc.a(libc_a-mallocr.o)
                0x20001e48                __malloc_sbrk_base
 .sdata.__malloc_trim_threshold
                0x20001e4c        0x4 D:/MounRiverStudio2/MounRiver_Studio2/resources/app/resources/win32/components/WCH/Toolchain/RISC-V Embedded GCC15/bin/../lib/gcc/riscv32-wch-elf/15.2.0/../../../../riscv32-wch-elf/lib/rv32imac_zaamo_zalrsc/ilp32\libc.a(libc_a-mallocr.o)
                0x20001e4c                __malloc_trim_threshold
 *(.gnu.linkonce.s.*)
                0x20001e50                        . = ALIGN (0x8)
 *(.srodata.cst16)
 *(.srodata.cst8)
 .srodata.cst8  0x20001e50       0x60 D:/MounRiverStudio2/MounRiver_Studio2/resources/app/resources/win32/components/WCH/Toolchain/RISC-V Embedded GCC15/bin/../lib/gcc/riscv32-wch-elf/15.2.0/../../../../riscv32-wch-elf/lib/rv32imac_zaamo_zalrsc/ilp32\libc.a(libc_a-gdtoa-gdtoa.o)
 *(.srodata.cst4)
 *(.srodata.cst2)
 *(.srodata .srodata.*)
 .srodata.MyLangDescr
                0x20001eb0        0x4 build/usbhs/usb_desc.o
                0x20001eb0                MyLangDescr
                0x20001eb4                        . = ALIGN (0x4)
                0x20001eb4                        PROVIDE (_edata = .)

.bss            0x20001eb4     0x1208 load address 0x0000fbd8
                0x20001eb4                        . = ALIGN (0x4)
                0x20001eb4                        PROVIDE (_sbss = .)
 *(.sbss*)
 .sbss.chip_info
                0x20001eb4        0x4 build/sdk/CH58x_sys.o
                0x20001eb4                chip_info
 .sbss.gs_machine_mode_func
                0x20001eb8        0x4 build/sdk/CH58x_sys.o
                0x20001eb8                gs_machine_mode_func
 .sbss.UploadPoint_Busy
                0x20001ebc        0x1 build/user/usbd_compatibility_hid_shim.o
                0x20001ebc                UploadPoint_Busy
 *fill*         0x20001ebd        0x1 
 .sbss.USB_RecLen
                0x20001ebe        0x2 build/user/usbd_compatibility_hid_shim.o
                0x20001ebe                USB_RecLen
 .sbss.Head_Pack_Len
                0x20001ec0        0x2 build/user/usbd_compatibility_hid_shim.o
                0x20001ec0                Head_Pack_Len
 .sbss.Data_Pack_Max_Len
                0x20001ec2        0x2 build/user/usbd_compatibility_hid_shim.o
                0x20001ec2                Data_Pack_Max_Len
 .sbss.Hid_Report_Ptr
                0x20001ec4        0x2 build/usbhs/ch585_usbhs_device.o
                0x20001ec4                Hid_Report_Ptr
 .sbss.USBHS_HidProtocol
                0x20001ec6        0x1 build/usbhs/ch585_usbhs_device.o
                0x20001ec6                USBHS_HidProtocol
 .sbss.USBHS_HidIdle
                0x20001ec7        0x1 build/usbhs/ch585_usbhs_device.o
                0x20001ec7                USBHS_HidIdle
 .sbss.USBHS_DevEnumStatus
                0x20001ec8        0x1 build/usbhs/ch585_usbhs_device.o
                0x20001ec8                USBHS_DevEnumStatus
 .sbss.USBHS_DevSleepStatus
                0x20001ec9        0x1 build/usbhs/ch585_usbhs_device.o
                0x20001ec9                USBHS_DevSleepStatus
 .sbss.USBHS_DevSpeed
                0x20001eca        0x1 build/usbhs/ch585_usbhs_device.o
                0x20001eca                USBHS_DevSpeed
 *fill*         0x20001ecb        0x1 
 .sbss.USBHS_DevMaxPackLen
                0x20001ecc        0x2 build/usbhs/ch585_usbhs_device.o
                0x20001ecc                USBHS_DevMaxPackLen
 .sbss.USBHS_DevAddr
                0x20001ece        0x1 build/usbhs/ch585_usbhs_device.o
                0x20001ece                USBHS_DevAddr
 .sbss.USBHS_DevConfig
                0x20001ecf        0x1 build/usbhs/ch585_usbhs_device.o
                0x20001ecf                USBHS_DevConfig
 .sbss.USBHS_SetupReqLen
                0x20001ed0        0x2 build/usbhs/ch585_usbhs_device.o
                0x20001ed0                USBHS_SetupReqLen
 .sbss.USBHS_SetupReqIndex
                0x20001ed2        0x2 build/usbhs/ch585_usbhs_device.o
                0x20001ed2                USBHS_SetupReqIndex
 .sbss.USBHS_SetupReqValue
                0x20001ed4        0x2 build/usbhs/ch585_usbhs_device.o
                0x20001ed4                USBHS_SetupReqValue
 .sbss.USBHS_SetupReqType
                0x20001ed6        0x1 build/usbhs/ch585_usbhs_device.o
                0x20001ed6                USBHS_SetupReqType
 .sbss.USBHS_SetupReqCode
                0x20001ed7        0x1 build/usbhs/ch585_usbhs_device.o
                0x20001ed7                USBHS_SetupReqCode
 .sbss.pUSBHS_Descr
                0x20001ed8        0x4 build/usbhs/ch585_usbhs_device.o
                0x20001ed8                pUSBHS_Descr
 .sbss.USBHS_Test_Flag
                0x20001edc        0x1 build/usbhs/ch585_usbhs_device.o
                0x20001edc                USBHS_Test_Flag
 *fill*         0x20001edd        0x3 
 .sbss.__stdio_exit_handler
                0x20001ee0        0x4 D:/MounRiverStudio2/MounRiver_Studio2/resources/app/resources/win32/components/WCH/Toolchain/RISC-V Embedded GCC15/bin/../lib/gcc/riscv32-wch-elf/15.2.0/../../../../riscv32-wch-elf/lib/rv32imac_zaamo_zalrsc/ilp32\libc.a(libc_a-findfp.o)
                0x20001ee0                __stdio_exit_handler
 .sbss.errno    0x20001ee4        0x4 D:/MounRiverStudio2/MounRiver_Studio2/resources/app/resources/win32/components/WCH/Toolchain/RISC-V Embedded GCC15/bin/../lib/gcc/riscv32-wch-elf/15.2.0/../../../../riscv32-wch-elf/lib/rv32imac_zaamo_zalrsc/ilp32\libc.a(libc_a-reent.o)
                0x20001ee4                errno
 .sbss.__malloc_max_total_mem
                0x20001ee8        0x4 D:/MounRiverStudio2/MounRiver_Studio2/resources/app/resources/win32/components/WCH/Toolchain/RISC-V Embedded GCC15/bin/../lib/gcc/riscv32-wch-elf/15.2.0/../../../../riscv32-wch-elf/lib/rv32imac_zaamo_zalrsc/ilp32\libc.a(libc_a-mallocr.o)
                0x20001ee8                __malloc_max_total_mem
 .sbss.__malloc_max_sbrked_mem
                0x20001eec        0x4 D:/MounRiverStudio2/MounRiver_Studio2/resources/app/resources/win32/components/WCH/Toolchain/RISC-V Embedded GCC15/bin/../lib/gcc/riscv32-wch-elf/15.2.0/../../../../riscv32-wch-elf/lib/rv32imac_zaamo_zalrsc/ilp32\libc.a(libc_a-mallocr.o)
                0x20001eec                __malloc_max_sbrked_mem
 .sbss.__malloc_top_pad
                0x20001ef0        0x4 D:/MounRiverStudio2/MounRiver_Studio2/resources/app/resources/win32/components/WCH/Toolchain/RISC-V Embedded GCC15/bin/../lib/gcc/riscv32-wch-elf/15.2.0/../../../../riscv32-wch-elf/lib/rv32imac_zaamo_zalrsc/ilp32\libc.a(libc_a-mallocr.o)
                0x20001ef0                __malloc_top_pad
 *(.gnu.linkonce.sb.*)
 *(.bss*)
 .bss.UART2_Rx_Buf
                0x20001ef4      0x400 build/user/UART.o
                0x20001ef4                UART2_Rx_Buf
 .bss.CDC       0x200022f4       0x16 build/user/UART.o
                0x200022f4                CDC
 *fill*         0x2000230a        0x2 
 .bss.HID_Report_Buffer
                0x2000230c      0x200 build/user/usbd_compatibility_hid_shim.o
                0x2000230c                HID_Report_Buffer
 .bss.USBHS_Endp_Busy
                0x2000250c       0x10 build/usbhs/ch585_usbhs_device.o
                0x2000250c                USBHS_Endp_Busy
 .bss.USBHS_EP5_Tx_Buf
                0x2000251c      0x200 build/usbhs/ch585_usbhs_device.o
                0x2000251c                USBHS_EP5_Tx_Buf
 .bss.USBHS_EP4_Rx_Buf
                0x2000271c      0x200 build/usbhs/ch585_usbhs_device.o
                0x2000271c                USBHS_EP4_Rx_Buf
 .bss.USBHS_EP3_Tx_Buf
                0x2000291c      0x200 build/usbhs/ch585_usbhs_device.o
                0x2000291c                USBHS_EP3_Tx_Buf
 .bss.USBHS_EP2_Tx_Buf
                0x20002b1c      0x200 build/usbhs/ch585_usbhs_device.o
                0x20002b1c                USBHS_EP2_Tx_Buf
 .bss.USBHS_EP1_Rx_Buf
                0x20002d1c      0x200 build/usbhs/ch585_usbhs_device.o
                0x20002d1c                USBHS_EP1_Rx_Buf
 .bss.USBHS_EP0_Buf
                0x20002f1c       0x40 build/usbhs/ch585_usbhs_device.o
                0x20002f1c                USBHS_EP0_Buf
 .bss.__sf      0x20002f5c      0x138 D:/MounRiverStudio2/MounRiver_Studio2/resources/app/resources/win32/components/WCH/Toolchain/RISC-V Embedded GCC15/bin/../lib/gcc/riscv32-wch-elf/15.2.0/../../../../riscv32-wch-elf/lib/rv32imac_zaamo_zalrsc/ilp32\libc.a(libc_a-findfp.o)
                0x20002f5c                __sf
 .bss.__malloc_current_mallinfo
                0x20003094       0x28 D:/MounRiverStudio2/MounRiver_Studio2/resources/app/resources/win32/components/WCH/Toolchain/RISC-V Embedded GCC15/bin/../lib/gcc/riscv32-wch-elf/15.2.0/../../../../riscv32-wch-elf/lib/rv32imac_zaamo_zalrsc/ilp32\libc.a(libc_a-mallocr.o)
                0x20003094                __malloc_current_mallinfo
 *(.gnu.linkonce.b.*)
 *(COMMON*)
                0x200030bc                        . = ALIGN (0x4)
                0x200030bc                        PROVIDE (_ebss = .)
                0x200030bc                        PROVIDE (_end = _ebss)
                [!provide]                        PROVIDE (end = .)

.stack          0x20020000        0x0
                0x20020000                        . = ALIGN (0x4)
                0x20020000                        PROVIDE (_eusrstack = .)
OUTPUT(build/dongle.elf elf32-littleriscv)

.debug_info     0x00000000     0x9a89
 .debug_info    0x00000000      0x340 build/sdk/CH58x_gpio.o
 .debug_info    0x00000340      0x2b9 build/sdk/CH58x_uart0.o
 .debug_info    0x000005f9      0x2b9 build/sdk/CH58x_uart2.o
 .debug_info    0x000008b2     0x11e9 build/sdk/CH58x_sys.o
 .debug_info    0x00001a9b      0x687 build/user/main.o
 .debug_info    0x00002122      0x958 build/user/UART.o
 .debug_info    0x00002a7a      0x284 build/user/log_utils.o
 .debug_info    0x00002cfe      0x19f build/user/usbd_compatibility_hid_shim.o
 .debug_info    0x00002e9d      0xbc3 build/usbhs/ch585_usbhs_device.o
 .debug_info    0x00003a60      0x322 build/usbhs/usb_desc.o
 .debug_info    0x00003d82       0xf2 D:/MounRiverStudio2/MounRiver_Studio2/resources/app/resources/win32/components/WCH/Toolchain/RISC-V Embedded GCC15/bin/../lib/gcc/riscv32-wch-elf/15.2.0/rv32imac_zaamo_zalrsc/ilp32\libgcc.a(_clz.o)
 .debug_info    0x00003e74      0x582 D:/MounRiverStudio2/MounRiver_Studio2/resources/app/resources/win32/components/WCH/Toolchain/RISC-V Embedded GCC15/bin/../lib/gcc/riscv32-wch-elf/15.2.0/rv32imac_zaamo_zalrsc/ilp32\libgcc.a(adddf3.o)
 .debug_info    0x000043f6      0x799 D:/MounRiverStudio2/MounRiver_Studio2/resources/app/resources/win32/components/WCH/Toolchain/RISC-V Embedded GCC15/bin/../lib/gcc/riscv32-wch-elf/15.2.0/rv32imac_zaamo_zalrsc/ilp32\libgcc.a(divdf3.o)
 .debug_info    0x00004b8f      0x248 D:/MounRiverStudio2/MounRiver_Studio2/resources/app/resources/win32/components/WCH/Toolchain/RISC-V Embedded GCC15/bin/../lib/gcc/riscv32-wch-elf/15.2.0/rv32imac_zaamo_zalrsc/ilp32\libgcc.a(eqdf2.o)
 .debug_info    0x00004dd7      0x25a D:/MounRiverStudio2/MounRiver_Studio2/resources/app/resources/win32/components/WCH/Toolchain/RISC-V Embedded GCC15/bin/../lib/gcc/riscv32-wch-elf/15.2.0/rv32imac_zaamo_zalrsc/ilp32\libgcc.a(gedf2.o)
 .debug_info    0x00005031      0x25a D:/MounRiverStudio2/MounRiver_Studio2/resources/app/resources/win32/components/WCH/Toolchain/RISC-V Embedded GCC15/bin/../lib/gcc/riscv32-wch-elf/15.2.0/rv32imac_zaamo_zalrsc/ilp32\libgcc.a(ledf2.o)
 .debug_info    0x0000528b      0x7a7 D:/MounRiverStudio2/MounRiver_Studio2/resources/app/resources/win32/components/WCH/Toolchain/RISC-V Embedded GCC15/bin/../lib/gcc/riscv32-wch-elf/15.2.0/rv32imac_zaamo_zalrsc/ilp32\libgcc.a(muldf3.o)
 .debug_info    0x00005a32      0x582 D:/MounRiverStudio2/MounRiver_Studio2/resources/app/resources/win32/components/WCH/Toolchain/RISC-V Embedded GCC15/bin/../lib/gcc/riscv32-wch-elf/15.2.0/rv32imac_zaamo_zalrsc/ilp32\libgcc.a(subdf3.o)
 .debug_info    0x00005fb4      0x1de D:/MounRiverStudio2/MounRiver_Studio2/resources/app/resources/win32/components/WCH/Toolchain/RISC-V Embedded GCC15/bin/../lib/gcc/riscv32-wch-elf/15.2.0/rv32imac_zaamo_zalrsc/ilp32\libgcc.a(fixdfsi.o)
 .debug_info    0x00006192      0x289 D:/MounRiverStudio2/MounRiver_Studio2/resources/app/resources/win32/components/WCH/Toolchain/RISC-V Embedded GCC15/bin/../lib/gcc/riscv32-wch-elf/15.2.0/rv32imac_zaamo_zalrsc/ilp32\libgcc.a(floatsidf.o)
 .debug_info    0x0000641b      0x244 D:/MounRiverStudio2/MounRiver_Studio2/resources/app/resources/win32/components/WCH/Toolchain/RISC-V Embedded GCC15/bin/../lib/gcc/riscv32-wch-elf/15.2.0/rv32imac_zaamo_zalrsc/ilp32\libgcc.a(eqtf2.o)
 .debug_info    0x0000665f      0x24a D:/MounRiverStudio2/MounRiver_Studio2/resources/app/resources/win32/components/WCH/Toolchain/RISC-V Embedded GCC15/bin/../lib/gcc/riscv32-wch-elf/15.2.0/rv32imac_zaamo_zalrsc/ilp32\libgcc.a(getf2.o)
 .debug_info    0x000068a9      0x24a D:/MounRiverStudio2/MounRiver_Studio2/resources/app/resources/win32/components/WCH/Toolchain/RISC-V Embedded GCC15/bin/../lib/gcc/riscv32-wch-elf/15.2.0/rv32imac_zaamo_zalrsc/ilp32\libgcc.a(letf2.o)
 .debug_info    0x00006af3     0x13b2 D:/MounRiverStudio2/MounRiver_Studio2/resources/app/resources/win32/components/WCH/Toolchain/RISC-V Embedded GCC15/bin/../lib/gcc/riscv32-wch-elf/15.2.0/rv32imac_zaamo_zalrsc/ilp32\libgcc.a(multf3.o)
 .debug_info    0x00007ea5      0xe7b D:/MounRiverStudio2/MounRiver_Studio2/resources/app/resources/win32/components/WCH/Toolchain/RISC-V Embedded GCC15/bin/../lib/gcc/riscv32-wch-elf/15.2.0/rv32imac_zaamo_zalrsc/ilp32\libgcc.a(subtf3.o)
 .debug_info    0x00008d20      0x235 D:/MounRiverStudio2/MounRiver_Studio2/resources/app/resources/win32/components/WCH/Toolchain/RISC-V Embedded GCC15/bin/../lib/gcc/riscv32-wch-elf/15.2.0/rv32imac_zaamo_zalrsc/ilp32\libgcc.a(unordtf2.o)
 .debug_info    0x00008f55      0x27d D:/MounRiverStudio2/MounRiver_Studio2/resources/app/resources/win32/components/WCH/Toolchain/RISC-V Embedded GCC15/bin/../lib/gcc/riscv32-wch-elf/15.2.0/rv32imac_zaamo_zalrsc/ilp32\libgcc.a(fixtfsi.o)
 .debug_info    0x000091d2      0x366 D:/MounRiverStudio2/MounRiver_Studio2/resources/app/resources/win32/components/WCH/Toolchain/RISC-V Embedded GCC15/bin/../lib/gcc/riscv32-wch-elf/15.2.0/rv32imac_zaamo_zalrsc/ilp32\libgcc.a(floatsitf.o)
 .debug_info    0x00009538      0x3e9 D:/MounRiverStudio2/MounRiver_Studio2/resources/app/resources/win32/components/WCH/Toolchain/RISC-V Embedded GCC15/bin/../lib/gcc/riscv32-wch-elf/15.2.0/rv32imac_zaamo_zalrsc/ilp32\libgcc.a(extenddftf2.o)
 .debug_info    0x00009921      0x168 D:/MounRiverStudio2/MounRiver_Studio2/resources/app/resources/win32/components/WCH/Toolchain/RISC-V Embedded GCC15/bin/../lib/gcc/riscv32-wch-elf/15.2.0/rv32imac_zaamo_zalrsc/ilp32\libgcc.a(_clzsi2.o)

.debug_abbrev   0x00000000     0x3179
 .debug_abbrev  0x00000000      0x167 build/sdk/CH58x_gpio.o
 .debug_abbrev  0x00000167      0x15d build/sdk/CH58x_uart0.o
 .debug_abbrev  0x000002c4      0x15d build/sdk/CH58x_uart2.o
 .debug_abbrev  0x00000421      0x573 build/sdk/CH58x_sys.o
 .debug_abbrev  0x00000994      0x1f8 build/user/main.o
 .debug_abbrev  0x00000b8c      0x320 build/user/UART.o
 .debug_abbrev  0x00000eac      0x18e build/user/log_utils.o
 .debug_abbrev  0x0000103a       0x7a build/user/usbd_compatibility_hid_shim.o
 .debug_abbrev  0x000010b4      0x356 build/usbhs/ch585_usbhs_device.o
 .debug_abbrev  0x0000140a       0x96 build/usbhs/usb_desc.o
 .debug_abbrev  0x000014a0       0x76 D:/MounRiverStudio2/MounRiver_Studio2/resources/app/resources/win32/components/WCH/Toolchain/RISC-V Embedded GCC15/bin/../lib/gcc/riscv32-wch-elf/15.2.0/rv32imac_zaamo_zalrsc/ilp32\libgcc.a(_clz.o)
 .debug_abbrev  0x00001516      0x195 D:/MounRiverStudio2/MounRiver_Studio2/resources/app/resources/win32/components/WCH/Toolchain/RISC-V Embedded GCC15/bin/../lib/gcc/riscv32-wch-elf/15.2.0/rv32imac_zaamo_zalrsc/ilp32\libgcc.a(adddf3.o)
 .debug_abbrev  0x000016ab      0x18b D:/MounRiverStudio2/MounRiver_Studio2/resources/app/resources/win32/components/WCH/Toolchain/RISC-V Embedded GCC15/bin/../lib/gcc/riscv32-wch-elf/15.2.0/rv32imac_zaamo_zalrsc/ilp32\libgcc.a(divdf3.o)
 .debug_abbrev  0x00001836      0x170 D:/MounRiverStudio2/MounRiver_Studio2/resources/app/resources/win32/components/WCH/Toolchain/RISC-V Embedded GCC15/bin/../lib/gcc/riscv32-wch-elf/15.2.0/rv32imac_zaamo_zalrsc/ilp32\libgcc.a(eqdf2.o)
 .debug_abbrev  0x000019a6      0x174 D:/MounRiverStudio2/MounRiver_Studio2/resources/app/resources/win32/components/WCH/Toolchain/RISC-V Embedded GCC15/bin/../lib/gcc/riscv32-wch-elf/15.2.0/rv32imac_zaamo_zalrsc/ilp32\libgcc.a(gedf2.o)
 .debug_abbrev  0x00001b1a      0x174 D:/MounRiverStudio2/MounRiver_Studio2/resources/app/resources/win32/components/WCH/Toolchain/RISC-V Embedded GCC15/bin/../lib/gcc/riscv32-wch-elf/15.2.0/rv32imac_zaamo_zalrsc/ilp32\libgcc.a(ledf2.o)
 .debug_abbrev  0x00001c8e      0x194 D:/MounRiverStudio2/MounRiver_Studio2/resources/app/resources/win32/components/WCH/Toolchain/RISC-V Embedded GCC15/bin/../lib/gcc/riscv32-wch-elf/15.2.0/rv32imac_zaamo_zalrsc/ilp32\libgcc.a(muldf3.o)
 .debug_abbrev  0x00001e22      0x195 D:/MounRiverStudio2/MounRiver_Studio2/resources/app/resources/win32/components/WCH/Toolchain/RISC-V Embedded GCC15/bin/../lib/gcc/riscv32-wch-elf/15.2.0/rv32imac_zaamo_zalrsc/ilp32\libgcc.a(subdf3.o)
 .debug_abbrev  0x00001fb7      0x15e D:/MounRiverStudio2/MounRiver_Studio2/resources/app/resources/win32/components/WCH/Toolchain/RISC-V Embedded GCC15/bin/../lib/gcc/riscv32-wch-elf/15.2.0/rv32imac_zaamo_zalrsc/ilp32\libgcc.a(fixdfsi.o)
 .debug_abbrev  0x00002115      0x173 D:/MounRiverStudio2/MounRiver_Studio2/resources/app/resources/win32/components/WCH/Toolchain/RISC-V Embedded GCC15/bin/../lib/gcc/riscv32-wch-elf/15.2.0/rv32imac_zaamo_zalrsc/ilp32\libgcc.a(floatsidf.o)
 .debug_abbrev  0x00002288      0x169 D:/MounRiverStudio2/MounRiver_Studio2/resources/app/resources/win32/components/WCH/Toolchain/RISC-V Embedded GCC15/bin/../lib/gcc/riscv32-wch-elf/15.2.0/rv32imac_zaamo_zalrsc/ilp32\libgcc.a(eqtf2.o)
 .debug_abbrev  0x000023f1      0x182 D:/MounRiverStudio2/MounRiver_Studio2/resources/app/resources/win32/components/WCH/Toolchain/RISC-V Embedded GCC15/bin/../lib/gcc/riscv32-wch-elf/15.2.0/rv32imac_zaamo_zalrsc/ilp32\libgcc.a(getf2.o)
 .debug_abbrev  0x00002573      0x182 D:/MounRiverStudio2/MounRiver_Studio2/resources/app/resources/win32/components/WCH/Toolchain/RISC-V Embedded GCC15/bin/../lib/gcc/riscv32-wch-elf/15.2.0/rv32imac_zaamo_zalrsc/ilp32\libgcc.a(letf2.o)
 .debug_abbrev  0x000026f5      0x1a3 D:/MounRiverStudio2/MounRiver_Studio2/resources/app/resources/win32/components/WCH/Toolchain/RISC-V Embedded GCC15/bin/../lib/gcc/riscv32-wch-elf/15.2.0/rv32imac_zaamo_zalrsc/ilp32\libgcc.a(multf3.o)
 .debug_abbrev  0x00002898      0x1d2 D:/MounRiverStudio2/MounRiver_Studio2/resources/app/resources/win32/components/WCH/Toolchain/RISC-V Embedded GCC15/bin/../lib/gcc/riscv32-wch-elf/15.2.0/rv32imac_zaamo_zalrsc/ilp32\libgcc.a(subtf3.o)
 .debug_abbrev  0x00002a6a      0x157 D:/MounRiverStudio2/MounRiver_Studio2/resources/app/resources/win32/components/WCH/Toolchain/RISC-V Embedded GCC15/bin/../lib/gcc/riscv32-wch-elf/15.2.0/rv32imac_zaamo_zalrsc/ilp32\libgcc.a(unordtf2.o)
 .debug_abbrev  0x00002bc1      0x18b D:/MounRiverStudio2/MounRiver_Studio2/resources/app/resources/win32/components/WCH/Toolchain/RISC-V Embedded GCC15/bin/../lib/gcc/riscv32-wch-elf/15.2.0/rv32imac_zaamo_zalrsc/ilp32\libgcc.a(fixtfsi.o)
 .debug_abbrev  0x00002d4c      0x1ae D:/MounRiverStudio2/MounRiver_Studio2/resources/app/resources/win32/components/WCH/Toolchain/RISC-V Embedded GCC15/bin/../lib/gcc/riscv32-wch-elf/15.2.0/rv32imac_zaamo_zalrsc/ilp32\libgcc.a(floatsitf.o)
 .debug_abbrev  0x00002efa      0x1a6 D:/MounRiverStudio2/MounRiver_Studio2/resources/app/resources/win32/components/WCH/Toolchain/RISC-V Embedded GCC15/bin/../lib/gcc/riscv32-wch-elf/15.2.0/rv32imac_zaamo_zalrsc/ilp32\libgcc.a(extenddftf2.o)
 .debug_abbrev  0x000030a0       0xd9 D:/MounRiverStudio2/MounRiver_Studio2/resources/app/resources/win32/components/WCH/Toolchain/RISC-V Embedded GCC15/bin/../lib/gcc/riscv32-wch-elf/15.2.0/rv32imac_zaamo_zalrsc/ilp32\libgcc.a(_clzsi2.o)

.debug_loclists
                0x00000000     0xc5f6
 .debug_loclists
                0x00000000      0x23f build/sdk/CH58x_gpio.o
 .debug_loclists
                0x0000023f      0x18d build/sdk/CH58x_uart0.o
 .debug_loclists
                0x000003cc      0x18d build/sdk/CH58x_uart2.o
 .debug_loclists
                0x00000559      0x3fc build/sdk/CH58x_sys.o
 .debug_loclists
                0x00000955       0x2e build/user/main.o
 .debug_loclists
                0x00000983      0x1b3 build/user/UART.o
 .debug_loclists
                0x00000b36       0x80 build/user/log_utils.o
 .debug_loclists
                0x00000bb6      0x4b5 build/usbhs/ch585_usbhs_device.o
 .debug_loclists
                0x0000106b      0xfa7 D:/MounRiverStudio2/MounRiver_Studio2/resources/app/resources/win32/components/WCH/Toolchain/RISC-V Embedded GCC15/bin/../lib/gcc/riscv32-wch-elf/15.2.0/rv32imac_zaamo_zalrsc/ilp32\libgcc.a(adddf3.o)
 .debug_loclists
                0x00002012     0x115e D:/MounRiverStudio2/MounRiver_Studio2/resources/app/resources/win32/components/WCH/Toolchain/RISC-V Embedded GCC15/bin/../lib/gcc/riscv32-wch-elf/15.2.0/rv32imac_zaamo_zalrsc/ilp32\libgcc.a(divdf3.o)
 .debug_loclists
                0x00003170       0xb9 D:/MounRiverStudio2/MounRiver_Studio2/resources/app/resources/win32/components/WCH/Toolchain/RISC-V Embedded GCC15/bin/../lib/gcc/riscv32-wch-elf/15.2.0/rv32imac_zaamo_zalrsc/ilp32\libgcc.a(eqdf2.o)
 .debug_loclists
                0x00003229      0x11d D:/MounRiverStudio2/MounRiver_Studio2/resources/app/resources/win32/components/WCH/Toolchain/RISC-V Embedded GCC15/bin/../lib/gcc/riscv32-wch-elf/15.2.0/rv32imac_zaamo_zalrsc/ilp32\libgcc.a(gedf2.o)
 .debug_loclists
                0x00003346      0x11d D:/MounRiverStudio2/MounRiver_Studio2/resources/app/resources/win32/components/WCH/Toolchain/RISC-V Embedded GCC15/bin/../lib/gcc/riscv32-wch-elf/15.2.0/rv32imac_zaamo_zalrsc/ilp32\libgcc.a(ledf2.o)
 .debug_loclists
                0x00003463      0xae3 D:/MounRiverStudio2/MounRiver_Studio2/resources/app/resources/win32/components/WCH/Toolchain/RISC-V Embedded GCC15/bin/../lib/gcc/riscv32-wch-elf/15.2.0/rv32imac_zaamo_zalrsc/ilp32\libgcc.a(muldf3.o)
 .debug_loclists
                0x00003f46      0xfb5 D:/MounRiverStudio2/MounRiver_Studio2/resources/app/resources/win32/components/WCH/Toolchain/RISC-V Embedded GCC15/bin/../lib/gcc/riscv32-wch-elf/15.2.0/rv32imac_zaamo_zalrsc/ilp32\libgcc.a(subdf3.o)
 .debug_loclists
                0x00004efb      0x105 D:/MounRiverStudio2/MounRiver_Studio2/resources/app/resources/win32/components/WCH/Toolchain/RISC-V Embedded GCC15/bin/../lib/gcc/riscv32-wch-elf/15.2.0/rv32imac_zaamo_zalrsc/ilp32\libgcc.a(fixdfsi.o)
 .debug_loclists
                0x00005000      0x111 D:/MounRiverStudio2/MounRiver_Studio2/resources/app/resources/win32/components/WCH/Toolchain/RISC-V Embedded GCC15/bin/../lib/gcc/riscv32-wch-elf/15.2.0/rv32imac_zaamo_zalrsc/ilp32\libgcc.a(floatsidf.o)
 .debug_loclists
                0x00005111       0xf4 D:/MounRiverStudio2/MounRiver_Studio2/resources/app/resources/win32/components/WCH/Toolchain/RISC-V Embedded GCC15/bin/../lib/gcc/riscv32-wch-elf/15.2.0/rv32imac_zaamo_zalrsc/ilp32\libgcc.a(eqtf2.o)
 .debug_loclists
                0x00005205       0xd4 D:/MounRiverStudio2/MounRiver_Studio2/resources/app/resources/win32/components/WCH/Toolchain/RISC-V Embedded GCC15/bin/../lib/gcc/riscv32-wch-elf/15.2.0/rv32imac_zaamo_zalrsc/ilp32\libgcc.a(getf2.o)
 .debug_loclists
                0x000052d9       0xd4 D:/MounRiverStudio2/MounRiver_Studio2/resources/app/resources/win32/components/WCH/Toolchain/RISC-V Embedded GCC15/bin/../lib/gcc/riscv32-wch-elf/15.2.0/rv32imac_zaamo_zalrsc/ilp32\libgcc.a(letf2.o)
 .debug_loclists
                0x000053ad     0x3d87 D:/MounRiverStudio2/MounRiver_Studio2/resources/app/resources/win32/components/WCH/Toolchain/RISC-V Embedded GCC15/bin/../lib/gcc/riscv32-wch-elf/15.2.0/rv32imac_zaamo_zalrsc/ilp32\libgcc.a(multf3.o)
 .debug_loclists
                0x00009134     0x2d64 D:/MounRiverStudio2/MounRiver_Studio2/resources/app/resources/win32/components/WCH/Toolchain/RISC-V Embedded GCC15/bin/../lib/gcc/riscv32-wch-elf/15.2.0/rv32imac_zaamo_zalrsc/ilp32\libgcc.a(subtf3.o)
 .debug_loclists
                0x0000be98       0x86 D:/MounRiverStudio2/MounRiver_Studio2/resources/app/resources/win32/components/WCH/Toolchain/RISC-V Embedded GCC15/bin/../lib/gcc/riscv32-wch-elf/15.2.0/rv32imac_zaamo_zalrsc/ilp32\libgcc.a(unordtf2.o)
 .debug_loclists
                0x0000bf1e      0x173 D:/MounRiverStudio2/MounRiver_Studio2/resources/app/resources/win32/components/WCH/Toolchain/RISC-V Embedded GCC15/bin/../lib/gcc/riscv32-wch-elf/15.2.0/rv32imac_zaamo_zalrsc/ilp32\libgcc.a(fixtfsi.o)
 .debug_loclists
                0x0000c091      0x1aa D:/MounRiverStudio2/MounRiver_Studio2/resources/app/resources/win32/components/WCH/Toolchain/RISC-V Embedded GCC15/bin/../lib/gcc/riscv32-wch-elf/15.2.0/rv32imac_zaamo_zalrsc/ilp32\libgcc.a(floatsitf.o)
 .debug_loclists
                0x0000c23b      0x35c D:/MounRiverStudio2/MounRiver_Studio2/resources/app/resources/win32/components/WCH/Toolchain/RISC-V Embedded GCC15/bin/../lib/gcc/riscv32-wch-elf/15.2.0/rv32imac_zaamo_zalrsc/ilp32\libgcc.a(extenddftf2.o)
 .debug_loclists
                0x0000c597       0x5f D:/MounRiverStudio2/MounRiver_Studio2/resources/app/resources/win32/components/WCH/Toolchain/RISC-V Embedded GCC15/bin/../lib/gcc/riscv32-wch-elf/15.2.0/rv32imac_zaamo_zalrsc/ilp32\libgcc.a(_clzsi2.o)

.debug_aranges  0x00000000      0x568
 .debug_aranges
                0x00000000       0x58 build/sdk/CH58x_gpio.o
 .debug_aranges
                0x00000058       0x50 build/sdk/CH58x_uart0.o
 .debug_aranges
                0x000000a8       0x50 build/sdk/CH58x_uart2.o
 .debug_aranges
                0x000000f8       0xe8 build/sdk/CH58x_sys.o
 .debug_aranges
                0x000001e0       0x28 build/user/main.o
 .debug_aranges
                0x00000208       0x50 build/user/UART.o
 .debug_aranges
                0x00000258       0x28 build/user/log_utils.o
 .debug_aranges
                0x00000280       0x18 build/user/usbd_compatibility_hid_shim.o
 .debug_aranges
                0x00000298       0x40 build/usbhs/ch585_usbhs_device.o
 .debug_aranges
                0x000002d8       0x18 build/usbhs/usb_desc.o
 .debug_aranges
                0x000002f0       0x18 D:/MounRiverStudio2/MounRiver_Studio2/resources/app/resources/win32/components/WCH/Toolchain/RISC-V Embedded GCC15/bin/../lib/gcc/riscv32-wch-elf/15.2.0/rv32imac_zaamo_zalrsc/ilp32\libgcc.a(_clz.o)
 .debug_aranges
                0x00000308       0x20 D:/MounRiverStudio2/MounRiver_Studio2/resources/app/resources/win32/components/WCH/Toolchain/RISC-V Embedded GCC15/bin/../lib/gcc/riscv32-wch-elf/15.2.0/rv32imac_zaamo_zalrsc/ilp32\libgcc.a(adddf3.o)
 .debug_aranges
                0x00000328       0x20 D:/MounRiverStudio2/MounRiver_Studio2/resources/app/resources/win32/components/WCH/Toolchain/RISC-V Embedded GCC15/bin/../lib/gcc/riscv32-wch-elf/15.2.0/rv32imac_zaamo_zalrsc/ilp32\libgcc.a(divdf3.o)
 .debug_aranges
                0x00000348       0x20 D:/MounRiverStudio2/MounRiver_Studio2/resources/app/resources/win32/components/WCH/Toolchain/RISC-V Embedded GCC15/bin/../lib/gcc/riscv32-wch-elf/15.2.0/rv32imac_zaamo_zalrsc/ilp32\libgcc.a(eqdf2.o)
 .debug_aranges
                0x00000368       0x20 D:/MounRiverStudio2/MounRiver_Studio2/resources/app/resources/win32/components/WCH/Toolchain/RISC-V Embedded GCC15/bin/../lib/gcc/riscv32-wch-elf/15.2.0/rv32imac_zaamo_zalrsc/ilp32\libgcc.a(gedf2.o)
 .debug_aranges
                0x00000388       0x20 D:/MounRiverStudio2/MounRiver_Studio2/resources/app/resources/win32/components/WCH/Toolchain/RISC-V Embedded GCC15/bin/../lib/gcc/riscv32-wch-elf/15.2.0/rv32imac_zaamo_zalrsc/ilp32\libgcc.a(ledf2.o)
 .debug_aranges
                0x000003a8       0x20 D:/MounRiverStudio2/MounRiver_Studio2/resources/app/resources/win32/components/WCH/Toolchain/RISC-V Embedded GCC15/bin/../lib/gcc/riscv32-wch-elf/15.2.0/rv32imac_zaamo_zalrsc/ilp32\libgcc.a(muldf3.o)
 .debug_aranges
                0x000003c8       0x20 D:/MounRiverStudio2/MounRiver_Studio2/resources/app/resources/win32/components/WCH/Toolchain/RISC-V Embedded GCC15/bin/../lib/gcc/riscv32-wch-elf/15.2.0/rv32imac_zaamo_zalrsc/ilp32\libgcc.a(subdf3.o)
 .debug_aranges
                0x000003e8       0x20 D:/MounRiverStudio2/MounRiver_Studio2/resources/app/resources/win32/components/WCH/Toolchain/RISC-V Embedded GCC15/bin/../lib/gcc/riscv32-wch-elf/15.2.0/rv32imac_zaamo_zalrsc/ilp32\libgcc.a(fixdfsi.o)
 .debug_aranges
                0x00000408       0x20 D:/MounRiverStudio2/MounRiver_Studio2/resources/app/resources/win32/components/WCH/Toolchain/RISC-V Embedded GCC15/bin/../lib/gcc/riscv32-wch-elf/15.2.0/rv32imac_zaamo_zalrsc/ilp32\libgcc.a(floatsidf.o)
 .debug_aranges
                0x00000428       0x20 D:/MounRiverStudio2/MounRiver_Studio2/resources/app/resources/win32/components/WCH/Toolchain/RISC-V Embedded GCC15/bin/../lib/gcc/riscv32-wch-elf/15.2.0/rv32imac_zaamo_zalrsc/ilp32\libgcc.a(eqtf2.o)
 .debug_aranges
                0x00000448       0x20 D:/MounRiverStudio2/MounRiver_Studio2/resources/app/resources/win32/components/WCH/Toolchain/RISC-V Embedded GCC15/bin/../lib/gcc/riscv32-wch-elf/15.2.0/rv32imac_zaamo_zalrsc/ilp32\libgcc.a(getf2.o)
 .debug_aranges
                0x00000468       0x20 D:/MounRiverStudio2/MounRiver_Studio2/resources/app/resources/win32/components/WCH/Toolchain/RISC-V Embedded GCC15/bin/../lib/gcc/riscv32-wch-elf/15.2.0/rv32imac_zaamo_zalrsc/ilp32\libgcc.a(letf2.o)
 .debug_aranges
                0x00000488       0x20 D:/MounRiverStudio2/MounRiver_Studio2/resources/app/resources/win32/components/WCH/Toolchain/RISC-V Embedded GCC15/bin/../lib/gcc/riscv32-wch-elf/15.2.0/rv32imac_zaamo_zalrsc/ilp32\libgcc.a(multf3.o)
 .debug_aranges
                0x000004a8       0x20 D:/MounRiverStudio2/MounRiver_Studio2/resources/app/resources/win32/components/WCH/Toolchain/RISC-V Embedded GCC15/bin/../lib/gcc/riscv32-wch-elf/15.2.0/rv32imac_zaamo_zalrsc/ilp32\libgcc.a(subtf3.o)
 .debug_aranges
                0x000004c8       0x20 D:/MounRiverStudio2/MounRiver_Studio2/resources/app/resources/win32/components/WCH/Toolchain/RISC-V Embedded GCC15/bin/../lib/gcc/riscv32-wch-elf/15.2.0/rv32imac_zaamo_zalrsc/ilp32\libgcc.a(unordtf2.o)
 .debug_aranges
                0x000004e8       0x20 D:/MounRiverStudio2/MounRiver_Studio2/resources/app/resources/win32/components/WCH/Toolchain/RISC-V Embedded GCC15/bin/../lib/gcc/riscv32-wch-elf/15.2.0/rv32imac_zaamo_zalrsc/ilp32\libgcc.a(fixtfsi.o)
 .debug_aranges
                0x00000508       0x20 D:/MounRiverStudio2/MounRiver_Studio2/resources/app/resources/win32/components/WCH/Toolchain/RISC-V Embedded GCC15/bin/../lib/gcc/riscv32-wch-elf/15.2.0/rv32imac_zaamo_zalrsc/ilp32\libgcc.a(floatsitf.o)
 .debug_aranges
                0x00000528       0x20 D:/MounRiverStudio2/MounRiver_Studio2/resources/app/resources/win32/components/WCH/Toolchain/RISC-V Embedded GCC15/bin/../lib/gcc/riscv32-wch-elf/15.2.0/rv32imac_zaamo_zalrsc/ilp32\libgcc.a(extenddftf2.o)
 .debug_aranges
                0x00000548       0x20 D:/MounRiverStudio2/MounRiver_Studio2/resources/app/resources/win32/components/WCH/Toolchain/RISC-V Embedded GCC15/bin/../lib/gcc/riscv32-wch-elf/15.2.0/rv32imac_zaamo_zalrsc/ilp32\libgcc.a(_clzsi2.o)

.debug_rnglists
                0x00000000      0xf01
 .debug_rnglists
                0x00000000       0x41 build/sdk/CH58x_gpio.o
 .debug_rnglists
                0x00000041       0x37 build/sdk/CH58x_uart0.o
 .debug_rnglists
                0x00000078       0x37 build/sdk/CH58x_uart2.o
 .debug_rnglists
                0x000000af       0xf5 build/sdk/CH58x_sys.o
 .debug_rnglists
                0x000001a4       0x19 build/user/main.o
 .debug_rnglists
                0x000001bd       0x49 build/user/UART.o
 .debug_rnglists
                0x00000206       0x19 build/user/log_utils.o
 .debug_rnglists
                0x0000021f       0x3c build/usbhs/ch585_usbhs_device.o
 .debug_rnglists