ARM GAS  C:\Users\nicx5\AppData\Local\Temp\ccAI2yaa.s 			page 1


   1              		.cpu cortex-m7
   2              		.arch armv7e-m
   3              		.fpu fpv5-d16
   4              		.eabi_attribute 28, 1
   5              		.eabi_attribute 20, 1
   6              		.eabi_attribute 21, 1
   7              		.eabi_attribute 23, 3
   8              		.eabi_attribute 24, 1
   9              		.eabi_attribute 25, 1
  10              		.eabi_attribute 26, 1
  11              		.eabi_attribute 30, 1
  12              		.eabi_attribute 34, 1
  13              		.eabi_attribute 18, 4
  14              		.file	"board_mode.cpp"
  15              		.text
  16              	.Ltext0:
  17              		.cfi_sections	.debug_frame
  18              		.file 1 "Src/system/board_mode.cpp"
  19              		.section	.text._ZNK16BoardModeManager7readRawEv,"ax",%progbits
  20              		.align	1
  21              		.global	_ZNK16BoardModeManager7readRawEv
  22              		.syntax unified
  23              		.thumb
  24              		.thumb_func
  26              	_ZNK16BoardModeManager7readRawEv:
  27              	.LVL0:
  28              	.LFB1276:
   1:Src/system/board_mode.cpp **** #include "board_mode.hpp"
   2:Src/system/board_mode.cpp **** 
   3:Src/system/board_mode.cpp **** #include "board_cfg.h"
   4:Src/system/board_mode.cpp **** #include "stm32h7xx_hal.h"
   5:Src/system/board_mode.cpp **** 
   6:Src/system/board_mode.cpp **** BoardMode BoardModeManager::readRaw() const
   7:Src/system/board_mode.cpp **** {
  29              		.loc 1 7 1 view -0
  30              		.cfi_startproc
  31              		@ args = 0, pretend = 0, frame = 0
  32              		@ frame_needed = 0, uses_anonymous_args = 0
  33              		.loc 1 7 1 is_stmt 0 view .LVU1
  34 0000 70B5     		push	{r4, r5, r6, lr}
  35              	.LCFI0:
  36              		.cfi_def_cfa_offset 16
  37              		.cfi_offset 4, -16
  38              		.cfi_offset 5, -12
  39              		.cfi_offset 6, -8
  40              		.cfi_offset 14, -4
   8:Src/system/board_mode.cpp ****     const bool usbN = HAL_GPIO_ReadPin(MODE_USB_N_PORT, MODE_USB_N_PIN) == GPIO_PIN_SET;
  41              		.loc 1 8 5 is_stmt 1 view .LVU2
  42              		.loc 1 8 39 is_stmt 0 view .LVU3
  43 0002 154D     		ldr	r5, .L7
  44 0004 4FF40061 		mov	r1, #2048
  45 0008 2846     		mov	r0, r5
  46              	.LVL1:
  47              		.loc 1 8 39 view .LVU4
  48 000a FFF7FEFF 		bl	HAL_GPIO_ReadPin
  49              	.LVL2:
  50 000e 0446     		mov	r4, r0
ARM GAS  C:\Users\nicx5\AppData\Local\Temp\ccAI2yaa.s 			page 2


  51              		.loc 1 8 76 discriminator 1 view .LVU5
  52 0010 0128     		cmp	r0, #1
  53 0012 14BF     		ite	ne
  54 0014 0026     		movne	r6, #0
  55 0016 0126     		moveq	r6, #1
  56              	.LVL3:
   9:Src/system/board_mode.cpp ****     const bool rfN = HAL_GPIO_ReadPin(MODE_RF_N_PORT, MODE_RF_N_PIN) == GPIO_PIN_SET;
  57              		.loc 1 9 5 is_stmt 1 view .LVU6
  58              		.loc 1 9 38 is_stmt 0 view .LVU7
  59 0018 4FF48051 		mov	r1, #4096
  60 001c 2846     		mov	r0, r5
  61 001e FFF7FEFF 		bl	HAL_GPIO_ReadPin
  62              	.LVL4:
  63              		.loc 1 9 73 discriminator 1 view .LVU8
  64 0022 0128     		cmp	r0, #1
  65 0024 14BF     		ite	ne
  66 0026 0023     		movne	r3, #0
  67 0028 0123     		moveq	r3, #1
  68              	.LVL5:
  10:Src/system/board_mode.cpp **** 
  11:Src/system/board_mode.cpp ****     if (!usbN && rfN) {
  69              		.loc 1 11 5 is_stmt 1 view .LVU9
  70              		.loc 1 11 15 is_stmt 0 view .LVU10
  71 002a 012C     		cmp	r4, #1
  72 002c 0CBF     		ite	eq
  73 002e 0022     		moveq	r2, #0
  74 0030 03F00102 		andne	r2, r3, #1
  75              		.loc 1 11 5 view .LVU11
  76 0034 4AB9     		cbnz	r2, .L3
  12:Src/system/board_mode.cpp ****         return BoardMode::Usb;
  13:Src/system/board_mode.cpp ****     }
  14:Src/system/board_mode.cpp ****     if (usbN && !rfN) {
  77              		.loc 1 14 5 is_stmt 1 view .LVU12
  78              		.loc 1 14 14 is_stmt 0 view .LVU13
  79 0036 0128     		cmp	r0, #1
  80 0038 0CBF     		ite	eq
  81 003a 0022     		moveq	r2, #0
  82 003c 06F00102 		andne	r2, r6, #1
  83              		.loc 1 14 5 view .LVU14
  84 0040 2AB9     		cbnz	r2, .L4
  15:Src/system/board_mode.cpp ****         return BoardMode::Rf;
  16:Src/system/board_mode.cpp ****     }
  17:Src/system/board_mode.cpp ****     if (usbN && rfN) {
  85              		.loc 1 17 5 is_stmt 1 view .LVU15
  86 0042 1E42     		tst	r6, r3
  87 0044 05D1     		bne	.L5
  18:Src/system/board_mode.cpp ****         return BoardMode::CenterOff;
  19:Src/system/board_mode.cpp ****     }
  20:Src/system/board_mode.cpp ****     return BoardMode::Fault;
  88              		.loc 1 20 23 is_stmt 0 view .LVU16
  89 0046 0320     		movs	r0, #3
  90 0048 00E0     		b	.L2
  91              	.L3:
  12:Src/system/board_mode.cpp ****     }
  92              		.loc 1 12 27 view .LVU17
  93 004a 0020     		movs	r0, #0
  94              	.L2:
ARM GAS  C:\Users\nicx5\AppData\Local\Temp\ccAI2yaa.s 			page 3


  21:Src/system/board_mode.cpp **** }
  95              		.loc 1 21 1 view .LVU18
  96 004c 70BD     		pop	{r4, r5, r6, pc}
  97              	.LVL6:
  98              	.L4:
  15:Src/system/board_mode.cpp ****     }
  99              		.loc 1 15 27 view .LVU19
 100 004e 0120     		movs	r0, #1
 101 0050 FCE7     		b	.L2
 102              	.L5:
  18:Src/system/board_mode.cpp ****     }
 103              		.loc 1 18 27 view .LVU20
 104 0052 0220     		movs	r0, #2
 105 0054 FAE7     		b	.L2
 106              	.L8:
 107 0056 00BF     		.align	2
 108              	.L7:
 109 0058 00200258 		.word	1476534272
 110              		.cfi_endproc
 111              	.LFE1276:
 113              		.section	.text._ZN16BoardModeManager6updateEm,"ax",%progbits
 114              		.align	1
 115              		.global	_ZN16BoardModeManager6updateEm
 116              		.syntax unified
 117              		.thumb
 118              		.thumb_func
 120              	_ZN16BoardModeManager6updateEm:
 121              	.LVL7:
 122              	.LFB1278:
  22:Src/system/board_mode.cpp **** 
  23:Src/system/board_mode.cpp **** void BoardModeManager::setup()
  24:Src/system/board_mode.cpp **** {
  25:Src/system/board_mode.cpp ****     __HAL_RCC_GPIOI_CLK_ENABLE();
  26:Src/system/board_mode.cpp **** 
  27:Src/system/board_mode.cpp ****     GPIO_InitTypeDef init = {};
  28:Src/system/board_mode.cpp ****     init.Pin = MODE_USB_N_PIN | MODE_RF_N_PIN;
  29:Src/system/board_mode.cpp ****     init.Mode = GPIO_MODE_INPUT;
  30:Src/system/board_mode.cpp ****     init.Pull = GPIO_PULLUP;
  31:Src/system/board_mode.cpp ****     init.Speed = GPIO_SPEED_FREQ_LOW;
  32:Src/system/board_mode.cpp ****     HAL_GPIO_Init(GPIOI, &init);
  33:Src/system/board_mode.cpp **** 
  34:Src/system/board_mode.cpp ****     candidateMode = readRaw();
  35:Src/system/board_mode.cpp ****     candidateSinceMs = HAL_GetTick();
  36:Src/system/board_mode.cpp ****     stableMode = BoardMode::CenterOff;
  37:Src/system/board_mode.cpp ****     stable = false;
  38:Src/system/board_mode.cpp ****     changed = false;
  39:Src/system/board_mode.cpp **** 
  40:Src/system/board_mode.cpp ****     /* Establish a deterministic boot selection using the same 20 ms rule. */
  41:Src/system/board_mode.cpp ****     HAL_Delay(BOARD_MODE_DEBOUNCE_MS);
  42:Src/system/board_mode.cpp ****     update(HAL_GetTick());
  43:Src/system/board_mode.cpp **** }
  44:Src/system/board_mode.cpp **** 
  45:Src/system/board_mode.cpp **** void BoardModeManager::update(uint32_t nowMs)
  46:Src/system/board_mode.cpp **** {
 123              		.loc 1 46 1 is_stmt 1 view -0
 124              		.cfi_startproc
 125              		@ args = 0, pretend = 0, frame = 0
ARM GAS  C:\Users\nicx5\AppData\Local\Temp\ccAI2yaa.s 			page 4


 126              		@ frame_needed = 0, uses_anonymous_args = 0
 127              		.loc 1 46 1 is_stmt 0 view .LVU22
 128 0000 38B5     		push	{r3, r4, r5, lr}
 129              	.LCFI1:
 130              		.cfi_def_cfa_offset 16
 131              		.cfi_offset 3, -16
 132              		.cfi_offset 4, -12
 133              		.cfi_offset 5, -8
 134              		.cfi_offset 14, -4
 135 0002 0446     		mov	r4, r0
 136 0004 0D46     		mov	r5, r1
  47:Src/system/board_mode.cpp ****     const BoardMode raw = readRaw();
 137              		.loc 1 47 5 is_stmt 1 view .LVU23
 138              		.loc 1 47 34 is_stmt 0 view .LVU24
 139 0006 FFF7FEFF 		bl	_ZNK16BoardModeManager7readRawEv
 140              	.LVL8:
  48:Src/system/board_mode.cpp ****     if (raw != candidateMode) {
 141              		.loc 1 48 5 is_stmt 1 view .LVU25
 142              		.loc 1 48 16 is_stmt 0 view .LVU26
 143 000a 6378     		ldrb	r3, [r4, #1]	@ zero_extendqisi2
 144              		.loc 1 48 5 view .LVU27
 145 000c 8342     		cmp	r3, r0
 146 000e 02D0     		beq	.L10
  49:Src/system/board_mode.cpp ****         candidateMode = raw;
 147              		.loc 1 49 9 is_stmt 1 view .LVU28
 148              		.loc 1 49 23 is_stmt 0 view .LVU29
 149 0010 6070     		strb	r0, [r4, #1]
  50:Src/system/board_mode.cpp ****         candidateSinceMs = nowMs;
 150              		.loc 1 50 9 is_stmt 1 view .LVU30
 151              		.loc 1 50 26 is_stmt 0 view .LVU31
 152 0012 6560     		str	r5, [r4, #4]
  51:Src/system/board_mode.cpp ****         return;
 153              		.loc 1 51 9 is_stmt 1 view .LVU32
 154              	.LVL9:
 155              	.L9:
  52:Src/system/board_mode.cpp ****     }
  53:Src/system/board_mode.cpp **** 
  54:Src/system/board_mode.cpp ****     if ((uint32_t)(nowMs - candidateSinceMs) < BOARD_MODE_DEBOUNCE_MS) {
  55:Src/system/board_mode.cpp ****         return;
  56:Src/system/board_mode.cpp ****     }
  57:Src/system/board_mode.cpp **** 
  58:Src/system/board_mode.cpp ****     if (!stable || stableMode != candidateMode) {
  59:Src/system/board_mode.cpp ****         stableMode = candidateMode;
  60:Src/system/board_mode.cpp ****         stable = true;
  61:Src/system/board_mode.cpp ****         changed = true;
  62:Src/system/board_mode.cpp ****     }
  63:Src/system/board_mode.cpp **** }
 156              		.loc 1 63 1 is_stmt 0 view .LVU33
 157 0014 38BD     		pop	{r3, r4, r5, pc}
 158              	.LVL10:
 159              	.L10:
  54:Src/system/board_mode.cpp ****         return;
 160              		.loc 1 54 5 is_stmt 1 view .LVU34
  54:Src/system/board_mode.cpp ****         return;
 161              		.loc 1 54 28 is_stmt 0 view .LVU35
 162 0016 6268     		ldr	r2, [r4, #4]
  54:Src/system/board_mode.cpp ****         return;
ARM GAS  C:\Users\nicx5\AppData\Local\Temp\ccAI2yaa.s 			page 5


 163              		.loc 1 54 26 view .LVU36
 164 0018 AD1A     		subs	r5, r5, r2
 165              	.LVL11:
  54:Src/system/board_mode.cpp ****         return;
 166              		.loc 1 54 5 view .LVU37
 167 001a 132D     		cmp	r5, #19
 168 001c FAD9     		bls	.L9
  58:Src/system/board_mode.cpp ****         stableMode = candidateMode;
 169              		.loc 1 58 5 is_stmt 1 view .LVU38
  58:Src/system/board_mode.cpp ****         stableMode = candidateMode;
 170              		.loc 1 58 10 is_stmt 0 view .LVU39
 171 001e 227A     		ldrb	r2, [r4, #8]	@ zero_extendqisi2
  58:Src/system/board_mode.cpp ****         stableMode = candidateMode;
 172              		.loc 1 58 5 view .LVU40
 173 0020 12B1     		cbz	r2, .L12
  58:Src/system/board_mode.cpp ****         stableMode = candidateMode;
 174              		.loc 1 58 20 discriminator 1 view .LVU41
 175 0022 2278     		ldrb	r2, [r4]	@ zero_extendqisi2
  58:Src/system/board_mode.cpp ****         stableMode = candidateMode;
 176              		.loc 1 58 17 discriminator 1 view .LVU42
 177 0024 9342     		cmp	r3, r2
 178 0026 F5D0     		beq	.L9
 179              	.L12:
  59:Src/system/board_mode.cpp ****         stable = true;
 180              		.loc 1 59 9 is_stmt 1 view .LVU43
  59:Src/system/board_mode.cpp ****         stable = true;
 181              		.loc 1 59 20 is_stmt 0 view .LVU44
 182 0028 2370     		strb	r3, [r4]
  60:Src/system/board_mode.cpp ****         changed = true;
 183              		.loc 1 60 9 is_stmt 1 view .LVU45
  60:Src/system/board_mode.cpp ****         changed = true;
 184              		.loc 1 60 16 is_stmt 0 view .LVU46
 185 002a 0123     		movs	r3, #1
 186 002c 2372     		strb	r3, [r4, #8]
  61:Src/system/board_mode.cpp ****     }
 187              		.loc 1 61 9 is_stmt 1 view .LVU47
  61:Src/system/board_mode.cpp ****     }
 188              		.loc 1 61 17 is_stmt 0 view .LVU48
 189 002e 6372     		strb	r3, [r4, #9]
 190 0030 F0E7     		b	.L9
 191              		.cfi_endproc
 192              	.LFE1278:
 194              		.section	.text._ZN16BoardModeManager5setupEv,"ax",%progbits
 195              		.align	1
 196              		.global	_ZN16BoardModeManager5setupEv
 197              		.syntax unified
 198              		.thumb
 199              		.thumb_func
 201              	_ZN16BoardModeManager5setupEv:
 202              	.LVL12:
 203              	.LFB1277:
  24:Src/system/board_mode.cpp ****     __HAL_RCC_GPIOI_CLK_ENABLE();
 204              		.loc 1 24 1 is_stmt 1 view -0
 205              		.cfi_startproc
 206              		@ args = 0, pretend = 0, frame = 24
 207              		@ frame_needed = 0, uses_anonymous_args = 0
  24:Src/system/board_mode.cpp ****     __HAL_RCC_GPIOI_CLK_ENABLE();
ARM GAS  C:\Users\nicx5\AppData\Local\Temp\ccAI2yaa.s 			page 6


 208              		.loc 1 24 1 is_stmt 0 view .LVU50
 209 0000 30B5     		push	{r4, r5, lr}
 210              	.LCFI2:
 211              		.cfi_def_cfa_offset 12
 212              		.cfi_offset 4, -12
 213              		.cfi_offset 5, -8
 214              		.cfi_offset 14, -4
 215 0002 87B0     		sub	sp, sp, #28
 216              	.LCFI3:
 217              		.cfi_def_cfa_offset 40
 218 0004 0446     		mov	r4, r0
  25:Src/system/board_mode.cpp **** 
 219              		.loc 1 25 5 is_stmt 1 view .LVU51
 220              	.LBB2:
  25:Src/system/board_mode.cpp **** 
 221              		.loc 1 25 5 view .LVU52
  25:Src/system/board_mode.cpp **** 
 222              		.loc 1 25 5 view .LVU53
 223 0006 194B     		ldr	r3, .L16
 224 0008 D3F8E020 		ldr	r2, [r3, #224]
 225 000c 42F48072 		orr	r2, r2, #256
 226 0010 C3F8E020 		str	r2, [r3, #224]
  25:Src/system/board_mode.cpp **** 
 227              		.loc 1 25 5 view .LVU54
 228 0014 D3F8E030 		ldr	r3, [r3, #224]
 229 0018 03F48073 		and	r3, r3, #256
 230 001c 0093     		str	r3, [sp]
  25:Src/system/board_mode.cpp **** 
 231              		.loc 1 25 5 view .LVU55
 232 001e 009B     		ldr	r3, [sp]
 233              	.LBE2:
  25:Src/system/board_mode.cpp **** 
 234              		.loc 1 25 5 view .LVU56
  27:Src/system/board_mode.cpp ****     init.Pin = MODE_USB_N_PIN | MODE_RF_N_PIN;
 235              		.loc 1 27 5 view .LVU57
  27:Src/system/board_mode.cpp ****     init.Pin = MODE_USB_N_PIN | MODE_RF_N_PIN;
 236              		.loc 1 27 22 is_stmt 0 view .LVU58
 237 0020 0025     		movs	r5, #0
 238 0022 0195     		str	r5, [sp, #4]
 239 0024 0295     		str	r5, [sp, #8]
 240 0026 0395     		str	r5, [sp, #12]
 241 0028 0495     		str	r5, [sp, #16]
 242 002a 0595     		str	r5, [sp, #20]
  28:Src/system/board_mode.cpp ****     init.Mode = GPIO_MODE_INPUT;
 243              		.loc 1 28 5 is_stmt 1 view .LVU59
  28:Src/system/board_mode.cpp ****     init.Mode = GPIO_MODE_INPUT;
 244              		.loc 1 28 14 is_stmt 0 view .LVU60
 245 002c 4FF4C053 		mov	r3, #6144
 246 0030 0193     		str	r3, [sp, #4]
  29:Src/system/board_mode.cpp ****     init.Pull = GPIO_PULLUP;
 247              		.loc 1 29 5 is_stmt 1 view .LVU61
  30:Src/system/board_mode.cpp ****     init.Speed = GPIO_SPEED_FREQ_LOW;
 248              		.loc 1 30 5 view .LVU62
  30:Src/system/board_mode.cpp ****     init.Speed = GPIO_SPEED_FREQ_LOW;
 249              		.loc 1 30 15 is_stmt 0 view .LVU63
 250 0032 0123     		movs	r3, #1
 251 0034 0393     		str	r3, [sp, #12]
ARM GAS  C:\Users\nicx5\AppData\Local\Temp\ccAI2yaa.s 			page 7


  31:Src/system/board_mode.cpp ****     HAL_GPIO_Init(GPIOI, &init);
 252              		.loc 1 31 5 is_stmt 1 view .LVU64
  32:Src/system/board_mode.cpp **** 
 253              		.loc 1 32 5 view .LVU65
  32:Src/system/board_mode.cpp **** 
 254              		.loc 1 32 18 is_stmt 0 view .LVU66
 255 0036 01A9     		add	r1, sp, #4
 256 0038 0D48     		ldr	r0, .L16+4
 257              	.LVL13:
  32:Src/system/board_mode.cpp **** 
 258              		.loc 1 32 18 view .LVU67
 259 003a FFF7FEFF 		bl	HAL_GPIO_Init
 260              	.LVL14:
  34:Src/system/board_mode.cpp ****     candidateSinceMs = HAL_GetTick();
 261              		.loc 1 34 5 is_stmt 1 view .LVU68
  34:Src/system/board_mode.cpp ****     candidateSinceMs = HAL_GetTick();
 262              		.loc 1 34 28 is_stmt 0 view .LVU69
 263 003e 2046     		mov	r0, r4
 264 0040 FFF7FEFF 		bl	_ZNK16BoardModeManager7readRawEv
 265              	.LVL15:
  34:Src/system/board_mode.cpp ****     candidateSinceMs = HAL_GetTick();
 266              		.loc 1 34 19 discriminator 1 view .LVU70
 267 0044 6070     		strb	r0, [r4, #1]
  35:Src/system/board_mode.cpp ****     stableMode = BoardMode::CenterOff;
 268              		.loc 1 35 5 is_stmt 1 view .LVU71
  35:Src/system/board_mode.cpp ****     stableMode = BoardMode::CenterOff;
 269              		.loc 1 35 35 is_stmt 0 view .LVU72
 270 0046 FFF7FEFF 		bl	HAL_GetTick
 271              	.LVL16:
  35:Src/system/board_mode.cpp ****     stableMode = BoardMode::CenterOff;
 272              		.loc 1 35 22 discriminator 1 view .LVU73
 273 004a 6060     		str	r0, [r4, #4]
  36:Src/system/board_mode.cpp ****     stable = false;
 274              		.loc 1 36 5 is_stmt 1 view .LVU74
  36:Src/system/board_mode.cpp ****     stable = false;
 275              		.loc 1 36 16 is_stmt 0 view .LVU75
 276 004c 0223     		movs	r3, #2
 277 004e 2370     		strb	r3, [r4]
  37:Src/system/board_mode.cpp ****     changed = false;
 278              		.loc 1 37 5 is_stmt 1 view .LVU76
  37:Src/system/board_mode.cpp ****     changed = false;
 279              		.loc 1 37 12 is_stmt 0 view .LVU77
 280 0050 2572     		strb	r5, [r4, #8]
  38:Src/system/board_mode.cpp **** 
 281              		.loc 1 38 5 is_stmt 1 view .LVU78
  38:Src/system/board_mode.cpp **** 
 282              		.loc 1 38 13 is_stmt 0 view .LVU79
 283 0052 6572     		strb	r5, [r4, #9]
  41:Src/system/board_mode.cpp ****     update(HAL_GetTick());
 284              		.loc 1 41 5 is_stmt 1 view .LVU80
  41:Src/system/board_mode.cpp ****     update(HAL_GetTick());
 285              		.loc 1 41 14 is_stmt 0 view .LVU81
 286 0054 1420     		movs	r0, #20
 287 0056 FFF7FEFF 		bl	HAL_Delay
 288              	.LVL17:
  42:Src/system/board_mode.cpp **** }
 289              		.loc 1 42 5 is_stmt 1 view .LVU82
ARM GAS  C:\Users\nicx5\AppData\Local\Temp\ccAI2yaa.s 			page 8


  42:Src/system/board_mode.cpp **** }
 290              		.loc 1 42 11 is_stmt 0 view .LVU83
 291 005a FFF7FEFF 		bl	HAL_GetTick
 292              	.LVL18:
 293 005e 0146     		mov	r1, r0
  42:Src/system/board_mode.cpp **** }
 294              		.loc 1 42 11 discriminator 1 view .LVU84
 295 0060 2046     		mov	r0, r4
 296 0062 FFF7FEFF 		bl	_ZN16BoardModeManager6updateEm
 297              	.LVL19:
  43:Src/system/board_mode.cpp **** 
 298              		.loc 1 43 1 view .LVU85
 299 0066 07B0     		add	sp, sp, #28
 300              	.LCFI4:
 301              		.cfi_def_cfa_offset 12
 302              		@ sp needed
 303 0068 30BD     		pop	{r4, r5, pc}
 304              	.LVL20:
 305              	.L17:
  43:Src/system/board_mode.cpp **** 
 306              		.loc 1 43 1 view .LVU86
 307 006a 00BF     		.align	2
 308              	.L16:
 309 006c 00440258 		.word	1476543488
 310 0070 00200258 		.word	1476534272
 311              		.cfi_endproc
 312              	.LFE1277:
 314              		.section	.text._ZN16BoardModeManager14consumeChangedEv,"ax",%progbits
 315              		.align	1
 316              		.global	_ZN16BoardModeManager14consumeChangedEv
 317              		.syntax unified
 318              		.thumb
 319              		.thumb_func
 321              	_ZN16BoardModeManager14consumeChangedEv:
 322              	.LVL21:
 323              	.LFB1279:
  64:Src/system/board_mode.cpp **** 
  65:Src/system/board_mode.cpp **** bool BoardModeManager::consumeChanged()
  66:Src/system/board_mode.cpp **** {
 324              		.loc 1 66 1 is_stmt 1 view -0
 325              		.cfi_startproc
 326              		@ args = 0, pretend = 0, frame = 0
 327              		@ frame_needed = 0, uses_anonymous_args = 0
 328              		@ link register save eliminated.
 329              		.loc 1 66 1 is_stmt 0 view .LVU88
 330 0000 0346     		mov	r3, r0
  67:Src/system/board_mode.cpp ****     const bool result = changed;
 331              		.loc 1 67 5 is_stmt 1 view .LVU89
 332              		.loc 1 67 16 is_stmt 0 view .LVU90
 333 0002 407A     		ldrb	r0, [r0, #9]	@ zero_extendqisi2
 334              	.LVL22:
  68:Src/system/board_mode.cpp ****     changed = false;
 335              		.loc 1 68 5 is_stmt 1 view .LVU91
 336              		.loc 1 68 13 is_stmt 0 view .LVU92
 337 0004 0022     		movs	r2, #0
 338 0006 5A72     		strb	r2, [r3, #9]
 339              	.LVL23:
ARM GAS  C:\Users\nicx5\AppData\Local\Temp\ccAI2yaa.s 			page 9


  69:Src/system/board_mode.cpp ****     return result;
 340              		.loc 1 69 5 is_stmt 1 view .LVU93
  70:Src/system/board_mode.cpp **** }
 341              		.loc 1 70 1 is_stmt 0 view .LVU94
 342 0008 7047     		bx	lr
 343              		.cfi_endproc
 344              	.LFE1279:
 346              		.text
 347              	.Letext0:
 348              		.file 2 "D:/Program Files/msys64/mingw64/arm-none-eabi/include/machine/_default_types.h"
 349              		.file 3 "D:/Program Files/msys64/mingw64/arm-none-eabi/include/sys/_stdint.h"
 350              		.file 4 "Inc/system/board_mode.hpp"
 351              		.file 5 "Drivers/CMSIS/Device/ST/STM32H7xx/Include/stm32h750xx.h"
 352              		.file 6 "D:/Program Files/msys64/mingw64/arm-none-eabi/include/c++/13.3.0/cmath"
 353              		.file 7 "D:/Program Files/msys64/mingw64/arm-none-eabi/include/c++/13.3.0/type_traits"
 354              		.file 8 "D:/Program Files/msys64/mingw64/arm-none-eabi/include/c++/13.3.0/debug/debug.h"
 355              		.file 9 "D:/Program Files/msys64/mingw64/arm-none-eabi/include/c++/13.3.0/bits/std_abs.h"
 356              		.file 10 "D:/Program Files/msys64/mingw64/arm-none-eabi/include/c++/13.3.0/arm-none-eabi/thumb/v7e
 357              		.file 11 "D:/Program Files/msys64/mingw64/arm-none-eabi/include/c++/13.3.0/bits/predefined_ops.h"
 358              		.file 12 "D:/Program Files/msys64/mingw64/arm-none-eabi/include/math.h"
 359              		.file 13 "D:/Program Files/msys64/mingw64/arm-none-eabi/include/c++/13.3.0/math.h"
 360              		.file 14 "Drivers/STM32H7xx_HAL_Driver/Inc/stm32h7xx_hal_gpio.h"
 361              		.file 15 "Inc/system/board_cfg.h"
 362              		.file 16 "Drivers/STM32H7xx_HAL_Driver/Inc/stm32h7xx_hal.h"
 363              		.file 17 "Inc/support/enums.hpp"
ARM GAS  C:\Users\nicx5\AppData\Local\Temp\ccAI2yaa.s 			page 10


DEFINED SYMBOLS
                            *ABS*:00000000 board_mode.cpp
C:\Users\nicx5\AppData\Local\Temp\ccAI2yaa.s:20     .text._ZNK16BoardModeManager7readRawEv:00000000 $t
C:\Users\nicx5\AppData\Local\Temp\ccAI2yaa.s:26     .text._ZNK16BoardModeManager7readRawEv:00000000 _ZNK16BoardModeManager7readRawEv
C:\Users\nicx5\AppData\Local\Temp\ccAI2yaa.s:109    .text._ZNK16BoardModeManager7readRawEv:00000058 $d
C:\Users\nicx5\AppData\Local\Temp\ccAI2yaa.s:114    .text._ZN16BoardModeManager6updateEm:00000000 $t
C:\Users\nicx5\AppData\Local\Temp\ccAI2yaa.s:120    .text._ZN16BoardModeManager6updateEm:00000000 _ZN16BoardModeManager6updateEm
C:\Users\nicx5\AppData\Local\Temp\ccAI2yaa.s:195    .text._ZN16BoardModeManager5setupEv:00000000 $t
C:\Users\nicx5\AppData\Local\Temp\ccAI2yaa.s:201    .text._ZN16BoardModeManager5setupEv:00000000 _ZN16BoardModeManager5setupEv
C:\Users\nicx5\AppData\Local\Temp\ccAI2yaa.s:309    .text._ZN16BoardModeManager5setupEv:0000006c $d
C:\Users\nicx5\AppData\Local\Temp\ccAI2yaa.s:315    .text._ZN16BoardModeManager14consumeChangedEv:00000000 $t
C:\Users\nicx5\AppData\Local\Temp\ccAI2yaa.s:321    .text._ZN16BoardModeManager14consumeChangedEv:00000000 _ZN16BoardModeManager14consumeChangedEv

UNDEFINED SYMBOLS
HAL_GPIO_ReadPin
HAL_GPIO_Init
HAL_GetTick
HAL_Delay
