ARM GAS  C:\Users\nicx5\AppData\Local\Temp\ccT7H73f.s 			page 1


   1              		.cpu cortex-m7
   2              		.arch armv7e-m
   3              		.fpu fpv5-d16
   4              		.eabi_attribute 28, 1
   5              		.eabi_attribute 20, 1
   6              		.eabi_attribute 21, 1
   7              		.eabi_attribute 23, 3
   8              		.eabi_attribute 24, 1
   9              		.eabi_attribute 25, 1
  10              		.eabi_attribute 26, 1
  11              		.eabi_attribute 30, 1
  12              		.eabi_attribute 34, 1
  13              		.eabi_attribute 18, 4
  14              		.file	"board.c"
  15              		.text
  16              	.Ltext0:
  17              		.cfi_sections	.debug_frame
  18              		.file 1 "Src/system/board.c"
  19              		.section	.text.SystemClock_Config,"ax",%progbits
  20              		.align	1
  21              		.global	SystemClock_Config
  22              		.syntax unified
  23              		.thumb
  24              		.thumb_func
  26              	SystemClock_Config:
  27              	.LFB339:
   1:Src/system/board.c **** #include "stm32h7xx_hal.h"
   2:Src/system/board.c **** #include "board_cfg.h"
   3:Src/system/board.c **** #include "board.h"
   4:Src/system/board.c **** #include "qspi-w25q64.h"
   5:Src/system/board.c **** #include "usart.h"
   6:Src/system/board.c **** #include "adc.h"
   7:Src/system/board.c **** #include "dma.h"
   8:Src/system/board.c **** #include "bdma.h"
   9:Src/system/board.c **** #include "tim.h"
  10:Src/system/board.c **** #include "pwm-ws2812b.h"
  11:Src/system/board.c **** #include "utils.h"
  12:Src/system/board.c **** #include "board_power.hpp"
  13:Src/system/board.c **** #include "boot_profile.h"
  14:Src/system/board.c **** 
  15:Src/system/board.c **** UART_HandleTypeDef UartHandle;
  16:Src/system/board.c **** 
  17:Src/system/board.c **** void SystemClock_Config(void);
  18:Src/system/board.c **** void PeriphCommonClock_Config(void);
  19:Src/system/board.c **** 
  20:Src/system/board.c **** void board_init(void)
  21:Src/system/board.c **** {
  22:Src/system/board.c ****     SystemClock_Config();
  23:Src/system/board.c ****     BootProfile_AppTick(BP_APP_CLOCK_READY);
  24:Src/system/board.c ****     PeriphCommonClock_Config();
  25:Src/system/board.c **** 
  26:Src/system/board.c ****     // Enable All GPIOs clocks
  27:Src/system/board.c ****     __HAL_RCC_GPIOA_CLK_ENABLE();
  28:Src/system/board.c ****     __HAL_RCC_GPIOB_CLK_ENABLE();
  29:Src/system/board.c ****     __HAL_RCC_GPIOC_CLK_ENABLE();
  30:Src/system/board.c ****     __HAL_RCC_GPIOD_CLK_ENABLE();
  31:Src/system/board.c ****     __HAL_RCC_GPIOE_CLK_ENABLE();
ARM GAS  C:\Users\nicx5\AppData\Local\Temp\ccT7H73f.s 			page 2


  32:Src/system/board.c ****     __HAL_RCC_GPIOF_CLK_ENABLE();
  33:Src/system/board.c ****     __HAL_RCC_GPIOG_CLK_ENABLE();
  34:Src/system/board.c ****     __HAL_RCC_GPIOH_CLK_ENABLE();
  35:Src/system/board.c **** #ifdef __HAL_RCC_GPIOI_CLK_ENABLE
  36:Src/system/board.c ****     __HAL_RCC_GPIOI_CLK_ENABLE();
  37:Src/system/board.c **** #endif
  38:Src/system/board.c ****     __HAL_RCC_GPIOJ_CLK_ENABLE();
  39:Src/system/board.c **** 
  40:Src/system/board.c ****     BoardPower_Initialize();
  41:Src/system/board.c **** 
  42:Src/system/board.c **** #if APPLICATION_SERIAL_PRINT || APPLICATION_STARTUP_LOG
  43:Src/system/board.c ****     USART1_Init(); // USART for debug
  44:Src/system/board.c ****     APP_STAGE("A01", "reset reached; HAL, wake hold, caches, clocks, GPIO and USART1 ready");
  45:Src/system/board.c ****     APP_STAGE("A02", "power policy initialized: MAIN_POWER_EN=on LCD_EN=on optional rails=off");
  46:Src/system/board.c **** #endif
  47:Src/system/board.c **** 
  48:Src/system/board.c ****     // 验证时钟配置
  49:Src/system/board.c ****     APP_DBG("board init: SYSCLK: %lu", HAL_RCC_GetSysClockFreq());
  50:Src/system/board.c ****     APP_DBG("board init: HCLK: %lu", HAL_RCC_GetHCLKFreq());
  51:Src/system/board.c ****     APP_DBG("board init: PCLK1: %lu", HAL_RCC_GetPCLK1Freq());
  52:Src/system/board.c ****     APP_DBG("board init: PCLK2: %lu", HAL_RCC_GetPCLK2Freq());
  53:Src/system/board.c ****     APP_DBG("DBGMCU REVID: 0x%lx", HAL_GetREVID());
  54:Src/system/board.c **** 
  55:Src/system/board.c ****     int8_t qspi_init_result = QSPI_W25Qxx_Init();
  56:Src/system/board.c ****     if (qspi_init_result == QSPI_W25Qxx_OK) {
  57:Src/system/board.c ****         APP_STAGE("A03", "QSPI initialization complete");
  58:Src/system/board.c ****     } else {
  59:Src/system/board.c ****         APP_STAGE_ERROR("A03", "QSPI initialization failed: %d",
  60:Src/system/board.c ****                         qspi_init_result);
  61:Src/system/board.c ****     }
  62:Src/system/board.c **** 
  63:Src/system/board.c ****     // QSPI_W25Qxx_Test(0x00500000);
  64:Src/system/board.c **** 
  65:Src/system/board.c ****     MX_DMA_Init();
  66:Src/system/board.c ****     APP_DBG("board init: MX_DMA_Init success.");
  67:Src/system/board.c **** 
  68:Src/system/board.c ****     MX_TIM2_Init(); // RF/USB report scheduler timer, reconfigured by ReportScheduler at runtime
  69:Src/system/board.c ****     APP_DBG("board init: MX_TIM2_Init success.");
  70:Src/system/board.c **** 
  71:Src/system/board.c ****     MX_BDMA_Init();
  72:Src/system/board.c **** 
  73:Src/system/board.c ****     APP_DBG("board init: MX_BDMA_Init success.");
  74:Src/system/board.c ****     APP_STAGE("A04", "TIM2, DMA and BDMA initialized");
  75:Src/system/board.c **** 
  76:Src/system/board.c ****     MX_ADC1_Init();
  77:Src/system/board.c **** 
  78:Src/system/board.c ****     APP_DBG("board init: MX_ADC1_Init success.");
  79:Src/system/board.c **** 
  80:Src/system/board.c ****     MX_ADC2_Init();
  81:Src/system/board.c **** 
  82:Src/system/board.c ****     APP_DBG("board init: MX_ADC2_Init success.");
  83:Src/system/board.c **** 
  84:Src/system/board.c ****     MX_ADC3_Init();
  85:Src/system/board.c **** 
  86:Src/system/board.c ****     APP_DBG("board init: MX_ADC3_Init success.");
  87:Src/system/board.c ****     APP_STAGE("A05", "ADC1, ADC2 and ADC3 initialized");
  88:Src/system/board.c **** 
ARM GAS  C:\Users\nicx5\AppData\Local\Temp\ccT7H73f.s 			page 3


  89:Src/system/board.c **** #ifdef HAS_LED
  90:Src/system/board.c ****     WS2812B_Init();
  91:Src/system/board.c ****     APP_DBG("board init: WS2812B_Init success.");
  92:Src/system/board.c ****     APP_STAGE("A06", "WS2812B peripheral initialized");
  93:Src/system/board.c **** #endif // HAS_LED
  94:Src/system/board.c **** }
  95:Src/system/board.c **** 
  96:Src/system/board.c **** /**
  97:Src/system/board.c ****  * @brief System Clock Configuration
  98:Src/system/board.c ****  * @retval None
  99:Src/system/board.c ****  */
 100:Src/system/board.c **** void SystemClock_Config(void)
 101:Src/system/board.c **** {
  28              		.loc 1 101 1 view -0
  29              		.cfi_startproc
  30              		@ args = 0, pretend = 0, frame = 120
  31              		@ frame_needed = 0, uses_anonymous_args = 0
  32 0000 00B5     		push	{lr}
  33              	.LCFI0:
  34              		.cfi_def_cfa_offset 4
  35              		.cfi_offset 14, -4
  36 0002 9FB0     		sub	sp, sp, #124
  37              	.LCFI1:
  38              		.cfi_def_cfa_offset 128
 102:Src/system/board.c **** 
 103:Src/system/board.c ****     RCC_OscInitTypeDef RCC_OscInitStruct = {0};
  39              		.loc 1 103 5 view .LVU1
  40              		.loc 1 103 24 is_stmt 0 view .LVU2
  41 0004 4C22     		movs	r2, #76
  42 0006 0021     		movs	r1, #0
  43 0008 0BA8     		add	r0, sp, #44
  44 000a FFF7FEFF 		bl	memset
  45              	.LVL0:
 104:Src/system/board.c ****     RCC_ClkInitTypeDef RCC_ClkInitStruct = {0};
  46              		.loc 1 104 5 is_stmt 1 view .LVU3
  47              		.loc 1 104 24 is_stmt 0 view .LVU4
  48 000e 2022     		movs	r2, #32
  49 0010 0021     		movs	r1, #0
  50 0012 03A8     		add	r0, sp, #12
  51 0014 FFF7FEFF 		bl	memset
  52              	.LVL1:
 105:Src/system/board.c **** 
 106:Src/system/board.c ****     // 更新 SystemCoreClock 变量
 107:Src/system/board.c ****     SystemCoreClockUpdate();
  53              		.loc 1 107 5 is_stmt 1 view .LVU5
  54 0018 FFF7FEFF 		bl	SystemCoreClockUpdate
  55              	.LVL2:
 108:Src/system/board.c **** 
 109:Src/system/board.c ****     /** Supply configuration update enable */
 110:Src/system/board.c ****     HAL_PWREx_ConfigSupply(PWR_LDO_SUPPLY);
  56              		.loc 1 110 5 view .LVU6
  57 001c 0220     		movs	r0, #2
  58 001e FFF7FEFF 		bl	HAL_PWREx_ConfigSupply
  59              	.LVL3:
 111:Src/system/board.c **** 
 112:Src/system/board.c ****     /** Configure the main internal regulator output voltage */
 113:Src/system/board.c ****     __HAL_PWR_VOLTAGESCALING_CONFIG(PWR_REGULATOR_VOLTAGE_SCALE1);
ARM GAS  C:\Users\nicx5\AppData\Local\Temp\ccT7H73f.s 			page 4


  60              		.loc 1 113 5 view .LVU7
  61              	.LBB2:
  62              		.loc 1 113 5 view .LVU8
  63 0022 0023     		movs	r3, #0
  64 0024 0093     		str	r3, [sp]
  65              		.loc 1 113 5 view .LVU9
  66              		.loc 1 113 5 discriminator 2 view .LVU10
  67 0026 3B4B     		ldr	r3, .L9
  68 0028 DA6A     		ldr	r2, [r3, #44]
  69 002a 22F00102 		bic	r2, r2, #1
  70 002e DA62     		str	r2, [r3, #44]
  71              		.loc 1 113 5 discriminator 2 view .LVU11
  72 0030 DB6A     		ldr	r3, [r3, #44]
  73 0032 03F00103 		and	r3, r3, #1
  74 0036 0093     		str	r3, [sp]
  75              		.loc 1 113 5 discriminator 2 view .LVU12
  76 0038 374B     		ldr	r3, .L9+4
  77 003a 9A69     		ldr	r2, [r3, #24]
  78 003c 42F44042 		orr	r2, r2, #49152
  79 0040 9A61     		str	r2, [r3, #24]
  80              		.loc 1 113 5 discriminator 2 view .LVU13
  81 0042 9B69     		ldr	r3, [r3, #24]
  82 0044 03F44043 		and	r3, r3, #49152
  83 0048 0093     		str	r3, [sp]
  84              		.loc 1 113 5 discriminator 4 view .LVU14
  85 004a 009B     		ldr	r3, [sp]
  86              	.LBE2:
  87              		.loc 1 113 5 discriminator 4 view .LVU15
 114:Src/system/board.c **** 
 115:Src/system/board.c ****     while (!__HAL_PWR_GET_FLAG(PWR_FLAG_VOSRDY))
  88              		.loc 1 115 5 view .LVU16
  89              	.L2:
 116:Src/system/board.c ****     {
 117:Src/system/board.c ****     }
  90              		.loc 1 117 5 view .LVU17
 115:Src/system/board.c ****     {
  91              		.loc 1 115 12 discriminator 1 view .LVU18
 115:Src/system/board.c ****     {
  92              		.loc 1 115 13 is_stmt 0 discriminator 1 view .LVU19
  93 004c 324B     		ldr	r3, .L9+4
  94 004e 9B69     		ldr	r3, [r3, #24]
 115:Src/system/board.c ****     {
  95              		.loc 1 115 12 discriminator 1 view .LVU20
  96 0050 13F4005F 		tst	r3, #8192
  97 0054 FAD0     		beq	.L2
 118:Src/system/board.c **** 
 119:Src/system/board.c ****     __HAL_RCC_SYSCFG_CLK_ENABLE();
  98              		.loc 1 119 5 is_stmt 1 view .LVU21
  99              	.LBB3:
 100              		.loc 1 119 5 view .LVU22
 101              		.loc 1 119 5 view .LVU23
 102 0056 314B     		ldr	r3, .L9+8
 103 0058 D3F8F420 		ldr	r2, [r3, #244]
 104 005c 42F00202 		orr	r2, r2, #2
 105 0060 C3F8F420 		str	r2, [r3, #244]
 106              		.loc 1 119 5 view .LVU24
 107 0064 D3F8F430 		ldr	r3, [r3, #244]
ARM GAS  C:\Users\nicx5\AppData\Local\Temp\ccT7H73f.s 			page 5


 108 0068 03F00203 		and	r3, r3, #2
 109 006c 0193     		str	r3, [sp, #4]
 110              		.loc 1 119 5 view .LVU25
 111 006e 019B     		ldr	r3, [sp, #4]
 112              	.LBE3:
 113              		.loc 1 119 5 view .LVU26
 120:Src/system/board.c ****     __HAL_PWR_VOLTAGESCALING_CONFIG(PWR_REGULATOR_VOLTAGE_SCALE0);
 114              		.loc 1 120 5 view .LVU27
 115              	.LBB4:
 116              		.loc 1 120 5 view .LVU28
 117 0070 0023     		movs	r3, #0
 118 0072 0293     		str	r3, [sp, #8]
 119              		.loc 1 120 5 view .LVU29
 120              		.loc 1 120 5 discriminator 1 view .LVU30
 121 0074 284B     		ldr	r3, .L9+4
 122 0076 9A69     		ldr	r2, [r3, #24]
 123 0078 42F44042 		orr	r2, r2, #49152
 124 007c 9A61     		str	r2, [r3, #24]
 125              		.loc 1 120 5 discriminator 1 view .LVU31
 126 007e 9B69     		ldr	r3, [r3, #24]
 127 0080 03F44043 		and	r3, r3, #49152
 128 0084 0293     		str	r3, [sp, #8]
 129              		.loc 1 120 5 discriminator 1 view .LVU32
 130 0086 234B     		ldr	r3, .L9
 131 0088 DA6A     		ldr	r2, [r3, #44]
 132 008a 42F00102 		orr	r2, r2, #1
 133 008e DA62     		str	r2, [r3, #44]
 134              		.loc 1 120 5 discriminator 1 view .LVU33
 135 0090 DB6A     		ldr	r3, [r3, #44]
 136 0092 03F00103 		and	r3, r3, #1
 137 0096 0293     		str	r3, [sp, #8]
 138              		.loc 1 120 5 discriminator 4 view .LVU34
 139 0098 029B     		ldr	r3, [sp, #8]
 140              	.LBE4:
 141              		.loc 1 120 5 discriminator 4 view .LVU35
 121:Src/system/board.c **** 
 122:Src/system/board.c ****     while (!__HAL_PWR_GET_FLAG(PWR_FLAG_VOSRDY))
 142              		.loc 1 122 5 view .LVU36
 143              	.L3:
 123:Src/system/board.c ****     {
 124:Src/system/board.c ****     }
 144              		.loc 1 124 5 view .LVU37
 122:Src/system/board.c ****     {
 145              		.loc 1 122 12 discriminator 1 view .LVU38
 122:Src/system/board.c ****     {
 146              		.loc 1 122 13 is_stmt 0 discriminator 1 view .LVU39
 147 009a 1F4B     		ldr	r3, .L9+4
 148 009c 9B69     		ldr	r3, [r3, #24]
 122:Src/system/board.c ****     {
 149              		.loc 1 122 12 discriminator 1 view .LVU40
 150 009e 13F4005F 		tst	r3, #8192
 151 00a2 FAD0     		beq	.L3
 125:Src/system/board.c **** 
 126:Src/system/board.c ****     /** Configure LSE Drive Capability */
 127:Src/system/board.c ****     HAL_PWR_EnableBkUpAccess();
 152              		.loc 1 127 5 is_stmt 1 view .LVU41
 153 00a4 FFF7FEFF 		bl	HAL_PWR_EnableBkUpAccess
ARM GAS  C:\Users\nicx5\AppData\Local\Temp\ccT7H73f.s 			page 6


 154              	.LVL4:
 128:Src/system/board.c **** 
 129:Src/system/board.c ****     /** Initializes the RCC Oscillators according to the specified parameters
 130:Src/system/board.c ****      * in the RCC_OscInitTypeDef structure.
 131:Src/system/board.c ****      */
 132:Src/system/board.c ****     RCC_OscInitStruct.OscillatorType = RCC_OSCILLATORTYPE_HSE;
 155              		.loc 1 132 5 view .LVU42
 156              		.loc 1 132 38 is_stmt 0 view .LVU43
 157 00a8 0123     		movs	r3, #1
 158 00aa 0B93     		str	r3, [sp, #44]
 133:Src/system/board.c ****     RCC_OscInitStruct.HSEState = RCC_HSE_ON;
 159              		.loc 1 133 5 is_stmt 1 view .LVU44
 160              		.loc 1 133 32 is_stmt 0 view .LVU45
 161 00ac 4FF48033 		mov	r3, #65536
 162 00b0 0C93     		str	r3, [sp, #48]
 134:Src/system/board.c ****     RCC_OscInitStruct.PLL.PLLState = RCC_PLL_ON;
 163              		.loc 1 134 5 is_stmt 1 view .LVU46
 164              		.loc 1 134 36 is_stmt 0 view .LVU47
 165 00b2 0223     		movs	r3, #2
 166 00b4 1493     		str	r3, [sp, #80]
 135:Src/system/board.c ****     RCC_OscInitStruct.PLL.PLLSource = RCC_PLLSOURCE_HSE;
 167              		.loc 1 135 5 is_stmt 1 view .LVU48
 168              		.loc 1 135 37 is_stmt 0 view .LVU49
 169 00b6 1593     		str	r3, [sp, #84]
 136:Src/system/board.c ****     RCC_OscInitStruct.PLL.PLLM = 5;
 170              		.loc 1 136 5 is_stmt 1 view .LVU50
 171              		.loc 1 136 32 is_stmt 0 view .LVU51
 172 00b8 0522     		movs	r2, #5
 173 00ba 1692     		str	r2, [sp, #88]
 137:Src/system/board.c ****     RCC_OscInitStruct.PLL.PLLN = 192;
 174              		.loc 1 137 5 is_stmt 1 view .LVU52
 175              		.loc 1 137 32 is_stmt 0 view .LVU53
 176 00bc C022     		movs	r2, #192
 177 00be 1792     		str	r2, [sp, #92]
 138:Src/system/board.c ****     RCC_OscInitStruct.PLL.PLLP = 2;
 178              		.loc 1 138 5 is_stmt 1 view .LVU54
 179              		.loc 1 138 32 is_stmt 0 view .LVU55
 180 00c0 1893     		str	r3, [sp, #96]
 139:Src/system/board.c ****     RCC_OscInitStruct.PLL.PLLQ = 2;
 181              		.loc 1 139 5 is_stmt 1 view .LVU56
 182              		.loc 1 139 32 is_stmt 0 view .LVU57
 183 00c2 1993     		str	r3, [sp, #100]
 140:Src/system/board.c ****     RCC_OscInitStruct.PLL.PLLR = 2;
 184              		.loc 1 140 5 is_stmt 1 view .LVU58
 185              		.loc 1 140 32 is_stmt 0 view .LVU59
 186 00c4 1A93     		str	r3, [sp, #104]
 141:Src/system/board.c ****     RCC_OscInitStruct.PLL.PLLRGE = RCC_PLL1VCIRANGE_2;
 187              		.loc 1 141 5 is_stmt 1 view .LVU60
 188              		.loc 1 141 34 is_stmt 0 view .LVU61
 189 00c6 0823     		movs	r3, #8
 190 00c8 1B93     		str	r3, [sp, #108]
 142:Src/system/board.c ****     RCC_OscInitStruct.PLL.PLLVCOSEL = RCC_PLL1VCOWIDE;
 191              		.loc 1 142 5 is_stmt 1 view .LVU62
 192              		.loc 1 142 37 is_stmt 0 view .LVU63
 193 00ca 0023     		movs	r3, #0
 194 00cc 1C93     		str	r3, [sp, #112]
 143:Src/system/board.c ****     RCC_OscInitStruct.PLL.PLLFRACN = 0;
ARM GAS  C:\Users\nicx5\AppData\Local\Temp\ccT7H73f.s 			page 7


 195              		.loc 1 143 5 is_stmt 1 view .LVU64
 196              		.loc 1 143 36 is_stmt 0 view .LVU65
 197 00ce 1D93     		str	r3, [sp, #116]
 144:Src/system/board.c ****     if (HAL_RCC_OscConfig(&RCC_OscInitStruct) != HAL_OK)
 198              		.loc 1 144 5 is_stmt 1 view .LVU66
 199              		.loc 1 144 9 is_stmt 0 view .LVU67
 200 00d0 0BA8     		add	r0, sp, #44
 201 00d2 FFF7FEFF 		bl	HAL_RCC_OscConfig
 202              	.LVL5:
 203              		.loc 1 144 8 discriminator 1 view .LVU68
 204 00d6 B0B9     		cbnz	r0, .L7
 205              	.L4:
 145:Src/system/board.c ****     {
 146:Src/system/board.c ****         Error_Handler();
 147:Src/system/board.c ****     }
 148:Src/system/board.c **** 
 149:Src/system/board.c ****     /** Initializes the CPU, AHB and APB buses clocks */
 150:Src/system/board.c ****     RCC_ClkInitStruct.ClockType = RCC_CLOCKTYPE_HCLK | RCC_CLOCKTYPE_SYSCLK | RCC_CLOCKTYPE_PCLK1 |
 206              		.loc 1 150 5 is_stmt 1 view .LVU69
 207              		.loc 1 150 33 is_stmt 0 view .LVU70
 208 00d8 3F23     		movs	r3, #63
 209 00da 0393     		str	r3, [sp, #12]
 151:Src/system/board.c ****     RCC_ClkInitStruct.SYSCLKSource = RCC_SYSCLKSOURCE_PLLCLK;
 210              		.loc 1 151 5 is_stmt 1 view .LVU71
 211              		.loc 1 151 36 is_stmt 0 view .LVU72
 212 00dc 0323     		movs	r3, #3
 213 00de 0493     		str	r3, [sp, #16]
 152:Src/system/board.c ****     RCC_ClkInitStruct.SYSCLKDivider = RCC_SYSCLK_DIV1;
 214              		.loc 1 152 5 is_stmt 1 view .LVU73
 215              		.loc 1 152 37 is_stmt 0 view .LVU74
 216 00e0 0023     		movs	r3, #0
 217 00e2 0593     		str	r3, [sp, #20]
 153:Src/system/board.c ****     RCC_ClkInitStruct.AHBCLKDivider = RCC_HCLK_DIV2;
 218              		.loc 1 153 5 is_stmt 1 view .LVU75
 219              		.loc 1 153 37 is_stmt 0 view .LVU76
 220 00e4 0823     		movs	r3, #8
 221 00e6 0693     		str	r3, [sp, #24]
 154:Src/system/board.c ****     RCC_ClkInitStruct.APB3CLKDivider = RCC_APB3_DIV2;
 222              		.loc 1 154 5 is_stmt 1 view .LVU77
 223              		.loc 1 154 38 is_stmt 0 view .LVU78
 224 00e8 4023     		movs	r3, #64
 225 00ea 0793     		str	r3, [sp, #28]
 155:Src/system/board.c ****     RCC_ClkInitStruct.APB1CLKDivider = RCC_APB1_DIV2;
 226              		.loc 1 155 5 is_stmt 1 view .LVU79
 227              		.loc 1 155 38 is_stmt 0 view .LVU80
 228 00ec 0893     		str	r3, [sp, #32]
 156:Src/system/board.c ****     RCC_ClkInitStruct.APB2CLKDivider = RCC_APB2_DIV2;
 229              		.loc 1 156 5 is_stmt 1 view .LVU81
 230              		.loc 1 156 38 is_stmt 0 view .LVU82
 231 00ee 4FF48062 		mov	r2, #1024
 232 00f2 0992     		str	r2, [sp, #36]
 157:Src/system/board.c ****     RCC_ClkInitStruct.APB4CLKDivider = RCC_APB4_DIV2;
 233              		.loc 1 157 5 is_stmt 1 view .LVU83
 234              		.loc 1 157 38 is_stmt 0 view .LVU84
 235 00f4 0A93     		str	r3, [sp, #40]
 158:Src/system/board.c **** 
 159:Src/system/board.c ****     if (HAL_RCC_ClockConfig(&RCC_ClkInitStruct, FLASH_LATENCY_4) != HAL_OK)
ARM GAS  C:\Users\nicx5\AppData\Local\Temp\ccT7H73f.s 			page 8


 236              		.loc 1 159 5 is_stmt 1 view .LVU85
 237              		.loc 1 159 9 is_stmt 0 view .LVU86
 238 00f6 0421     		movs	r1, #4
 239 00f8 03A8     		add	r0, sp, #12
 240 00fa FFF7FEFF 		bl	HAL_RCC_ClockConfig
 241              	.LVL6:
 242              		.loc 1 159 8 discriminator 1 view .LVU87
 243 00fe 28B9     		cbnz	r0, .L8
 244              	.L1:
 160:Src/system/board.c ****     {
 161:Src/system/board.c ****         Error_Handler();
 162:Src/system/board.c ****     }
 163:Src/system/board.c **** 
 164:Src/system/board.c ****     
 165:Src/system/board.c **** 
 166:Src/system/board.c **** }
 245              		.loc 1 166 1 view .LVU88
 246 0100 1FB0     		add	sp, sp, #124
 247              	.LCFI2:
 248              		.cfi_remember_state
 249              		.cfi_def_cfa_offset 4
 250              		@ sp needed
 251 0102 5DF804FB 		ldr	pc, [sp], #4
 252              	.L7:
 253              	.LCFI3:
 254              		.cfi_restore_state
 146:Src/system/board.c ****     }
 255              		.loc 1 146 9 is_stmt 1 view .LVU89
 256 0106 FFF7FEFF 		bl	Error_Handler
 257              	.LVL7:
 258 010a E5E7     		b	.L4
 259              	.L8:
 161:Src/system/board.c ****     }
 260              		.loc 1 161 9 view .LVU90
 261 010c FFF7FEFF 		bl	Error_Handler
 262              	.LVL8:
 263              		.loc 1 166 1 is_stmt 0 view .LVU91
 264 0110 F6E7     		b	.L1
 265              	.L10:
 266 0112 00BF     		.align	2
 267              	.L9:
 268 0114 00040058 		.word	1476396032
 269 0118 00480258 		.word	1476544512
 270 011c 00440258 		.word	1476543488
 271              		.cfi_endproc
 272              	.LFE339:
 274              		.section	.text.PeriphCommonClock_Config,"ax",%progbits
 275              		.align	1
 276              		.global	PeriphCommonClock_Config
 277              		.syntax unified
 278              		.thumb
 279              		.thumb_func
 281              	PeriphCommonClock_Config:
 282              	.LFB340:
 167:Src/system/board.c **** 
 168:Src/system/board.c **** /**
 169:Src/system/board.c ****  * @brief Peripherals Common Clock Configuration
ARM GAS  C:\Users\nicx5\AppData\Local\Temp\ccT7H73f.s 			page 9


 170:Src/system/board.c ****  * @retval None
 171:Src/system/board.c ****  */
 172:Src/system/board.c **** void PeriphCommonClock_Config(void)
 173:Src/system/board.c **** {
 283              		.loc 1 173 1 is_stmt 1 view -0
 284              		.cfi_startproc
 285              		@ args = 0, pretend = 0, frame = 192
 286              		@ frame_needed = 0, uses_anonymous_args = 0
 287 0000 00B5     		push	{lr}
 288              	.LCFI4:
 289              		.cfi_def_cfa_offset 4
 290              		.cfi_offset 14, -4
 291 0002 B1B0     		sub	sp, sp, #196
 292              	.LCFI5:
 293              		.cfi_def_cfa_offset 200
 174:Src/system/board.c ****     RCC_PeriphCLKInitTypeDef PeriphClkInitStruct = {0};
 294              		.loc 1 174 5 view .LVU93
 295              		.loc 1 174 30 is_stmt 0 view .LVU94
 296 0004 C022     		movs	r2, #192
 297 0006 0021     		movs	r1, #0
 298 0008 6846     		mov	r0, sp
 299 000a FFF7FEFF 		bl	memset
 300              	.LVL9:
 175:Src/system/board.c **** 
 176:Src/system/board.c ****     /** Initializes the peripherals clock
 177:Src/system/board.c ****      */
 178:Src/system/board.c ****     PeriphClkInitStruct.PeriphClockSelection = RCC_PERIPHCLK_USART1 | RCC_PERIPHCLK_ADC;
 301              		.loc 1 178 5 is_stmt 1 view .LVU95
 302              		.loc 1 178 46 is_stmt 0 view .LVU96
 303 000e 104A     		ldr	r2, .L15
 304 0010 0023     		movs	r3, #0
 305 0012 CDE90023 		strd	r2, [sp]
 179:Src/system/board.c ****     PeriphClkInitStruct.Usart16ClockSelection = RCC_USART16CLKSOURCE_D2PCLK2;
 306              		.loc 1 179 5 is_stmt 1 view .LVU97
 180:Src/system/board.c ****     PeriphClkInitStruct.PLL3.PLL3M = 5;
 307              		.loc 1 180 5 view .LVU98
 308              		.loc 1 180 36 is_stmt 0 view .LVU99
 309 0016 0523     		movs	r3, #5
 310 0018 0A93     		str	r3, [sp, #40]
 181:Src/system/board.c ****     PeriphClkInitStruct.PLL3.PLL3N = 36;
 311              		.loc 1 181 5 is_stmt 1 view .LVU100
 312              		.loc 1 181 36 is_stmt 0 view .LVU101
 313 001a 2423     		movs	r3, #36
 314 001c 0B93     		str	r3, [sp, #44]
 182:Src/system/board.c ****     PeriphClkInitStruct.PLL3.PLL3P = 2;
 315              		.loc 1 182 5 is_stmt 1 view .LVU102
 316              		.loc 1 182 36 is_stmt 0 view .LVU103
 317 001e 0223     		movs	r3, #2
 318 0020 0C93     		str	r3, [sp, #48]
 183:Src/system/board.c ****     PeriphClkInitStruct.PLL3.PLL3Q = 4;
 319              		.loc 1 183 5 is_stmt 1 view .LVU104
 320              		.loc 1 183 36 is_stmt 0 view .LVU105
 321 0022 0423     		movs	r3, #4
 322 0024 0D93     		str	r3, [sp, #52]
 184:Src/system/board.c ****     PeriphClkInitStruct.PLL3.PLL3R = 4;
 323              		.loc 1 184 5 is_stmt 1 view .LVU106
 324              		.loc 1 184 36 is_stmt 0 view .LVU107
ARM GAS  C:\Users\nicx5\AppData\Local\Temp\ccT7H73f.s 			page 10


 325 0026 0E93     		str	r3, [sp, #56]
 185:Src/system/board.c ****     PeriphClkInitStruct.PLL3.PLL3RGE = RCC_PLL3VCIRANGE_2;
 326              		.loc 1 185 5 is_stmt 1 view .LVU108
 327              		.loc 1 185 38 is_stmt 0 view .LVU109
 328 0028 4FF40063 		mov	r3, #2048
 329 002c 0F93     		str	r3, [sp, #60]
 186:Src/system/board.c ****     PeriphClkInitStruct.PLL3.PLL3VCOSEL = RCC_PLL3VCOMEDIUM;
 330              		.loc 1 186 5 is_stmt 1 view .LVU110
 331              		.loc 1 186 41 is_stmt 0 view .LVU111
 332 002e 4FF40073 		mov	r3, #512
 333 0032 1093     		str	r3, [sp, #64]
 187:Src/system/board.c ****     PeriphClkInitStruct.PLL3.PLL3FRACN = 0;
 334              		.loc 1 187 5 is_stmt 1 view .LVU112
 188:Src/system/board.c ****     PeriphClkInitStruct.AdcClockSelection = RCC_ADCCLKSOURCE_PLL3;
 335              		.loc 1 188 5 view .LVU113
 336              		.loc 1 188 43 is_stmt 0 view .LVU114
 337 0034 4FF48033 		mov	r3, #65536
 338 0038 2993     		str	r3, [sp, #164]
 189:Src/system/board.c ****     if (HAL_RCCEx_PeriphCLKConfig(&PeriphClkInitStruct) != HAL_OK)
 339              		.loc 1 189 5 is_stmt 1 view .LVU115
 340              		.loc 1 189 9 is_stmt 0 view .LVU116
 341 003a 6846     		mov	r0, sp
 342 003c FFF7FEFF 		bl	HAL_RCCEx_PeriphCLKConfig
 343              	.LVL10:
 344              		.loc 1 189 8 discriminator 1 view .LVU117
 345 0040 10B9     		cbnz	r0, .L14
 346              	.L11:
 190:Src/system/board.c ****     {
 191:Src/system/board.c ****         Error_Handler();
 192:Src/system/board.c ****     }
 193:Src/system/board.c **** }
 347              		.loc 1 193 1 view .LVU118
 348 0042 31B0     		add	sp, sp, #196
 349              	.LCFI6:
 350              		.cfi_remember_state
 351              		.cfi_def_cfa_offset 4
 352              		@ sp needed
 353 0044 5DF804FB 		ldr	pc, [sp], #4
 354              	.L14:
 355              	.LCFI7:
 356              		.cfi_restore_state
 191:Src/system/board.c ****     }
 357              		.loc 1 191 9 is_stmt 1 view .LVU119
 358 0048 FFF7FEFF 		bl	Error_Handler
 359              	.LVL11:
 360              		.loc 1 193 1 is_stmt 0 view .LVU120
 361 004c F9E7     		b	.L11
 362              	.L16:
 363 004e 00BF     		.align	2
 364              	.L15:
 365 0050 01000800 		.word	524289
 366              		.cfi_endproc
 367              	.LFE340:
 369              		.section	.text.board_init,"ax",%progbits
 370              		.align	1
 371              		.global	board_init
 372              		.syntax unified
ARM GAS  C:\Users\nicx5\AppData\Local\Temp\ccT7H73f.s 			page 11


 373              		.thumb
 374              		.thumb_func
 376              	board_init:
 377              	.LFB338:
  21:Src/system/board.c ****     SystemClock_Config();
 378              		.loc 1 21 1 is_stmt 1 view -0
 379              		.cfi_startproc
 380              		@ args = 0, pretend = 0, frame = 40
 381              		@ frame_needed = 0, uses_anonymous_args = 0
 382 0000 00B5     		push	{lr}
 383              	.LCFI8:
 384              		.cfi_def_cfa_offset 4
 385              		.cfi_offset 14, -4
 386 0002 8BB0     		sub	sp, sp, #44
 387              	.LCFI9:
 388              		.cfi_def_cfa_offset 48
  22:Src/system/board.c ****     BootProfile_AppTick(BP_APP_CLOCK_READY);
 389              		.loc 1 22 5 view .LVU122
 390 0004 FFF7FEFF 		bl	SystemClock_Config
 391              	.LVL12:
  23:Src/system/board.c ****     PeriphCommonClock_Config();
 392              		.loc 1 23 5 view .LVU123
  24:Src/system/board.c **** 
 393              		.loc 1 24 5 view .LVU124
 394 0008 FFF7FEFF 		bl	PeriphCommonClock_Config
 395              	.LVL13:
  27:Src/system/board.c ****     __HAL_RCC_GPIOB_CLK_ENABLE();
 396              		.loc 1 27 5 view .LVU125
 397              	.LBB5:
  27:Src/system/board.c ****     __HAL_RCC_GPIOB_CLK_ENABLE();
 398              		.loc 1 27 5 view .LVU126
  27:Src/system/board.c ****     __HAL_RCC_GPIOB_CLK_ENABLE();
 399              		.loc 1 27 5 view .LVU127
 400 000c 464B     		ldr	r3, .L19
 401 000e D3F8E020 		ldr	r2, [r3, #224]
 402 0012 42F00102 		orr	r2, r2, #1
 403 0016 C3F8E020 		str	r2, [r3, #224]
  27:Src/system/board.c ****     __HAL_RCC_GPIOB_CLK_ENABLE();
 404              		.loc 1 27 5 view .LVU128
 405 001a D3F8E020 		ldr	r2, [r3, #224]
 406 001e 02F00102 		and	r2, r2, #1
 407 0022 0092     		str	r2, [sp]
  27:Src/system/board.c ****     __HAL_RCC_GPIOB_CLK_ENABLE();
 408              		.loc 1 27 5 view .LVU129
 409 0024 009A     		ldr	r2, [sp]
 410              	.LBE5:
  27:Src/system/board.c ****     __HAL_RCC_GPIOB_CLK_ENABLE();
 411              		.loc 1 27 5 view .LVU130
  28:Src/system/board.c ****     __HAL_RCC_GPIOC_CLK_ENABLE();
 412              		.loc 1 28 5 view .LVU131
 413              	.LBB6:
  28:Src/system/board.c ****     __HAL_RCC_GPIOC_CLK_ENABLE();
 414              		.loc 1 28 5 view .LVU132
  28:Src/system/board.c ****     __HAL_RCC_GPIOC_CLK_ENABLE();
 415              		.loc 1 28 5 view .LVU133
 416 0026 D3F8E020 		ldr	r2, [r3, #224]
 417 002a 42F00202 		orr	r2, r2, #2
ARM GAS  C:\Users\nicx5\AppData\Local\Temp\ccT7H73f.s 			page 12


 418 002e C3F8E020 		str	r2, [r3, #224]
  28:Src/system/board.c ****     __HAL_RCC_GPIOC_CLK_ENABLE();
 419              		.loc 1 28 5 view .LVU134
 420 0032 D3F8E020 		ldr	r2, [r3, #224]
 421 0036 02F00202 		and	r2, r2, #2
 422 003a 0192     		str	r2, [sp, #4]
  28:Src/system/board.c ****     __HAL_RCC_GPIOC_CLK_ENABLE();
 423              		.loc 1 28 5 view .LVU135
 424 003c 019A     		ldr	r2, [sp, #4]
 425              	.LBE6:
  28:Src/system/board.c ****     __HAL_RCC_GPIOC_CLK_ENABLE();
 426              		.loc 1 28 5 view .LVU136
  29:Src/system/board.c ****     __HAL_RCC_GPIOD_CLK_ENABLE();
 427              		.loc 1 29 5 view .LVU137
 428              	.LBB7:
  29:Src/system/board.c ****     __HAL_RCC_GPIOD_CLK_ENABLE();
 429              		.loc 1 29 5 view .LVU138
  29:Src/system/board.c ****     __HAL_RCC_GPIOD_CLK_ENABLE();
 430              		.loc 1 29 5 view .LVU139
 431 003e D3F8E020 		ldr	r2, [r3, #224]
 432 0042 42F00402 		orr	r2, r2, #4
 433 0046 C3F8E020 		str	r2, [r3, #224]
  29:Src/system/board.c ****     __HAL_RCC_GPIOD_CLK_ENABLE();
 434              		.loc 1 29 5 view .LVU140
 435 004a D3F8E020 		ldr	r2, [r3, #224]
 436 004e 02F00402 		and	r2, r2, #4
 437 0052 0292     		str	r2, [sp, #8]
  29:Src/system/board.c ****     __HAL_RCC_GPIOD_CLK_ENABLE();
 438              		.loc 1 29 5 view .LVU141
 439 0054 029A     		ldr	r2, [sp, #8]
 440              	.LBE7:
  29:Src/system/board.c ****     __HAL_RCC_GPIOD_CLK_ENABLE();
 441              		.loc 1 29 5 view .LVU142
  30:Src/system/board.c ****     __HAL_RCC_GPIOE_CLK_ENABLE();
 442              		.loc 1 30 5 view .LVU143
 443              	.LBB8:
  30:Src/system/board.c ****     __HAL_RCC_GPIOE_CLK_ENABLE();
 444              		.loc 1 30 5 view .LVU144
  30:Src/system/board.c ****     __HAL_RCC_GPIOE_CLK_ENABLE();
 445              		.loc 1 30 5 view .LVU145
 446 0056 D3F8E020 		ldr	r2, [r3, #224]
 447 005a 42F00802 		orr	r2, r2, #8
 448 005e C3F8E020 		str	r2, [r3, #224]
  30:Src/system/board.c ****     __HAL_RCC_GPIOE_CLK_ENABLE();
 449              		.loc 1 30 5 view .LVU146
 450 0062 D3F8E020 		ldr	r2, [r3, #224]
 451 0066 02F00802 		and	r2, r2, #8
 452 006a 0392     		str	r2, [sp, #12]
  30:Src/system/board.c ****     __HAL_RCC_GPIOE_CLK_ENABLE();
 453              		.loc 1 30 5 view .LVU147
 454 006c 039A     		ldr	r2, [sp, #12]
 455              	.LBE8:
  30:Src/system/board.c ****     __HAL_RCC_GPIOE_CLK_ENABLE();
 456              		.loc 1 30 5 view .LVU148
  31:Src/system/board.c ****     __HAL_RCC_GPIOF_CLK_ENABLE();
 457              		.loc 1 31 5 view .LVU149
 458              	.LBB9:
ARM GAS  C:\Users\nicx5\AppData\Local\Temp\ccT7H73f.s 			page 13


  31:Src/system/board.c ****     __HAL_RCC_GPIOF_CLK_ENABLE();
 459              		.loc 1 31 5 view .LVU150
  31:Src/system/board.c ****     __HAL_RCC_GPIOF_CLK_ENABLE();
 460              		.loc 1 31 5 view .LVU151
 461 006e D3F8E020 		ldr	r2, [r3, #224]
 462 0072 42F01002 		orr	r2, r2, #16
 463 0076 C3F8E020 		str	r2, [r3, #224]
  31:Src/system/board.c ****     __HAL_RCC_GPIOF_CLK_ENABLE();
 464              		.loc 1 31 5 view .LVU152
 465 007a D3F8E020 		ldr	r2, [r3, #224]
 466 007e 02F01002 		and	r2, r2, #16
 467 0082 0492     		str	r2, [sp, #16]
  31:Src/system/board.c ****     __HAL_RCC_GPIOF_CLK_ENABLE();
 468              		.loc 1 31 5 view .LVU153
 469 0084 049A     		ldr	r2, [sp, #16]
 470              	.LBE9:
  31:Src/system/board.c ****     __HAL_RCC_GPIOF_CLK_ENABLE();
 471              		.loc 1 31 5 view .LVU154
  32:Src/system/board.c ****     __HAL_RCC_GPIOG_CLK_ENABLE();
 472              		.loc 1 32 5 view .LVU155
 473              	.LBB10:
  32:Src/system/board.c ****     __HAL_RCC_GPIOG_CLK_ENABLE();
 474              		.loc 1 32 5 view .LVU156
  32:Src/system/board.c ****     __HAL_RCC_GPIOG_CLK_ENABLE();
 475              		.loc 1 32 5 view .LVU157
 476 0086 D3F8E020 		ldr	r2, [r3, #224]
 477 008a 42F02002 		orr	r2, r2, #32
 478 008e C3F8E020 		str	r2, [r3, #224]
  32:Src/system/board.c ****     __HAL_RCC_GPIOG_CLK_ENABLE();
 479              		.loc 1 32 5 view .LVU158
 480 0092 D3F8E020 		ldr	r2, [r3, #224]
 481 0096 02F02002 		and	r2, r2, #32
 482 009a 0592     		str	r2, [sp, #20]
  32:Src/system/board.c ****     __HAL_RCC_GPIOG_CLK_ENABLE();
 483              		.loc 1 32 5 view .LVU159
 484 009c 059A     		ldr	r2, [sp, #20]
 485              	.LBE10:
  32:Src/system/board.c ****     __HAL_RCC_GPIOG_CLK_ENABLE();
 486              		.loc 1 32 5 view .LVU160
  33:Src/system/board.c ****     __HAL_RCC_GPIOH_CLK_ENABLE();
 487              		.loc 1 33 5 view .LVU161
 488              	.LBB11:
  33:Src/system/board.c ****     __HAL_RCC_GPIOH_CLK_ENABLE();
 489              		.loc 1 33 5 view .LVU162
  33:Src/system/board.c ****     __HAL_RCC_GPIOH_CLK_ENABLE();
 490              		.loc 1 33 5 view .LVU163
 491 009e D3F8E020 		ldr	r2, [r3, #224]
 492 00a2 42F04002 		orr	r2, r2, #64
 493 00a6 C3F8E020 		str	r2, [r3, #224]
  33:Src/system/board.c ****     __HAL_RCC_GPIOH_CLK_ENABLE();
 494              		.loc 1 33 5 view .LVU164
 495 00aa D3F8E020 		ldr	r2, [r3, #224]
 496 00ae 02F04002 		and	r2, r2, #64
 497 00b2 0692     		str	r2, [sp, #24]
  33:Src/system/board.c ****     __HAL_RCC_GPIOH_CLK_ENABLE();
 498              		.loc 1 33 5 view .LVU165
 499 00b4 069A     		ldr	r2, [sp, #24]
ARM GAS  C:\Users\nicx5\AppData\Local\Temp\ccT7H73f.s 			page 14


 500              	.LBE11:
  33:Src/system/board.c ****     __HAL_RCC_GPIOH_CLK_ENABLE();
 501              		.loc 1 33 5 view .LVU166
  34:Src/system/board.c **** #ifdef __HAL_RCC_GPIOI_CLK_ENABLE
 502              		.loc 1 34 5 view .LVU167
 503              	.LBB12:
  34:Src/system/board.c **** #ifdef __HAL_RCC_GPIOI_CLK_ENABLE
 504              		.loc 1 34 5 view .LVU168
  34:Src/system/board.c **** #ifdef __HAL_RCC_GPIOI_CLK_ENABLE
 505              		.loc 1 34 5 view .LVU169
 506 00b6 D3F8E020 		ldr	r2, [r3, #224]
 507 00ba 42F08002 		orr	r2, r2, #128
 508 00be C3F8E020 		str	r2, [r3, #224]
  34:Src/system/board.c **** #ifdef __HAL_RCC_GPIOI_CLK_ENABLE
 509              		.loc 1 34 5 view .LVU170
 510 00c2 D3F8E020 		ldr	r2, [r3, #224]
 511 00c6 02F08002 		and	r2, r2, #128
 512 00ca 0792     		str	r2, [sp, #28]
  34:Src/system/board.c **** #ifdef __HAL_RCC_GPIOI_CLK_ENABLE
 513              		.loc 1 34 5 view .LVU171
 514 00cc 079A     		ldr	r2, [sp, #28]
 515              	.LBE12:
  34:Src/system/board.c **** #ifdef __HAL_RCC_GPIOI_CLK_ENABLE
 516              		.loc 1 34 5 view .LVU172
  36:Src/system/board.c **** #endif
 517              		.loc 1 36 5 view .LVU173
 518              	.LBB13:
  36:Src/system/board.c **** #endif
 519              		.loc 1 36 5 view .LVU174
  36:Src/system/board.c **** #endif
 520              		.loc 1 36 5 view .LVU175
 521 00ce D3F8E020 		ldr	r2, [r3, #224]
 522 00d2 42F48072 		orr	r2, r2, #256
 523 00d6 C3F8E020 		str	r2, [r3, #224]
  36:Src/system/board.c **** #endif
 524              		.loc 1 36 5 view .LVU176
 525 00da D3F8E020 		ldr	r2, [r3, #224]
 526 00de 02F48072 		and	r2, r2, #256
 527 00e2 0892     		str	r2, [sp, #32]
  36:Src/system/board.c **** #endif
 528              		.loc 1 36 5 view .LVU177
 529 00e4 089A     		ldr	r2, [sp, #32]
 530              	.LBE13:
  36:Src/system/board.c **** #endif
 531              		.loc 1 36 5 view .LVU178
  38:Src/system/board.c **** 
 532              		.loc 1 38 5 view .LVU179
 533              	.LBB14:
  38:Src/system/board.c **** 
 534              		.loc 1 38 5 view .LVU180
  38:Src/system/board.c **** 
 535              		.loc 1 38 5 view .LVU181
 536 00e6 D3F8E020 		ldr	r2, [r3, #224]
 537 00ea 42F40072 		orr	r2, r2, #512
 538 00ee C3F8E020 		str	r2, [r3, #224]
  38:Src/system/board.c **** 
 539              		.loc 1 38 5 view .LVU182
ARM GAS  C:\Users\nicx5\AppData\Local\Temp\ccT7H73f.s 			page 15


 540 00f2 D3F8E030 		ldr	r3, [r3, #224]
 541 00f6 03F40073 		and	r3, r3, #512
 542 00fa 0993     		str	r3, [sp, #36]
  38:Src/system/board.c **** 
 543              		.loc 1 38 5 view .LVU183
 544 00fc 099B     		ldr	r3, [sp, #36]
 545              	.LBE14:
  38:Src/system/board.c **** 
 546              		.loc 1 38 5 view .LVU184
  40:Src/system/board.c **** 
 547              		.loc 1 40 5 view .LVU185
 548 00fe FFF7FEFF 		bl	BoardPower_Initialize
 549              	.LVL14:
  49:Src/system/board.c ****     APP_DBG("board init: HCLK: %lu", HAL_RCC_GetHCLKFreq());
 550              		.loc 1 49 5 view .LVU186
  50:Src/system/board.c ****     APP_DBG("board init: PCLK1: %lu", HAL_RCC_GetPCLK1Freq());
 551              		.loc 1 50 5 view .LVU187
  51:Src/system/board.c ****     APP_DBG("board init: PCLK2: %lu", HAL_RCC_GetPCLK2Freq());
 552              		.loc 1 51 5 view .LVU188
  52:Src/system/board.c ****     APP_DBG("DBGMCU REVID: 0x%lx", HAL_GetREVID());
 553              		.loc 1 52 5 view .LVU189
  53:Src/system/board.c **** 
 554              		.loc 1 53 5 view .LVU190
  55:Src/system/board.c ****     if (qspi_init_result == QSPI_W25Qxx_OK) {
 555              		.loc 1 55 5 view .LVU191
  55:Src/system/board.c ****     if (qspi_init_result == QSPI_W25Qxx_OK) {
 556              		.loc 1 55 31 is_stmt 0 view .LVU192
 557 0102 FFF7FEFF 		bl	QSPI_W25Qxx_Init
 558              	.LVL15:
  56:Src/system/board.c ****         APP_STAGE("A03", "QSPI initialization complete");
 559              		.loc 1 56 5 is_stmt 1 view .LVU193
  57:Src/system/board.c ****     } else {
 560              		.loc 1 57 9 view .LVU194
  59:Src/system/board.c ****                         qspi_init_result);
 561              		.loc 1 59 9 view .LVU195
  65:Src/system/board.c ****     APP_DBG("board init: MX_DMA_Init success.");
 562              		.loc 1 65 5 view .LVU196
 563 0106 FFF7FEFF 		bl	MX_DMA_Init
 564              	.LVL16:
  66:Src/system/board.c **** 
 565              		.loc 1 66 5 view .LVU197
  68:Src/system/board.c ****     APP_DBG("board init: MX_TIM2_Init success.");
 566              		.loc 1 68 5 view .LVU198
 567 010a FFF7FEFF 		bl	MX_TIM2_Init
 568              	.LVL17:
  69:Src/system/board.c **** 
 569              		.loc 1 69 5 view .LVU199
  71:Src/system/board.c **** 
 570              		.loc 1 71 5 view .LVU200
 571 010e FFF7FEFF 		bl	MX_BDMA_Init
 572              	.LVL18:
  73:Src/system/board.c ****     APP_STAGE("A04", "TIM2, DMA and BDMA initialized");
 573              		.loc 1 73 5 view .LVU201
  74:Src/system/board.c **** 
 574              		.loc 1 74 5 view .LVU202
  76:Src/system/board.c **** 
 575              		.loc 1 76 5 view .LVU203
ARM GAS  C:\Users\nicx5\AppData\Local\Temp\ccT7H73f.s 			page 16


 576 0112 FFF7FEFF 		bl	MX_ADC1_Init
 577              	.LVL19:
  78:Src/system/board.c **** 
 578              		.loc 1 78 5 view .LVU204
  80:Src/system/board.c **** 
 579              		.loc 1 80 5 view .LVU205
 580 0116 FFF7FEFF 		bl	MX_ADC2_Init
 581              	.LVL20:
  82:Src/system/board.c **** 
 582              		.loc 1 82 5 view .LVU206
  84:Src/system/board.c **** 
 583              		.loc 1 84 5 view .LVU207
 584 011a FFF7FEFF 		bl	MX_ADC3_Init
 585              	.LVL21:
  86:Src/system/board.c ****     APP_STAGE("A05", "ADC1, ADC2 and ADC3 initialized");
 586              		.loc 1 86 5 view .LVU208
  87:Src/system/board.c **** 
 587              		.loc 1 87 5 view .LVU209
  90:Src/system/board.c ****     APP_DBG("board init: WS2812B_Init success.");
 588              		.loc 1 90 5 view .LVU210
 589 011e FFF7FEFF 		bl	WS2812B_Init
 590              	.LVL22:
  91:Src/system/board.c ****     APP_STAGE("A06", "WS2812B peripheral initialized");
 591              		.loc 1 91 5 view .LVU211
  92:Src/system/board.c **** #endif // HAS_LED
 592              		.loc 1 92 5 view .LVU212
  94:Src/system/board.c **** 
 593              		.loc 1 94 1 is_stmt 0 view .LVU213
 594 0122 0BB0     		add	sp, sp, #44
 595              	.LCFI10:
 596              		.cfi_def_cfa_offset 4
 597              		@ sp needed
 598 0124 5DF804FB 		ldr	pc, [sp], #4
 599              	.L20:
 600              		.align	2
 601              	.L19:
 602 0128 00440258 		.word	1476543488
 603              		.cfi_endproc
 604              	.LFE338:
 606              		.section	.text.get_current_slot_base_address,"ax",%progbits
 607              		.align	1
 608              		.global	get_current_slot_base_address
 609              		.syntax unified
 610              		.thumb
 611              		.thumb_func
 613              	get_current_slot_base_address:
 614              	.LFB341:
 194:Src/system/board.c **** 
 195:Src/system/board.c **** /**
 196:Src/system/board.c ****  * @brief 获取当前槽的基地址
 197:Src/system/board.c ****  * @note 通过检查当前代码运行的地址来判断处于哪个槽
 198:Src/system/board.c ****  * @retval 当前槽的基地址 (0x90000000 for 槽A, 0x902B0000 for 槽B)
 199:Src/system/board.c ****  */
 200:Src/system/board.c **** uint32_t get_current_slot_base_address(void)
 201:Src/system/board.c **** {
 615              		.loc 1 201 1 is_stmt 1 view -0
 616              		.cfi_startproc
ARM GAS  C:\Users\nicx5\AppData\Local\Temp\ccT7H73f.s 			page 17


 617              		@ args = 0, pretend = 0, frame = 0
 618              		@ frame_needed = 0, uses_anonymous_args = 0
 619              		@ link register save eliminated.
 202:Src/system/board.c ****     // 使用链接器定义的Flash起始地址符号
 203:Src/system/board.c ****     extern uint32_t _flash_start;  // 链接器脚本中定义的Flash起始地址
 620              		.loc 1 203 5 view .LVU215
 204:Src/system/board.c ****     uint32_t flash_start_address = (uint32_t)&_flash_start;
 621              		.loc 1 204 5 view .LVU216
 622              		.loc 1 204 14 is_stmt 0 view .LVU217
 623 0000 114B     		ldr	r3, .L28
 624              	.LVL23:
 205:Src/system/board.c ****     
 206:Src/system/board.c ****     // 双槽地址范围定义
 207:Src/system/board.c ****     #define SLOT_A_BASE         0x90000000   // 槽A起始地址
 208:Src/system/board.c ****     #define SLOT_A_END          0x902AFFFF   // 槽A结束地址  
 209:Src/system/board.c ****     #define SLOT_B_BASE         0x902B0000   // 槽B起始地址
 210:Src/system/board.c ****     #define SLOT_B_END          0x9055FFFF   // 槽B结束地址
 211:Src/system/board.c ****     
 212:Src/system/board.c ****     // 判断Flash起始地址在哪个槽范围内
 213:Src/system/board.c ****     if (flash_start_address >= SLOT_A_BASE && flash_start_address <= SLOT_A_END) {
 625              		.loc 1 213 5 is_stmt 1 view .LVU218
 626              		.loc 1 213 44 is_stmt 0 view .LVU219
 627 0002 03F1E042 		add	r2, r3, #1879048192
 628              		.loc 1 213 8 view .LVU220
 629 0006 B2F52C1F 		cmp	r2, #2818048
 630 000a 10D3     		bcc	.L23
 214:Src/system/board.c ****         // 当前固件在槽A
 215:Src/system/board.c ****         APP_DBG("Current slot: A (Flash start: 0x%08X)", flash_start_address);
 216:Src/system/board.c ****         return SLOT_A_BASE;
 217:Src/system/board.c ****     } else if (flash_start_address >= SLOT_B_BASE && flash_start_address <= SLOT_B_END) {
 631              		.loc 1 217 12 is_stmt 1 view .LVU221
 632              		.loc 1 217 51 is_stmt 0 view .LVU222
 633 000c 0F4A     		ldr	r2, .L28+4
 634 000e 1A44     		add	r2, r2, r3
 635              		.loc 1 217 15 view .LVU223
 636 0010 B2F52C1F 		cmp	r2, #2818048
 637 0014 0ED3     		bcc	.L24
 218:Src/system/board.c ****         // 当前固件在槽B
 219:Src/system/board.c ****         APP_DBG("Current slot: B (Flash start: 0x%08X)", flash_start_address);
 220:Src/system/board.c ****         return SLOT_B_BASE;
 221:Src/system/board.c ****     } else {
 222:Src/system/board.c ****         // 未知地址，根据地址值智能判断
 223:Src/system/board.c ****         if (flash_start_address == 0x90000000) {
 638              		.loc 1 223 9 is_stmt 1 view .LVU224
 639              		.loc 1 223 12 is_stmt 0 view .LVU225
 640 0016 B3F1104F 		cmp	r3, #-1879048192
 641 001a 0DD0     		beq	.L25
 224:Src/system/board.c ****             APP_DBG("Detected Slot A by exact match (0x%08X)", flash_start_address);
 225:Src/system/board.c ****             return SLOT_A_BASE;
 226:Src/system/board.c ****         } else if (flash_start_address == 0x902B0000) {
 642              		.loc 1 226 16 is_stmt 1 view .LVU226
 643              		.loc 1 226 19 is_stmt 0 view .LVU227
 644 001c 0C4A     		ldr	r2, .L28+8
 645 001e 9342     		cmp	r3, r2
 646 0020 0DD0     		beq	.L26
 227:Src/system/board.c ****             APP_DBG("Detected Slot B by exact match (0x%08X)", flash_start_address);
 228:Src/system/board.c ****             return SLOT_B_BASE;
ARM GAS  C:\Users\nicx5\AppData\Local\Temp\ccT7H73f.s 			page 18


 229:Src/system/board.c ****         } else {
 230:Src/system/board.c ****             // 如果都不匹配，根据地址大小判断更可能的槽
 231:Src/system/board.c ****             if (flash_start_address < 0x90200000) {
 647              		.loc 1 231 13 is_stmt 1 view .LVU228
 648              		.loc 1 231 16 is_stmt 0 view .LVU229
 649 0022 0C4A     		ldr	r2, .L28+12
 650 0024 9342     		cmp	r3, r2
 651 0026 0CD8     		bhi	.L27
 232:Src/system/board.c ****                 APP_DBG("Flash address 0x%08X < 0x90200000, assuming Slot A", flash_start_address);
 233:Src/system/board.c ****                 return SLOT_A_BASE;
 652              		.loc 1 233 24 view .LVU230
 653 0028 4FF01040 		mov	r0, #-1879048192
 654 002c 7047     		bx	lr
 655              	.L23:
 216:Src/system/board.c ****     } else if (flash_start_address >= SLOT_B_BASE && flash_start_address <= SLOT_B_END) {
 656              		.loc 1 216 16 view .LVU231
 657 002e 4FF01040 		mov	r0, #-1879048192
 658 0032 7047     		bx	lr
 659              	.L24:
 220:Src/system/board.c ****     } else {
 660              		.loc 1 220 16 view .LVU232
 661 0034 0648     		ldr	r0, .L28+8
 662 0036 7047     		bx	lr
 663              	.L25:
 225:Src/system/board.c ****         } else if (flash_start_address == 0x902B0000) {
 664              		.loc 1 225 20 view .LVU233
 665 0038 4FF01040 		mov	r0, #-1879048192
 666 003c 7047     		bx	lr
 667              	.L26:
 228:Src/system/board.c ****         } else {
 668              		.loc 1 228 20 view .LVU234
 669 003e 0448     		ldr	r0, .L28+8
 670 0040 7047     		bx	lr
 671              	.L27:
 234:Src/system/board.c ****             } else {
 235:Src/system/board.c ****                 APP_DBG("Flash address 0x%08X >= 0x90200000, assuming Slot B", flash_start_address)
 236:Src/system/board.c ****                 return SLOT_B_BASE;
 672              		.loc 1 236 24 view .LVU235
 673 0042 0348     		ldr	r0, .L28+8
 237:Src/system/board.c ****             }
 238:Src/system/board.c ****         }
 239:Src/system/board.c ****     }
 240:Src/system/board.c **** }
 674              		.loc 1 240 1 view .LVU236
 675 0044 7047     		bx	lr
 676              	.L29:
 677 0046 00BF     		.align	2
 678              	.L28:
 679 0048 00000000 		.word	_flash_start
 680 004c 0000D56F 		.word	1876230144
 681 0050 00002B90 		.word	-1876230144
 682 0054 FFFF1F90 		.word	-1876951041
 683              		.cfi_endproc
 684              	.LFE341:
 686              		.global	UartHandle
 687              		.section	.bss.UartHandle,"aw",%nobits
 688              		.align	2
ARM GAS  C:\Users\nicx5\AppData\Local\Temp\ccT7H73f.s 			page 19


 691              	UartHandle:
 692 0000 00000000 		.space	148
 692      00000000 
 692      00000000 
 692      00000000 
 692      00000000 
 693              		.text
 694              	.Letext0:
 695              		.file 2 "D:/Program Files/msys64/mingw64/arm-none-eabi/include/machine/_default_types.h"
 696              		.file 3 "D:/Program Files/msys64/mingw64/arm-none-eabi/include/sys/_stdint.h"
 697              		.file 4 "Drivers/CMSIS/Device/ST/STM32H7xx/Include/stm32h750xx.h"
 698              		.file 5 "Drivers/STM32H7xx_HAL_Driver/Inc/stm32h7xx_hal_def.h"
 699              		.file 6 "Drivers/STM32H7xx_HAL_Driver/Inc/stm32h7xx_hal_rcc.h"
 700              		.file 7 "Drivers/STM32H7xx_HAL_Driver/Inc/stm32h7xx_hal_rcc_ex.h"
 701              		.file 8 "Drivers/STM32H7xx_HAL_Driver/Inc/stm32h7xx_hal_dma.h"
 702              		.file 9 "Drivers/STM32H7xx_HAL_Driver/Inc/stm32h7xx_hal_uart.h"
 703              		.file 10 "Inc/system/board_cfg.h"
 704              		.file 11 "Core/Inc/main.h"
 705              		.file 12 "Drivers/STM32H7xx_HAL_Driver/Inc/stm32h7xx_hal_pwr.h"
 706              		.file 13 "Drivers/STM32H7xx_HAL_Driver/Inc/stm32h7xx_hal_pwr_ex.h"
 707              		.file 14 "Drivers/CMSIS/Device/ST/STM32H7xx/Include/system_stm32h7xx.h"
 708              		.file 15 "Inc/leds/drivers/ws2812b/pwm-ws2812b.h"
 709              		.file 16 "Inc/input/drivers/adc/adc.h"
 710              		.file 17 "Core/Inc/bdma.h"
 711              		.file 18 "Core/Inc/tim.h"
 712              		.file 19 "Core/Inc/dma.h"
 713              		.file 20 "Inc/power/board_power.hpp"
 714              		.file 21 "Inc/config/drivers/qspi/qspi-w25q64.h"
 715              		.file 22 "<built-in>"
ARM GAS  C:\Users\nicx5\AppData\Local\Temp\ccT7H73f.s 			page 20


DEFINED SYMBOLS
                            *ABS*:00000000 board.c
C:\Users\nicx5\AppData\Local\Temp\ccT7H73f.s:20     .text.SystemClock_Config:00000000 $t
C:\Users\nicx5\AppData\Local\Temp\ccT7H73f.s:26     .text.SystemClock_Config:00000000 SystemClock_Config
C:\Users\nicx5\AppData\Local\Temp\ccT7H73f.s:268    .text.SystemClock_Config:00000114 $d
C:\Users\nicx5\AppData\Local\Temp\ccT7H73f.s:275    .text.PeriphCommonClock_Config:00000000 $t
C:\Users\nicx5\AppData\Local\Temp\ccT7H73f.s:281    .text.PeriphCommonClock_Config:00000000 PeriphCommonClock_Config
C:\Users\nicx5\AppData\Local\Temp\ccT7H73f.s:365    .text.PeriphCommonClock_Config:00000050 $d
C:\Users\nicx5\AppData\Local\Temp\ccT7H73f.s:370    .text.board_init:00000000 $t
C:\Users\nicx5\AppData\Local\Temp\ccT7H73f.s:376    .text.board_init:00000000 board_init
C:\Users\nicx5\AppData\Local\Temp\ccT7H73f.s:602    .text.board_init:00000128 $d
C:\Users\nicx5\AppData\Local\Temp\ccT7H73f.s:607    .text.get_current_slot_base_address:00000000 $t
C:\Users\nicx5\AppData\Local\Temp\ccT7H73f.s:613    .text.get_current_slot_base_address:00000000 get_current_slot_base_address
C:\Users\nicx5\AppData\Local\Temp\ccT7H73f.s:679    .text.get_current_slot_base_address:00000048 $d
C:\Users\nicx5\AppData\Local\Temp\ccT7H73f.s:691    .bss.UartHandle:00000000 UartHandle
C:\Users\nicx5\AppData\Local\Temp\ccT7H73f.s:688    .bss.UartHandle:00000000 $d

UNDEFINED SYMBOLS
memset
SystemCoreClockUpdate
HAL_PWREx_ConfigSupply
HAL_PWR_EnableBkUpAccess
HAL_RCC_OscConfig
HAL_RCC_ClockConfig
Error_Handler
HAL_RCCEx_PeriphCLKConfig
BoardPower_Initialize
QSPI_W25Qxx_Init
MX_DMA_Init
MX_TIM2_Init
MX_BDMA_Init
MX_ADC1_Init
MX_ADC2_Init
MX_ADC3_Init
WS2812B_Init
_flash_start
