ARM GAS  C:\Users\nicx5\AppData\Local\Temp\cc2tfHMd.s 			page 1


   1              		.cpu cortex-m7
   2              		.arch armv7e-m
   3              		.fpu fpv5-d16
   4              		.eabi_attribute 28, 1
   5              		.eabi_attribute 20, 1
   6              		.eabi_attribute 21, 1
   7              		.eabi_attribute 23, 3
   8              		.eabi_attribute 24, 1
   9              		.eabi_attribute 25, 1
  10              		.eabi_attribute 26, 1
  11              		.eabi_attribute 30, 1
  12              		.eabi_attribute 34, 1
  13              		.eabi_attribute 18, 4
  14              		.file	"device_security_boot_context.c"
  15              		.text
  16              	.Ltext0:
  17              		.cfi_sections	.debug_frame
  18              		.file 1 "../common/device_security_boot_context.c"
  19              		.section	.text.all_zero,"ax",%progbits
  20              		.align	1
  21              		.syntax unified
  22              		.thumb
  23              		.thumb_func
  25              	all_zero:
  26              	.LVL0:
  27              	.LFB0:
   1:../common/device_security_boot_context.c **** #include "device_security_boot_context.h"
   2:../common/device_security_boot_context.c **** 
   3:../common/device_security_boot_context.c **** #include <string.h>
   4:../common/device_security_boot_context.c **** 
   5:../common/device_security_boot_context.c **** static int all_zero(const uint8_t *value, size_t length)
   6:../common/device_security_boot_context.c **** {
  28              		.loc 1 6 1 view -0
  29              		.cfi_startproc
  30              		@ args = 0, pretend = 0, frame = 0
  31              		@ frame_needed = 0, uses_anonymous_args = 0
  32              		@ link register save eliminated.
   7:../common/device_security_boot_context.c ****     uint8_t combined = 0u;
  33              		.loc 1 7 5 view .LVU1
   8:../common/device_security_boot_context.c ****     size_t index;
  34              		.loc 1 8 5 view .LVU2
   9:../common/device_security_boot_context.c ****     for (index = 0u; index < length; ++index) {
  35              		.loc 1 9 5 view .LVU3
  36              		.loc 1 9 16 is_stmt 0 view .LVU4
  37 0000 0023     		movs	r3, #0
   7:../common/device_security_boot_context.c ****     uint8_t combined = 0u;
  38              		.loc 1 7 13 view .LVU5
  39 0002 1A46     		mov	r2, r3
  40              		.loc 1 9 5 view .LVU6
  41 0004 04E0     		b	.L2
  42              	.LVL1:
  43              	.L3:
  10:../common/device_security_boot_context.c ****         combined |= value[index];
  44              		.loc 1 10 9 is_stmt 1 view .LVU7
  45              		.loc 1 10 26 is_stmt 0 view .LVU8
  46 0006 10F803C0 		ldrb	ip, [r0, r3]	@ zero_extendqisi2
  47              		.loc 1 10 18 view .LVU9
ARM GAS  C:\Users\nicx5\AppData\Local\Temp\cc2tfHMd.s 			page 2


  48 000a 4CEA0202 		orr	r2, ip, r2
  49              	.LVL2:
   9:../common/device_security_boot_context.c ****     for (index = 0u; index < length; ++index) {
  50              		.loc 1 9 38 is_stmt 1 discriminator 3 view .LVU10
  51 000e 0133     		adds	r3, r3, #1
  52              	.LVL3:
  53              	.L2:
   9:../common/device_security_boot_context.c ****     for (index = 0u; index < length; ++index) {
  54              		.loc 1 9 28 discriminator 1 view .LVU11
  55 0010 8B42     		cmp	r3, r1
  56 0012 F8D3     		bcc	.L3
  11:../common/device_security_boot_context.c ****     }
  12:../common/device_security_boot_context.c ****     return combined == 0u;
  57              		.loc 1 12 5 view .LVU12
  13:../common/device_security_boot_context.c **** }
  58              		.loc 1 13 1 is_stmt 0 view .LVU13
  59 0014 B2FA82F0 		clz	r0, r2
  60              	.LVL4:
  61              		.loc 1 13 1 view .LVU14
  62 0018 4009     		lsrs	r0, r0, #5
  63 001a 7047     		bx	lr
  64              		.cfi_endproc
  65              	.LFE0:
  67              		.section	.text.contains_nul,"ax",%progbits
  68              		.align	1
  69              		.syntax unified
  70              		.thumb
  71              		.thumb_func
  73              	contains_nul:
  74              	.LVL5:
  75              	.LFB1:
  14:../common/device_security_boot_context.c **** 
  15:../common/device_security_boot_context.c **** static int contains_nul(const char *value, size_t length)
  16:../common/device_security_boot_context.c **** {
  76              		.loc 1 16 1 is_stmt 1 view -0
  77              		.cfi_startproc
  78              		@ args = 0, pretend = 0, frame = 0
  79              		@ frame_needed = 0, uses_anonymous_args = 0
  80              		@ link register save eliminated.
  17:../common/device_security_boot_context.c ****     size_t index;
  81              		.loc 1 17 5 view .LVU16
  18:../common/device_security_boot_context.c ****     for (index = 0u; index < length; ++index) {
  82              		.loc 1 18 5 view .LVU17
  83              		.loc 1 18 16 is_stmt 0 view .LVU18
  84 0000 0023     		movs	r3, #0
  85              		.loc 1 18 5 view .LVU19
  86 0002 00E0     		b	.L5
  87              	.LVL6:
  88              	.L10:
  89              		.loc 1 18 38 is_stmt 1 discriminator 2 view .LVU20
  90 0004 0133     		adds	r3, r3, #1
  91              	.LVL7:
  92              	.L5:
  93              		.loc 1 18 28 discriminator 1 view .LVU21
  94 0006 8B42     		cmp	r3, r1
  95 0008 04D2     		bcs	.L9
  19:../common/device_security_boot_context.c ****         if (value[index] == '\0') {
ARM GAS  C:\Users\nicx5\AppData\Local\Temp\cc2tfHMd.s 			page 3


  96              		.loc 1 19 9 view .LVU22
  97              		.loc 1 19 18 is_stmt 0 view .LVU23
  98 000a C25C     		ldrb	r2, [r0, r3]	@ zero_extendqisi2
  99              		.loc 1 19 12 view .LVU24
 100 000c 002A     		cmp	r2, #0
 101 000e F9D1     		bne	.L10
  20:../common/device_security_boot_context.c ****             return 1;
 102              		.loc 1 20 20 view .LVU25
 103 0010 0120     		movs	r0, #1
 104              	.LVL8:
  21:../common/device_security_boot_context.c ****         }
  22:../common/device_security_boot_context.c ****     }
  23:../common/device_security_boot_context.c ****     return 0;
  24:../common/device_security_boot_context.c **** }
 105              		.loc 1 24 1 view .LVU26
 106 0012 7047     		bx	lr
 107              	.LVL9:
 108              	.L9:
  23:../common/device_security_boot_context.c **** }
 109              		.loc 1 23 12 view .LVU27
 110 0014 0020     		movs	r0, #0
 111              	.LVL10:
  23:../common/device_security_boot_context.c **** }
 112              		.loc 1 23 12 view .LVU28
 113 0016 7047     		bx	lr
 114              		.cfi_endproc
 115              	.LFE1:
 117              		.section	.text.HBoxSecurity_Crc32Skipping,"ax",%progbits
 118              		.align	1
 119              		.global	HBoxSecurity_Crc32Skipping
 120              		.syntax unified
 121              		.thumb
 122              		.thumb_func
 124              	HBoxSecurity_Crc32Skipping:
 125              	.LVL11:
 126              	.LFB2:
  25:../common/device_security_boot_context.c **** 
  26:../common/device_security_boot_context.c **** uint32_t HBoxSecurity_Crc32Skipping(const uint8_t *data,
  27:../common/device_security_boot_context.c ****                                     size_t length,
  28:../common/device_security_boot_context.c ****                                     size_t skip_offset,
  29:../common/device_security_boot_context.c ****                                     size_t skip_size)
  30:../common/device_security_boot_context.c **** {
 127              		.loc 1 30 1 is_stmt 1 view -0
 128              		.cfi_startproc
 129              		@ args = 0, pretend = 0, frame = 0
 130              		@ frame_needed = 0, uses_anonymous_args = 0
 131              		.loc 1 30 1 is_stmt 0 view .LVU30
 132 0000 70B5     		push	{r4, r5, r6, lr}
 133              	.LCFI0:
 134              		.cfi_def_cfa_offset 16
 135              		.cfi_offset 4, -16
 136              		.cfi_offset 5, -12
 137              		.cfi_offset 6, -8
 138              		.cfi_offset 14, -4
  31:../common/device_security_boot_context.c ****     uint32_t crc = 0xFFFFFFFFu;
 139              		.loc 1 31 5 is_stmt 1 view .LVU31
 140              	.LVL12:
ARM GAS  C:\Users\nicx5\AppData\Local\Temp\cc2tfHMd.s 			page 4


  32:../common/device_security_boot_context.c ****     size_t index;
 141              		.loc 1 32 5 view .LVU32
  33:../common/device_security_boot_context.c ****     uint8_t bit;
 142              		.loc 1 33 5 view .LVU33
  34:../common/device_security_boot_context.c **** 
  35:../common/device_security_boot_context.c ****     if (data == NULL || skip_offset > length ||
 143              		.loc 1 35 5 view .LVU34
 144              		.loc 1 35 37 is_stmt 0 view .LVU35
 145 0002 8A42     		cmp	r2, r1
 146 0004 94BF     		ite	ls
 147 0006 0024     		movls	r4, #0
 148 0008 0124     		movhi	r4, #1
 149              		.loc 1 35 22 view .LVU36
 150 000a 0028     		cmp	r0, #0
 151 000c 08BF     		it	eq
 152 000e 44F00104 		orreq	r4, r4, #1
 153              		.loc 1 35 8 view .LVU37
 154 0012 2CBB     		cbnz	r4, .L19
 155 0014 0646     		mov	r6, r0
  36:../common/device_security_boot_context.c ****         skip_size > (length - skip_offset)) {
 156              		.loc 1 36 29 view .LVU38
 157 0016 881A     		subs	r0, r1, r2
 158              	.LVL13:
  35:../common/device_security_boot_context.c ****         skip_size > (length - skip_offset)) {
 159              		.loc 1 35 46 discriminator 1 view .LVU39
 160 0018 9842     		cmp	r0, r3
 161 001a 23D3     		bcc	.L20
  37:../common/device_security_boot_context.c ****         return 0u;
  38:../common/device_security_boot_context.c ****     }
  39:../common/device_security_boot_context.c **** 
  40:../common/device_security_boot_context.c ****     for (index = 0u; index < length; ++index) {
 162              		.loc 1 40 16 view .LVU40
 163 001c 0025     		movs	r5, #0
  31:../common/device_security_boot_context.c ****     size_t index;
 164              		.loc 1 31 14 view .LVU41
 165 001e 4FF0FF3E 		mov	lr, #-1
 166 0022 0DE0     		b	.L13
 167              	.LVL14:
 168              	.L17:
 169              	.LBB2:
  41:../common/device_security_boot_context.c ****         if (index >= skip_offset && index < (skip_offset + skip_size)) {
  42:../common/device_security_boot_context.c ****             continue;
  43:../common/device_security_boot_context.c ****         }
  44:../common/device_security_boot_context.c ****         crc ^= data[index];
  45:../common/device_security_boot_context.c ****         for (bit = 0u; bit < 8u; ++bit) {
  46:../common/device_security_boot_context.c ****             const uint32_t mask =
 170              		.loc 1 46 13 is_stmt 1 view .LVU42
  47:../common/device_security_boot_context.c ****                 (uint32_t)(-(int32_t)(crc & 1u));
 171              		.loc 1 47 28 is_stmt 0 view .LVU43
 172 0024 4EF30004 		sbfx	r4, lr, #0, #1
 173              	.LVL15:
  48:../common/device_security_boot_context.c ****             crc = (crc >> 1u) ^ (0xEDB88320u & mask);
 174              		.loc 1 48 13 is_stmt 1 view .LVU44
 175              		.loc 1 48 46 is_stmt 0 view .LVU45
 176 0028 0F48     		ldr	r0, .L23
 177 002a 2040     		ands	r0, r0, r4
 178              		.loc 1 48 17 view .LVU46
ARM GAS  C:\Users\nicx5\AppData\Local\Temp\cc2tfHMd.s 			page 5


 179 002c 80EA5E0E 		eor	lr, r0, lr, lsr #1
 180              	.LVL16:
 181              		.loc 1 48 17 view .LVU47
 182              	.LBE2:
  45:../common/device_security_boot_context.c ****             const uint32_t mask =
 183              		.loc 1 45 34 is_stmt 1 discriminator 3 view .LVU48
 184 0030 0CF1010C 		add	ip, ip, #1
 185              	.LVL17:
  45:../common/device_security_boot_context.c ****             const uint32_t mask =
 186              		.loc 1 45 34 is_stmt 0 discriminator 3 view .LVU49
 187 0034 5FFA8CFC 		uxtb	ip, ip
 188              	.LVL18:
 189              	.L16:
  45:../common/device_security_boot_context.c ****             const uint32_t mask =
 190              		.loc 1 45 28 is_stmt 1 discriminator 1 view .LVU50
 191 0038 BCF1070F 		cmp	ip, #7
 192 003c F2D9     		bls	.L17
 193              	.LVL19:
 194              	.L15:
  40:../common/device_security_boot_context.c ****         if (index >= skip_offset && index < (skip_offset + skip_size)) {
 195              		.loc 1 40 38 discriminator 2 view .LVU51
 196 003e 0135     		adds	r5, r5, #1
 197              	.LVL20:
 198              	.L13:
  40:../common/device_security_boot_context.c ****         if (index >= skip_offset && index < (skip_offset + skip_size)) {
 199              		.loc 1 40 28 discriminator 1 view .LVU52
 200 0040 8D42     		cmp	r5, r1
 201 0042 0AD2     		bcs	.L22
  41:../common/device_security_boot_context.c ****             continue;
 202              		.loc 1 41 9 view .LVU53
  41:../common/device_security_boot_context.c ****             continue;
 203              		.loc 1 41 12 is_stmt 0 view .LVU54
 204 0044 9542     		cmp	r5, r2
 205 0046 02D3     		bcc	.L14
  41:../common/device_security_boot_context.c ****             continue;
 206              		.loc 1 41 58 discriminator 1 view .LVU55
 207 0048 D018     		adds	r0, r2, r3
  41:../common/device_security_boot_context.c ****             continue;
 208              		.loc 1 41 34 discriminator 1 view .LVU56
 209 004a A842     		cmp	r0, r5
 210 004c F7D8     		bhi	.L15
 211              	.L14:
  44:../common/device_security_boot_context.c ****         for (bit = 0u; bit < 8u; ++bit) {
 212              		.loc 1 44 9 is_stmt 1 view .LVU57
  44:../common/device_security_boot_context.c ****         for (bit = 0u; bit < 8u; ++bit) {
 213              		.loc 1 44 20 is_stmt 0 view .LVU58
 214 004e 705D     		ldrb	r0, [r6, r5]	@ zero_extendqisi2
  44:../common/device_security_boot_context.c ****         for (bit = 0u; bit < 8u; ++bit) {
 215              		.loc 1 44 13 view .LVU59
 216 0050 8EEA000E 		eor	lr, lr, r0
 217              	.LVL21:
  45:../common/device_security_boot_context.c ****             const uint32_t mask =
 218              		.loc 1 45 9 is_stmt 1 view .LVU60
  45:../common/device_security_boot_context.c ****             const uint32_t mask =
 219              		.loc 1 45 18 is_stmt 0 view .LVU61
 220 0054 4FF0000C 		mov	ip, #0
  45:../common/device_security_boot_context.c ****             const uint32_t mask =
ARM GAS  C:\Users\nicx5\AppData\Local\Temp\cc2tfHMd.s 			page 6


 221              		.loc 1 45 9 view .LVU62
 222 0058 EEE7     		b	.L16
 223              	.LVL22:
 224              	.L22:
  49:../common/device_security_boot_context.c ****         }
  50:../common/device_security_boot_context.c ****     }
  51:../common/device_security_boot_context.c ****     return crc ^ 0xFFFFFFFFu;
 225              		.loc 1 51 5 is_stmt 1 view .LVU63
 226              		.loc 1 51 16 is_stmt 0 view .LVU64
 227 005a 6FEA0E00 		mvn	r0, lr
 228              	.LVL23:
 229              	.L11:
  52:../common/device_security_boot_context.c **** }
 230              		.loc 1 52 1 view .LVU65
 231 005e 70BD     		pop	{r4, r5, r6, pc}
 232              	.LVL24:
 233              	.L19:
  37:../common/device_security_boot_context.c ****     }
 234              		.loc 1 37 16 view .LVU66
 235 0060 0020     		movs	r0, #0
 236              	.LVL25:
  37:../common/device_security_boot_context.c ****     }
 237              		.loc 1 37 16 view .LVU67
 238 0062 FCE7     		b	.L11
 239              	.LVL26:
 240              	.L20:
  37:../common/device_security_boot_context.c ****     }
 241              		.loc 1 37 16 view .LVU68
 242 0064 0020     		movs	r0, #0
 243 0066 FAE7     		b	.L11
 244              	.L24:
 245              		.align	2
 246              	.L23:
 247 0068 2083B8ED 		.word	-306674912
 248              		.cfi_endproc
 249              	.LFE2:
 251              		.section	.text.HBoxSecurity_InvalidateBootContext,"ax",%progbits
 252              		.align	1
 253              		.global	HBoxSecurity_InvalidateBootContext
 254              		.syntax unified
 255              		.thumb
 256              		.thumb_func
 258              	HBoxSecurity_InvalidateBootContext:
 259              	.LFB3:
  53:../common/device_security_boot_context.c **** 
  54:../common/device_security_boot_context.c **** void HBoxSecurity_InvalidateBootContext(void)
  55:../common/device_security_boot_context.c **** {
 260              		.loc 1 55 1 is_stmt 1 view -0
 261              		.cfi_startproc
 262              		@ args = 0, pretend = 0, frame = 0
 263              		@ frame_needed = 0, uses_anonymous_args = 0
 264              		@ link register save eliminated.
  56:../common/device_security_boot_context.c ****     volatile uint8_t *context =
 265              		.loc 1 56 5 view .LVU70
 266              	.LVL27:
  57:../common/device_security_boot_context.c ****         (volatile uint8_t *)HBOX_BOOT_CONTEXT_ADDRESS;
  58:../common/device_security_boot_context.c ****     size_t index;
ARM GAS  C:\Users\nicx5\AppData\Local\Temp\cc2tfHMd.s 			page 7


 267              		.loc 1 58 5 view .LVU71
  59:../common/device_security_boot_context.c **** 
  60:../common/device_security_boot_context.c ****     /*
  61:../common/device_security_boot_context.c ****      * SRAM4 can survive some reset paths.  Clearing only magic/CRC would
  62:../common/device_security_boot_context.c ****      * invalidate parsing while leaving the previous boot private key in RAM.
  63:../common/device_security_boot_context.c ****      * Wipe the complete handoff before every attempt.
  64:../common/device_security_boot_context.c ****      */
  65:../common/device_security_boot_context.c ****     for (index = 0u;
 268              		.loc 1 65 5 view .LVU72
 269              		.loc 1 65 16 is_stmt 0 view .LVU73
 270 0000 0023     		movs	r3, #0
 271              		.loc 1 65 5 view .LVU74
 272 0002 03E0     		b	.L26
 273              	.LVL28:
 274              	.L27:
  66:../common/device_security_boot_context.c ****          index < sizeof(hbox_boot_security_context_v1_t);
  67:../common/device_security_boot_context.c ****          ++index) {
  68:../common/device_security_boot_context.c ****         context[index] = 0u;
 275              		.loc 1 68 9 is_stmt 1 view .LVU75
 276              		.loc 1 68 24 is_stmt 0 view .LVU76
 277 0004 034A     		ldr	r2, .L28
 278 0006 0021     		movs	r1, #0
 279 0008 9954     		strb	r1, [r3, r2]
  67:../common/device_security_boot_context.c ****         context[index] = 0u;
 280              		.loc 1 67 10 is_stmt 1 view .LVU77
 281 000a 0133     		adds	r3, r3, #1
 282              	.LVL29:
 283              	.L26:
  66:../common/device_security_boot_context.c ****          index < sizeof(hbox_boot_security_context_v1_t);
 284              		.loc 1 66 16 view .LVU78
 285 000c B3F5017F 		cmp	r3, #516
 286 0010 F8D3     		bcc	.L27
  69:../common/device_security_boot_context.c ****     }
  70:../common/device_security_boot_context.c **** }
 287              		.loc 1 70 1 is_stmt 0 view .LVU79
 288 0012 7047     		bx	lr
 289              	.L29:
 290              		.align	2
 291              	.L28:
 292 0014 00FC0038 		.word	939588608
 293              		.cfi_endproc
 294              	.LFE3:
 296              		.section	.text.HBoxSecurity_ValidateBootContext,"ax",%progbits
 297              		.align	1
 298              		.global	HBoxSecurity_ValidateBootContext
 299              		.syntax unified
 300              		.thumb
 301              		.thumb_func
 303              	HBoxSecurity_ValidateBootContext:
 304              	.LVL30:
 305              	.LFB4:
  71:../common/device_security_boot_context.c **** 
  72:../common/device_security_boot_context.c **** int HBoxSecurity_ValidateBootContext(
  73:../common/device_security_boot_context.c ****     const hbox_boot_security_context_v1_t *context)
  74:../common/device_security_boot_context.c **** {
 306              		.loc 1 74 1 is_stmt 1 view -0
 307              		.cfi_startproc
ARM GAS  C:\Users\nicx5\AppData\Local\Temp\cc2tfHMd.s 			page 8


 308              		@ args = 0, pretend = 0, frame = 0
 309              		@ frame_needed = 0, uses_anonymous_args = 0
 310              		.loc 1 74 1 is_stmt 0 view .LVU81
 311 0000 F8B5     		push	{r3, r4, r5, r6, r7, lr}
 312              	.LCFI1:
 313              		.cfi_def_cfa_offset 24
 314              		.cfi_offset 3, -24
 315              		.cfi_offset 4, -20
 316              		.cfi_offset 5, -16
 317              		.cfi_offset 6, -12
 318              		.cfi_offset 7, -8
 319              		.cfi_offset 14, -4
  75:../common/device_security_boot_context.c ****     uint32_t expected_crc;
 320              		.loc 1 75 5 is_stmt 1 view .LVU82
  76:../common/device_security_boot_context.c ****     uint8_t nonzero_private = 0u;
 321              		.loc 1 76 5 view .LVU83
 322              	.LVL31:
  77:../common/device_security_boot_context.c ****     size_t index;
 323              		.loc 1 77 5 view .LVU84
  78:../common/device_security_boot_context.c **** 
  79:../common/device_security_boot_context.c ****     if (context == NULL ||
 324              		.loc 1 79 5 view .LVU85
 325              		.loc 1 79 8 is_stmt 0 view .LVU86
 326 0002 0028     		cmp	r0, #0
 327 0004 00F0A180 		beq	.L34
 328 0008 0446     		mov	r4, r0
  80:../common/device_security_boot_context.c ****         sizeof(*context) > HBOX_BOOT_CONTEXT_MAX_BYTES ||
  81:../common/device_security_boot_context.c ****         context->magic_le != HBOX_BOOT_CONTEXT_MAGIC ||
 329              		.loc 1 81 16 view .LVU87
 330 000a 0268     		ldr	r2, [r0]	@ unaligned
  80:../common/device_security_boot_context.c ****         sizeof(*context) > HBOX_BOOT_CONTEXT_MAX_BYTES ||
 331              		.loc 1 80 56 view .LVU88
 332 000c 624B     		ldr	r3, .L54
 333 000e 9A42     		cmp	r2, r3
 334 0010 40F09D80 		bne	.L35
  82:../common/device_security_boot_context.c ****         context->version != HBOX_BOOT_CONTEXT_VERSION ||
 335              		.loc 1 82 16 view .LVU89
 336 0014 0379     		ldrb	r3, [r0, #4]	@ zero_extendqisi2
  81:../common/device_security_boot_context.c ****         context->version != HBOX_BOOT_CONTEXT_VERSION ||
 337              		.loc 1 81 54 view .LVU90
 338 0016 012B     		cmp	r3, #1
 339 0018 40F09C80 		bne	.L36
  83:../common/device_security_boot_context.c ****         context->reserved0 != 0u ||
 340              		.loc 1 83 16 view .LVU91
 341 001c 4579     		ldrb	r5, [r0, #5]	@ zero_extendqisi2
  82:../common/device_security_boot_context.c ****         context->version != HBOX_BOOT_CONTEXT_VERSION ||
 342              		.loc 1 82 55 view .LVU92
 343 001e 002D     		cmp	r5, #0
 344 0020 40F09A80 		bne	.L37
  84:../common/device_security_boot_context.c ****         context->total_bytes_le != sizeof(*context) ||
 345              		.loc 1 84 16 view .LVU93
 346 0024 C388     		ldrh	r3, [r0, #6]	@ unaligned
  83:../common/device_security_boot_context.c ****         context->reserved0 != 0u ||
 347              		.loc 1 83 34 view .LVU94
 348 0026 B3F5017F 		cmp	r3, #516
 349 002a 40F09780 		bne	.L38
  85:../common/device_security_boot_context.c ****         !all_zero(context->reserved, sizeof(context->reserved)) ||
ARM GAS  C:\Users\nicx5\AppData\Local\Temp\cc2tfHMd.s 			page 9


 350              		.loc 1 85 10 view .LVU95
 351 002e 0F21     		movs	r1, #15
 352 0030 00F2F510 		addw	r0, r0, #501
 353              	.LVL32:
 354              		.loc 1 85 10 view .LVU96
 355 0034 FFF7FEFF 		bl	all_zero
 356              	.LVL33:
  84:../common/device_security_boot_context.c ****         context->total_bytes_le != sizeof(*context) ||
 357              		.loc 1 84 53 view .LVU97
 358 0038 0646     		mov	r6, r0
 359 003a 0028     		cmp	r0, #0
 360 003c 00F08880 		beq	.L30
  86:../common/device_security_boot_context.c ****         !contains_nul(context->firmware_version,
 361              		.loc 1 86 10 view .LVU98
 362 0040 1021     		movs	r1, #16
 363 0042 04F2E510 		addw	r0, r4, #485
 364 0046 FFF7FEFF 		bl	contains_nul
 365              	.LVL34:
  85:../common/device_security_boot_context.c ****         !all_zero(context->reserved, sizeof(context->reserved)) ||
 366              		.loc 1 85 65 view .LVU99
 367 004a 0646     		mov	r6, r0
 368 004c 0028     		cmp	r0, #0
 369 004e 7FD0     		beq	.L30
  87:../common/device_security_boot_context.c ****                       sizeof(context->firmware_version))) {
  88:../common/device_security_boot_context.c ****         return 0;
  89:../common/device_security_boot_context.c ****     }
  90:../common/device_security_boot_context.c ****     for (index = 0u; index < sizeof(context->boot_private_key); ++index) {
 370              		.loc 1 90 16 view .LVU100
 371 0050 0023     		movs	r3, #0
 372 0052 03E0     		b	.L32
 373              	.LVL35:
 374              	.L33:
  91:../common/device_security_boot_context.c ****         nonzero_private |= context->boot_private_key[index];
 375              		.loc 1 91 9 is_stmt 1 view .LVU101
 376              		.loc 1 91 53 is_stmt 0 view .LVU102
 377 0054 E218     		adds	r2, r4, r3
 378 0056 127C     		ldrb	r2, [r2, #16]	@ zero_extendqisi2
 379              		.loc 1 91 25 view .LVU103
 380 0058 1543     		orrs	r5, r5, r2
 381              	.LVL36:
  90:../common/device_security_boot_context.c ****         nonzero_private |= context->boot_private_key[index];
 382              		.loc 1 90 65 is_stmt 1 discriminator 3 view .LVU104
 383 005a 0133     		adds	r3, r3, #1
 384              	.LVL37:
 385              	.L32:
  90:../common/device_security_boot_context.c ****         nonzero_private |= context->boot_private_key[index];
 386              		.loc 1 90 28 discriminator 1 view .LVU105
 387 005c 1F2B     		cmp	r3, #31
 388 005e F9D9     		bls	.L33
  92:../common/device_security_boot_context.c ****     }
  93:../common/device_security_boot_context.c ****     if (nonzero_private == 0u ||
 389              		.loc 1 93 5 view .LVU106
 390              		.loc 1 93 8 is_stmt 0 view .LVU107
 391 0060 002D     		cmp	r5, #0
 392 0062 7DD0     		beq	.L39
  94:../common/device_security_boot_context.c ****         context->device_certificate.magic_le !=
 393              		.loc 1 94 36 view .LVU108
ARM GAS  C:\Users\nicx5\AppData\Local\Temp\cc2tfHMd.s 			page 10


 394 0064 226B     		ldr	r2, [r4, #48]	@ unaligned
  93:../common/device_security_boot_context.c ****         context->device_certificate.magic_le !=
 395              		.loc 1 93 31 discriminator 1 view .LVU109
 396 0066 4D4B     		ldr	r3, .L54+4
 397              	.LVL38:
  93:../common/device_security_boot_context.c ****         context->device_certificate.magic_le !=
 398              		.loc 1 93 31 discriminator 1 view .LVU110
 399 0068 9A42     		cmp	r2, r3
 400 006a 7BD1     		bne	.L40
  95:../common/device_security_boot_context.c ****             HBOX_DEVICE_CERTIFICATE_MAGIC ||
  96:../common/device_security_boot_context.c ****         context->device_certificate.version !=
 401              		.loc 1 96 36 view .LVU111
 402 006c 94F83430 		ldrb	r3, [r4, #52]	@ zero_extendqisi2
  95:../common/device_security_boot_context.c ****             HBOX_DEVICE_CERTIFICATE_MAGIC ||
 403              		.loc 1 95 43 view .LVU112
 404 0070 012B     		cmp	r3, #1
 405 0072 79D1     		bne	.L41
  97:../common/device_security_boot_context.c ****             HBOX_SECURITY_PROTOCOL_VERSION ||
  98:../common/device_security_boot_context.c ****         context->device_certificate.auth_level <
 406              		.loc 1 98 36 view .LVU113
 407 0074 94F83530 		ldrb	r3, [r4, #53]	@ zero_extendqisi2
  97:../common/device_security_boot_context.c ****             HBOX_SECURITY_PROTOCOL_VERSION ||
 408              		.loc 1 97 44 view .LVU114
 409 0078 002B     		cmp	r3, #0
 410 007a 77D0     		beq	.L42
  99:../common/device_security_boot_context.c ****             HBOX_AUTH_LEVEL_MCU_PROTECTED ||
 411              		.loc 1 99 43 view .LVU115
 412 007c 032B     		cmp	r3, #3
 413 007e 77D8     		bhi	.L43
 100:../common/device_security_boot_context.c ****         context->device_certificate.auth_level >
 101:../common/device_security_boot_context.c ****             HBOX_AUTH_LEVEL_SECURE_ELEMENT ||
 102:../common/device_security_boot_context.c ****         context->device_certificate.signed_bytes_le !=
 414              		.loc 1 102 36 view .LVU116
 415 0080 E38E     		ldrh	r3, [r4, #54]	@ unaligned
 101:../common/device_security_boot_context.c ****         context->device_certificate.signed_bytes_le !=
 416              		.loc 1 101 44 view .LVU117
 417 0082 902B     		cmp	r3, #144
 418 0084 76D1     		bne	.L44
 103:../common/device_security_boot_context.c ****             HBOX_DEVICE_CERTIFICATE_SIGNED_BYTES ||
 104:../common/device_security_boot_context.c ****         context->device_certificate.device_public_key[0] != 0x04u ||
 419              		.loc 1 104 54 view .LVU118
 420 0086 94F86030 		ldrb	r3, [r4, #96]	@ zero_extendqisi2
 103:../common/device_security_boot_context.c ****             HBOX_DEVICE_CERTIFICATE_SIGNED_BYTES ||
 421              		.loc 1 103 50 view .LVU119
 422 008a 042B     		cmp	r3, #4
 423 008c 74D1     		bne	.L45
 105:../common/device_security_boot_context.c ****         all_zero(context->device_certificate.certificate_serial,
 424              		.loc 1 105 9 view .LVU120
 425 008e 1021     		movs	r1, #16
 426 0090 04F13800 		add	r0, r4, #56
 427 0094 FFF7FEFF 		bl	all_zero
 428              	.LVL39:
 104:../common/device_security_boot_context.c ****         all_zero(context->device_certificate.certificate_serial,
 429              		.loc 1 104 67 view .LVU121
 430 0098 0746     		mov	r7, r0
 431 009a 0028     		cmp	r0, #0
 432 009c 6ED1     		bne	.L46
ARM GAS  C:\Users\nicx5\AppData\Local\Temp\cc2tfHMd.s 			page 11


 106:../common/device_security_boot_context.c ****                  sizeof(context->device_certificate.certificate_serial)) ||
 107:../common/device_security_boot_context.c ****         all_zero(context->device_certificate.device_id,
 433              		.loc 1 107 45 view .LVU122
 434 009e 04F14805 		add	r5, r4, #72
 435              	.LVL40:
 436              		.loc 1 107 9 view .LVU123
 437 00a2 1021     		movs	r1, #16
 438 00a4 2846     		mov	r0, r5
 439 00a6 FFF7FEFF 		bl	all_zero
 440              	.LVL41:
 106:../common/device_security_boot_context.c ****                  sizeof(context->device_certificate.certificate_serial)) ||
 441              		.loc 1 106 74 view .LVU124
 442 00aa 0646     		mov	r6, r0
 443 00ac 0028     		cmp	r0, #0
 444 00ae 67D1     		bne	.L47
 108:../common/device_security_boot_context.c ****                  sizeof(context->device_certificate.device_id)) ||
 109:../common/device_security_boot_context.c ****         context->device_certificate.product_id_le != HBOX_PRODUCT_ID ||
 445              		.loc 1 109 36 view .LVU125
 446 00b0 D4F8B120 		ldr	r2, [r4, #177]	@ unaligned
 108:../common/device_security_boot_context.c ****                  sizeof(context->device_certificate.device_id)) ||
 447              		.loc 1 108 65 view .LVU126
 448 00b4 3A4B     		ldr	r3, .L54+8
 449 00b6 9A42     		cmp	r2, r3
 450 00b8 4AD1     		bne	.L30
 110:../common/device_security_boot_context.c ****         !all_zero(context->device_certificate.reserved,
 451              		.loc 1 110 10 view .LVU127
 452 00ba 0B21     		movs	r1, #11
 453 00bc 04F1B500 		add	r0, r4, #181
 454 00c0 FFF7FEFF 		bl	all_zero
 455              	.LVL42:
 109:../common/device_security_boot_context.c ****         !all_zero(context->device_certificate.reserved,
 456              		.loc 1 109 70 view .LVU128
 457 00c4 0028     		cmp	r0, #0
 458 00c6 5DD0     		beq	.L48
 111:../common/device_security_boot_context.c ****                   sizeof(context->device_certificate.reserved)) ||
 112:../common/device_security_boot_context.c ****         context->boot_attestation.magic_le !=
 459              		.loc 1 112 34 view .LVU129
 460 00c8 D4F80021 		ldr	r2, [r4, #256]	@ unaligned
 111:../common/device_security_boot_context.c ****                   sizeof(context->device_certificate.reserved)) ||
 461              		.loc 1 111 65 view .LVU130
 462 00cc 354B     		ldr	r3, .L54+12
 463 00ce 9A42     		cmp	r2, r3
 464 00d0 3ED1     		bne	.L30
 113:../common/device_security_boot_context.c ****             HBOX_BOOT_ATTESTATION_MAGIC ||
 114:../common/device_security_boot_context.c ****         context->boot_attestation.version !=
 465              		.loc 1 114 34 view .LVU131
 466 00d2 94F80431 		ldrb	r3, [r4, #260]	@ zero_extendqisi2
 113:../common/device_security_boot_context.c ****             HBOX_BOOT_ATTESTATION_MAGIC ||
 467              		.loc 1 113 41 view .LVU132
 468 00d6 012B     		cmp	r3, #1
 469 00d8 3AD1     		bne	.L30
 115:../common/device_security_boot_context.c ****             HBOX_SECURITY_PROTOCOL_VERSION ||
 116:../common/device_security_boot_context.c ****         !all_zero(context->boot_attestation.reserved0,
 470              		.loc 1 116 10 view .LVU133
 471 00da 0321     		movs	r1, #3
 472 00dc 04F20510 		addw	r0, r4, #261
 473 00e0 FFF7FEFF 		bl	all_zero
ARM GAS  C:\Users\nicx5\AppData\Local\Temp\cc2tfHMd.s 			page 12


 474              	.LVL43:
 115:../common/device_security_boot_context.c ****             HBOX_SECURITY_PROTOCOL_VERSION ||
 475              		.loc 1 115 44 view .LVU134
 476 00e4 0028     		cmp	r0, #0
 477 00e6 4FD0     		beq	.L49
 117:../common/device_security_boot_context.c ****                   sizeof(context->boot_attestation.reserved0)) ||
 118:../common/device_security_boot_context.c ****         context->boot_attestation.signed_bytes_le !=
 478              		.loc 1 118 34 view .LVU135
 479 00e8 B4F80831 		ldrh	r3, [r4, #264]	@ unaligned
 117:../common/device_security_boot_context.c ****                   sizeof(context->boot_attestation.reserved0)) ||
 480              		.loc 1 117 64 view .LVU136
 481 00ec A52B     		cmp	r3, #165
 482 00ee 2FD1     		bne	.L30
 119:../common/device_security_boot_context.c ****             HBOX_BOOT_ATTESTATION_SIGNED_BYTES ||
 120:../common/device_security_boot_context.c ****         context->boot_attestation.reserved1 != 0u ||
 483              		.loc 1 120 34 view .LVU137
 484 00f0 B4F80A31 		ldrh	r3, [r4, #266]	@ unaligned
 119:../common/device_security_boot_context.c ****             HBOX_BOOT_ATTESTATION_SIGNED_BYTES ||
 485              		.loc 1 119 48 view .LVU138
 486 00f4 63BB     		cbnz	r3, .L30
 121:../common/device_security_boot_context.c ****         context->boot_attestation.boot_public_key[0] != 0x04u ||
 487              		.loc 1 121 50 view .LVU139
 488 00f6 94F83C31 		ldrb	r3, [r4, #316]	@ zero_extendqisi2
 120:../common/device_security_boot_context.c ****         context->boot_attestation.boot_public_key[0] != 0x04u ||
 489              		.loc 1 120 51 view .LVU140
 490 00fa 042B     		cmp	r3, #4
 491 00fc 28D1     		bne	.L30
 122:../common/device_security_boot_context.c ****         all_zero(context->boot_attestation.boot_nonce,
 492              		.loc 1 122 9 view .LVU141
 493 00fe 2021     		movs	r1, #32
 494 0100 04F58E70 		add	r0, r4, #284
 495 0104 FFF7FEFF 		bl	all_zero
 496              	.LVL44:
 121:../common/device_security_boot_context.c ****         context->boot_attestation.boot_public_key[0] != 0x04u ||
 497              		.loc 1 121 63 view .LVU142
 498 0108 0746     		mov	r7, r0
 499 010a 08BB     		cbnz	r0, .L30
 123:../common/device_security_boot_context.c ****                  sizeof(context->boot_attestation.boot_nonce)) ||
 124:../common/device_security_boot_context.c ****         all_zero(context->boot_attestation.firmware_hash,
 500              		.loc 1 124 9 view .LVU143
 501 010c 2021     		movs	r1, #32
 502 010e 04F27D10 		addw	r0, r4, #381
 503 0112 FFF7FEFF 		bl	all_zero
 504              	.LVL45:
 123:../common/device_security_boot_context.c ****                  sizeof(context->boot_attestation.boot_nonce)) ||
 505              		.loc 1 123 64 view .LVU144
 506 0116 0646     		mov	r6, r0
 507 0118 C0BB     		cbnz	r0, .L50
 125:../common/device_security_boot_context.c ****                  sizeof(context->boot_attestation.firmware_hash)) ||
 126:../common/device_security_boot_context.c ****         context->boot_attestation.security_version_le == 0u ||
 508              		.loc 1 126 34 view .LVU145
 509 011a D4F89D31 		ldr	r3, [r4, #413]	@ unaligned
 125:../common/device_security_boot_context.c ****                  sizeof(context->boot_attestation.firmware_hash)) ||
 510              		.loc 1 125 67 view .LVU146
 511 011e BBB1     		cbz	r3, .L30
 127:../common/device_security_boot_context.c ****         memcmp(context->device_certificate.device_id,
 512              		.loc 1 127 9 view .LVU147
ARM GAS  C:\Users\nicx5\AppData\Local\Temp\cc2tfHMd.s 			page 13


 513 0120 1022     		movs	r2, #16
 514 0122 04F58671 		add	r1, r4, #268
 515 0126 2846     		mov	r0, r5
 516 0128 FFF7FEFF 		bl	memcmp
 517              	.LVL46:
 126:../common/device_security_boot_context.c ****         memcmp(context->device_certificate.device_id,
 518              		.loc 1 126 61 view .LVU148
 519 012c 0546     		mov	r5, r0
 520 012e 78B9     		cbnz	r0, .L30
 128:../common/device_security_boot_context.c ****                context->boot_attestation.device_id,
 129:../common/device_security_boot_context.c ****                HBOX_SECURITY_DEVICE_ID_BYTES) != 0) {
 130:../common/device_security_boot_context.c ****         return 0;
 131:../common/device_security_boot_context.c ****     }
 132:../common/device_security_boot_context.c ****     expected_crc = HBoxSecurity_Crc32Skipping(
 521              		.loc 1 132 5 is_stmt 1 view .LVU149
 522              		.loc 1 132 20 is_stmt 0 view .LVU150
 523 0130 0423     		movs	r3, #4
 524 0132 0822     		movs	r2, #8
 525 0134 4FF40171 		mov	r1, #516
 526 0138 2046     		mov	r0, r4
 527 013a FFF7FEFF 		bl	HBoxSecurity_Crc32Skipping
 528              	.LVL47:
 133:../common/device_security_boot_context.c ****         (const uint8_t *)context,
 134:../common/device_security_boot_context.c ****         sizeof(*context),
 135:../common/device_security_boot_context.c ****         HBOX_BOOT_CONTEXT_CRC_OFFSET,
 136:../common/device_security_boot_context.c ****         sizeof(context->crc32_le));
 137:../common/device_security_boot_context.c ****     return expected_crc != 0u && expected_crc == context->crc32_le;
 529              		.loc 1 137 5 is_stmt 1 view .LVU151
 530              		.loc 1 137 31 is_stmt 0 view .LVU152
 531 013e 38B3     		cbz	r0, .L51
 532              		.loc 1 137 57 discriminator 1 view .LVU153
 533 0140 A268     		ldr	r2, [r4, #8]	@ unaligned
 534              		.loc 1 137 31 discriminator 1 view .LVU154
 535 0142 8242     		cmp	r2, r0
 536 0144 26D0     		beq	.L52
 537              		.loc 1 137 31 discriminator 4 view .LVU155
 538 0146 2E46     		mov	r6, r5
 539 0148 02E0     		b	.L30
 540              	.LVL48:
 541              	.L34:
  88:../common/device_security_boot_context.c ****     }
 542              		.loc 1 88 16 view .LVU156
 543 014a 0026     		movs	r6, #0
 544 014c 00E0     		b	.L30
 545              	.L35:
  88:../common/device_security_boot_context.c ****     }
 546              		.loc 1 88 16 view .LVU157
 547 014e 0026     		movs	r6, #0
 548              	.LVL49:
 549              	.L30:
 138:../common/device_security_boot_context.c **** }
 550              		.loc 1 138 1 view .LVU158
 551 0150 3046     		mov	r0, r6
 552 0152 F8BD     		pop	{r3, r4, r5, r6, r7, pc}
 553              	.LVL50:
 554              	.L36:
  88:../common/device_security_boot_context.c ****     }
ARM GAS  C:\Users\nicx5\AppData\Local\Temp\cc2tfHMd.s 			page 14


 555              		.loc 1 88 16 view .LVU159
 556 0154 0026     		movs	r6, #0
 557 0156 FBE7     		b	.L30
 558              	.L37:
 559 0158 0026     		movs	r6, #0
 560 015a F9E7     		b	.L30
 561              	.L38:
 562 015c 0026     		movs	r6, #0
 563 015e F7E7     		b	.L30
 564              	.LVL51:
 565              	.L39:
 130:../common/device_security_boot_context.c ****     }
 566              		.loc 1 130 16 view .LVU160
 567 0160 0026     		movs	r6, #0
 568 0162 F5E7     		b	.L30
 569              	.LVL52:
 570              	.L40:
 130:../common/device_security_boot_context.c ****     }
 571              		.loc 1 130 16 view .LVU161
 572 0164 0026     		movs	r6, #0
 573 0166 F3E7     		b	.L30
 574              	.L41:
 575 0168 0026     		movs	r6, #0
 576 016a F1E7     		b	.L30
 577              	.L42:
 578 016c 0026     		movs	r6, #0
 579 016e EFE7     		b	.L30
 580              	.L43:
 581 0170 0026     		movs	r6, #0
 582 0172 EDE7     		b	.L30
 583              	.L44:
 584 0174 0026     		movs	r6, #0
 585 0176 EBE7     		b	.L30
 586              	.L45:
 587 0178 0026     		movs	r6, #0
 588 017a E9E7     		b	.L30
 589              	.L46:
 590 017c 0026     		movs	r6, #0
 591 017e E7E7     		b	.L30
 592              	.LVL53:
 593              	.L47:
 130:../common/device_security_boot_context.c ****     }
 594              		.loc 1 130 16 view .LVU162
 595 0180 3E46     		mov	r6, r7
 596 0182 E5E7     		b	.L30
 597              	.L48:
 598 0184 0646     		mov	r6, r0
 599 0186 E3E7     		b	.L30
 600              	.L49:
 601 0188 0646     		mov	r6, r0
 602 018a E1E7     		b	.L30
 603              	.L50:
 604 018c 3E46     		mov	r6, r7
 605 018e DFE7     		b	.L30
 606              	.LVL54:
 607              	.L51:
 137:../common/device_security_boot_context.c **** }
ARM GAS  C:\Users\nicx5\AppData\Local\Temp\cc2tfHMd.s 			page 15


 608              		.loc 1 137 31 discriminator 4 view .LVU163
 609 0190 2E46     		mov	r6, r5
 610 0192 DDE7     		b	.L30
 611              	.L52:
 137:../common/device_security_boot_context.c **** }
 612              		.loc 1 137 31 discriminator 3 view .LVU164
 613 0194 0126     		movs	r6, #1
 614 0196 DBE7     		b	.L30
 615              	.L55:
 616              		.align	2
 617              	.L54:
 618 0198 48424331 		.word	826491464
 619 019c 48444331 		.word	826491976
 620 01a0 48424F58 		.word	1481589320
 621 01a4 48424131 		.word	826360392
 622              		.cfi_endproc
 623              	.LFE4:
 625              		.text
 626              	.Letext0:
 627              		.file 2 "D:/Program Files/msys64/mingw64/lib/gcc/arm-none-eabi/13.3.0/include/stddef.h"
 628              		.file 3 "D:/Program Files/msys64/mingw64/arm-none-eabi/include/machine/_default_types.h"
 629              		.file 4 "D:/Program Files/msys64/mingw64/arm-none-eabi/include/sys/_stdint.h"
 630              		.file 5 "../common/device_security_protocol.h"
 631              		.file 6 "../common/device_security_boot_context.h"
 632              		.file 7 "D:/Program Files/msys64/mingw64/arm-none-eabi/include/string.h"
ARM GAS  C:\Users\nicx5\AppData\Local\Temp\cc2tfHMd.s 			page 16


DEFINED SYMBOLS
                            *ABS*:00000000 device_security_boot_context.c
C:\Users\nicx5\AppData\Local\Temp\cc2tfHMd.s:20     .text.all_zero:00000000 $t
C:\Users\nicx5\AppData\Local\Temp\cc2tfHMd.s:25     .text.all_zero:00000000 all_zero
C:\Users\nicx5\AppData\Local\Temp\cc2tfHMd.s:68     .text.contains_nul:00000000 $t
C:\Users\nicx5\AppData\Local\Temp\cc2tfHMd.s:73     .text.contains_nul:00000000 contains_nul
C:\Users\nicx5\AppData\Local\Temp\cc2tfHMd.s:118    .text.HBoxSecurity_Crc32Skipping:00000000 $t
C:\Users\nicx5\AppData\Local\Temp\cc2tfHMd.s:124    .text.HBoxSecurity_Crc32Skipping:00000000 HBoxSecurity_Crc32Skipping
C:\Users\nicx5\AppData\Local\Temp\cc2tfHMd.s:247    .text.HBoxSecurity_Crc32Skipping:00000068 $d
C:\Users\nicx5\AppData\Local\Temp\cc2tfHMd.s:252    .text.HBoxSecurity_InvalidateBootContext:00000000 $t
C:\Users\nicx5\AppData\Local\Temp\cc2tfHMd.s:258    .text.HBoxSecurity_InvalidateBootContext:00000000 HBoxSecurity_InvalidateBootContext
C:\Users\nicx5\AppData\Local\Temp\cc2tfHMd.s:292    .text.HBoxSecurity_InvalidateBootContext:00000014 $d
C:\Users\nicx5\AppData\Local\Temp\cc2tfHMd.s:297    .text.HBoxSecurity_ValidateBootContext:00000000 $t
C:\Users\nicx5\AppData\Local\Temp\cc2tfHMd.s:303    .text.HBoxSecurity_ValidateBootContext:00000000 HBoxSecurity_ValidateBootContext
C:\Users\nicx5\AppData\Local\Temp\cc2tfHMd.s:618    .text.HBoxSecurity_ValidateBootContext:00000198 $d

UNDEFINED SYMBOLS
memcmp
