ARM GAS  C:\Users\nicx5\AppData\Local\Temp\ccxEoP9c.s 			page 1


   1              		.cpu cortex-m7
   2              		.arch armv7e-m
   3              		.fpu fpv5-d16
   4              		.eabi_attribute 28, 1
   5              		.eabi_attribute 20, 1
   6              		.eabi_attribute 21, 1
   7              		.eabi_attribute 23, 3
   8              		.eabi_attribute 24, 1
   9              		.eabi_attribute 25, 1
  10              		.eabi_attribute 26, 1
  11              		.eabi_attribute 30, 1
  12              		.eabi_attribute 34, 1
  13              		.eabi_attribute 18, 4
  14              		.file	"gpio-btn.c"
  15              		.text
  16              	.Ltext0:
  17              		.cfi_sections	.debug_frame
  18              		.file 1 "Src/input/drivers/gpio/gpio-btn.c"
  19              		.section	.text.GPIO_Btns_Init,"ax",%progbits
  20              		.align	1
  21              		.global	GPIO_Btns_Init
  22              		.syntax unified
  23              		.thumb
  24              		.thumb_func
  26              	GPIO_Btns_Init:
  27              	.LFB338:
   1:Src/input/drivers/gpio/gpio-btn.c **** #include "gpio-btn.h"
   2:Src/input/drivers/gpio/gpio-btn.c **** 
   3:Src/input/drivers/gpio/gpio-btn.c **** 
   4:Src/input/drivers/gpio/gpio-btn.c **** 
   5:Src/input/drivers/gpio/gpio-btn.c **** 
   6:Src/input/drivers/gpio/gpio-btn.c **** void GPIO_Btns_Init()
   7:Src/input/drivers/gpio/gpio-btn.c **** {
  28              		.loc 1 7 1 view -0
  29              		.cfi_startproc
  30              		@ args = 0, pretend = 0, frame = 24
  31              		@ frame_needed = 0, uses_anonymous_args = 0
  32 0000 10B5     		push	{r4, lr}
  33              	.LCFI0:
  34              		.cfi_def_cfa_offset 8
  35              		.cfi_offset 4, -8
  36              		.cfi_offset 14, -4
  37 0002 86B0     		sub	sp, sp, #24
  38              	.LCFI1:
  39              		.cfi_def_cfa_offset 32
   8:Src/input/drivers/gpio/gpio-btn.c ****     // 时钟已在gpio.c种使能
   9:Src/input/drivers/gpio/gpio-btn.c ****     GPIO_InitTypeDef GPIO_Init;
  40              		.loc 1 9 5 view .LVU1
  10:Src/input/drivers/gpio/gpio-btn.c **** 
  11:Src/input/drivers/gpio/gpio-btn.c ****     GPIO_Init.Mode = GPIO_MODE_INPUT;
  41              		.loc 1 11 5 view .LVU2
  42              		.loc 1 11 20 is_stmt 0 view .LVU3
  43 0004 0024     		movs	r4, #0
  44 0006 0294     		str	r4, [sp, #8]
  12:Src/input/drivers/gpio/gpio-btn.c ****     GPIO_Init.Pull = GPIO_PULLUP;
  45              		.loc 1 12 5 is_stmt 1 view .LVU4
  46              		.loc 1 12 20 is_stmt 0 view .LVU5
ARM GAS  C:\Users\nicx5\AppData\Local\Temp\ccxEoP9c.s 			page 2


  47 0008 0123     		movs	r3, #1
  48 000a 0393     		str	r3, [sp, #12]
  13:Src/input/drivers/gpio/gpio-btn.c ****     GPIO_Init.Speed = GPIO_SPEED_FREQ_VERY_HIGH;
  49              		.loc 1 13 5 is_stmt 1 view .LVU6
  50              		.loc 1 13 21 is_stmt 0 view .LVU7
  51 000c 0323     		movs	r3, #3
  52 000e 0493     		str	r3, [sp, #16]
  14:Src/input/drivers/gpio/gpio-btn.c **** 
  15:Src/input/drivers/gpio/gpio-btn.c ****     for(uint8_t i = 0; i < NUM_GPIO_BUTTONS; i++) {
  53              		.loc 1 15 5 is_stmt 1 view .LVU8
  54              	.LBB2:
  55              		.loc 1 15 9 view .LVU9
  56              	.LVL0:
  57              		.loc 1 15 5 is_stmt 0 view .LVU10
  58 0010 0BE0     		b	.L2
  59              	.LVL1:
  60              	.L3:
  16:Src/input/drivers/gpio/gpio-btn.c ****         GPIO_Init.Pin = gpio_btns_mapping[i].pin;
  61              		.loc 1 16 9 is_stmt 1 view .LVU11
  62              		.loc 1 16 45 is_stmt 0 view .LVU12
  63 0012 084B     		ldr	r3, .L5
  64 0014 03EBC402 		add	r2, r3, r4, lsl #3
  65 0018 9288     		ldrh	r2, [r2, #4]
  66              		.loc 1 16 23 view .LVU13
  67 001a 0192     		str	r2, [sp, #4]
  17:Src/input/drivers/gpio/gpio-btn.c ****         HAL_GPIO_Init(gpio_btns_mapping[i].port, &GPIO_Init);
  68              		.loc 1 17 9 is_stmt 1 view .LVU14
  69 001c 01A9     		add	r1, sp, #4
  70 001e 53F83400 		ldr	r0, [r3, r4, lsl #3]
  71 0022 FFF7FEFF 		bl	HAL_GPIO_Init
  72              	.LVL2:
  15:Src/input/drivers/gpio/gpio-btn.c ****         GPIO_Init.Pin = gpio_btns_mapping[i].pin;
  73              		.loc 1 15 47 discriminator 3 view .LVU15
  74 0026 0134     		adds	r4, r4, #1
  75              	.LVL3:
  15:Src/input/drivers/gpio/gpio-btn.c ****         GPIO_Init.Pin = gpio_btns_mapping[i].pin;
  76              		.loc 1 15 47 is_stmt 0 discriminator 3 view .LVU16
  77 0028 E4B2     		uxtb	r4, r4
  78              	.LVL4:
  79              	.L2:
  15:Src/input/drivers/gpio/gpio-btn.c ****         GPIO_Init.Pin = gpio_btns_mapping[i].pin;
  80              		.loc 1 15 26 is_stmt 1 discriminator 1 view .LVU17
  81 002a 032C     		cmp	r4, #3
  82 002c F1D9     		bls	.L3
  83              	.LBE2:
  18:Src/input/drivers/gpio/gpio-btn.c ****     }
  19:Src/input/drivers/gpio/gpio-btn.c **** }
  84              		.loc 1 19 1 is_stmt 0 view .LVU18
  85 002e 06B0     		add	sp, sp, #24
  86              	.LCFI2:
  87              		.cfi_def_cfa_offset 8
  88              		@ sp needed
  89 0030 10BD     		pop	{r4, pc}
  90              	.LVL5:
  91              	.L6:
  92              		.loc 1 19 1 view .LVU19
  93 0032 00BF     		.align	2
ARM GAS  C:\Users\nicx5\AppData\Local\Temp\ccxEoP9c.s 			page 3


  94              	.L5:
  95 0034 00000000 		.word	gpio_btns_mapping
  96              		.cfi_endproc
  97              	.LFE338:
  99              		.section	.text.GPIO_Btns_Iterate,"ax",%progbits
 100              		.align	1
 101              		.global	GPIO_Btns_Iterate
 102              		.syntax unified
 103              		.thumb
 104              		.thumb_func
 106              	GPIO_Btns_Iterate:
 107              	.LVL6:
 108              	.LFB339:
  20:Src/input/drivers/gpio/gpio-btn.c **** 
  21:Src/input/drivers/gpio/gpio-btn.c **** void GPIO_Btns_Iterate( void (*callback)(uint8_t virtualPin, bool isPressed, uint8_t idx) ) {
 109              		.loc 1 21 93 is_stmt 1 view -0
 110              		.cfi_startproc
 111              		@ args = 0, pretend = 0, frame = 0
 112              		@ frame_needed = 0, uses_anonymous_args = 0
 113              		.loc 1 21 93 is_stmt 0 view .LVU21
 114 0000 70B5     		push	{r4, r5, r6, lr}
 115              	.LCFI3:
 116              		.cfi_def_cfa_offset 16
 117              		.cfi_offset 4, -16
 118              		.cfi_offset 5, -12
 119              		.cfi_offset 6, -8
 120              		.cfi_offset 14, -4
 121 0002 0646     		mov	r6, r0
  22:Src/input/drivers/gpio/gpio-btn.c ****     for(uint8_t i = 0; i < NUM_GPIO_BUTTONS; i++) {
 122              		.loc 1 22 5 is_stmt 1 view .LVU22
 123              	.LBB3:
 124              		.loc 1 22 9 view .LVU23
 125              	.LVL7:
 126              		.loc 1 22 17 is_stmt 0 view .LVU24
 127 0004 0024     		movs	r4, #0
 128              		.loc 1 22 5 view .LVU25
 129 0006 10E0     		b	.L8
 130              	.LVL8:
 131              	.L9:
  23:Src/input/drivers/gpio/gpio-btn.c ****         callback(gpio_btns_mapping[i].virtualPin, 
 132              		.loc 1 23 9 is_stmt 1 view .LVU26
 133              		.loc 1 23 38 is_stmt 0 view .LVU27
 134 0008 094B     		ldr	r3, .L11
 135 000a 03EBC402 		add	r2, r3, r4, lsl #3
 136 000e 9579     		ldrb	r5, [r2, #6]	@ zero_extendqisi2
  24:Src/input/drivers/gpio/gpio-btn.c ****                 HAL_GPIO_ReadPin(gpio_btns_mapping[i].port, gpio_btns_mapping[i].pin) == GPIO_PIN_R
 137              		.loc 1 24 17 view .LVU28
 138 0010 9188     		ldrh	r1, [r2, #4]
 139 0012 53F83400 		ldr	r0, [r3, r4, lsl #3]
 140 0016 FFF7FEFF 		bl	HAL_GPIO_ReadPin
 141              	.LVL9:
  23:Src/input/drivers/gpio/gpio-btn.c ****         callback(gpio_btns_mapping[i].virtualPin, 
 142              		.loc 1 23 9 view .LVU29
 143 001a 2246     		mov	r2, r4
 144 001c B0FA80F1 		clz	r1, r0
 145 0020 4909     		lsrs	r1, r1, #5
 146 0022 2846     		mov	r0, r5
ARM GAS  C:\Users\nicx5\AppData\Local\Temp\ccxEoP9c.s 			page 4


 147 0024 B047     		blx	r6
 148              	.LVL10:
  22:Src/input/drivers/gpio/gpio-btn.c ****     for(uint8_t i = 0; i < NUM_GPIO_BUTTONS; i++) {
 149              		.loc 1 22 47 is_stmt 1 discriminator 3 view .LVU30
 150 0026 0134     		adds	r4, r4, #1
 151              	.LVL11:
  22:Src/input/drivers/gpio/gpio-btn.c ****     for(uint8_t i = 0; i < NUM_GPIO_BUTTONS; i++) {
 152              		.loc 1 22 47 is_stmt 0 discriminator 3 view .LVU31
 153 0028 E4B2     		uxtb	r4, r4
 154              	.LVL12:
 155              	.L8:
  22:Src/input/drivers/gpio/gpio-btn.c ****     for(uint8_t i = 0; i < NUM_GPIO_BUTTONS; i++) {
 156              		.loc 1 22 26 is_stmt 1 discriminator 1 view .LVU32
 157 002a 032C     		cmp	r4, #3
 158 002c ECD9     		bls	.L9
 159              	.LBE3:
  25:Src/input/drivers/gpio/gpio-btn.c ****                 i);
  26:Src/input/drivers/gpio/gpio-btn.c ****     }
  27:Src/input/drivers/gpio/gpio-btn.c **** }
 160              		.loc 1 27 1 is_stmt 0 view .LVU33
 161 002e 70BD     		pop	{r4, r5, r6, pc}
 162              	.LVL13:
 163              	.L12:
 164              		.loc 1 27 1 view .LVU34
 165              		.align	2
 166              	.L11:
 167 0030 00000000 		.word	gpio_btns_mapping
 168              		.cfi_endproc
 169              	.LFE339:
 171              		.global	gpio_btns_mapping
 172              		.section	.rodata.gpio_btns_mapping,"a"
 173              		.align	2
 176              	gpio_btns_mapping:
 177 0000 00080258 		.word	1476528128
 178 0004 4000     		.short	64
 179 0006 12       		.byte	18
 180 0007 00       		.space	1
 181 0008 00080258 		.word	1476528128
 182 000c 8000     		.short	128
 183 000e 13       		.byte	19
 184 000f 00       		.space	1
 185 0010 00080258 		.word	1476528128
 186 0014 0001     		.short	256
 187 0016 14       		.byte	20
 188 0017 00       		.space	1
 189 0018 00080258 		.word	1476528128
 190 001c 0002     		.short	512
 191 001e 15       		.byte	21
 192 001f 00       		.space	1
 193              		.text
 194              	.Letext0:
 195              		.file 2 "D:/Program Files/msys64/mingw64/arm-none-eabi/include/machine/_default_types.h"
 196              		.file 3 "D:/Program Files/msys64/mingw64/arm-none-eabi/include/sys/_stdint.h"
 197              		.file 4 "Drivers/CMSIS/Device/ST/STM32H7xx/Include/stm32h750xx.h"
 198              		.file 5 "Drivers/STM32H7xx_HAL_Driver/Inc/stm32h7xx_hal_gpio.h"
 199              		.file 6 "Inc/system/board_cfg.h"
 200              		.file 7 "Inc/input/drivers/gpio/gpio-btn.h"
ARM GAS  C:\Users\nicx5\AppData\Local\Temp\ccxEoP9c.s 			page 5


ARM GAS  C:\Users\nicx5\AppData\Local\Temp\ccxEoP9c.s 			page 6


DEFINED SYMBOLS
                            *ABS*:00000000 gpio-btn.c
C:\Users\nicx5\AppData\Local\Temp\ccxEoP9c.s:20     .text.GPIO_Btns_Init:00000000 $t
C:\Users\nicx5\AppData\Local\Temp\ccxEoP9c.s:26     .text.GPIO_Btns_Init:00000000 GPIO_Btns_Init
C:\Users\nicx5\AppData\Local\Temp\ccxEoP9c.s:95     .text.GPIO_Btns_Init:00000034 $d
C:\Users\nicx5\AppData\Local\Temp\ccxEoP9c.s:176    .rodata.gpio_btns_mapping:00000000 gpio_btns_mapping
C:\Users\nicx5\AppData\Local\Temp\ccxEoP9c.s:100    .text.GPIO_Btns_Iterate:00000000 $t
C:\Users\nicx5\AppData\Local\Temp\ccxEoP9c.s:106    .text.GPIO_Btns_Iterate:00000000 GPIO_Btns_Iterate
C:\Users\nicx5\AppData\Local\Temp\ccxEoP9c.s:167    .text.GPIO_Btns_Iterate:00000030 $d
C:\Users\nicx5\AppData\Local\Temp\ccxEoP9c.s:173    .rodata.gpio_btns_mapping:00000000 $d

UNDEFINED SYMBOLS
HAL_GPIO_Init
HAL_GPIO_ReadPin
