ARM GAS  C:\Users\nicx5\AppData\Local\Temp\ccDJgf09.s 			page 1


   1              		.cpu cortex-m7
   2              		.arch armv7e-m
   3              		.fpu fpv5-d16
   4              		.eabi_attribute 28, 1
   5              		.eabi_attribute 20, 1
   6              		.eabi_attribute 21, 1
   7              		.eabi_attribute 23, 3
   8              		.eabi_attribute 24, 1
   9              		.eabi_attribute 25, 1
  10              		.eabi_attribute 26, 1
  11              		.eabi_attribute 30, 1
  12              		.eabi_attribute 34, 1
  13              		.eabi_attribute 18, 4
  14              		.file	"gradient_color.cpp"
  15              		.text
  16              	.Ltext0:
  17              		.cfi_sections	.debug_frame
  18              		.file 1 "Src/leds/gradient_color.cpp"
  19              		.section	.text._ZN13GradientColorC2Ev,"ax",%progbits
  20              		.align	1
  21              		.global	_ZN13GradientColorC2Ev
  22              		.syntax unified
  23              		.thumb
  24              		.thumb_func
  26              	_ZN13GradientColorC2Ev:
  27              	.LVL0:
  28              	.LFB1269:
   1:Src/leds/gradient_color.cpp **** #include "leds/gradient_color.hpp"
   2:Src/leds/gradient_color.cpp **** #include "utils.h"
   3:Src/leds/gradient_color.cpp **** #include <stdio.h>
   4:Src/leds/gradient_color.cpp **** #include <math.h>
   5:Src/leds/gradient_color.cpp **** 
   6:Src/leds/gradient_color.cpp **** // 定义 PI 常量
   7:Src/leds/gradient_color.cpp **** #ifndef M_PI
   8:Src/leds/gradient_color.cpp **** #define M_PI 3.14159265358979323846
   9:Src/leds/gradient_color.cpp **** #endif
  10:Src/leds/gradient_color.cpp **** 
  11:Src/leds/gradient_color.cpp **** GradientColor::GradientColor() : 
  29              		.loc 1 11 1 view -0
  30              		.cfi_startproc
  31              		@ args = 0, pretend = 0, frame = 0
  32              		@ frame_needed = 0, uses_anonymous_args = 0
  33              		@ link register save eliminated.
  34              	.LBB2:
  12:Src/leds/gradient_color.cpp ****     cr(0), cg(0), cb(0),
  35              		.loc 1 12 5 is_stmt 0 view .LVU1
  36 0000 9FED0B7B 		vldr.64	d7, .L2
  37 0004 80ED007B 		vstr.64	d7, [r0]
  38              		.loc 1 12 12 view .LVU2
  39 0008 80ED027B 		vstr.64	d7, [r0, #8]
  40              		.loc 1 12 19 view .LVU3
  41 000c 80ED047B 		vstr.64	d7, [r0, #16]
  13:Src/leds/gradient_color.cpp ****     er(0), eg(0), eb(0),
  42              		.loc 1 13 5 view .LVU4
  43 0010 80ED067B 		vstr.64	d7, [r0, #24]
  44              		.loc 1 13 12 view .LVU5
  45 0014 80ED087B 		vstr.64	d7, [r0, #32]
ARM GAS  C:\Users\nicx5\AppData\Local\Temp\ccDJgf09.s 			page 2


  46              		.loc 1 13 19 view .LVU6
  47 0018 80ED0A7B 		vstr.64	d7, [r0, #40]
  14:Src/leds/gradient_color.cpp ****     b1(0), b2(0),
  48              		.loc 1 14 5 view .LVU7
  49 001c 80ED0C7B 		vstr.64	d7, [r0, #48]
  50              		.loc 1 14 12 view .LVU8
  51 0020 80ED0E7B 		vstr.64	d7, [r0, #56]
  15:Src/leds/gradient_color.cpp ****     startTime(0),
  52              		.loc 1 15 5 view .LVU9
  53 0024 0022     		movs	r2, #0
  54 0026 0264     		str	r2, [r0, #64]
  16:Src/leds/gradient_color.cpp ****     animationCycle(1000) // 默认1秒
  55              		.loc 1 16 5 view .LVU10
  56 0028 4FF47A72 		mov	r2, #1000
  57 002c 4264     		str	r2, [r0, #68]
  58              	.LBE2:
  17:Src/leds/gradient_color.cpp **** {}
  59              		.loc 1 17 2 view .LVU11
  60 002e 7047     		bx	lr
  61              	.L3:
  62              		.align	3
  63              	.L2:
  64 0030 00000000 		.word	0
  65 0034 00000000 		.word	0
  66              		.cfi_endproc
  67              	.LFE1269:
  69              		.global	_ZN13GradientColorC1Ev
  70              		.thumb_set _ZN13GradientColorC1Ev,_ZN13GradientColorC2Ev
  71              		.section	.text._ZN13GradientColor5setupE8RGBColorS0_hhm,"ax",%progbits
  72              		.align	1
  73              		.global	_ZN13GradientColor5setupE8RGBColorS0_hhm
  74              		.syntax unified
  75              		.thumb
  76              		.thumb_func
  78              	_ZN13GradientColor5setupE8RGBColorS0_hhm:
  79              	.LVL1:
  80              	.LFB1271:
  18:Src/leds/gradient_color.cpp **** 
  19:Src/leds/gradient_color.cpp **** void GradientColor::setup(
  20:Src/leds/gradient_color.cpp ****     const struct RGBColor color1, 
  21:Src/leds/gradient_color.cpp ****     const struct RGBColor color2, 
  22:Src/leds/gradient_color.cpp ****     const uint8_t brightness1,
  23:Src/leds/gradient_color.cpp ****     const uint8_t brightness2, 
  24:Src/leds/gradient_color.cpp ****     const uint32_t cycle
  25:Src/leds/gradient_color.cpp **** ) {
  81              		.loc 1 25 3 is_stmt 1 view -0
  82              		.cfi_startproc
  83              		@ args = 8, pretend = 0, frame = 8
  84              		@ frame_needed = 0, uses_anonymous_args = 0
  85              		.loc 1 25 3 is_stmt 0 view .LVU13
  86 0000 10B5     		push	{r4, lr}
  87              	.LCFI0:
  88              		.cfi_def_cfa_offset 8
  89              		.cfi_offset 4, -8
  90              		.cfi_offset 14, -4
  91 0002 82B0     		sub	sp, sp, #8
  92              	.LCFI1:
ARM GAS  C:\Users\nicx5\AppData\Local\Temp\ccDJgf09.s 			page 3


  93              		.cfi_def_cfa_offset 16
  94 0004 0446     		mov	r4, r0
  95 0006 0191     		str	r1, [sp, #4]
  96 0008 0092     		str	r2, [sp]
  97 000a 07EE103A 		vmov	s14, r3	@ int
  26:Src/leds/gradient_color.cpp ****     // 保存颜色参数
  27:Src/leds/gradient_color.cpp ****     cr = static_cast<double_t>(color1.r);
  98              		.loc 1 27 5 is_stmt 1 view .LVU14
  99              		.loc 1 27 39 is_stmt 0 view .LVU15
 100 000e 9DF80430 		ldrb	r3, [sp, #4]	@ zero_extendqisi2
 101              	.LVL2:
 102              		.loc 1 27 39 view .LVU16
 103 0012 06EE103A 		vmov	s12, r3	@ int
 104              		.loc 1 27 10 view .LVU17
 105 0016 B8EE466B 		vcvt.f64.u32	d6, s12
 106              		.loc 1 27 8 view .LVU18
 107 001a 80ED006B 		vstr.64	d6, [r0]
  28:Src/leds/gradient_color.cpp ****     cg = static_cast<double_t>(color1.g);
 108              		.loc 1 28 5 is_stmt 1 view .LVU19
 109              		.loc 1 28 39 is_stmt 0 view .LVU20
 110 001e 9DF80530 		ldrb	r3, [sp, #5]	@ zero_extendqisi2
 111 0022 06EE103A 		vmov	s12, r3	@ int
 112              		.loc 1 28 10 view .LVU21
 113 0026 B8EE466B 		vcvt.f64.u32	d6, s12
 114              		.loc 1 28 8 view .LVU22
 115 002a 80ED026B 		vstr.64	d6, [r0, #8]
  29:Src/leds/gradient_color.cpp ****     cb = static_cast<double_t>(color1.b);
 116              		.loc 1 29 5 is_stmt 1 view .LVU23
 117              		.loc 1 29 39 is_stmt 0 view .LVU24
 118 002e 9DF80630 		ldrb	r3, [sp, #6]	@ zero_extendqisi2
 119 0032 06EE103A 		vmov	s12, r3	@ int
 120              		.loc 1 29 10 view .LVU25
 121 0036 B8EE466B 		vcvt.f64.u32	d6, s12
 122              		.loc 1 29 8 view .LVU26
 123 003a 80ED046B 		vstr.64	d6, [r0, #16]
  30:Src/leds/gradient_color.cpp ****     er = static_cast<double_t>(color2.r);
 124              		.loc 1 30 5 is_stmt 1 view .LVU27
 125              		.loc 1 30 39 is_stmt 0 view .LVU28
 126 003e 9DF80030 		ldrb	r3, [sp]	@ zero_extendqisi2
 127 0042 06EE103A 		vmov	s12, r3	@ int
 128              		.loc 1 30 10 view .LVU29
 129 0046 B8EE466B 		vcvt.f64.u32	d6, s12
 130              		.loc 1 30 8 view .LVU30
 131 004a 80ED066B 		vstr.64	d6, [r0, #24]
  31:Src/leds/gradient_color.cpp ****     eg = static_cast<double_t>(color2.g);
 132              		.loc 1 31 5 is_stmt 1 view .LVU31
 133              		.loc 1 31 39 is_stmt 0 view .LVU32
 134 004e 9DF80130 		ldrb	r3, [sp, #1]	@ zero_extendqisi2
 135 0052 06EE103A 		vmov	s12, r3	@ int
 136              		.loc 1 31 10 view .LVU33
 137 0056 B8EE466B 		vcvt.f64.u32	d6, s12
 138              		.loc 1 31 8 view .LVU34
 139 005a 80ED086B 		vstr.64	d6, [r0, #32]
  32:Src/leds/gradient_color.cpp ****     eb = static_cast<double_t>(color2.b);
 140              		.loc 1 32 5 is_stmt 1 view .LVU35
 141              		.loc 1 32 39 is_stmt 0 view .LVU36
 142 005e 9DF80230 		ldrb	r3, [sp, #2]	@ zero_extendqisi2
ARM GAS  C:\Users\nicx5\AppData\Local\Temp\ccDJgf09.s 			page 4


 143 0062 06EE103A 		vmov	s12, r3	@ int
 144              		.loc 1 32 10 view .LVU37
 145 0066 B8EE466B 		vcvt.f64.u32	d6, s12
 146              		.loc 1 32 8 view .LVU38
 147 006a 80ED0A6B 		vstr.64	d6, [r0, #40]
  33:Src/leds/gradient_color.cpp ****     
  34:Src/leds/gradient_color.cpp ****     // 保存亮度参数
  35:Src/leds/gradient_color.cpp ****     b1 = static_cast<double_t>(brightness1);
 148              		.loc 1 35 5 is_stmt 1 view .LVU39
 149              		.loc 1 35 10 is_stmt 0 view .LVU40
 150 006e B8EE477B 		vcvt.f64.u32	d7, s14
 151              	.LVL3:
 152              		.loc 1 35 8 view .LVU41
 153 0072 80ED0C7B 		vstr.64	d7, [r0, #48]
  36:Src/leds/gradient_color.cpp ****     b2 = static_cast<double_t>(brightness2);
 154              		.loc 1 36 5 is_stmt 1 view .LVU42
 155              		.loc 1 36 10 is_stmt 0 view .LVU43
 156 0076 9DF81030 		ldrb	r3, [sp, #16]	@ zero_extendqisi2
 157 007a 07EE103A 		vmov	s14, r3	@ int
 158 007e B8EE477B 		vcvt.f64.u32	d7, s14
 159              		.loc 1 36 8 view .LVU44
 160 0082 80ED0E7B 		vstr.64	d7, [r0, #56]
  37:Src/leds/gradient_color.cpp ****     
  38:Src/leds/gradient_color.cpp ****     // 设置周期和开始时间
  39:Src/leds/gradient_color.cpp ****     animationCycle = cycle;
 161              		.loc 1 39 5 is_stmt 1 view .LVU45
 162              		.loc 1 39 20 is_stmt 0 view .LVU46
 163 0086 059B     		ldr	r3, [sp, #20]
 164 0088 4364     		str	r3, [r0, #68]
  40:Src/leds/gradient_color.cpp ****     startTime = HAL_GetTick();
 165              		.loc 1 40 5 is_stmt 1 view .LVU47
 166              		.loc 1 40 28 is_stmt 0 view .LVU48
 167 008a FFF7FEFF 		bl	HAL_GetTick
 168              	.LVL4:
 169              		.loc 1 40 15 discriminator 1 view .LVU49
 170 008e 2064     		str	r0, [r4, #64]
  41:Src/leds/gradient_color.cpp **** }
 171              		.loc 1 41 1 view .LVU50
 172 0090 02B0     		add	sp, sp, #8
 173              	.LCFI2:
 174              		.cfi_def_cfa_offset 8
 175              		@ sp needed
 176 0092 10BD     		pop	{r4, pc}
 177              		.loc 1 41 1 view .LVU51
 178              		.cfi_endproc
 179              	.LFE1271:
 181              		.section	.text._ZN13GradientColor15getCurrentStateEv,"ax",%progbits
 182              		.align	1
 183              		.global	_ZN13GradientColor15getCurrentStateEv
 184              		.syntax unified
 185              		.thumb
 186              		.thumb_func
 188              	_ZN13GradientColor15getCurrentStateEv:
 189              	.LVL5:
 190              	.LFB1272:
  42:Src/leds/gradient_color.cpp **** 
  43:Src/leds/gradient_color.cpp **** struct GradientState GradientColor::getCurrentState() {
ARM GAS  C:\Users\nicx5\AppData\Local\Temp\ccDJgf09.s 			page 5


 191              		.loc 1 43 55 is_stmt 1 view -0
 192              		.cfi_startproc
 193              		@ args = 0, pretend = 0, frame = 8
 194              		@ frame_needed = 0, uses_anonymous_args = 0
 195              		.loc 1 43 55 is_stmt 0 view .LVU53
 196 0000 10B5     		push	{r4, lr}
 197              	.LCFI3:
 198              		.cfi_def_cfa_offset 8
 199              		.cfi_offset 4, -8
 200              		.cfi_offset 14, -4
 201 0002 82B0     		sub	sp, sp, #8
 202              	.LCFI4:
 203              		.cfi_def_cfa_offset 16
 204 0004 0446     		mov	r4, r0
  44:Src/leds/gradient_color.cpp ****     // 计算当前时间点
  45:Src/leds/gradient_color.cpp ****     uint32_t currentTime = HAL_GetTick();
 205              		.loc 1 45 5 is_stmt 1 view .LVU54
 206              		.loc 1 45 39 is_stmt 0 view .LVU55
 207 0006 FFF7FEFF 		bl	HAL_GetTick
 208              	.LVL6:
  46:Src/leds/gradient_color.cpp ****     
  47:Src/leds/gradient_color.cpp ****     // 我们只关心一个周期内的时间，所以直接用减法
  48:Src/leds/gradient_color.cpp ****     // 即使发生溢出，模运算也能得到正确的周期内时间
  49:Src/leds/gradient_color.cpp ****     uint32_t elapsedTime = currentTime - startTime;  
 209              		.loc 1 49 5 is_stmt 1 view .LVU56
 210              		.loc 1 49 42 is_stmt 0 view .LVU57
 211 000a 236C     		ldr	r3, [r4, #64]
 212              		.loc 1 49 14 view .LVU58
 213 000c C01A     		subs	r0, r0, r3
 214              	.LVL7:
  50:Src/leds/gradient_color.cpp ****     
  51:Src/leds/gradient_color.cpp ****     // 计算渐变比例 (0.0 - 1.0)
  52:Src/leds/gradient_color.cpp ****     // 由于使用了模运算，所以不需要担心溢出问题
  53:Src/leds/gradient_color.cpp ****     double_t phase = static_cast<double_t>(elapsedTime % animationCycle) / animationCycle;
 215              		.loc 1 53 5 is_stmt 1 view .LVU59
 216              		.loc 1 53 58 is_stmt 0 view .LVU60
 217 000e 636C     		ldr	r3, [r4, #68]
 218              		.loc 1 53 56 view .LVU61
 219 0010 B0FBF3F2 		udiv	r2, r0, r3
 220 0014 03FB1200 		mls	r0, r3, r2, r0
 221              	.LVL8:
 222              		.loc 1 53 22 view .LVU62
 223 0018 07EE900A 		vmov	s15, r0	@ int
 224 001c B8EE677B 		vcvt.f64.u32	d7, s15
 225              		.loc 1 53 74 view .LVU63
 226 0020 06EE903A 		vmov	s13, r3	@ int
 227 0024 B8EE666B 		vcvt.f64.u32	d6, s13
 228              		.loc 1 53 14 view .LVU64
 229 0028 87EE060B 		vdiv.f64	d0, d7, d6
 230              	.LVL9:
  54:Src/leds/gradient_color.cpp ****     
  55:Src/leds/gradient_color.cpp ****     // 使用正弦波计算渐变比例，只计算一次
  56:Src/leds/gradient_color.cpp ****     double_t ratio = (sin(2.0 * M_PI * phase) + 1.0) / 2.0;
 231              		.loc 1 56 5 is_stmt 1 view .LVU65
 232              		.loc 1 56 26 is_stmt 0 view .LVU66
 233 002c 9FED2C7B 		vldr.64	d7, .L8
 234 0030 20EE070B 		vmul.f64	d0, d0, d7
ARM GAS  C:\Users\nicx5\AppData\Local\Temp\ccDJgf09.s 			page 6


 235              	.LVL10:
 236              		.loc 1 56 26 view .LVU67
 237 0034 FFF7FEFF 		bl	sin
 238              	.LVL11:
 239              		.loc 1 56 47 discriminator 1 view .LVU68
 240 0038 B7EE007B 		vmov.f64	d7, #1.0e+0
 241 003c 30EE077B 		vadd.f64	d7, d0, d7
 242              		.loc 1 56 14 discriminator 1 view .LVU69
 243 0040 B6EE006B 		vmov.f64	d6, #5.0e-1
 244 0044 27EE067B 		vmul.f64	d7, d7, d6
 245              	.LVL12:
  57:Src/leds/gradient_color.cpp ****     
  58:Src/leds/gradient_color.cpp ****     // 返回颜色和亮度
  59:Src/leds/gradient_color.cpp ****     return {
 246              		.loc 1 59 5 is_stmt 1 view .LVU70
  60:Src/leds/gradient_color.cpp ****         .color = {
  61:Src/leds/gradient_color.cpp ****             .r = static_cast<uint8_t>(cr + (er - cr) * ratio),
 247              		.loc 1 61 39 is_stmt 0 view .LVU71
 248 0048 94ED006B 		vldr.64	d6, [r4]
 249              		.loc 1 61 45 view .LVU72
 250 004c 94ED065B 		vldr.64	d5, [r4, #24]
 251              		.loc 1 61 48 view .LVU73
 252 0050 35EE465B 		vsub.f64	d5, d5, d6
 253              		.loc 1 61 42 view .LVU74
 254 0054 05EE076B 		vmla.f64	d6, d5, d7
 255              		.loc 1 61 18 view .LVU75
 256 0058 FCEEC66B 		vcvt.u32.f64	s13, d6
 257 005c 16EE903A 		vmov	r3, s13	@ int
  62:Src/leds/gradient_color.cpp ****             .g = static_cast<uint8_t>(cg + (eg - cg) * ratio),
  63:Src/leds/gradient_color.cpp ****             .b = static_cast<uint8_t>(cb + (eb - cb) * ratio)
  64:Src/leds/gradient_color.cpp ****         },
  65:Src/leds/gradient_color.cpp ****         .brightness = static_cast<uint8_t>(b1 + (b2 - b1) * ratio)
  66:Src/leds/gradient_color.cpp ****     };
 258              		.loc 1 66 5 view .LVU76
 259 0060 8DF80430 		strb	r3, [sp, #4]
  62:Src/leds/gradient_color.cpp ****             .g = static_cast<uint8_t>(cg + (eg - cg) * ratio),
 260              		.loc 1 62 39 view .LVU77
 261 0064 94ED026B 		vldr.64	d6, [r4, #8]
  62:Src/leds/gradient_color.cpp ****             .g = static_cast<uint8_t>(cg + (eg - cg) * ratio),
 262              		.loc 1 62 45 view .LVU78
 263 0068 94ED085B 		vldr.64	d5, [r4, #32]
  62:Src/leds/gradient_color.cpp ****             .g = static_cast<uint8_t>(cg + (eg - cg) * ratio),
 264              		.loc 1 62 48 view .LVU79
 265 006c 35EE465B 		vsub.f64	d5, d5, d6
  62:Src/leds/gradient_color.cpp ****             .g = static_cast<uint8_t>(cg + (eg - cg) * ratio),
 266              		.loc 1 62 42 view .LVU80
 267 0070 05EE076B 		vmla.f64	d6, d5, d7
  62:Src/leds/gradient_color.cpp ****             .g = static_cast<uint8_t>(cg + (eg - cg) * ratio),
 268              		.loc 1 62 18 view .LVU81
 269 0074 FCEEC66B 		vcvt.u32.f64	s13, d6
 270 0078 16EE903A 		vmov	r3, s13	@ int
 271              		.loc 1 66 5 view .LVU82
 272 007c 8DF80530 		strb	r3, [sp, #5]
  63:Src/leds/gradient_color.cpp ****         },
 273              		.loc 1 63 39 view .LVU83
 274 0080 94ED046B 		vldr.64	d6, [r4, #16]
  63:Src/leds/gradient_color.cpp ****         },
ARM GAS  C:\Users\nicx5\AppData\Local\Temp\ccDJgf09.s 			page 7


 275              		.loc 1 63 45 view .LVU84
 276 0084 94ED0A5B 		vldr.64	d5, [r4, #40]
  63:Src/leds/gradient_color.cpp ****         },
 277              		.loc 1 63 48 view .LVU85
 278 0088 35EE465B 		vsub.f64	d5, d5, d6
  63:Src/leds/gradient_color.cpp ****         },
 279              		.loc 1 63 42 view .LVU86
 280 008c 05EE076B 		vmla.f64	d6, d5, d7
  63:Src/leds/gradient_color.cpp ****         },
 281              		.loc 1 63 18 view .LVU87
 282 0090 FCEEC66B 		vcvt.u32.f64	s13, d6
 283 0094 16EE903A 		vmov	r3, s13	@ int
 284              		.loc 1 66 5 view .LVU88
 285 0098 8DF80630 		strb	r3, [sp, #6]
  65:Src/leds/gradient_color.cpp ****     };
 286              		.loc 1 65 44 view .LVU89
 287 009c 94ED0C6B 		vldr.64	d6, [r4, #48]
  65:Src/leds/gradient_color.cpp ****     };
 288              		.loc 1 65 50 view .LVU90
 289 00a0 94ED0E5B 		vldr.64	d5, [r4, #56]
  65:Src/leds/gradient_color.cpp ****     };
 290              		.loc 1 65 53 view .LVU91
 291 00a4 35EE465B 		vsub.f64	d5, d5, d6
  65:Src/leds/gradient_color.cpp ****     };
 292              		.loc 1 65 47 view .LVU92
 293 00a8 05EE076B 		vmla.f64	d6, d5, d7
  65:Src/leds/gradient_color.cpp ****     };
 294              		.loc 1 65 23 view .LVU93
 295 00ac FCEEC67B 		vcvt.u32.f64	s15, d6
 296 00b0 17EE903A 		vmov	r3, s15	@ int
 297              		.loc 1 66 5 view .LVU94
 298 00b4 8DF80730 		strb	r3, [sp, #7]
 299              		.loc 1 66 5 discriminator 1 view .LVU95
 300 00b8 0020     		movs	r0, #0
 301 00ba 9DF80430 		ldrb	r3, [sp, #4]	@ zero_extendqisi2
 302 00be 63F30700 		bfi	r0, r3, #0, #8
 303 00c2 9DF80530 		ldrb	r3, [sp, #5]	@ zero_extendqisi2
 304 00c6 63F30F20 		bfi	r0, r3, #8, #8
 305 00ca 9DF80630 		ldrb	r3, [sp, #6]	@ zero_extendqisi2
 306 00ce 63F31740 		bfi	r0, r3, #16, #8
 307 00d2 9DF80730 		ldrb	r3, [sp, #7]	@ zero_extendqisi2
 308 00d6 63F31F60 		bfi	r0, r3, #24, #8
  67:Src/leds/gradient_color.cpp **** }
 309              		.loc 1 67 1 view .LVU96
 310 00da 02B0     		add	sp, sp, #8
 311              	.LCFI5:
 312              		.cfi_def_cfa_offset 8
 313              		@ sp needed
 314 00dc 10BD     		pop	{r4, pc}
 315              	.LVL13:
 316              	.L9:
 317              		.loc 1 67 1 view .LVU97
 318 00de 00BF     		.align	3
 319              	.L8:
 320 00e0 182D4454 		.word	1413754136
 321 00e4 FB211940 		.word	1075388923
 322              		.cfi_endproc
ARM GAS  C:\Users\nicx5\AppData\Local\Temp\ccDJgf09.s 			page 8


 323              	.LFE1272:
 325              		.text
 326              	.Letext0:
 327              		.file 2 "D:/Program Files/msys64/mingw64/arm-none-eabi/include/machine/_default_types.h"
 328              		.file 3 "D:/Program Files/msys64/mingw64/arm-none-eabi/include/sys/_stdint.h"
 329              		.file 4 "D:/Program Files/msys64/mingw64/arm-none-eabi/include/c++/13.3.0/cmath"
 330              		.file 5 "D:/Program Files/msys64/mingw64/arm-none-eabi/include/c++/13.3.0/type_traits"
 331              		.file 6 "D:/Program Files/msys64/mingw64/arm-none-eabi/include/c++/13.3.0/debug/debug.h"
 332              		.file 7 "D:/Program Files/msys64/mingw64/arm-none-eabi/include/c++/13.3.0/bits/std_abs.h"
 333              		.file 8 "D:/Program Files/msys64/mingw64/arm-none-eabi/include/c++/13.3.0/arm-none-eabi/thumb/v7e-
 334              		.file 9 "D:/Program Files/msys64/mingw64/arm-none-eabi/include/c++/13.3.0/bits/predefined_ops.h"
 335              		.file 10 "D:/Program Files/msys64/mingw64/arm-none-eabi/include/math.h"
 336              		.file 11 "D:/Program Files/msys64/mingw64/arm-none-eabi/include/c++/13.3.0/math.h"
 337              		.file 12 "Inc/support/utils.h"
 338              		.file 13 "Inc/leds/gradient_color.hpp"
 339              		.file 14 "Drivers/STM32H7xx_HAL_Driver/Inc/stm32h7xx_hal.h"
ARM GAS  C:\Users\nicx5\AppData\Local\Temp\ccDJgf09.s 			page 9


DEFINED SYMBOLS
                            *ABS*:00000000 gradient_color.cpp
C:\Users\nicx5\AppData\Local\Temp\ccDJgf09.s:20     .text._ZN13GradientColorC2Ev:00000000 $t
C:\Users\nicx5\AppData\Local\Temp\ccDJgf09.s:26     .text._ZN13GradientColorC2Ev:00000000 _ZN13GradientColorC2Ev
C:\Users\nicx5\AppData\Local\Temp\ccDJgf09.s:64     .text._ZN13GradientColorC2Ev:00000030 $d
C:\Users\nicx5\AppData\Local\Temp\ccDJgf09.s:26     .text._ZN13GradientColorC2Ev:00000000 _ZN13GradientColorC1Ev
C:\Users\nicx5\AppData\Local\Temp\ccDJgf09.s:72     .text._ZN13GradientColor5setupE8RGBColorS0_hhm:00000000 $t
C:\Users\nicx5\AppData\Local\Temp\ccDJgf09.s:78     .text._ZN13GradientColor5setupE8RGBColorS0_hhm:00000000 _ZN13GradientColor5setupE8RGBColorS0_hhm
C:\Users\nicx5\AppData\Local\Temp\ccDJgf09.s:182    .text._ZN13GradientColor15getCurrentStateEv:00000000 $t
C:\Users\nicx5\AppData\Local\Temp\ccDJgf09.s:188    .text._ZN13GradientColor15getCurrentStateEv:00000000 _ZN13GradientColor15getCurrentStateEv
C:\Users\nicx5\AppData\Local\Temp\ccDJgf09.s:320    .text._ZN13GradientColor15getCurrentStateEv:000000e0 $d

UNDEFINED SYMBOLS
HAL_GetTick
sin
