ARM GAS  C:\Users\nicx5\AppData\Local\Temp\cc0nGchv.s 			page 1


   1              		.cpu cortex-m7
   2              		.arch armv7e-m
   3              		.fpu fpv5-d16
   4              		.eabi_attribute 28, 1
   5              		.eabi_attribute 20, 1
   6              		.eabi_attribute 21, 1
   7              		.eabi_attribute 23, 3
   8              		.eabi_attribute 24, 1
   9              		.eabi_attribute 25, 1
  10              		.eabi_attribute 26, 1
  11              		.eabi_attribute 30, 1
  12              		.eabi_attribute 34, 1
  13              		.eabi_attribute 18, 4
  14              		.file	"spi_screen_detail_profiles.cpp"
  15              		.text
  16              	.Ltext0:
  17              		.cfi_sections	.debug_frame
  18              		.file 1 "Src/display/screen_control/spi_screen_detail_profiles.cpp"
  19              		.section	.text._ZN7Storage11getInstanceEv,"axG",%progbits,_ZN7Storage11getInstanceEv,comdat
  20              		.align	1
  21              		.weak	_ZN7Storage11getInstanceEv
  22              		.syntax unified
  23              		.thumb
  24              		.thumb_func
  26              	_ZN7Storage11getInstanceEv:
  27              	.LFB2157:
  28              		.file 2 "Inc/config/storagemanager.hpp"
   1:Inc/config/storagemanager.hpp **** #ifndef _STORAGE_MANAGER_H_
   2:Inc/config/storagemanager.hpp **** #define _STORAGE_MANAGER_H_
   3:Inc/config/storagemanager.hpp **** 
   4:Inc/config/storagemanager.hpp **** #include "config.hpp"
   5:Inc/config/storagemanager.hpp **** 
   6:Inc/config/storagemanager.hpp **** // Forward declarations
   7:Inc/config/storagemanager.hpp **** class ADCValuesCalibrator;
   8:Inc/config/storagemanager.hpp **** class ADCValuesMarker;
   9:Inc/config/storagemanager.hpp **** 
  10:Inc/config/storagemanager.hpp **** class Storage {
  11:Inc/config/storagemanager.hpp **** public:
  12:Inc/config/storagemanager.hpp **** 	using DefaultProfileChangedCallback = void (*)(void);
  13:Inc/config/storagemanager.hpp **** 
  14:Inc/config/storagemanager.hpp **** 	Storage(Storage const&) = delete;
  15:Inc/config/storagemanager.hpp **** 	void operator=(Storage const&) = delete;
  16:Inc/config/storagemanager.hpp **** 	
  17:Inc/config/storagemanager.hpp **** 	static Storage& getInstance() {
  29              		.loc 2 17 18 view -0
  30              		.cfi_startproc
  31              		@ args = 0, pretend = 0, frame = 0
  32              		@ frame_needed = 0, uses_anonymous_args = 0
  33 0000 08B5     		push	{r3, lr}
  34              	.LCFI0:
  35              		.cfi_def_cfa_offset 8
  36              		.cfi_offset 3, -8
  37              		.cfi_offset 14, -4
  18:Inc/config/storagemanager.hpp **** 		static Storage instance;
  38              		.loc 2 18 3 view .LVU1
  39              		.loc 2 18 18 is_stmt 0 view .LVU2
  40 0002 094B     		ldr	r3, .L5
ARM GAS  C:\Users\nicx5\AppData\Local\Temp\cc0nGchv.s 			page 2


  41 0004 1B68     		ldr	r3, [r3]
  42 0006 BFF35B8F 		dmb	ish
  43              		.loc 2 18 18 discriminator 1 view .LVU3
  44 000a 13F0010F 		tst	r3, #1
  45 000e 01D0     		beq	.L4
  46              	.L2:
  19:Inc/config/storagemanager.hpp **** 		return instance;
  47              		.loc 2 19 3 is_stmt 1 view .LVU4
  20:Inc/config/storagemanager.hpp **** 	}
  48              		.loc 2 20 2 is_stmt 0 view .LVU5
  49 0010 0648     		ldr	r0, .L5+4
  50 0012 08BD     		pop	{r3, pc}
  51              	.L4:
  18:Inc/config/storagemanager.hpp **** 		static Storage instance;
  52              		.loc 2 18 18 discriminator 1 view .LVU6
  53 0014 0448     		ldr	r0, .L5
  54 0016 FFF7FEFF 		bl	__cxa_guard_acquire
  55              	.LVL0:
  56 001a 0028     		cmp	r0, #0
  57 001c F8D0     		beq	.L2
  58              	.LVL1:
  59              	.LBB4:
  60              	.LBI4:
  21:Inc/config/storagemanager.hpp **** 
  22:Inc/config/storagemanager.hpp **** 	Config config;
  23:Inc/config/storagemanager.hpp **** 	
  24:Inc/config/storagemanager.hpp **** 	void initConfig();
  25:Inc/config/storagemanager.hpp **** 	bool saveConfig();
  26:Inc/config/storagemanager.hpp **** 	bool resetConfig();
  27:Inc/config/storagemanager.hpp **** 	void setInputMode(InputMode inputMode);
  28:Inc/config/storagemanager.hpp **** 	const InputMode getInputMode() {
  29:Inc/config/storagemanager.hpp **** 		return config.inputMode;
  30:Inc/config/storagemanager.hpp **** 	}
  31:Inc/config/storagemanager.hpp **** 	void setConnectionMode(ConnectionMode mode);
  32:Inc/config/storagemanager.hpp **** 	ConnectionMode getConnectionMode() const {
  33:Inc/config/storagemanager.hpp **** 		return config.connectionMode;
  34:Inc/config/storagemanager.hpp **** 	}
  35:Inc/config/storagemanager.hpp **** 	void setWirelessReportRate(WirelessReportRate rate);
  36:Inc/config/storagemanager.hpp **** 	WirelessReportRate getWirelessReportRate() const {
  37:Inc/config/storagemanager.hpp **** 		return config.wirelessReportRate;
  38:Inc/config/storagemanager.hpp **** 	}
  39:Inc/config/storagemanager.hpp **** 	uint32_t getWakeHoldMs() const {
  40:Inc/config/storagemanager.hpp **** 		return config.power.wakeHoldMs;
  41:Inc/config/storagemanager.hpp **** 	}
  42:Inc/config/storagemanager.hpp **** 	bool getAutoSleepEnabled() const { return config.power.autoSleepEnabled == 1u; }
  43:Inc/config/storagemanager.hpp **** 	uint32_t getAutoStandbyMs() const {
  44:Inc/config/storagemanager.hpp **** 		return config.power.autoStandbyMs;
  45:Inc/config/storagemanager.hpp **** 	}
  46:Inc/config/storagemanager.hpp **** 	void setRfPowerStateHint(uint8_t hint);
  47:Inc/config/storagemanager.hpp **** 	uint8_t getRfPowerStateHint() const {
  48:Inc/config/storagemanager.hpp **** 		return config.reservedConnection0;
  49:Inc/config/storagemanager.hpp **** 	}
  50:Inc/config/storagemanager.hpp **** 	GamepadProfile* getGamepadProfile(char* id);
  51:Inc/config/storagemanager.hpp **** 	GamepadProfile* getDefaultGamepadProfile() {
  52:Inc/config/storagemanager.hpp **** 		return getGamepadProfile(config.defaultProfileId);
  53:Inc/config/storagemanager.hpp **** 	}
  54:Inc/config/storagemanager.hpp **** 	bool setDefaultProfileId(const char* id);
ARM GAS  C:\Users\nicx5\AppData\Local\Temp\cc0nGchv.s 			page 3


  55:Inc/config/storagemanager.hpp **** 	void registerDefaultProfileChangedCallback(DefaultProfileChangedCallback cb);
  56:Inc/config/storagemanager.hpp **** 	GamepadHotkeyEntry* getGamepadHotkeyEntry() {
  57:Inc/config/storagemanager.hpp **** 		return config.hotkeys;
  58:Inc/config/storagemanager.hpp **** 	}
  59:Inc/config/storagemanager.hpp **** 
  60:Inc/config/storagemanager.hpp **** 	void setBootMode(BootMode bootMode);
  61:Inc/config/storagemanager.hpp **** 	BootMode getBootMode() {
  62:Inc/config/storagemanager.hpp **** 		return config.bootMode;
  63:Inc/config/storagemanager.hpp **** 	}
  64:Inc/config/storagemanager.hpp **** 
  65:Inc/config/storagemanager.hpp **** private:
  66:Inc/config/storagemanager.hpp **** 	Storage() {}  // 私有构造函数
  61              		.loc 2 66 2 is_stmt 1 view .LVU7
  62              		.loc 2 66 2 is_stmt 0 view .LVU8
  63              	.LBE4:
  18:Inc/config/storagemanager.hpp **** 		return instance;
  64              		.loc 2 18 18 discriminator 1 view .LVU9
  65 001e 0248     		ldr	r0, .L5
  66 0020 FFF7FEFF 		bl	__cxa_guard_release
  67              	.LVL2:
  68 0024 F4E7     		b	.L2
  69              	.L6:
  70 0026 00BF     		.align	2
  71              	.L5:
  72 0028 00000000 		.word	_ZGVZN7Storage11getInstanceEvE8instance
  73 002c 00000000 		.word	_ZZN7Storage11getInstanceEvE8instance
  74              		.cfi_endproc
  75              	.LFE2157:
  77              		.section	.text._ZL25build_enabled_profile_mapv,"ax",%progbits
  78              		.align	1
  79              		.syntax unified
  80              		.thumb
  81              		.thumb_func
  83              	_ZL25build_enabled_profile_mapv:
  84              	.LFB2171:
   1:Src/display/screen_control/spi_screen_detail_profiles.cpp **** #include "screen_control/spi_screen_detail_entries.hpp"
   2:Src/display/screen_control/spi_screen_detail_profiles.cpp **** 
   3:Src/display/screen_control/spi_screen_detail_profiles.cpp **** #include <stdio.h>
   4:Src/display/screen_control/spi_screen_detail_profiles.cpp **** #include <string.h>
   5:Src/display/screen_control/spi_screen_detail_profiles.cpp **** 
   6:Src/display/screen_control/spi_screen_detail_profiles.cpp **** #include "storagemanager.hpp"
   7:Src/display/screen_control/spi_screen_detail_profiles.cpp **** #include "screen_control/spi_screen_detail_render_helpers.hpp"
   8:Src/display/screen_control/spi_screen_detail_profiles.cpp **** 
   9:Src/display/screen_control/spi_screen_detail_profiles.cpp **** static const uint8_t kMaxProfileLabels = 16;
  10:Src/display/screen_control/spi_screen_detail_profiles.cpp **** static char g_profileLabels[kMaxProfileLabels][32];
  11:Src/display/screen_control/spi_screen_detail_profiles.cpp **** static const char* g_profilePtrs[kMaxProfileLabels];
  12:Src/display/screen_control/spi_screen_detail_profiles.cpp **** static uint8_t g_enabledProfileIdx[kMaxProfileLabels];
  13:Src/display/screen_control/spi_screen_detail_profiles.cpp **** 
  14:Src/display/screen_control/spi_screen_detail_profiles.cpp **** static uint8_t build_enabled_profile_map(void) {
  85              		.loc 1 14 48 is_stmt 1 view -0
  86              		.cfi_startproc
  87              		@ args = 0, pretend = 0, frame = 0
  88              		@ frame_needed = 0, uses_anonymous_args = 0
  89 0000 70B5     		push	{r4, r5, r6, lr}
  90              	.LCFI1:
  91              		.cfi_def_cfa_offset 16
  92              		.cfi_offset 4, -16
ARM GAS  C:\Users\nicx5\AppData\Local\Temp\cc0nGchv.s 			page 4


  93              		.cfi_offset 5, -12
  94              		.cfi_offset 6, -8
  95              		.cfi_offset 14, -4
  15:Src/display/screen_control/spi_screen_detail_profiles.cpp ****     uint8_t out = 0;
  96              		.loc 1 15 5 view .LVU11
  97              	.LVL3:
  16:Src/display/screen_control/spi_screen_detail_profiles.cpp ****     uint8_t cnt = STORAGE_MANAGER.config.numProfilesMax;
  98              		.loc 1 16 5 view .LVU12
  99              		.loc 1 16 19 is_stmt 0 view .LVU13
 100 0002 FFF7FEFF 		bl	_ZN7Storage11getInstanceEv
 101              	.LVL4:
 102              		.loc 1 16 42 discriminator 1 view .LVU14
 103 0006 C67E     		ldrb	r6, [r0, #27]	@ zero_extendqisi2
 104              	.LVL5:
  17:Src/display/screen_control/spi_screen_detail_profiles.cpp ****     if (cnt > NUM_PROFILES) cnt = NUM_PROFILES;
 105              		.loc 1 17 5 is_stmt 1 view .LVU15
 106 0008 102E     		cmp	r6, #16
 107 000a 00D9     		bls	.L8
 108              		.loc 1 17 33 is_stmt 0 discriminator 1 view .LVU16
 109 000c 1026     		movs	r6, #16
 110              	.LVL6:
 111              	.L8:
  18:Src/display/screen_control/spi_screen_detail_profiles.cpp ****     for (uint8_t i = 0; i < cnt; i++) {
 112              		.loc 1 18 5 is_stmt 1 view .LVU17
 113              	.LBB5:
 114              		.loc 1 18 18 is_stmt 0 view .LVU18
 115 000e 0024     		movs	r4, #0
 116              	.LBE5:
  15:Src/display/screen_control/spi_screen_detail_profiles.cpp ****     uint8_t cnt = STORAGE_MANAGER.config.numProfilesMax;
 117              		.loc 1 15 13 view .LVU19
 118 0010 2546     		mov	r5, r4
 119              	.LBB6:
 120              		.loc 1 18 5 view .LVU20
 121 0012 05E0     		b	.L9
 122              	.LVL7:
 123              	.L15:
  19:Src/display/screen_control/spi_screen_detail_profiles.cpp ****         if (!STORAGE_MANAGER.config.profiles[i].enabled) continue;
  20:Src/display/screen_control/spi_screen_detail_profiles.cpp ****         if (out >= kMaxProfileLabels) break;
  21:Src/display/screen_control/spi_screen_detail_profiles.cpp ****         g_enabledProfileIdx[out++] = i;
 124              		.loc 1 21 9 is_stmt 1 view .LVU21
 125              		.loc 1 21 32 is_stmt 0 view .LVU22
 126 0014 6B1C     		adds	r3, r5, #1
 127              	.LVL8:
 128              		.loc 1 21 36 view .LVU23
 129 0016 0A4A     		ldr	r2, .L16
 130 0018 5455     		strb	r4, [r2, r5]
 131              		.loc 1 21 32 view .LVU24
 132 001a DDB2     		uxtb	r5, r3
 133              	.LVL9:
 134              	.L10:
  18:Src/display/screen_control/spi_screen_detail_profiles.cpp ****         if (!STORAGE_MANAGER.config.profiles[i].enabled) continue;
 135              		.loc 1 18 5 is_stmt 1 discriminator 2 view .LVU25
 136 001c 0134     		adds	r4, r4, #1
 137              	.LVL10:
  18:Src/display/screen_control/spi_screen_detail_profiles.cpp ****         if (!STORAGE_MANAGER.config.profiles[i].enabled) continue;
 138              		.loc 1 18 5 is_stmt 0 discriminator 2 view .LVU26
 139 001e E4B2     		uxtb	r4, r4
ARM GAS  C:\Users\nicx5\AppData\Local\Temp\cc0nGchv.s 			page 5


 140              	.LVL11:
 141              	.L9:
  18:Src/display/screen_control/spi_screen_detail_profiles.cpp ****         if (!STORAGE_MANAGER.config.profiles[i].enabled) continue;
 142              		.loc 1 18 27 is_stmt 1 discriminator 1 view .LVU27
 143 0020 A642     		cmp	r6, r4
 144 0022 0BD9     		bls	.L11
  19:Src/display/screen_control/spi_screen_detail_profiles.cpp ****         if (!STORAGE_MANAGER.config.profiles[i].enabled) continue;
 145              		.loc 1 19 9 view .LVU28
  19:Src/display/screen_control/spi_screen_detail_profiles.cpp ****         if (!STORAGE_MANAGER.config.profiles[i].enabled) continue;
 146              		.loc 1 19 14 is_stmt 0 view .LVU29
 147 0024 FFF7FEFF 		bl	_ZN7Storage11getInstanceEv
 148              	.LVL12:
  19:Src/display/screen_control/spi_screen_detail_profiles.cpp ****         if (!STORAGE_MANAGER.config.profiles[i].enabled) continue;
 149              		.loc 1 19 49 discriminator 1 view .LVU30
 150 0028 40F6DC03 		movw	r3, #2268
 151 002c 03FB0400 		mla	r0, r3, r4, r0
 152 0030 90F84430 		ldrb	r3, [r0, #68]	@ zero_extendqisi2
  19:Src/display/screen_control/spi_screen_detail_profiles.cpp ****         if (!STORAGE_MANAGER.config.profiles[i].enabled) continue;
 153              		.loc 1 19 9 discriminator 1 view .LVU31
 154 0034 002B     		cmp	r3, #0
 155 0036 F1D0     		beq	.L10
  20:Src/display/screen_control/spi_screen_detail_profiles.cpp ****         g_enabledProfileIdx[out++] = i;
 156              		.loc 1 20 9 is_stmt 1 view .LVU32
 157 0038 0F2D     		cmp	r5, #15
 158 003a EBD9     		bls	.L15
 159              	.L11:
 160              	.LBE6:
  22:Src/display/screen_control/spi_screen_detail_profiles.cpp ****     }
  23:Src/display/screen_control/spi_screen_detail_profiles.cpp ****     return out;
 161              		.loc 1 23 5 view .LVU33
  24:Src/display/screen_control/spi_screen_detail_profiles.cpp **** }
 162              		.loc 1 24 1 is_stmt 0 view .LVU34
 163 003c 2846     		mov	r0, r5
 164 003e 70BD     		pop	{r4, r5, r6, pc}
 165              	.LVL13:
 166              	.L17:
 167              		.loc 1 24 1 view .LVU35
 168              		.align	2
 169              	.L16:
 170 0040 00000000 		.word	_ZL19g_enabledProfileIdx
 171              		.cfi_endproc
 172              	.LFE2171:
 174              		.section	.rodata._ZL22rebuild_profile_labelsh.str1.4,"aMS",%progbits,1
 175              		.align	2
 176              	.LC0:
 177 0000 00       		.ascii	"\000"
 178 0001 000000   		.align	2
 179              	.LC1:
 180 0004 202D206C 		.ascii	" - locked\000"
 180      6F636B65 
 180      6400
 181 000e 0000     		.align	2
 182              	.LC2:
 183 0010 50256868 		.ascii	"P%hhu - %.15s%s\000"
 183      75202D20 
 183      252E3135 
 183      73257300 
ARM GAS  C:\Users\nicx5\AppData\Local\Temp\cc0nGchv.s 			page 6


 184              		.section	.text._ZL22rebuild_profile_labelsh,"ax",%progbits
 185              		.align	1
 186              		.syntax unified
 187              		.thumb
 188              		.thumb_func
 190              	_ZL22rebuild_profile_labelsh:
 191              	.LVL14:
 192              	.LFB2172:
  25:Src/display/screen_control/spi_screen_detail_profiles.cpp **** 
  26:Src/display/screen_control/spi_screen_detail_profiles.cpp **** static void rebuild_profile_labels(uint8_t enabledCount) {
 193              		.loc 1 26 58 is_stmt 1 view -0
 194              		.cfi_startproc
 195              		@ args = 0, pretend = 0, frame = 8
 196              		@ frame_needed = 0, uses_anonymous_args = 0
 197              		.loc 1 26 58 is_stmt 0 view .LVU37
 198 0000 2DE9F04F 		push	{r4, r5, r6, r7, r8, r9, r10, fp, lr}
 199              	.LCFI2:
 200              		.cfi_def_cfa_offset 36
 201              		.cfi_offset 4, -36
 202              		.cfi_offset 5, -32
 203              		.cfi_offset 6, -28
 204              		.cfi_offset 7, -24
 205              		.cfi_offset 8, -20
 206              		.cfi_offset 9, -16
 207              		.cfi_offset 10, -12
 208              		.cfi_offset 11, -8
 209              		.cfi_offset 14, -4
 210 0004 85B0     		sub	sp, sp, #20
 211              	.LCFI3:
 212              		.cfi_def_cfa_offset 56
 213 0006 0390     		str	r0, [sp, #12]
  27:Src/display/screen_control/spi_screen_detail_profiles.cpp ****     for (uint8_t i = 0; i < enabledCount; i++) {
 214              		.loc 1 27 5 is_stmt 1 view .LVU38
 215              	.LVL15:
 216              	.LBB7:
 217              		.loc 1 27 18 is_stmt 0 view .LVU39
 218 0008 0024     		movs	r4, #0
 219              		.loc 1 27 5 view .LVU40
 220 000a 1DE0     		b	.L19
 221              	.LVL16:
 222              	.L24:
 223              	.LBB8:
  28:Src/display/screen_control/spi_screen_detail_profiles.cpp ****         uint8_t pi = g_enabledProfileIdx[i];
  29:Src/display/screen_control/spi_screen_detail_profiles.cpp ****         const char* n = STORAGE_MANAGER.config.profiles[pi].name;
  30:Src/display/screen_control/spi_screen_detail_profiles.cpp ****         const char* id = STORAGE_MANAGER.config.profiles[pi].id;
  31:Src/display/screen_control/spi_screen_detail_profiles.cpp ****         bool isCompetition = STORAGE_MANAGER.config.profiles[pi].isCompetitionProfile;
  32:Src/display/screen_control/spi_screen_detail_profiles.cpp ****         g_profileLabels[i][0] = '\0';
  33:Src/display/screen_control/spi_screen_detail_profiles.cpp ****         const char* shown = (n && n[0] != '\0') ? n : ((id && id[0] != '\0') ? id : "");
 224              		.loc 1 33 78 discriminator 8 view .LVU41
 225 000c DFF8BCA0 		ldr	r10, .L29+20
 226              	.LVL17:
 227              		.loc 1 33 78 discriminator 8 view .LVU42
 228 0010 00E0     		b	.L21
 229              	.LVL18:
 230              	.L25:
 231              		.loc 1 33 78 discriminator 7 view .LVU43
 232 0012 DA46     		mov	r10, fp
ARM GAS  C:\Users\nicx5\AppData\Local\Temp\cc0nGchv.s 			page 7


 233              	.LVL19:
 234              	.L21:
  34:Src/display/screen_control/spi_screen_detail_profiles.cpp ****         snprintf(
 235              		.loc 1 34 9 is_stmt 1 view .LVU44
  35:Src/display/screen_control/spi_screen_detail_profiles.cpp ****             g_profileLabels[i],
 236              		.loc 1 35 30 is_stmt 0 view .LVU45
 237 0014 284E     		ldr	r6, .L29
 238 0016 06EB4916 		add	r6, r6, r9, lsl #5
  36:Src/display/screen_control/spi_screen_detail_profiles.cpp ****             sizeof(g_profileLabels[i]),
  37:Src/display/screen_control/spi_screen_detail_profiles.cpp ****             "P%hhu - %.15s%s",
  38:Src/display/screen_control/spi_screen_detail_profiles.cpp ****             (uint8_t)(pi + 1u),
 239              		.loc 1 38 26 view .LVU46
 240 001a 6B1C     		adds	r3, r5, #1
 241 001c DBB2     		uxtb	r3, r3
  34:Src/display/screen_control/spi_screen_detail_profiles.cpp ****             g_profileLabels[i],
 242              		.loc 1 34 17 view .LVU47
 243 001e 002A     		cmp	r2, #0
 244 0020 44D0     		beq	.L26
  34:Src/display/screen_control/spi_screen_detail_profiles.cpp ****             g_profileLabels[i],
 245              		.loc 1 34 17 discriminator 1 view .LVU48
 246 0022 264A     		ldr	r2, .L29+4
 247              	.LVL20:
 248              	.L22:
  34:Src/display/screen_control/spi_screen_detail_profiles.cpp ****             g_profileLabels[i],
 249              		.loc 1 34 17 discriminator 4 view .LVU49
 250 0024 0192     		str	r2, [sp, #4]
 251 0026 CDF800A0 		str	r10, [sp]
 252 002a 254A     		ldr	r2, .L29+8
 253 002c 2021     		movs	r1, #32
 254 002e 3046     		mov	r0, r6
 255 0030 FFF7FEFF 		bl	snprintf
 256              	.LVL21:
  39:Src/display/screen_control/spi_screen_detail_profiles.cpp ****             shown,
  40:Src/display/screen_control/spi_screen_detail_profiles.cpp ****             isCompetition ? " - locked" : ""
  41:Src/display/screen_control/spi_screen_detail_profiles.cpp ****         );
  42:Src/display/screen_control/spi_screen_detail_profiles.cpp ****         g_profileLabels[i][sizeof(g_profileLabels[i]) - 1] = '\0';
 257              		.loc 1 42 9 is_stmt 1 view .LVU50
 258              		.loc 1 42 60 is_stmt 0 view .LVU51
 259 0034 204B     		ldr	r3, .L29
 260 0036 03EB4913 		add	r3, r3, r9, lsl #5
 261 003a 0022     		movs	r2, #0
 262 003c DA77     		strb	r2, [r3, #31]
  43:Src/display/screen_control/spi_screen_detail_profiles.cpp ****         g_profilePtrs[i] = g_profileLabels[i];
 263              		.loc 1 43 9 is_stmt 1 view .LVU52
 264              		.loc 1 43 26 is_stmt 0 view .LVU53
 265 003e 214B     		ldr	r3, .L29+12
 266 0040 43F82960 		str	r6, [r3, r9, lsl #2]
 267              	.LBE8:
  27:Src/display/screen_control/spi_screen_detail_profiles.cpp ****         uint8_t pi = g_enabledProfileIdx[i];
 268              		.loc 1 27 5 is_stmt 1 discriminator 2 view .LVU54
 269 0044 0134     		adds	r4, r4, #1
 270              	.LVL22:
  27:Src/display/screen_control/spi_screen_detail_profiles.cpp ****         uint8_t pi = g_enabledProfileIdx[i];
 271              		.loc 1 27 5 is_stmt 0 discriminator 2 view .LVU55
 272 0046 E4B2     		uxtb	r4, r4
 273              	.LVL23:
 274              	.L19:
ARM GAS  C:\Users\nicx5\AppData\Local\Temp\cc0nGchv.s 			page 8


  27:Src/display/screen_control/spi_screen_detail_profiles.cpp ****         uint8_t pi = g_enabledProfileIdx[i];
 275              		.loc 1 27 27 is_stmt 1 discriminator 1 view .LVU56
 276 0048 039B     		ldr	r3, [sp, #12]
 277 004a 9C42     		cmp	r4, r3
 278 004c 30D2     		bcs	.L28
 279              	.LBB9:
  28:Src/display/screen_control/spi_screen_detail_profiles.cpp ****         const char* n = STORAGE_MANAGER.config.profiles[pi].name;
 280              		.loc 1 28 9 view .LVU57
  28:Src/display/screen_control/spi_screen_detail_profiles.cpp ****         const char* n = STORAGE_MANAGER.config.profiles[pi].name;
 281              		.loc 1 28 42 is_stmt 0 view .LVU58
 282 004e A146     		mov	r9, r4
  28:Src/display/screen_control/spi_screen_detail_profiles.cpp ****         const char* n = STORAGE_MANAGER.config.profiles[pi].name;
 283              		.loc 1 28 17 view .LVU59
 284 0050 1D4B     		ldr	r3, .L29+16
 285 0052 1D5D     		ldrb	r5, [r3, r4]	@ zero_extendqisi2
 286              	.LVL24:
  29:Src/display/screen_control/spi_screen_detail_profiles.cpp ****         const char* id = STORAGE_MANAGER.config.profiles[pi].id;
 287              		.loc 1 29 9 is_stmt 1 view .LVU60
  29:Src/display/screen_control/spi_screen_detail_profiles.cpp ****         const char* id = STORAGE_MANAGER.config.profiles[pi].id;
 288              		.loc 1 29 25 is_stmt 0 view .LVU61
 289 0054 FFF7FEFF 		bl	_ZN7Storage11getInstanceEv
 290              	.LVL25:
  29:Src/display/screen_control/spi_screen_detail_profiles.cpp ****         const char* id = STORAGE_MANAGER.config.profiles[pi].id;
 291              		.loc 1 29 61 discriminator 1 view .LVU62
 292 0058 40F6DC06 		movw	r6, #2268
 293 005c 05FB06F6 		mul	r6, r5, r6
 294 0060 06F12803 		add	r3, r6, #40
 295 0064 C718     		adds	r7, r0, r3
 296 0066 07F1040A 		add	r10, r7, #4
 297              	.LVL26:
  30:Src/display/screen_control/spi_screen_detail_profiles.cpp ****         bool isCompetition = STORAGE_MANAGER.config.profiles[pi].isCompetitionProfile;
 298              		.loc 1 30 9 is_stmt 1 view .LVU63
  30:Src/display/screen_control/spi_screen_detail_profiles.cpp ****         bool isCompetition = STORAGE_MANAGER.config.profiles[pi].isCompetitionProfile;
 299              		.loc 1 30 26 is_stmt 0 view .LVU64
 300 006a FFF7FEFF 		bl	_ZN7Storage11getInstanceEv
 301              	.LVL27:
  30:Src/display/screen_control/spi_screen_detail_profiles.cpp ****         bool isCompetition = STORAGE_MANAGER.config.profiles[pi].isCompetitionProfile;
 302              		.loc 1 30 62 discriminator 1 view .LVU65
 303 006e 06F11803 		add	r3, r6, #24
 304 0072 00EB0308 		add	r8, r0, r3
 305 0076 08F1040B 		add	fp, r8, #4
 306              	.LVL28:
  31:Src/display/screen_control/spi_screen_detail_profiles.cpp ****         g_profileLabels[i][0] = '\0';
 307              		.loc 1 31 9 is_stmt 1 view .LVU66
  31:Src/display/screen_control/spi_screen_detail_profiles.cpp ****         g_profileLabels[i][0] = '\0';
 308              		.loc 1 31 30 is_stmt 0 view .LVU67
 309 007a FFF7FEFF 		bl	_ZN7Storage11getInstanceEv
 310              	.LVL29:
  31:Src/display/screen_control/spi_screen_detail_profiles.cpp ****         g_profileLabels[i][0] = '\0';
 311              		.loc 1 31 66 discriminator 1 view .LVU68
 312 007e 3044     		add	r0, r0, r6
 313 0080 90F84520 		ldrb	r2, [r0, #69]	@ zero_extendqisi2
 314              	.LVL30:
  32:Src/display/screen_control/spi_screen_detail_profiles.cpp ****         const char* shown = (n && n[0] != '\0') ? n : ((id && id[0] != '\0') ? id : "");
 315              		.loc 1 32 9 is_stmt 1 view .LVU69
  32:Src/display/screen_control/spi_screen_detail_profiles.cpp ****         const char* shown = (n && n[0] != '\0') ? n : ((id && id[0] != '\0') ? id : "");
 316              		.loc 1 32 31 is_stmt 0 view .LVU70
ARM GAS  C:\Users\nicx5\AppData\Local\Temp\cc0nGchv.s 			page 9


 317 0084 6301     		lsls	r3, r4, #5
 318 0086 0C49     		ldr	r1, .L29
 319 0088 0020     		movs	r0, #0
 320 008a C854     		strb	r0, [r1, r3]
  33:Src/display/screen_control/spi_screen_detail_profiles.cpp ****         snprintf(
 321              		.loc 1 33 9 is_stmt 1 view .LVU71
  33:Src/display/screen_control/spi_screen_detail_profiles.cpp ****         snprintf(
 322              		.loc 1 33 49 is_stmt 0 view .LVU72
 323 008c BAF1000F 		cmp	r10, #0
 324 0090 02D0     		beq	.L20
  33:Src/display/screen_control/spi_screen_detail_profiles.cpp ****         snprintf(
 325              		.loc 1 33 38 discriminator 2 view .LVU73
 326 0092 3B79     		ldrb	r3, [r7, #4]	@ zero_extendqisi2
  33:Src/display/screen_control/spi_screen_detail_profiles.cpp ****         snprintf(
 327              		.loc 1 33 32 discriminator 2 view .LVU74
 328 0094 002B     		cmp	r3, #0
 329 0096 BDD1     		bne	.L21
 330              	.L20:
  33:Src/display/screen_control/spi_screen_detail_profiles.cpp ****         snprintf(
 331              		.loc 1 33 78 discriminator 3 view .LVU75
 332 0098 BBF1000F 		cmp	fp, #0
 333 009c B6D0     		beq	.L24
  33:Src/display/screen_control/spi_screen_detail_profiles.cpp ****         snprintf(
 334              		.loc 1 33 67 discriminator 5 view .LVU76
 335 009e 98F80430 		ldrb	r3, [r8, #4]	@ zero_extendqisi2
  33:Src/display/screen_control/spi_screen_detail_profiles.cpp ****         snprintf(
 336              		.loc 1 33 60 discriminator 5 view .LVU77
 337 00a2 002B     		cmp	r3, #0
 338 00a4 B5D1     		bne	.L25
  33:Src/display/screen_control/spi_screen_detail_profiles.cpp ****         snprintf(
 339              		.loc 1 33 78 discriminator 8 view .LVU78
 340 00a6 DFF824A0 		ldr	r10, .L29+20
 341              	.LVL31:
  33:Src/display/screen_control/spi_screen_detail_profiles.cpp ****         snprintf(
 342              		.loc 1 33 78 discriminator 8 view .LVU79
 343 00aa B3E7     		b	.L21
 344              	.LVL32:
 345              	.L26:
  34:Src/display/screen_control/spi_screen_detail_profiles.cpp ****             g_profileLabels[i],
 346              		.loc 1 34 17 discriminator 2 view .LVU80
 347 00ac 074A     		ldr	r2, .L29+20
 348              	.LVL33:
  34:Src/display/screen_control/spi_screen_detail_profiles.cpp ****             g_profileLabels[i],
 349              		.loc 1 34 17 discriminator 2 view .LVU81
 350 00ae B9E7     		b	.L22
 351              	.LVL34:
 352              	.L28:
  34:Src/display/screen_control/spi_screen_detail_profiles.cpp ****             g_profileLabels[i],
 353              		.loc 1 34 17 discriminator 2 view .LVU82
 354              	.LBE9:
 355              	.LBE7:
  44:Src/display/screen_control/spi_screen_detail_profiles.cpp ****     }
  45:Src/display/screen_control/spi_screen_detail_profiles.cpp **** }
 356              		.loc 1 45 1 view .LVU83
 357 00b0 05B0     		add	sp, sp, #20
 358              	.LCFI4:
 359              		.cfi_def_cfa_offset 36
ARM GAS  C:\Users\nicx5\AppData\Local\Temp\cc0nGchv.s 			page 10


 360              		@ sp needed
 361 00b2 BDE8F08F 		pop	{r4, r5, r6, r7, r8, r9, r10, fp, pc}
 362              	.LVL35:
 363              	.L30:
 364              		.loc 1 45 1 view .LVU84
 365 00b6 00BF     		.align	2
 366              	.L29:
 367 00b8 00000000 		.word	_ZL15g_profileLabels
 368 00bc 04000000 		.word	.LC1
 369 00c0 10000000 		.word	.LC2
 370 00c4 00000000 		.word	_ZL13g_profilePtrs
 371 00c8 00000000 		.word	_ZL19g_enabledProfileIdx
 372 00cc 00000000 		.word	.LC0
 373              		.cfi_endproc
 374              	.LFE2172:
 376              		.section	.text._Z30ScreenDetailProfiles_InitIndexv,"ax",%progbits
 377              		.align	1
 378              		.global	_Z30ScreenDetailProfiles_InitIndexv
 379              		.syntax unified
 380              		.thumb
 381              		.thumb_func
 383              	_Z30ScreenDetailProfiles_InitIndexv:
 384              	.LFB2173:
  46:Src/display/screen_control/spi_screen_detail_profiles.cpp **** 
  47:Src/display/screen_control/spi_screen_detail_profiles.cpp **** uint8_t ScreenDetailProfiles_InitIndex(void) {
 385              		.loc 1 47 46 is_stmt 1 view -0
 386              		.cfi_startproc
 387              		@ args = 0, pretend = 0, frame = 0
 388              		@ frame_needed = 0, uses_anonymous_args = 0
 389 0000 F8B5     		push	{r3, r4, r5, r6, r7, lr}
 390              	.LCFI5:
 391              		.cfi_def_cfa_offset 24
 392              		.cfi_offset 3, -24
 393              		.cfi_offset 4, -20
 394              		.cfi_offset 5, -16
 395              		.cfi_offset 6, -12
 396              		.cfi_offset 7, -8
 397              		.cfi_offset 14, -4
  48:Src/display/screen_control/spi_screen_detail_profiles.cpp ****     const char* current = STORAGE_MANAGER.config.defaultProfileId;
 398              		.loc 1 48 5 view .LVU86
 399              		.loc 1 48 27 is_stmt 0 view .LVU87
 400 0002 FFF7FEFF 		bl	_ZN7Storage11getInstanceEv
 401              	.LVL36:
 402              		.loc 1 48 50 discriminator 1 view .LVU88
 403 0006 00F10B07 		add	r7, r0, #11
 404              	.LVL37:
  49:Src/display/screen_control/spi_screen_detail_profiles.cpp ****     uint8_t count = build_enabled_profile_map();
 405              		.loc 1 49 5 is_stmt 1 view .LVU89
 406              		.loc 1 49 46 is_stmt 0 view .LVU90
 407 000a FFF7FEFF 		bl	_ZL25build_enabled_profile_mapv
 408              	.LVL38:
 409 000e 0646     		mov	r6, r0
 410              	.LVL39:
  50:Src/display/screen_control/spi_screen_detail_profiles.cpp ****     for (uint8_t i = 0; i < count; i++) {
 411              		.loc 1 50 5 is_stmt 1 view .LVU91
 412              	.LBB10:
 413              		.loc 1 50 18 is_stmt 0 view .LVU92
ARM GAS  C:\Users\nicx5\AppData\Local\Temp\cc0nGchv.s 			page 11


 414 0010 0024     		movs	r4, #0
 415              		.loc 1 50 5 view .LVU93
 416 0012 01E0     		b	.L32
 417              	.LVL40:
 418              	.L37:
 419              		.loc 1 50 5 is_stmt 1 discriminator 2 view .LVU94
 420 0014 0134     		adds	r4, r4, #1
 421              	.LVL41:
 422              		.loc 1 50 5 is_stmt 0 discriminator 2 view .LVU95
 423 0016 E4B2     		uxtb	r4, r4
 424              	.LVL42:
 425              	.L32:
 426              		.loc 1 50 27 is_stmt 1 discriminator 1 view .LVU96
 427 0018 B442     		cmp	r4, r6
 428 001a 10D2     		bcs	.L36
 429              	.LBB11:
  51:Src/display/screen_control/spi_screen_detail_profiles.cpp ****         uint8_t pi = g_enabledProfileIdx[i];
 430              		.loc 1 51 9 view .LVU97
 431              		.loc 1 51 17 is_stmt 0 view .LVU98
 432 001c 094B     		ldr	r3, .L38
 433 001e 1D5D     		ldrb	r5, [r3, r4]	@ zero_extendqisi2
 434              	.LVL43:
  52:Src/display/screen_control/spi_screen_detail_profiles.cpp ****         if (strcmp(STORAGE_MANAGER.config.profiles[pi].id, current) == 0) return i;
 435              		.loc 1 52 9 is_stmt 1 view .LVU99
 436              		.loc 1 52 20 is_stmt 0 view .LVU100
 437 0020 FFF7FEFF 		bl	_ZN7Storage11getInstanceEv
 438              	.LVL44:
 439              		.loc 1 52 56 discriminator 1 view .LVU101
 440 0024 40F6DC03 		movw	r3, #2268
 441 0028 03FB05F5 		mul	r5, r3, r5
 442              	.LVL45:
 443              		.loc 1 52 56 discriminator 1 view .LVU102
 444 002c 1835     		adds	r5, r5, #24
 445 002e 2844     		add	r0, r0, r5
 446              		.loc 1 52 19 discriminator 1 view .LVU103
 447 0030 3946     		mov	r1, r7
 448 0032 0430     		adds	r0, r0, #4
 449 0034 FFF7FEFF 		bl	strcmp
 450              	.LVL46:
 451              		.loc 1 52 9 discriminator 2 view .LVU104
 452 0038 0028     		cmp	r0, #0
 453 003a EBD1     		bne	.L37
 454 003c 00E0     		b	.L33
 455              	.LVL47:
 456              	.L36:
 457              		.loc 1 52 9 discriminator 2 view .LVU105
 458              	.LBE11:
 459              	.LBE10:
  53:Src/display/screen_control/spi_screen_detail_profiles.cpp ****     }
  54:Src/display/screen_control/spi_screen_detail_profiles.cpp ****     return 0;
 460              		.loc 1 54 12 view .LVU106
 461 003e 0024     		movs	r4, #0
 462              	.LVL48:
 463              	.L33:
  55:Src/display/screen_control/spi_screen_detail_profiles.cpp **** }
 464              		.loc 1 55 1 view .LVU107
 465 0040 2046     		mov	r0, r4
ARM GAS  C:\Users\nicx5\AppData\Local\Temp\cc0nGchv.s 			page 12


 466 0042 F8BD     		pop	{r3, r4, r5, r6, r7, pc}
 467              	.LVL49:
 468              	.L39:
 469              		.loc 1 55 1 view .LVU108
 470              		.align	2
 471              	.L38:
 472 0044 00000000 		.word	_ZL19g_enabledProfileIdx
 473              		.cfi_endproc
 474              	.LFE2173:
 476              		.section	.text._Z27ScreenDetailProfiles_RotatePha,"ax",%progbits
 477              		.align	1
 478              		.global	_Z27ScreenDetailProfiles_RotatePha
 479              		.syntax unified
 480              		.thumb
 481              		.thumb_func
 483              	_Z27ScreenDetailProfiles_RotatePha:
 484              	.LVL50:
 485              	.LFB2174:
  56:Src/display/screen_control/spi_screen_detail_profiles.cpp **** 
  57:Src/display/screen_control/spi_screen_detail_profiles.cpp **** void ScreenDetailProfiles_Rotate(uint8_t* ioIndex, int8_t det) {
 486              		.loc 1 57 64 is_stmt 1 view -0
 487              		.cfi_startproc
 488              		@ args = 0, pretend = 0, frame = 0
 489              		@ frame_needed = 0, uses_anonymous_args = 0
  58:Src/display/screen_control/spi_screen_detail_profiles.cpp ****     if (!ioIndex) return;
 490              		.loc 1 58 5 view .LVU110
 491 0000 98B1     		cbz	r0, .L47
  57:Src/display/screen_control/spi_screen_detail_profiles.cpp ****     if (!ioIndex) return;
 492              		.loc 1 57 64 is_stmt 0 view .LVU111
 493 0002 38B5     		push	{r3, r4, r5, lr}
 494              	.LCFI6:
 495              		.cfi_def_cfa_offset 16
 496              		.cfi_offset 3, -16
 497              		.cfi_offset 4, -12
 498              		.cfi_offset 5, -8
 499              		.cfi_offset 14, -4
 500 0004 0C46     		mov	r4, r1
 501 0006 0546     		mov	r5, r0
  59:Src/display/screen_control/spi_screen_detail_profiles.cpp ****     uint8_t count = build_enabled_profile_map();
 502              		.loc 1 59 5 is_stmt 1 view .LVU112
 503              		.loc 1 59 46 is_stmt 0 view .LVU113
 504 0008 FFF7FEFF 		bl	_ZL25build_enabled_profile_mapv
 505              	.LVL51:
  60:Src/display/screen_control/spi_screen_detail_profiles.cpp ****     if (count == 0) {
 506              		.loc 1 60 5 is_stmt 1 view .LVU114
 507 000c 0246     		mov	r2, r0
 508 000e 38B1     		cbz	r0, .L50
  61:Src/display/screen_control/spi_screen_detail_profiles.cpp ****         *ioIndex = 0;
  62:Src/display/screen_control/spi_screen_detail_profiles.cpp ****         return;
  63:Src/display/screen_control/spi_screen_detail_profiles.cpp ****     }
  64:Src/display/screen_control/spi_screen_detail_profiles.cpp ****     int32_t idx = (int32_t)(*ioIndex) + det;
 509              		.loc 1 64 5 view .LVU115
 510              		.loc 1 64 29 is_stmt 0 view .LVU116
 511 0010 2B78     		ldrb	r3, [r5]	@ zero_extendqisi2
 512              	.LVL52:
  65:Src/display/screen_control/spi_screen_detail_profiles.cpp ****     if (idx < 0) idx = 0;
 513              		.loc 1 65 5 is_stmt 1 view .LVU117
ARM GAS  C:\Users\nicx5\AppData\Local\Temp\cc0nGchv.s 			page 13


 514 0012 1B19     		adds	r3, r3, r4
 515              	.LVL53:
 516              		.loc 1 65 5 is_stmt 0 view .LVU118
 517 0014 07D4     		bmi	.L51
 518              	.LVL54:
 519              	.L43:
  66:Src/display/screen_control/spi_screen_detail_profiles.cpp ****     if (idx >= count) idx = count - 1;
 520              		.loc 1 66 5 is_stmt 1 view .LVU119
 521 0016 9A42     		cmp	r2, r3
 522 0018 00DC     		bgt	.L44
 523              		.loc 1 66 23 discriminator 1 view .LVU120
 524              		.loc 1 66 27 is_stmt 0 discriminator 1 view .LVU121
 525 001a 531E     		subs	r3, r2, #1
 526              	.LVL55:
 527              	.L44:
  67:Src/display/screen_control/spi_screen_detail_profiles.cpp ****     *ioIndex = (uint8_t)idx;
 528              		.loc 1 67 5 is_stmt 1 view .LVU122
 529              		.loc 1 67 14 is_stmt 0 view .LVU123
 530 001c 2B70     		strb	r3, [r5]
 531              	.LVL56:
 532              	.L40:
  68:Src/display/screen_control/spi_screen_detail_profiles.cpp **** }
 533              		.loc 1 68 1 view .LVU124
 534 001e 38BD     		pop	{r3, r4, r5, pc}
 535              	.LVL57:
 536              	.L50:
  61:Src/display/screen_control/spi_screen_detail_profiles.cpp ****         return;
 537              		.loc 1 61 9 is_stmt 1 view .LVU125
  61:Src/display/screen_control/spi_screen_detail_profiles.cpp ****         return;
 538              		.loc 1 61 18 is_stmt 0 view .LVU126
 539 0020 0023     		movs	r3, #0
 540 0022 2B70     		strb	r3, [r5]
  62:Src/display/screen_control/spi_screen_detail_profiles.cpp ****     }
 541              		.loc 1 62 9 is_stmt 1 view .LVU127
 542 0024 FBE7     		b	.L40
 543              	.LVL58:
 544              	.L51:
  65:Src/display/screen_control/spi_screen_detail_profiles.cpp ****     if (idx >= count) idx = count - 1;
 545              		.loc 1 65 22 is_stmt 0 discriminator 1 view .LVU128
 546 0026 0023     		movs	r3, #0
 547              	.LVL59:
  65:Src/display/screen_control/spi_screen_detail_profiles.cpp ****     if (idx >= count) idx = count - 1;
 548              		.loc 1 65 22 discriminator 1 view .LVU129
 549 0028 F5E7     		b	.L43
 550              	.LVL60:
 551              	.L47:
 552              	.LCFI7:
 553              		.cfi_def_cfa_offset 0
 554              		.cfi_restore 3
 555              		.cfi_restore 4
 556              		.cfi_restore 5
 557              		.cfi_restore 14
  65:Src/display/screen_control/spi_screen_detail_profiles.cpp ****     if (idx >= count) idx = count - 1;
 558              		.loc 1 65 22 discriminator 1 view .LVU130
 559 002a 7047     		bx	lr
 560              		.cfi_endproc
 561              	.LFE2174:
ARM GAS  C:\Users\nicx5\AppData\Local\Temp\cc0nGchv.s 			page 14


 563              		.section	.rodata._Z27ScreenDetailProfiles_RenderP13ST7789_HandlehRK13ScreenUiStyle.str1.4,"aMS",%p
 564              		.align	2
 565              	.LC3:
 566 0000 50726F66 		.ascii	"Profiles\000"
 566      696C6573 
 566      00
 567              		.section	.text._Z27ScreenDetailProfiles_RenderP13ST7789_HandlehRK13ScreenUiStyle,"ax",%progbits
 568              		.align	1
 569              		.global	_Z27ScreenDetailProfiles_RenderP13ST7789_HandlehRK13ScreenUiStyle
 570              		.syntax unified
 571              		.thumb
 572              		.thumb_func
 574              	_Z27ScreenDetailProfiles_RenderP13ST7789_HandlehRK13ScreenUiStyle:
 575              	.LVL61:
 576              	.LFB2175:
  69:Src/display/screen_control/spi_screen_detail_profiles.cpp **** 
  70:Src/display/screen_control/spi_screen_detail_profiles.cpp **** void ScreenDetailProfiles_Render(ST7789_Handle* lcd, uint8_t index, const ScreenUiStyle& style) {
 577              		.loc 1 70 97 is_stmt 1 view -0
 578              		.cfi_startproc
 579              		@ args = 0, pretend = 0, frame = 0
 580              		@ frame_needed = 0, uses_anonymous_args = 0
 581              		.loc 1 70 97 is_stmt 0 view .LVU132
 582 0000 2DE9F041 		push	{r4, r5, r6, r7, r8, lr}
 583              	.LCFI8:
 584              		.cfi_def_cfa_offset 24
 585              		.cfi_offset 4, -24
 586              		.cfi_offset 5, -20
 587              		.cfi_offset 6, -16
 588              		.cfi_offset 7, -12
 589              		.cfi_offset 8, -8
 590              		.cfi_offset 14, -4
 591 0004 8AB0     		sub	sp, sp, #40
 592              	.LCFI9:
 593              		.cfi_def_cfa_offset 64
 594 0006 0546     		mov	r5, r0
 595 0008 0F46     		mov	r7, r1
 596 000a 9046     		mov	r8, r2
  71:Src/display/screen_control/spi_screen_detail_profiles.cpp ****     uint8_t count = build_enabled_profile_map();
 597              		.loc 1 71 5 is_stmt 1 view .LVU133
 598              		.loc 1 71 46 is_stmt 0 view .LVU134
 599 000c FFF7FEFF 		bl	_ZL25build_enabled_profile_mapv
 600              	.LVL62:
 601              		.loc 1 71 46 view .LVU135
 602 0010 0646     		mov	r6, r0
 603              	.LVL63:
  72:Src/display/screen_control/spi_screen_detail_profiles.cpp ****     rebuild_profile_labels(count);
 604              		.loc 1 72 5 is_stmt 1 view .LVU136
 605              		.loc 1 72 27 is_stmt 0 view .LVU137
 606 0012 FFF7FEFF 		bl	_ZL22rebuild_profile_labelsh
 607              	.LVL64:
  73:Src/display/screen_control/spi_screen_detail_profiles.cpp ****     uint8_t selected = ScreenDetailProfiles_InitIndex();
 608              		.loc 1 73 5 is_stmt 1 view .LVU138
 609              		.loc 1 73 54 is_stmt 0 view .LVU139
 610 0016 FFF7FEFF 		bl	_Z30ScreenDetailProfiles_InitIndexv
 611              	.LVL65:
  74:Src/display/screen_control/spi_screen_detail_profiles.cpp ****     ScreenDetailRender_List(lcd, "Profiles", g_profilePtrs, count, index, selected, style);
 612              		.loc 1 74 5 is_stmt 1 view .LVU140
ARM GAS  C:\Users\nicx5\AppData\Local\Temp\cc0nGchv.s 			page 15


 613              		.loc 1 74 28 is_stmt 0 view .LVU141
 614 001a 0024     		movs	r4, #0
 615 001c 0894     		str	r4, [sp, #32]
 616 001e 0794     		str	r4, [sp, #28]
 617 0020 0694     		str	r4, [sp, #24]
 618 0022 0594     		str	r4, [sp, #20]
 619 0024 0494     		str	r4, [sp, #16]
 620 0026 1C23     		movs	r3, #28
 621 0028 0393     		str	r3, [sp, #12]
 622 002a CDF80880 		str	r8, [sp, #8]
 623 002e 0190     		str	r0, [sp, #4]
 624 0030 0097     		str	r7, [sp]
 625 0032 3346     		mov	r3, r6
 626 0034 034A     		ldr	r2, .L54
 627 0036 0449     		ldr	r1, .L54+4
 628 0038 2846     		mov	r0, r5
 629              	.LVL66:
 630              		.loc 1 74 28 view .LVU142
 631 003a FFF7FEFF 		bl	_Z23ScreenDetailRender_ListP13ST7789_HandlePKcPKS2_hhhRK13ScreenUiStyletbimmPKb
 632              	.LVL67:
  75:Src/display/screen_control/spi_screen_detail_profiles.cpp **** }
 633              		.loc 1 75 1 view .LVU143
 634 003e 0AB0     		add	sp, sp, #40
 635              	.LCFI10:
 636              		.cfi_def_cfa_offset 24
 637              		@ sp needed
 638 0040 BDE8F081 		pop	{r4, r5, r6, r7, r8, pc}
 639              	.LVL68:
 640              	.L55:
 641              		.loc 1 75 1 view .LVU144
 642              		.align	2
 643              	.L54:
 644 0044 00000000 		.word	_ZL13g_profilePtrs
 645 0048 00000000 		.word	.LC3
 646              		.cfi_endproc
 647              	.LFE2175:
 649              		.section	.text._Z30ScreenDetailProfiles_OnConfirmh,"ax",%progbits
 650              		.align	1
 651              		.global	_Z30ScreenDetailProfiles_OnConfirmh
 652              		.syntax unified
 653              		.thumb
 654              		.thumb_func
 656              	_Z30ScreenDetailProfiles_OnConfirmh:
 657              	.LVL69:
 658              	.LFB2176:
  76:Src/display/screen_control/spi_screen_detail_profiles.cpp **** 
  77:Src/display/screen_control/spi_screen_detail_profiles.cpp **** void ScreenDetailProfiles_OnConfirm(uint8_t index) {
 659              		.loc 1 77 52 is_stmt 1 view -0
 660              		.cfi_startproc
 661              		@ args = 0, pretend = 0, frame = 0
 662              		@ frame_needed = 0, uses_anonymous_args = 0
 663              		.loc 1 77 52 is_stmt 0 view .LVU146
 664 0000 38B5     		push	{r3, r4, r5, lr}
 665              	.LCFI11:
 666              		.cfi_def_cfa_offset 16
 667              		.cfi_offset 3, -16
 668              		.cfi_offset 4, -12
ARM GAS  C:\Users\nicx5\AppData\Local\Temp\cc0nGchv.s 			page 16


 669              		.cfi_offset 5, -8
 670              		.cfi_offset 14, -4
 671 0002 0446     		mov	r4, r0
  78:Src/display/screen_control/spi_screen_detail_profiles.cpp ****     uint8_t count = build_enabled_profile_map();
 672              		.loc 1 78 5 is_stmt 1 view .LVU147
 673              		.loc 1 78 46 is_stmt 0 view .LVU148
 674 0004 FFF7FEFF 		bl	_ZL25build_enabled_profile_mapv
 675              	.LVL70:
  79:Src/display/screen_control/spi_screen_detail_profiles.cpp ****     if (index >= count) return;
 676              		.loc 1 79 5 is_stmt 1 view .LVU149
 677 0008 A042     		cmp	r0, r4
 678 000a 00D8     		bhi	.L59
 679              	.LVL71:
 680              	.L56:
  80:Src/display/screen_control/spi_screen_detail_profiles.cpp ****     uint8_t pi = g_enabledProfileIdx[index];
  81:Src/display/screen_control/spi_screen_detail_profiles.cpp ****     STORAGE_MANAGER.setDefaultProfileId(STORAGE_MANAGER.config.profiles[pi].id);
  82:Src/display/screen_control/spi_screen_detail_profiles.cpp **** }
 681              		.loc 1 82 1 is_stmt 0 view .LVU150
 682 000c 38BD     		pop	{r3, r4, r5, pc}
 683              	.LVL72:
 684              	.L59:
  80:Src/display/screen_control/spi_screen_detail_profiles.cpp ****     uint8_t pi = g_enabledProfileIdx[index];
 685              		.loc 1 80 5 is_stmt 1 view .LVU151
  80:Src/display/screen_control/spi_screen_detail_profiles.cpp ****     uint8_t pi = g_enabledProfileIdx[index];
 686              		.loc 1 80 13 is_stmt 0 view .LVU152
 687 000e 094B     		ldr	r3, .L60
 688 0010 1C5D     		ldrb	r4, [r3, r4]	@ zero_extendqisi2
 689              	.LVL73:
  81:Src/display/screen_control/spi_screen_detail_profiles.cpp **** }
 690              		.loc 1 81 5 is_stmt 1 view .LVU153
 691 0012 FFF7FEFF 		bl	_ZN7Storage11getInstanceEv
 692              	.LVL74:
  81:Src/display/screen_control/spi_screen_detail_profiles.cpp **** }
 693              		.loc 1 81 5 is_stmt 0 view .LVU154
 694 0016 0546     		mov	r5, r0
  81:Src/display/screen_control/spi_screen_detail_profiles.cpp **** }
 695              		.loc 1 81 41 discriminator 1 view .LVU155
 696 0018 FFF7FEFF 		bl	_ZN7Storage11getInstanceEv
 697              	.LVL75:
  81:Src/display/screen_control/spi_screen_detail_profiles.cpp **** }
 698              		.loc 1 81 77 discriminator 2 view .LVU156
 699 001c 40F6DC03 		movw	r3, #2268
 700 0020 03FB04F4 		mul	r4, r3, r4
 701              	.LVL76:
  81:Src/display/screen_control/spi_screen_detail_profiles.cpp **** }
 702              		.loc 1 81 77 discriminator 2 view .LVU157
 703 0024 1834     		adds	r4, r4, #24
 704 0026 0119     		adds	r1, r0, r4
  81:Src/display/screen_control/spi_screen_detail_profiles.cpp **** }
 705              		.loc 1 81 40 discriminator 2 view .LVU158
 706 0028 0431     		adds	r1, r1, #4
 707 002a 2846     		mov	r0, r5
 708 002c FFF7FEFF 		bl	_ZN7Storage19setDefaultProfileIdEPKc
 709              	.LVL77:
 710 0030 ECE7     		b	.L56
 711              	.L61:
 712 0032 00BF     		.align	2
ARM GAS  C:\Users\nicx5\AppData\Local\Temp\cc0nGchv.s 			page 17


 713              	.L60:
 714 0034 00000000 		.word	_ZL19g_enabledProfileIdx
 715              		.cfi_endproc
 716              	.LFE2176:
 718              		.section	.bss._ZL19g_enabledProfileIdx,"aw",%nobits
 719              		.align	2
 722              	_ZL19g_enabledProfileIdx:
 723 0000 00000000 		.space	16
 723      00000000 
 723      00000000 
 723      00000000 
 724              		.section	.bss._ZL13g_profilePtrs,"aw",%nobits
 725              		.align	2
 728              	_ZL13g_profilePtrs:
 729 0000 00000000 		.space	64
 729      00000000 
 729      00000000 
 729      00000000 
 729      00000000 
 730              		.section	.bss._ZL15g_profileLabels,"aw",%nobits
 731              		.align	2
 734              	_ZL15g_profileLabels:
 735 0000 00000000 		.space	512
 735      00000000 
 735      00000000 
 735      00000000 
 735      00000000 
 736              		.weak	_ZGVZN7Storage11getInstanceEvE8instance
 737              		.section	.bss._ZGVZN7Storage11getInstanceEvE8instance,"awG",%nobits,_ZGVZN7Storage11getInstanceEvE
 738              		.align	2
 741              	_ZGVZN7Storage11getInstanceEvE8instance:
 742 0000 00000000 		.space	4
 743              		.weak	_ZZN7Storage11getInstanceEvE8instance
 744              		.section	.bss._ZZN7Storage11getInstanceEvE8instance,"awG",%nobits,_ZZN7Storage11getInstanceEvE8ins
 745              		.align	2
 748              	_ZZN7Storage11getInstanceEvE8instance:
 749 0000 00000000 		.space	36484
 749      00000000 
 749      00000000 
 749      00000000 
 749      00000000 
 750              		.text
 751              	.Letext0:
 752              		.file 3 "D:/Program Files/msys64/mingw64/arm-none-eabi/include/machine/_default_types.h"
 753              		.file 4 "D:/Program Files/msys64/mingw64/arm-none-eabi/include/sys/_stdint.h"
 754              		.file 5 "Inc/display/screen_control/spi_screen_layout.hpp"
 755              		.file 6 "Drivers/CMSIS/Device/ST/STM32H7xx/Include/stm32h750xx.h"
 756              		.file 7 "D:/Program Files/msys64/mingw64/lib/gcc/arm-none-eabi/13.3.0/include/stddef.h"
 757              		.file 8 "D:/Program Files/msys64/mingw64/arm-none-eabi/include/c++/13.3.0/cmath"
 758              		.file 9 "D:/Program Files/msys64/mingw64/arm-none-eabi/include/c++/13.3.0/type_traits"
 759              		.file 10 "D:/Program Files/msys64/mingw64/arm-none-eabi/include/c++/13.3.0/debug/debug.h"
 760              		.file 11 "D:/Program Files/msys64/mingw64/arm-none-eabi/include/c++/13.3.0/bits/std_abs.h"
 761              		.file 12 "D:/Program Files/msys64/mingw64/arm-none-eabi/include/c++/13.3.0/cstddef"
 762              		.file 13 "D:/Program Files/msys64/mingw64/arm-none-eabi/include/c++/13.3.0/arm-none-eabi/thumb/v7e
 763              		.file 14 "D:/Program Files/msys64/mingw64/arm-none-eabi/include/c++/13.3.0/bits/predefined_ops.h"
 764              		.file 15 "D:/Program Files/msys64/mingw64/arm-none-eabi/include/math.h"
 765              		.file 16 "D:/Program Files/msys64/mingw64/arm-none-eabi/include/c++/13.3.0/math.h"
ARM GAS  C:\Users\nicx5\AppData\Local\Temp\cc0nGchv.s 			page 18


 766              		.file 17 "Drivers/STM32H7xx_HAL_Driver/Inc/stm32h7xx_hal_def.h"
 767              		.file 18 "Drivers/STM32H7xx_HAL_Driver/Inc/stm32h7xx_hal_dma.h"
 768              		.file 19 "Drivers/STM32H7xx_HAL_Driver/Inc/stm32h7xx_hal_tim.h"
 769              		.file 20 "Inc/system/board_cfg.h"
 770              		.file 21 "Inc/support/enums.hpp"
 771              		.file 22 "Inc/display/drivers/st7789/st7789.h"
 772              		.file 23 "Inc/power/power_config.hpp"
 773              		.file 24 "Inc/config/config.hpp"
 774              		.file 25 "D:/Program Files/msys64/mingw64/arm-none-eabi/include/stdio.h"
 775              		.file 26 "Inc/display/screen_control/spi_screen_detail_render_helpers.hpp"
 776              		.file 27 "D:/Program Files/msys64/mingw64/arm-none-eabi/include/string.h"
 777              		.file 28 "D:/Program Files/msys64/mingw64/arm-none-eabi/include/c++/13.3.0/bits/memory_resource.h"
ARM GAS  C:\Users\nicx5\AppData\Local\Temp\cc0nGchv.s 			page 19


DEFINED SYMBOLS
                            *ABS*:00000000 spi_screen_detail_profiles.cpp
C:\Users\nicx5\AppData\Local\Temp\cc0nGchv.s:20     .text._ZN7Storage11getInstanceEv:00000000 $t
C:\Users\nicx5\AppData\Local\Temp\cc0nGchv.s:26     .text._ZN7Storage11getInstanceEv:00000000 _ZN7Storage11getInstanceEv
C:\Users\nicx5\AppData\Local\Temp\cc0nGchv.s:72     .text._ZN7Storage11getInstanceEv:00000028 $d
C:\Users\nicx5\AppData\Local\Temp\cc0nGchv.s:741    .bss._ZGVZN7Storage11getInstanceEvE8instance:00000000 _ZGVZN7Storage11getInstanceEvE8instance
C:\Users\nicx5\AppData\Local\Temp\cc0nGchv.s:748    .bss._ZZN7Storage11getInstanceEvE8instance:00000000 _ZZN7Storage11getInstanceEvE8instance
C:\Users\nicx5\AppData\Local\Temp\cc0nGchv.s:78     .text._ZL25build_enabled_profile_mapv:00000000 $t
C:\Users\nicx5\AppData\Local\Temp\cc0nGchv.s:83     .text._ZL25build_enabled_profile_mapv:00000000 _ZL25build_enabled_profile_mapv
C:\Users\nicx5\AppData\Local\Temp\cc0nGchv.s:170    .text._ZL25build_enabled_profile_mapv:00000040 $d
C:\Users\nicx5\AppData\Local\Temp\cc0nGchv.s:722    .bss._ZL19g_enabledProfileIdx:00000000 _ZL19g_enabledProfileIdx
C:\Users\nicx5\AppData\Local\Temp\cc0nGchv.s:175    .rodata._ZL22rebuild_profile_labelsh.str1.4:00000000 $d
C:\Users\nicx5\AppData\Local\Temp\cc0nGchv.s:185    .text._ZL22rebuild_profile_labelsh:00000000 $t
C:\Users\nicx5\AppData\Local\Temp\cc0nGchv.s:190    .text._ZL22rebuild_profile_labelsh:00000000 _ZL22rebuild_profile_labelsh
C:\Users\nicx5\AppData\Local\Temp\cc0nGchv.s:367    .text._ZL22rebuild_profile_labelsh:000000b8 $d
C:\Users\nicx5\AppData\Local\Temp\cc0nGchv.s:734    .bss._ZL15g_profileLabels:00000000 _ZL15g_profileLabels
C:\Users\nicx5\AppData\Local\Temp\cc0nGchv.s:728    .bss._ZL13g_profilePtrs:00000000 _ZL13g_profilePtrs
C:\Users\nicx5\AppData\Local\Temp\cc0nGchv.s:377    .text._Z30ScreenDetailProfiles_InitIndexv:00000000 $t
C:\Users\nicx5\AppData\Local\Temp\cc0nGchv.s:383    .text._Z30ScreenDetailProfiles_InitIndexv:00000000 _Z30ScreenDetailProfiles_InitIndexv
C:\Users\nicx5\AppData\Local\Temp\cc0nGchv.s:472    .text._Z30ScreenDetailProfiles_InitIndexv:00000044 $d
C:\Users\nicx5\AppData\Local\Temp\cc0nGchv.s:477    .text._Z27ScreenDetailProfiles_RotatePha:00000000 $t
C:\Users\nicx5\AppData\Local\Temp\cc0nGchv.s:483    .text._Z27ScreenDetailProfiles_RotatePha:00000000 _Z27ScreenDetailProfiles_RotatePha
C:\Users\nicx5\AppData\Local\Temp\cc0nGchv.s:564    .rodata._Z27ScreenDetailProfiles_RenderP13ST7789_HandlehRK13ScreenUiStyle.str1.4:00000000 $d
C:\Users\nicx5\AppData\Local\Temp\cc0nGchv.s:568    .text._Z27ScreenDetailProfiles_RenderP13ST7789_HandlehRK13ScreenUiStyle:00000000 $t
C:\Users\nicx5\AppData\Local\Temp\cc0nGchv.s:574    .text._Z27ScreenDetailProfiles_RenderP13ST7789_HandlehRK13ScreenUiStyle:00000000 _Z27ScreenDetailProfiles_RenderP13ST7789_HandlehRK13ScreenUiStyle
C:\Users\nicx5\AppData\Local\Temp\cc0nGchv.s:644    .text._Z27ScreenDetailProfiles_RenderP13ST7789_HandlehRK13ScreenUiStyle:00000044 $d
C:\Users\nicx5\AppData\Local\Temp\cc0nGchv.s:650    .text._Z30ScreenDetailProfiles_OnConfirmh:00000000 $t
C:\Users\nicx5\AppData\Local\Temp\cc0nGchv.s:656    .text._Z30ScreenDetailProfiles_OnConfirmh:00000000 _Z30ScreenDetailProfiles_OnConfirmh
C:\Users\nicx5\AppData\Local\Temp\cc0nGchv.s:714    .text._Z30ScreenDetailProfiles_OnConfirmh:00000034 $d
C:\Users\nicx5\AppData\Local\Temp\cc0nGchv.s:719    .bss._ZL19g_enabledProfileIdx:00000000 $d
C:\Users\nicx5\AppData\Local\Temp\cc0nGchv.s:725    .bss._ZL13g_profilePtrs:00000000 $d
C:\Users\nicx5\AppData\Local\Temp\cc0nGchv.s:731    .bss._ZL15g_profileLabels:00000000 $d
C:\Users\nicx5\AppData\Local\Temp\cc0nGchv.s:738    .bss._ZGVZN7Storage11getInstanceEvE8instance:00000000 $d
C:\Users\nicx5\AppData\Local\Temp\cc0nGchv.s:745    .bss._ZZN7Storage11getInstanceEvE8instance:00000000 $d

UNDEFINED SYMBOLS
__cxa_guard_acquire
__cxa_guard_release
snprintf
strcmp
_Z23ScreenDetailRender_ListP13ST7789_HandlePKcPKS2_hhhRK13ScreenUiStyletbimmPKb
_ZN7Storage19setDefaultProfileIdEPKc
